[  +36 ms] executing: sysctl hw.optional.arm64
[   +7 ms] Exit code 1 from: sysctl hw.optional.arm64
[        ] sysctl: unknown oid 'hw.optional.arm64'
[  +10 ms] Artifact Instance of 'MaterialFonts' is not required, skipping update.
[        ] Artifact Instance of 'GradleWrapper' is not required, skipping update.
[        ] Artifact Instance of 'AndroidGenSnapshotArtifacts' is not required, skipping update.
[        ] Artifact Instance of 'AndroidInternalBuildArtifacts' is not required, skipping update.
[        ] Artifact Instance of 'IOSEngineArtifacts' is not required, skipping update.
[        ] Artifact Instance of 'FlutterWebSdk' is not required, skipping update.
[        ] Artifact Instance of 'LegacyCanvasKitRemover' is not required, skipping update.
[        ] Artifact Instance of 'FlutterSdk' is not required, skipping update.
[        ] Artifact Instance of 'WindowsEngineArtifacts' is not required, skipping update.
[        ] Artifact Instance of 'MacOSEngineArtifacts' is not required, skipping update.
[        ] Artifact Instance of 'LinuxEngineArtifacts' is not required, skipping update.
[        ] Artifact Instance of 'LinuxFuchsiaSDKArtifacts' is not required, skipping update.
[        ] Artifact Instance of 'MacOSFuchsiaSDKArtifacts' is not required, skipping update.
[        ] Artifact Instance of 'FlutterRunnerSDKArtifacts' is not required, skipping update.
[        ] Artifact Instance of 'FlutterRunnerDebugSymbols' is not required, skipping update.
[        ] Artifact Instance of 'IosUsbArtifacts' is not required, skipping update.
[        ] Artifact Instance of 'IosUsbArtifacts' is not required, skipping update.
[        ] Artifact Instance of 'IosUsbArtifacts' is not required, skipping update.
[        ] Artifact Instance of 'IosUsbArtifacts' is not required, skipping update.
[        ] Artifact Instance of 'IosUsbArtifacts' is not required, skipping update.
[        ] Artifact Instance of 'IosUsbArtifacts' is not required, skipping update.
[        ] Artifact Instance of 'FontSubsetArtifacts' is not required, skipping update.
[        ] Artifact Instance of 'PubDependencies' is not required, skipping update.
[  +79 ms] executing: sysctl hw.optional.arm64
[   +6 ms] Exit code 1 from: sysctl hw.optional.arm64
[        ] sysctl: unknown oid 'hw.optional.arm64'
[        ] executing: xcrun xcodebuild -version
[  +16 ms] Exit code 72 from: xcrun xcodebuild -version
[        ] xcrun: error: unable to find utility "xcodebuild", not a developer tool or in PATH
[        ] Xcode not found. Run 'flutter doctor' for more information.
[   +8 ms] Artifact Instance of 'AndroidGenSnapshotArtifacts' is not required, skipping update.
[        ] Artifact Instance of 'AndroidInternalBuildArtifacts' is not required, skipping update.
[        ] Artifact Instance of 'IOSEngineArtifacts' is not required, skipping update.
[        ] Artifact Instance of 'FlutterWebSdk' is not required, skipping update.
[        ] Artifact Instance of 'FlutterEngineStamp' is not required, skipping update.
[        ] Artifact Instance of 'LegacyCanvasKitRemover' is not required, skipping update.
[   +2 ms] Artifact Instance of 'WindowsEngineArtifacts' is not required, skipping update.
[        ] Artifact Instance of 'MacOSEngineArtifacts' is not required, skipping update.
[        ] Artifact Instance of 'LinuxEngineArtifacts' is not required, skipping update.
[        ] Artifact Instance of 'LinuxFuchsiaSDKArtifacts' is not required, skipping update.
[        ] Artifact Instance of 'MacOSFuchsiaSDKArtifacts' is not required, skipping update.
[        ] Artifact Instance of 'FlutterRunnerSDKArtifacts' is not required, skipping update.
[        ] Artifact Instance of 'FlutterRunnerDebugSymbols' is not required, skipping update.
[  +53 ms] executing: /Users/faizul/Android/platform-tools/adb devices -l
[   +2 ms] executing: xcrun xcodebuild -version
[  +12 ms] Exit code 72 from: xcrun xcodebuild -version
[        ] xcrun: error: unable to find utility "xcodebuild", not a developer tool or in PATH
[   +3 ms] executing: xcrun simctl list devices booted
[  +59 ms] List of devices attached
           13732695490006O        device usb:20-1 product:2149i model:V2149 device:2149 transport_id:3
[   +5 ms] /Users/faizul/Android/platform-tools/adb -s 13732695490006O shell getprop
[ +127 ms] Artifact Instance of 'AndroidInternalBuildArtifacts' is not required, skipping update.
[        ] Artifact Instance of 'IOSEngineArtifacts' is not required, skipping update.
[        ] Artifact Instance of 'FlutterWebSdk' is not required, skipping update.
[        ] Artifact Instance of 'FlutterEngineStamp' is not required, skipping update.
[        ] Artifact Instance of 'LegacyCanvasKitRemover' is not required, skipping update.
[        ] Artifact Instance of 'WindowsEngineArtifacts' is not required, skipping update.
[        ] Artifact Instance of 'MacOSEngineArtifacts' is not required, skipping update.
[        ] Artifact Instance of 'LinuxEngineArtifacts' is not required, skipping update.
[        ] Artifact Instance of 'LinuxFuchsiaSDKArtifacts' is not required, skipping update.
[        ] Artifact Instance of 'MacOSFuchsiaSDKArtifacts' is not required, skipping update.
[        ] Artifact Instance of 'FlutterRunnerSDKArtifacts' is not required, skipping update.
[        ] Artifact Instance of 'FlutterRunnerDebugSymbols' is not required, skipping update.
[  +20 ms] executing: xcrun xcodebuild -version
[  +10 ms] Exit code 72 from: xcrun xcodebuild -version
[        ] xcrun: error: unable to find utility "xcodebuild", not a developer tool or in PATH
[  +90 ms] ro.hardware = mt6762
[        ] ro.build.characteristics = default
[ +115 ms] Initializing file store
[  +16 ms] Skipping target: gen_localizations
[   +2 ms] gen_dart_plugin_registrant: Starting due to {InvalidatedReasonKind.inputChanged: The following inputs have updated contents: /Users/faizul/payanam/.dart_tool/package_config.json,/Users/faizul/payanam/.dart_tool/flutter_build/dart_plugin_registrant.dart}
[  +81 ms] Found plugin vibration at /Users/faizul/.pub-cache/hosted/pub.dev/vibration-2.1.0/
[  +10 ms] Found plugin device_info_plus at /Users/faizul/.pub-cache/hosted/pub.dev/device_info_plus-11.5.0/
[  +30 ms] Found plugin google_maps_flutter at /Users/faizul/.pub-cache/hosted/pub.dev/google_maps_flutter-2.14.2/
[   +2 ms] Found plugin google_maps_flutter_web at /Users/faizul/.pub-cache/hosted/pub.dev/google_maps_flutter_web-0.5.14+3/
[   +9 ms] Found plugin google_maps_flutter_ios at /Users/faizul/.pub-cache/hosted/pub.dev/google_maps_flutter_ios-2.17.4/
[   +6 ms] Found plugin google_maps_flutter_android at /Users/faizul/.pub-cache/hosted/pub.dev/google_maps_flutter_android-2.19.1/
[   +2 ms] Found plugin flutter_plugin_android_lifecycle at /Users/faizul/.pub-cache/hosted/pub.dev/flutter_plugin_android_lifecycle-2.0.33/
[   +2 ms] Found plugin geolocator at /Users/faizul/.pub-cache/hosted/pub.dev/geolocator-14.0.2/
[   +2 ms] Found plugin geolocator_windows at /Users/faizul/.pub-cache/hosted/pub.dev/geolocator_windows-0.2.5/
[   +3 ms] Found plugin geolocator_web at /Users/faizul/.pub-cache/hosted/pub.dev/geolocator_web-4.1.3/
[   +1 ms] Found plugin geolocator_linux at /Users/faizul/.pub-cache/hosted/pub.dev/geolocator_linux-0.2.4/
[   +2 ms] Found plugin package_info_plus at /Users/faizul/.pub-cache/hosted/pub.dev/package_info_plus-9.0.0/
[  +14 ms] Found plugin geolocator_apple at /Users/faizul/.pub-cache/hosted/pub.dev/geolocator_apple-2.3.13/
[   +1 ms] Found plugin geolocator_android at /Users/faizul/.pub-cache/hosted/pub.dev/geolocator_android-5.0.2/
[   +6 ms] Found plugin flutter_tts at /Users/faizul/.pub-cache/hosted/pub.dev/flutter_tts-4.2.5/
[   +9 ms] Found plugin firebase_core at /Users/faizul/.pub-cache/hosted/pub.dev/firebase_core-3.15.2/
[   +1 ms] Found plugin firebase_core_web at /Users/faizul/.pub-cache/hosted/pub.dev/firebase_core_web-2.24.1/
[   +3 ms] Found plugin firebase_auth at /Users/faizul/.pub-cache/hosted/pub.dev/firebase_auth-5.7.0/
[   +2 ms] Found plugin firebase_auth_web at /Users/faizul/.pub-cache/hosted/pub.dev/firebase_auth_web-5.15.3/
[   +5 ms] Found plugin cloud_firestore at /Users/faizul/.pub-cache/hosted/pub.dev/cloud_firestore-5.6.12/
[   +1 ms] Found plugin cloud_firestore_web at /Users/faizul/.pub-cache/hosted/pub.dev/cloud_firestore_web-4.4.12/
[  +25 ms] Skipping generating dart_plugin_registrant.dart because it is up-to-date.
[        ] gen_dart_plugin_registrant: Complete
[   +2 ms] Skipping target: _composite
[   +1 ms] complete
[   +4 ms] Launching lib/main.dart on V2149 in debug mode...
[   +4 ms] /usr/local/share/flutter/bin/cache/dart-sdk/bin/dartaotruntime /usr/local/share/flutter/bin/cache/dart-sdk/bin/snapshots/frontend_server_aot.dart.snapshot --sdk-root /usr/local/share/flutter/bin/cache/artifacts/engine/common/flutter_patched_sdk/ --incremental --target=flutter --experimental-emit-debug-metadata -DFLUTTER_VERSION=3.35.7 -DFLUTTER_CHANNEL=stable -DFLUTTER_GIT_URL=https://github.com/flutter/flutter.git -DFLUTTER_FRAMEWORK_REVISION=adc9010625 -DFLUTTER_ENGINE_REVISION=035316565a -DFLUTTER_DART_VERSION=3.9.2 --output-dill /var/folders/3b/7djrmzqj0x92zzqsc2hz_w9c0000gn/T/flutter_tools.l7A5BQ/flutter_tool.NFvvxs/app.dill --packages /Users/faizul/payanam/.dart_tool/package_config.json -Ddart.vm.profile=false -Ddart.vm.product=false --enable-asserts --track-widget-creation --filesystem-scheme org-dartlang-root --initialize-from-dill build/892b637c16d52470fb7b14b9d9897587.cache.dill.track.dill --source file:///Users/faizul/payanam/.dart_tool/flutter_build/dart_plugin_registrant.dart --source package:flutter/src/dart_plugin_registrant.dart -Dflutter.dart_plugin_registrant=file:///Users/faizul/payanam/.dart_tool/flutter_build/dart_plugin_registrant.dart --verbosity=error --enable-experiment=alternative-invalidation-strategy
[  +11 ms] executing: /Users/faizul/Android/platform-tools/adb -s 13732695490006O shell -x logcat -v time -t 1
[   +7 ms] <- compile package:payanam/main.dart
[ +199 ms] --------- beginning of main
           03-02 23:06:13.662 D/Settings/BW(14491): ReadCodeTask:mNotifyCode: 0
[  +11 ms] executing: /Users/faizul/Android/platform-tools/adb version
[  +29 ms] Android Debug Bridge version 1.0.41
           Version 36.0.0-13206524
           Installed as /Users/faizul/Android/platform-tools/adb
           Running on Darwin 24.6.0 (x86_64)
[   +1 ms] executing: /Users/faizul/Android/platform-tools/adb start-server
[  +27 ms] Building APK
[ +923 ms] Top-level Gradle build file not found, skipping migration of task "clean".
[        ] Android Studio version could not be detected, skipping Gradle-Java version compatibility check.
[  +15 ms] CMake project not found, skipping support Android 15 16k page size migration.
[   +4 ms] Using gradle from /Users/faizul/payanam/android/gradlew.
[  +66 ms] LocalFile: '/Users/faizul/payanam/android/build.gradle.kts' doesn't provide an AGP version. Checking settings.
[   +9 ms] LocalFile: '/Users/faizul/payanam/android/settings.gradle.kts' provides AGP version: 8.9.1
[  +39 ms] Running Gradle task 'assembleDebug'...
[   +1 ms] executing: [/Users/faizul/payanam/android/] /Users/faizul/payanam/android/gradlew --full-stacktrace --info -Pverbose=true -Ptarget-platform=android-arm64 -Ptarget=/Users/faizul/payanam/lib/main.dart -Pbase-application-name=android.app.Application -Pdart-defines=RkxVVFRFUl9WRVJTSU9OPTMuMzUuNw==,RkxVVFRFUl9DSEFOTkVMPXN0YWJsZQ==,RkxVVFRFUl9HSVRfVVJMPWh0dHBzOi8vZ2l0aHViLmNvbS9mbHV0dGVyL2ZsdXR0ZXIuZ2l0,RkxVVFRFUl9GUkFNRVdPUktfUkVWSVNJT049YWRjOTAxMDYyNQ==,RkxVVFRFUl9FTkdJTkVfUkVWSVNJT049MDM1MzE2NTY1YQ==,RkxVVFRFUl9EQVJUX1ZFUlNJT049My45LjI= -Pdart-obfuscation=false -Ptrack-widget-creation=true -Ptree-shake-icons=false -Pfilesystem-scheme=org-dartlang-root assembleDebug
[ +685 ms] Initialized native services in: /Users/faizul/.gradle/native
[        ] Initialized jansi services in: /Users/faizul/.gradle/native
[ +306 ms] The client will now receive all logging from the daemon (pid: 1856). The daemon log file: /Users/faizul/.gradle/daemon/8.12/daemon-1856.out.log
[        ] Starting 5th build in daemon [uptime: 2 hrs 2 mins 10.58 secs, performance: 100%, GC rate: 0.00/s, heap usage: 0% of 8 GiB, non-heap usage: 3% of 4 GiB]
[        ] Using 8 worker leases.
[        ] Now considering [/Users/faizul/payanam/android, /usr/local/share/flutter/packages/flutter_tools/gradle] as hierarchies to watch
[        ] Watching the file system is configured to be enabled if available
[        ] File system watching is active
[  +97 ms] Starting Build
[        ] Now considering [/usr/local/share/flutter/packages/flutter_tools/gradle, /Users/faizul/payanam/android] as hierarchies to watch
[ +198 ms] > Configure project :gradle
[        ] Evaluating project ':gradle' using build file '/usr/local/share/flutter/packages/flutter_tools/gradle/build.gradle.kts'.
[        ] Resolved plugin [id: 'org.gradle.java-gradle-plugin']
[   +1 ms] Resolved plugin [id: 'org.gradle.groovy']
[        ] Resolved plugin [id: 'org.gradle.kotlin.kotlin-dsl', version: '5.1.2']
[        ] Resolved plugin [id: 'org.jetbrains.kotlin.jvm', version: '1.9.20']
[        ] Using Kotlin Gradle Plugin gradle85 variant
[        ] kotlin scripting plugin: created the scripting discovery configuration: kotlinScriptDef
[        ] kotlin scripting plugin: created the scripting discovery configuration: testKotlinScriptDef
[        ] file or directory '/usr/local/share/flutter/packages/flutter_tools/gradle/src/main/java', not found
[        ] Resolved plugin [id: 'dev.flutter.flutter-plugin-loader', version: '1.0.0']
[        ] Resolved plugin [id: 'com.android.application', version: '8.9.1', apply: false]
[        ] Resolved plugin [id: 'org.jetbrains.kotlin.android', version: '2.1.0', apply: false]
[        ] Resolve mutations for :gradle:checkKotlinGradlePluginConfigurationErrors (Thread[Execution worker,5,main]) started.
[        ] :gradle:checkKotlinGradlePluginConfigurationErrors (Thread[Execution worker,5,main]) started.
[        ] > Task :gradle:checkKotlinGradlePluginConfigurationErrors SKIPPED
[        ] Skipping task ':gradle:checkKotlinGradlePluginConfigurationErrors' as task onlyIf 'errorDiagnostics are present' is false.
[        ] Resolve mutations for :gradle:compileKotlin (Thread[Execution worker,5,main]) started.
[        ] :gradle:compileKotlin (Thread[Execution worker,5,main]) started.
[  +95 ms] > Task :gradle:compileKotlin UP-TO-DATE
[        ] Caching disabled for task ':gradle:compileKotlin' because:
[        ]   Build cache is disabled
[        ] Skipping task ':gradle:compileKotlin' as it is up-to-date.
[        ] Resolve mutations for :gradle:compileJava (Thread[Execution worker,5,main]) started.
[        ] :gradle:compileJava (Thread[Execution worker,5,main]) started.
[        ] > Task :gradle:compileJava NO-SOURCE
[        ] Skipping task ':gradle:compileJava' as it has no source files and no previous output files.
[        ] Resolve mutations for :gradle:compileGroovy (Thread[Execution worker Thread 6,5,main]) started.
[        ] :gradle:compileGroovy (Thread[Execution worker Thread 6,5,main]) started.
[        ] > Task :gradle:compileGroovy NO-SOURCE
[   +1 ms] Skipping task ':gradle:compileGroovy' as it has no source files and no previous output files.
[        ] Resolve mutations for :gradle:pluginDescriptors (Thread[Execution worker Thread 6,5,main]) started.
[        ] :gradle:pluginDescriptors (Thread[Execution worker Thread 6,5,main]) started.
[        ] > Task :gradle:pluginDescriptors UP-TO-DATE
[        ] Caching disabled for task ':gradle:pluginDescriptors' because:
[        ]   Build cache is disabled
[        ]   Not worth caching
[        ] Skipping task ':gradle:pluginDescriptors' as it is up-to-date.
[        ] Resolve mutations for :gradle:processResources (Thread[Execution worker Thread 6,5,main]) started.
[        ] :gradle:processResources (Thread[Execution worker Thread 6,5,main]) started.
[        ] > Task :gradle:processResources UP-TO-DATE
[        ] Caching disabled for task ':gradle:processResources' because:
[        ]   Build cache is disabled
[        ]   Not worth caching
[        ] Skipping task ':gradle:processResources' as it is up-to-date.
[        ] Resolve mutations for :gradle:classes (Thread[Execution worker Thread 6,5,main]) started.
[        ] :gradle:classes (Thread[Execution worker Thread 6,5,main]) started.
[        ] > Task :gradle:classes UP-TO-DATE
[        ] Skipping task ':gradle:classes' as it has no actions.
[        ] Resolve mutations for :gradle:jar (Thread[Execution worker Thread 6,5,main]) started.
[        ] :gradle:jar (Thread[Execution worker Thread 6,5,main]) started.
[        ] > Task :gradle:jar UP-TO-DATE
[        ] Caching disabled for task ':gradle:jar' because:
[        ]   Build cache is disabled
[        ]   Not worth caching
[        ] Skipping task ':gradle:jar' as it is up-to-date.
[ +396 ms] Settings evaluated using settings file '/Users/faizul/payanam/android/settings.gradle.kts'.
[        ] Projects loaded. Root project using build file '/Users/faizul/payanam/android/build.gradle.kts'.
[        ] Included projects: [root project 'android', project ':app', project ':cloud_firestore', project ':device_info_plus', project ':firebase_auth', project ':firebase_core', project ':flutter_plugin_android_lifecycle', project ':flutter_tts', project ':geolocator_android', project ':google_maps_flutter_android', project ':package_info_plus', project ':vibration']
[ +395 ms] > Configure project :app
[        ] Evaluating project ':app' using build file '/Users/faizul/payanam/android/app/build.gradle.kts'.
[        ] Resolved plugin [id: 'com.android.application']
[        ] Resolved plugin [id: 'kotlin-android']
[        ] Resolved plugin [id: 'dev.flutter.flutter-gradle-plugin']
[        ] Using default execution profile
[        ] Using Kotlin Gradle Plugin gradle85 variant
[   +1 ms] C/C++: android.ndkVersion from module build.gradle is [27.0.12077973]
[        ] C/C++: android.ndkPath from module build.gradle is not set
[        ] C/C++: ndk.dir in local.properties is not set
[        ] C/C++: Not considering ANDROID_NDK_HOME because support was removed after deprecation period.
[        ] C/C++: sdkFolder is /Users/faizul/Android
[        ] C/C++: android.ndkVersion from module build.gradle is [27.0.12077973]
[        ] C/C++: android.ndkPath from module build.gradle is not set
[        ] C/C++: ndk.dir in local.properties is not set
[        ] C/C++: Not considering ANDROID_NDK_HOME because support was removed after deprecation period.
[        ] C/C++: sdkFolder is /Users/faizul/Android
[        ] C/C++: android.ndkVersion from module build.gradle is [27.0.12077973]
[        ] C/C++: android.ndkPath from module build.gradle is not set
[        ] C/C++: ndk.dir in local.properties is not set
[        ] C/C++: Not considering ANDROID_NDK_HOME because support was removed after deprecation period.
[        ] C/C++: sdkFolder is /Users/faizul/Android
[        ] C/C++: android.ndkVersion from module build.gradle is [27.0.12077973]
[        ] C/C++: android.ndkPath from module build.gradle is not set
[        ] C/C++: ndk.dir in local.properties is not set
[        ] C/C++: Not considering ANDROID_NDK_HOME because support was removed after deprecation period.
[        ] C/C++: sdkFolder is /Users/faizul/Android
[        ] C/C++: android.ndkVersion from module build.gradle is [27.0.12077973]
[        ] C/C++: android.ndkPath from module build.gradle is not set
[        ] C/C++: ndk.dir in local.properties is not set
[        ] C/C++: Not considering ANDROID_NDK_HOME because support was removed after deprecation period.
[        ] C/C++: sdkFolder is /Users/faizul/Android
[        ] C/C++: android.ndkVersion from module build.gradle is [27.0.12077973]
[        ] C/C++: android.ndkPath from module build.gradle is not set
[        ] C/C++: ndk.dir in local.properties is not set
[        ] C/C++: Not considering ANDROID_NDK_HOME because support was removed after deprecation period.
[        ] C/C++: sdkFolder is /Users/faizul/Android
[        ] C/C++: android.ndkVersion from module build.gradle is [27.0.12077973]
[        ] C/C++: android.ndkPath from module build.gradle is not set
[        ] C/C++: ndk.dir in local.properties is not set
[        ] C/C++: Not considering ANDROID_NDK_HOME because support was removed after deprecation period.
[        ] C/C++: sdkFolder is /Users/faizul/Android
[        ] C/C++: android.ndkVersion from module build.gradle is [27.0.12077973]
[        ] C/C++: android.ndkPath from module build.gradle is not set
[        ] C/C++: ndk.dir in local.properties is not set
[        ] C/C++: Not considering ANDROID_NDK_HOME because support was removed after deprecation period.
[        ] C/C++: sdkFolder is /Users/faizul/Android
[        ] C/C++: android.ndkVersion from module build.gradle is [27.0.12077973]
[        ] C/C++: android.ndkPath from module build.gradle is not set
[        ] C/C++: ndk.dir in local.properties is not set
[        ] C/C++: Not considering ANDROID_NDK_HOME because support was removed after deprecation period.
[        ] C/C++: sdkFolder is /Users/faizul/Android
[        ] C/C++: android.ndkVersion from module build.gradle is [27.0.12077973]
[        ] C/C++: android.ndkPath from module build.gradle is not set
[        ] C/C++: ndk.dir in local.properties is not set
[        ] C/C++: Not considering ANDROID_NDK_HOME because support was removed after deprecation period.
[        ] C/C++: sdkFolder is /Users/faizul/Android
[        ] C/C++: android.ndkVersion from module build.gradle is [27.0.12077973]
[        ] C/C++: android.ndkPath from module build.gradle is not set
[        ] C/C++: ndk.dir in local.properties is not set
[        ] C/C++: Not considering ANDROID_NDK_HOME because support was removed after deprecation period.
[        ] C/C++: sdkFolder is /Users/faizul/Android
[        ] C/C++: android.ndkVersion from module build.gradle is [27.0.12077973]
[        ] C/C++: android.ndkPath from module build.gradle is not set
[        ] C/C++: ndk.dir in local.properties is not set
[        ] C/C++: Not considering ANDROID_NDK_HOME because support was removed after deprecation period.
[        ] C/C++: sdkFolder is /Users/faizul/Android
[        ] C/C++: android.ndkVersion from module build.gradle is [27.0.12077973]
[        ] C/C++: android.ndkPath from module build.gradle is not set
[        ] C/C++: ndk.dir in local.properties is not set
[        ] C/C++: Not considering ANDROID_NDK_HOME because support was removed after deprecation period.
[        ] C/C++: sdkFolder is /Users/faizul/Android
[   +1 ms] C/C++: android.ndkVersion from module build.gradle is [27.0.12077973]
[        ] C/C++: android.ndkPath from module build.gradle is not set
[        ] C/C++: ndk.dir in local.properties is not set
[        ] C/C++: Not considering ANDROID_NDK_HOME because support was removed after deprecation period.
[        ] C/C++: sdkFolder is /Users/faizul/Android
[        ] C/C++: android.ndkVersion from module build.gradle is [27.0.12077973]
[        ] C/C++: android.ndkPath from module build.gradle is not set
[        ] C/C++: ndk.dir in local.properties is not set
[        ] C/C++: Not considering ANDROID_NDK_HOME because support was removed after deprecation period.
[        ] C/C++: sdkFolder is /Users/faizul/Android
[        ] C/C++: android.ndkVersion from module build.gradle is [27.0.12077973]
[        ] C/C++: android.ndkPath from module build.gradle is not set
[        ] C/C++: ndk.dir in local.properties is not set
[        ] C/C++: Not considering ANDROID_NDK_HOME because support was removed after deprecation period.
[        ] C/C++: sdkFolder is /Users/faizul/Android
[        ] C/C++: android.ndkVersion from module build.gradle is [27.0.12077973]
[        ] C/C++: android.ndkPath from module build.gradle is not set
[        ] C/C++: ndk.dir in local.properties is not set
[        ] C/C++: Not considering ANDROID_NDK_HOME because support was removed after deprecation period.
[        ] C/C++: sdkFolder is /Users/faizul/Android
[        ] C/C++: android.ndkVersion from module build.gradle is [27.0.12077973]
[        ] C/C++: android.ndkPath from module build.gradle is not set
[        ] C/C++: ndk.dir in local.properties is not set
[        ] C/C++: Not considering ANDROID_NDK_HOME because support was removed after deprecation period.
[        ] C/C++: sdkFolder is /Users/faizul/Android
[        ] C/C++: android.ndkVersion from module build.gradle is [27.0.12077973]
[        ] C/C++: android.ndkPath from module build.gradle is not set
[        ] C/C++: ndk.dir in local.properties is not set
[        ] C/C++: Not considering ANDROID_NDK_HOME because support was removed after deprecation period.
[        ] C/C++: sdkFolder is /Users/faizul/Android
[        ] > Configure project :
[        ] Evaluating root project 'android' using build file '/Users/faizul/payanam/android/build.gradle.kts'.
[  +82 ms] > Configure project :cloud_firestore
[        ] Evaluating project ':cloud_firestore' using build file '/Users/faizul/.pub-cache/hosted/pub.dev/cloud_firestore-5.6.12/android/build.gradle'.
[        ] Using default execution profile
[ +198 ms] > Configure project :device_info_plus
[        ] Evaluating project ':device_info_plus' using build file '/Users/faizul/.pub-cache/hosted/pub.dev/device_info_plus-11.5.0/android/build.gradle'.
[        ] Using default execution profile
[        ] Using Kotlin Gradle Plugin gradle85 variant
[        ] > Configure project :firebase_auth
[        ] Evaluating project ':firebase_auth' using build file '/Users/faizul/.pub-cache/hosted/pub.dev/firebase_auth-5.7.0/android/build.gradle'.
[        ] Using default execution profile
[  +99 ms] > Configure project :firebase_core
[        ] Evaluating project ':firebase_core' using build file '/Users/faizul/.pub-cache/hosted/pub.dev/firebase_core-3.15.2/android/build.gradle'.
[        ] Using default execution profile
[ +102 ms] > Configure project :flutter_plugin_android_lifecycle
[        ] Evaluating project ':flutter_plugin_android_lifecycle' using build file '/Users/faizul/.pub-cache/hosted/pub.dev/flutter_plugin_android_lifecycle-2.0.33/android/build.gradle'.
[        ] Using default execution profile
[  +95 ms] > Configure project :flutter_tts
[        ] Evaluating project ':flutter_tts' using build file '/Users/faizul/.pub-cache/hosted/pub.dev/flutter_tts-4.2.5/android/build.gradle'.
[        ] Using default execution profile
[        ] Using Kotlin Gradle Plugin gradle85 variant
[ +103 ms] > Configure project :geolocator_android
[        ] Evaluating project ':geolocator_android' using build file '/Users/faizul/.pub-cache/hosted/pub.dev/geolocator_android-5.0.2/android/build.gradle'.
[        ] Using default execution profile
[  +96 ms] > Configure project :google_maps_flutter_android
[        ] Evaluating project ':google_maps_flutter_android' using build file '/Users/faizul/.pub-cache/hosted/pub.dev/google_maps_flutter_android-2.19.1/android/build.gradle'.
[        ] Using default execution profile
[ +198 ms] > Configure project :package_info_plus
[        ] Evaluating project ':package_info_plus' using build file '/Users/faizul/.pub-cache/hosted/pub.dev/package_info_plus-9.0.0/android/build.gradle'.
[        ] Using default execution profile
[        ] Using Kotlin Gradle Plugin gradle85 variant
[ +102 ms] > Configure project :vibration
[        ] Evaluating project ':vibration' using build file '/Users/faizul/.pub-cache/hosted/pub.dev/vibration-2.1.0/android/build.gradle'.
[        ] Using default execution profile
[        ] All projects evaluated.
[        ] Task name matched 'assembleDebug'
[        ] Selected primary task 'assembleDebug' from project :
[        ] Adding -Xuse-inline-scopes-numbers Kotlin compiler flag for task :app:compileDebugKotlin
[ +405 ms] Tasks to be executed: [task ':app:DebugMinSdkCheck', task ':app:preBuild', task ':app:preDebugBuild', task ':app:mergeDebugNativeDebugMetadata', task ':app:checkKotlinGradlePluginConfigurationErrors', task ':app:compileFlutterBuildDebug', task ':app:packJniLibsflutterBuildDebug', task ':cloud_firestore:preBuild', task ':cloud_firestore:preDebugBuild', task ':cloud_firestore:writeDebugAarMetadata', task ':device_info_plus:preBuild', task ':device_info_plus:preDebugBuild', task ':device_info_plus:writeDebugAarMetadata', task ':firebase_auth:preBuild', task ':firebase_auth:preDebugBuild', task ':firebase_auth:writeDebugAarMetadata', task ':firebase_core:preBuild', task ':firebase_core:preDebugBuild', task ':firebase_core:writeDebugAarMetadata', task ':flutter_plugin_android_lifecycle:preBuild', task ':flutter_plugin_android_lifecycle:preDebugBuild', task ':flutter_plugin_android_lifecycle:writeDebugAarMetadata', task ':flutter_tts:preBuild', task ':flutter_tts:preDebugBuild', task ':flutter_tts:writeDebugAarMetadata', task ':geolocator_android:preBuild', task ':geolocator_android:preDebugBuild', task ':geolocator_android:writeDebugAarMetadata', task ':google_maps_flutter_android:preBuild', task ':google_maps_flutter_android:preDebugBuild', task ':google_maps_flutter_android:writeDebugAarMetadata', task ':package_info_plus:preBuild', task ':package_info_plus:preDebugBuild', task ':package_info_plus:writeDebugAarMetadata', task ':vibration:preBuild', task ':vibration:preDebugBuild', task ':vibration:writeDebugAarMetadata', task ':app:checkDebugAarMetadata', task ':app:cleanMergeDebugAssets', task ':app:mergeDebugShaders', task ':app:compileDebugShaders', task ':app:generateDebugAssets', task ':cloud_firestore:mergeDebugShaders', task ':cloud_firestore:compileDebugShaders', task ':cloud_firestore:generateDebugAssets', task ':cloud_firestore:mergeDebugAssets', task ':device_info_plus:mergeDebugShaders', task ':device_info_plus:compileDebugShaders', task ':device_info_plus:generateDebugAssets', task ':device_info_plus:mergeDebugAssets', task ':firebase_auth:mergeDebugShaders', task ':firebase_auth:compileDebugShaders', task ':firebase_auth:generateDebugAssets', task ':firebase_auth:mergeDebugAssets', task ':firebase_core:mergeDebugShaders', task ':firebase_core:compileDebugShaders', task ':firebase_core:generateDebugAssets', task ':firebase_core:mergeDebugAssets', task ':flutter_plugin_android_lifecycle:mergeDebugShaders', task ':flutter_plugin_android_lifecycle:compileDebugShaders', task ':flutter_plugin_android_lifecycle:generateDebugAssets', task ':flutter_plugin_android_lifecycle:mergeDebugAssets', task ':flutter_tts:mergeDebugShaders', task ':flutter_tts:compileDebugShaders', task ':flutter_tts:generateDebugAssets', task ':flutter_tts:mergeDebugAssets', task ':geolocator_android:mergeDebugShaders', task ':geolocator_android:compileDebugShaders', task ':geolocator_android:generateDebugAssets', task ':geolocator_android:mergeDebugAssets', task ':google_maps_flutter_android:mergeDebugShaders', task ':google_maps_flutter_android:compileDebugShaders', task ':google_maps_flutter_android:generateDebugAssets', task ':google_maps_flutter_android:mergeDebugAssets', task ':package_info_plus:mergeDebugShaders', task ':package_info_plus:compileDebugShaders', task ':package_info_plus:generateDebugAssets', task ':package_info_plus:mergeDebugAssets', task ':vibration:mergeDebugShaders', task ':vibration:compileDebugShaders', task ':vibration:generateDebugAssets', task ':vibration:mergeDebugAssets', task ':app:mergeDebugAssets', task ':app:copyFlutterAssetsDebug', task ':app:generateDebugResValues', task ':app:processDebugGoogleServices', task ':cloud_firestore:generateDebugResValues', task ':cloud_firestore:generateDebugResources', task ':cloud_firestore:packageDebugResources', task ':device_info_plus:generateDebugResValues', task ':device_info_plus:generateDebugResources', task ':device_info_plus:packageDebugResources', task ':firebase_auth:generateDebugResValues', task ':firebase_auth:generateDebugResources', task ':firebase_auth:packageDebugResources', task ':firebase_core:generateDebugResValues', task ':firebase_core:generateDebugResources', task ':firebase_core:packageDebugResources', task ':flutter_plugin_android_lifecycle:generateDebugResValues', task ':flutter_plugin_android_lifecycle:generateDebugResources', task ':flutter_plugin_android_lifecycle:packageDebugResources', task ':flutter_tts:generateDebugResValues', task ':flutter_tts:generateDebugResources', task ':flutter_tts:packageDebugResources', task ':geolocator_android:generateDebugResValues', task ':geolocator_android:generateDebugResources', task ':geolocator_android:packageDebugResources', task ':google_maps_flutter_android:generateDebugResValues', task ':google_maps_flutter_android:generateDebugResources', task ':google_maps_flutter_android:packageDebugResources', task ':package_info_plus:generateDebugResValues', task ':package_info_plus:generateDebugResources', task ':package_info_plus:packageDebugResources', task ':vibration:generateDebugResValues', task ':vibration:generateDebugResources', task ':vibration:packageDebugResources', task ':app:mapDebugSourceSetPaths', task ':app:generateDebugResources', task ':app:mergeDebugResources', task ':app:packageDebugResources', task ':app:parseDebugLocalResources', task ':app:createDebugCompatibleScreenManifests', task ':app:extractDeepLinksDebug', task ':cloud_firestore:extractDeepLinksDebug', task ':cloud_firestore:processDebugManifest', task ':device_info_plus:extractDeepLinksDebug', task ':device_info_plus:processDebugManifest', task ':firebase_auth:extractDeepLinksDebug', task ':firebase_auth:processDebugManifest', task ':firebase_core:extractDeepLinksDebug', task ':firebase_core:processDebugManifest', task ':flutter_plugin_android_lifecycle:extractDeepLinksDebug', task ':flutter_plugin_android_lifecycle:processDebugManifest', task ':flutter_tts:extractDeepLinksDebug', task ':flutter_tts:processDebugManifest', task ':geolocator_android:extractDeepLinksDebug', task ':geolocator_android:processDebugManifest', task ':google_maps_flutter_android:extractDeepLinksDebug', task ':google_maps_flutter_android:processDebugManifest', task ':package_info_plus:extractDeepLinksDebug', task ':package_info_plus:processDebugManifest', task ':vibration:extractDeepLinksDebug', task ':vibration:processDebugManifest', task ':app:processDebugMainManifest', task ':app:processDebugManifest', task ':app:processDebugManifestForPackage', task ':cloud_firestore:compileDebugLibraryResources', task ':cloud_firestore:parseDebugLocalResources', task ':cloud_firestore:generateDebugRFile', task ':device_info_plus:compileDebugLibraryResources', task ':device_info_plus:parseDebugLocalResources', task ':device_info_plus:generateDebugRFile', task ':firebase_auth:compileDebugLibraryResources', task ':firebase_auth:parseDebugLocalResources', task ':firebase_auth:generateDebugRFile', task ':firebase_core:compileDebugLibraryResources', task ':firebase_core:parseDebugLocalResources', task ':firebase_core:generateDebugRFile', task ':flutter_plugin_android_lifecycle:compileDebugLibraryResources', task ':flutter_plugin_android_lifecycle:parseDebugLocalResources', task ':flutter_plugin_android_lifecycle:generateDebugRFile', task ':flutter_tts:compileDebugLibraryResources', task ':flutter_tts:parseDebugLocalResources', task ':flutter_tts:generateDebugRFile', task ':geolocator_android:compileDebugLibraryResources', task ':geolocator_android:parseDebugLocalResources', task ':geolocator_android:generateDebugRFile', task ':google_maps_flutter_android:compileDebugLibraryResources', task ':google_maps_flutter_android:parseDebugLocalResources', task ':google_maps_flutter_android:generateDebugRFile', task ':package_info_plus:compileDebugLibraryResources', task ':package_info_plus:parseDebugLocalResources', task ':package_info_plus:generateDebugRFile', task ':vibration:compileDebugLibraryResources', task ':vibration:parseDebugLocalResources', task ':vibration:generateDebugRFile', task ':app:processDebugResources', task ':cloud_firestore:generateDebugBuildConfig', task ':cloud_firestore:javaPreCompileDebug', task ':firebase_core:generateDebugBuildConfig', task ':firebase_core:javaPreCompileDebug', task ':firebase_core:compileDebugJavaWithJavac', task ':firebase_core:bundleLibCompileToJarDebug', task ':cloud_firestore:compileDebugJavaWithJavac', task ':cloud_firestore:bundleLibCompileToJarDebug', task ':device_info_plus:checkKotlinGradlePluginConfigurationErrors', task ':device_info_plus:compileDebugKotlin', task ':device_info_plus:javaPreCompileDebug', task ':device_info_plus:compileDebugJavaWithJavac', task ':device_info_plus:bundleLibCompileToJarDebug', task ':firebase_auth:generateDebugBuildConfig', task ':firebase_auth:javaPreCompileDebug', task ':firebase_auth:compileDebugJavaWithJavac', task ':firebase_auth:bundleLibCompileToJarDebug', task ':flutter_plugin_android_lifecycle:javaPreCompileDebug', task ':flutter_plugin_android_lifecycle:compileDebugJavaWithJavac', task ':flutter_plugin_android_lifecycle:bundleLibCompileToJarDebug', task ':flutter_tts:checkKotlinGradlePluginConfigurationErrors', task ':flutter_tts:compileDebugKotlin', task ':flutter_tts:javaPreCompileDebug', task ':flutter_tts:compileDebugJavaWithJavac', task ':flutter_tts:bundleLibCompileToJarDebug', task ':geolocator_android:javaPreCompileDebug', task ':geolocator_android:compileDebugJavaWithJavac', task ':geolocator_android:bundleLibCompileToJarDebug', task ':google_maps_flutter_android:javaPreCompileDebug', task ':google_maps_flutter_android:compileDebugJavaWithJavac', task ':google_maps_flutter_android:bundleLibCompileToJarDebug', task ':package_info_plus:checkKotlinGradlePluginConfigurationErrors', task ':package_info_plus:compileDebugKotlin', task ':package_info_plus:javaPreCompileDebug', task ':package_info_plus:compileDebugJavaWithJavac', task ':package_info_plus:bundleLibCompileToJarDebug', task ':vibration:javaPreCompileDebug', task ':vibration:compileDebugJavaWithJavac', task ':vibration:bundleLibCompileToJarDebug', task ':app:compileDebugKotlin', task ':app:javaPreCompileDebug', task ':app:compileDebugJavaWithJavac', task ':app:compressDebugAssets', task ':app:processDebugJavaRes', task ':cloud_firestore:processDebugJavaRes', task ':device_info_plus:processDebugJavaRes', task ':firebase_auth:processDebugJavaRes', task ':firebase_core:processDebugJavaRes', task ':flutter_plugin_android_lifecycle:processDebugJavaRes', task ':flutter_tts:processDebugJavaRes', task ':geolocator_android:processDebugJavaRes', task ':google_maps_flutter_android:processDebugJavaRes', task ':package_info_plus:processDebugJavaRes', task ':vibration:processDebugJavaRes', task ':app:mergeDebugJavaResource', task ':app:checkDebugDuplicateClasses', task ':app:desugarDebugFileDependencies', task ':app:mergeExtDexDebug', task ':cloud_firestore:bundleLibRuntimeToDirDebug', task ':device_info_plus:bundleLibRuntimeToDirDebug', task ':firebase_auth:bundleLibRuntimeToDirDebug', task ':firebase_core:bundleLibRuntimeToDirDebug', task ':google_maps_flutter_android:bundleLibRuntimeToDirDebug', task ':flutter_plugin_android_lifecycle:bundleLibRuntimeToDirDebug', task ':flutter_tts:bundleLibRuntimeToDirDebug', task ':geolocator_android:bundleLibRuntimeToDirDebug', task ':package_info_plus:bundleLibRuntimeToDirDebug', task ':vibration:bundleLibRuntimeToDirDebug', task ':app:mergeLibDexDebug', task ':app:dexBuilderDebug', task ':app:mergeProjectDexDebug', task ':app:configureCMakeDebug[arm64-v8a]', task ':app:buildCMakeDebug[arm64-v8a]', task ':app:configureCMakeDebug[armeabi-v7a]', task ':app:buildCMakeDebug[armeabi-v7a]', task ':app:configureCMakeDebug[x86_64]', task ':app:buildCMakeDebug[x86_64]', task ':app:mergeDebugJniLibFolders', task ':cloud_firestore:mergeDebugJniLibFolders', task ':cloud_firestore:mergeDebugNativeLibs', task ':cloud_firestore:copyDebugJniLibsProjectOnly', task ':device_info_plus:mergeDebugJniLibFolders', task ':device_info_plus:mergeDebugNativeLibs', task ':device_info_plus:copyDebugJniLibsProjectOnly', task ':firebase_auth:mergeDebugJniLibFolders', task ':firebase_auth:mergeDebugNativeLibs', task ':firebase_auth:copyDebugJniLibsProjectOnly', task ':firebase_core:mergeDebugJniLibFolders', task ':firebase_core:mergeDebugNativeLibs', task ':firebase_core:copyDebugJniLibsProjectOnly', task ':flutter_plugin_android_lifecycle:mergeDebugJniLibFolders', task ':flutter_plugin_android_lifecycle:mergeDebugNativeLibs', task ':flutter_plugin_android_lifecycle:copyDebugJniLibsProjectOnly', task ':flutter_tts:mergeDebugJniLibFolders', task ':flutter_tts:mergeDebugNativeLibs', task ':flutter_tts:copyDebugJniLibsProjectOnly', task ':geolocator_android:mergeDebugJniLibFolders', task ':geolocator_android:mergeDebugNativeLibs', task ':geolocator_android:copyDebugJniLibsProjectOnly', task ':google_maps_flutter_android:mergeDebugJniLibFolders', task ':google_maps_flutter_android:mergeDebugNativeLibs', task ':google_maps_flutter_android:copyDebugJniLibsProjectOnly', task ':package_info_plus:mergeDebugJniLibFolders', task ':package_info_plus:mergeDebugNativeLibs', task ':package_info_plus:copyDebugJniLibsProjectOnly', task ':vibration:mergeDebugJniLibFolders', task ':vibration:mergeDebugNativeLibs', task ':vibration:copyDebugJniLibsProjectOnly', task ':app:mergeDebugNativeLibs', task ':app:stripDebugDebugSymbols', task ':app:validateSigningDebug', task ':app:writeDebugAppMetadata', task ':app:writeDebugSigningConfigVersions', task ':app:packageDebug', task ':app:createDebugApkListingFileRedirect', task ':app:assembleDebug', task ':cloud_firestore:stripDebugDebugSymbols', task ':cloud_firestore:copyDebugJniLibsProjectAndLocalJars', task ':cloud_firestore:extractDebugAnnotations', task ':cloud_firestore:extractDeepLinksForAarDebug', task ':cloud_firestore:mergeDebugGeneratedProguardFiles', task ':cloud_firestore:mergeDebugConsumerProguardFiles', task ':cloud_firestore:prepareDebugArtProfile', task ':cloud_firestore:prepareLintJarForPublish', task ':cloud_firestore:mergeDebugJavaResource', task ':cloud_firestore:syncDebugLibJars', task ':cloud_firestore:bundleDebugAar', task ':cloud_firestore:assembleDebug', task ':device_info_plus:stripDebugDebugSymbols', task ':device_info_plus:copyDebugJniLibsProjectAndLocalJars', task ':device_info_plus:extractDebugAnnotations', task ':device_info_plus:extractDeepLinksForAarDebug', task ':device_info_plus:mergeDebugGeneratedProguardFiles', task ':device_info_plus:mergeDebugConsumerProguardFiles', task ':device_info_plus:prepareDebugArtProfile', task ':device_info_plus:prepareLintJarForPublish', task ':device_info_plus:mergeDebugJavaResource', task ':device_info_plus:syncDebugLibJars', task ':device_info_plus:bundleDebugAar', task ':device_info_plus:assembleDebug', task ':firebase_auth:stripDebugDebugSymbols', task ':firebase_auth:copyDebugJniLibsProjectAndLocalJars', task ':firebase_auth:extractDebugAnnotations', task ':firebase_auth:extractDeepLinksForAarDebug', task ':firebase_auth:mergeDebugGeneratedProguardFiles', task ':firebase_auth:mergeDebugConsumerProguardFiles', task ':firebase_auth:prepareDebugArtProfile', task ':firebase_auth:prepareLintJarForPublish', task ':firebase_auth:mergeDebugJavaResource', task ':firebase_auth:syncDebugLibJars', task ':firebase_auth:bundleDebugAar', task ':firebase_auth:assembleDebug', task ':firebase_core:stripDebugDebugSymbols', task ':firebase_core:copyDebugJniLibsProjectAndLocalJars', task ':firebase_core:extractDebugAnnotations', task ':firebase_core:extractDeepLinksForAarDebug', task ':firebase_core:mergeDebugGeneratedProguardFiles', task ':firebase_core:mergeDebugConsumerProguardFiles', task ':firebase_core:prepareDebugArtProfile', task ':firebase_core:prepareLintJarForPublish', task ':firebase_core:mergeDebugJavaResource', task ':firebase_core:syncDebugLibJars', task ':firebase_core:bundleDebugAar', task ':firebase_core:assembleDebug', task ':flutter_plugin_android_lifecycle:stripDebugDebugSymbols', task ':flutter_plugin_android_lifecycle:copyDebugJniLibsProjectAndLocalJars', task ':flutter_plugin_android_lifecycle:extractDebugAnnotations', task ':flutter_plugin_android_lifecycle:extractDeepLinksForAarDebug', task ':flutter_plugin_android_lifecycle:mergeDebugGeneratedProguardFiles', task ':flutter_plugin_android_lifecycle:mergeDebugConsumerProguardFiles', task ':flutter_plugin_android_lifecycle:prepareDebugArtProfile', task ':flutter_plugin_android_lifecycle:prepareLintJarForPublish', task ':flutter_plugin_android_lifecycle:mergeDebugJavaResource', task ':flutter_plugin_android_lifecycle:syncDebugLibJars', task ':flutter_plugin_android_lifecycle:bundleDebugAar', task ':flutter_plugin_android_lifecycle:assembleDebug', task ':flutter_tts:stripDebugDebugSymbols', task ':flutter_tts:copyDebugJniLibsProjectAndLocalJars', task ':flutter_tts:extractDebugAnnotations', task ':flutter_tts:extractDeepLinksForAarDebug', task ':flutter_tts:mergeDebugGeneratedProguardFiles', task ':flutter_tts:mergeDebugConsumerProguardFiles', task ':flutter_tts:prepareDebugArtProfile', task ':flutter_tts:prepareLintJarForPublish', task ':flutter_tts:mergeDebugJavaResource', task ':flutter_tts:syncDebugLibJars', task ':flutter_tts:bundleDebugAar', task ':flutter_tts:assembleDebug', task ':geolocator_android:stripDebugDebugSymbols', task ':geolocator_android:copyDebugJniLibsProjectAndLocalJars', task ':geolocator_android:extractDebugAnnotations', task ':geolocator_android:extractDeepLinksForAarDebug', task ':geolocator_android:mergeDebugGeneratedProguardFiles', task ':geolocator_android:mergeDebugConsumerProguardFiles', task ':geolocator_android:prepareDebugArtProfile', task ':geolocator_android:prepareLintJarForPublish', task ':geolocator_android:mergeDebugJavaResource', task ':geolocator_android:syncDebugLibJars', task ':geolocator_android:bundleDebugAar', task ':geolocator_android:assembleDebug', task ':google_maps_flutter_android:stripDebugDebugSymbols', task ':google_maps_flutter_android:copyDebugJniLibsProjectAndLocalJars', task ':google_maps_flutter_android:extractDebugAnnotations', task ':google_maps_flutter_android:extractDeepLinksForAarDebug', task ':google_maps_flutter_android:mergeDebugGeneratedProguardFiles', task ':google_maps_flutter_android:mergeDebugConsumerProguardFiles', task ':google_maps_flutter_android:prepareDebugArtProfile', task ':google_maps_flutter_android:prepareLintJarForPublish', task ':google_maps_flutter_android:mergeDebugJavaResource', task ':google_maps_flutter_android:syncDebugLibJars', task ':google_maps_flutter_android:bundleDebugAar', task ':google_maps_flutter_android:assembleDebug', task ':package_info_plus:stripDebugDebugSymbols', task ':package_info_plus:copyDebugJniLibsProjectAndLocalJars', task ':package_info_plus:extractDebugAnnotations', task ':package_info_plus:extractDeepLinksForAarDebug', task ':package_info_plus:mergeDebugGeneratedProguardFiles', task ':package_info_plus:mergeDebugConsumerProguardFiles', task ':package_info_plus:prepareDebugArtProfile', task ':package_info_plus:prepareLintJarForPublish', task ':package_info_plus:mergeDebugJavaResource', task ':package_info_plus:syncDebugLibJars', task ':package_info_plus:bundleDebugAar', task ':package_info_plus:assembleDebug', task ':vibration:stripDebugDebugSymbols', task ':vibration:copyDebugJniLibsProjectAndLocalJars', task ':vibration:extractDebugAnnotations', task ':vibration:extractDeepLinksForAarDebug', task ':vibration:mergeDebugGeneratedProguardFiles', task ':vibration:mergeDebugConsumerProguardFiles', task ':vibration:prepareDebugArtProfile', task ':vibration:prepareLintJarForPublish', task ':vibration:mergeDebugJavaResource', task ':vibration:syncDebugLibJars', task ':vibration:bundleDebugAar', task ':vibration:assembleDebug']
[        ] Tasks that were excluded: []
[        ] work action Parameters of ClassesDirToClassesTransform (Thread[Execution worker,5,main]) started.
[        ] work action Parameters of DexingNoClasspathTransform (Thread[Execution worker,5,main]) started.
[        ] Resolve mutations for :app:DebugMinSdkCheck (Thread[Execution worker,5,main]) started.
[        ] :app:DebugMinSdkCheck (Thread[Execution worker,5,main]) started.
[        ] > Task :app:DebugMinSdkCheck
[        ] Caching disabled for task ':app:DebugMinSdkCheck' because:
[        ]   Build cache is disabled
[        ] Task ':app:DebugMinSdkCheck' is not up-to-date because:
[        ]   Task has not declared any outputs despite executing actions.
[        ] Resolve mutations for :app:preBuild (Thread[Execution worker,5,main]) started.
[        ] :app:preBuild (Thread[Execution worker,5,main]) started.
[        ] > Task :app:preBuild UP-TO-DATE
[        ] Skipping task ':app:preBuild' as it has no actions.
[        ] Resolve mutations for :app:preDebugBuild (Thread[Execution worker,5,main]) started.
[        ] :app:preDebugBuild (Thread[Execution worker Thread 6,5,main]) started.
[        ] > Task :app:preDebugBuild UP-TO-DATE
[        ] Skipping task ':app:preDebugBuild' as it has no actions.
[        ] Resolve mutations for :app:mergeDebugNativeDebugMetadata (Thread[Execution worker Thread 6,5,main]) started.
[        ] :app:mergeDebugNativeDebugMetadata (Thread[Execution worker Thread 6,5,main]) started.
[        ] > Task :app:mergeDebugNativeDebugMetadata NO-SOURCE
[        ] Skipping task ':app:mergeDebugNativeDebugMetadata' as it has no source files and no previous output files.
[        ] Resolve mutations for :app:checkKotlinGradlePluginConfigurationErrors (Thread[Execution worker Thread 6,5,main]) started.
[        ] :app:checkKotlinGradlePluginConfigurationErrors (Thread[Execution worker Thread 6,5,main]) started.
[        ] > Task :app:checkKotlinGradlePluginConfigurationErrors SKIPPED
[        ] Skipping task ':app:checkKotlinGradlePluginConfigurationErrors' as task onlyIf 'errorDiagnostics are present' is false.
[        ] Resolve mutations for :app:compileFlutterBuildDebug (Thread[Execution worker Thread 6,5,main]) started.
[        ] :app:compileFlutterBuildDebug (Thread[Execution worker Thread 6,5,main]) started.
[+1990 ms] > Task :app:compileFlutterBuildDebug
[        ] Caching disabled for task ':app:compileFlutterBuildDebug' because:
[        ]   Build cache is disabled
[        ]   Caching has not been enabled for the task
[        ] Task ':app:compileFlutterBuildDebug' is not up-to-date because:
[        ]   Task has failed previously.
[        ] Starting process 'command '/usr/local/share/flutter/bin/flutter''. Working directory: /Users/faizul/payanam Command: /usr/local/share/flutter/bin/flutter --verbose assemble --no-version-check --depfile /Users/faizul/payanam/build/app/intermediates/flutter/debug/flutter_build.d --output /Users/faizul/payanam/build/app/intermediates/flutter/debug -dTargetFile=/Users/faizul/payanam/lib/main.dart -dTargetPlatform=android -dBuildMode=debug -dTrackWidgetCreation=true --DartDefines=RkxVVFRFUl9WRVJTSU9OPTMuMzUuNw==,RkxVVFRFUl9DSEFOTkVMPXN0YWJsZQ==,RkxVVFRFUl9HSVRfVVJMPWh0dHBzOi8vZ2l0aHViLmNvbS9mbHV0dGVyL2ZsdXR0ZXIuZ2l0,RkxVVFRFUl9GUkFNRVdPUktfUkVWSVNJT049YWRjOTAxMDYyNQ==,RkxVVFRFUl9FTkdJTkVfUkVWSVNJT049MDM1MzE2NTY1YQ==,RkxVVFRFUl9EQVJUX1ZFUlNJT049My45LjI= -dFlavor= -dAndroidArchs=android-arm64 -dMinSdkVersion=24 debug_android_application
[        ] Successfully started process 'command '/usr/local/share/flutter/bin/flutter''
[        ] [  +36 ms] executing: sysctl hw.optional.arm64
[        ] [   +9 ms] Exit code 1 from: sysctl hw.optional.arm64
[        ] [        ] sysctl: unknown oid 'hw.optional.arm64'
[        ] [  +10 ms] Artifact Instance of 'MaterialFonts' is not required, skipping update.
[        ] [        ] Artifact Instance of 'GradleWrapper' is not required, skipping update.
[        ] [        ] Artifact Instance of 'AndroidGenSnapshotArtifacts' is not required, skipping update.
[        ] [        ] Artifact Instance of 'AndroidInternalBuildArtifacts' is not required, skipping update.
[        ] [        ] Artifact Instance of 'IOSEngineArtifacts' is not required, skipping update.
[        ] [        ] Artifact Instance of 'FlutterWebSdk' is not required, skipping update.
[        ] [        ] Artifact Instance of 'LegacyCanvasKitRemover' is not required, skipping update.
[        ] [        ] Artifact Instance of 'FlutterSdk' is not required, skipping update.
[        ] [        ] Artifact Instance of 'WindowsEngineArtifacts' is not required, skipping update.
[        ] [        ] Artifact Instance of 'MacOSEngineArtifacts' is not required, skipping update.
[        ] [        ] Artifact Instance of 'LinuxEngineArtifacts' is not required, skipping update.
[        ] [        ] Artifact Instance of 'LinuxFuchsiaSDKArtifacts' is not required, skipping update.
[        ] [        ] Artifact Instance of 'MacOSFuchsiaSDKArtifacts' is not required, skipping update.
[        ] [        ] Artifact Instance of 'FlutterRunnerSDKArtifacts' is not required, skipping update.
[        ] [        ] Artifact Instance of 'FlutterRunnerDebugSymbols' is not required, skipping update.
[        ] [        ] Artifact Instance of 'IosUsbArtifacts' is not required, skipping update.
[        ] [        ] Artifact Instance of 'IosUsbArtifacts' is not required, skipping update.
[        ] [        ] Artifact Instance of 'IosUsbArtifacts' is not required, skipping update.
[        ] [        ] Artifact Instance of 'IosUsbArtifacts' is not required, skipping update.
[        ] [        ] Artifact Instance of 'IosUsbArtifacts' is not required, skipping update.
[        ] [        ] Artifact Instance of 'IosUsbArtifacts' is not required, skipping update.
[        ] [        ] Artifact Instance of 'FontSubsetArtifacts' is not required, skipping update.
[        ] [        ] Artifact Instance of 'PubDependencies' is not required, skipping update.
[        ] [  +11 ms] Artifact Instance of 'AndroidGenSnapshotArtifacts' is not required, skipping update.
[        ] [        ] Artifact Instance of 'AndroidInternalBuildArtifacts' is not required, skipping update.
[        ] [        ] Artifact Instance of 'IOSEngineArtifacts' is not required, skipping update.
[        ] [        ] Artifact Instance of 'FlutterWebSdk' is not required, skipping update.
[        ] [        ] Artifact Instance of 'FlutterEngineStamp' is not required, skipping update.
[        ] [        ] Artifact Instance of 'LegacyCanvasKitRemover' is not required, skipping update.
[        ] [   +2 ms] Artifact Instance of 'WindowsEngineArtifacts' is not required, skipping update.
[        ] [        ] Artifact Instance of 'MacOSEngineArtifacts' is not required, skipping update.
[        ] [        ] Artifact Instance of 'LinuxEngineArtifacts' is not required, skipping update.
[        ] [        ] Artifact Instance of 'LinuxFuchsiaSDKArtifacts' is not required, skipping update.
[   +1 ms] [        ] Artifact Instance of 'MacOSFuchsiaSDKArtifacts' is not required, skipping update.
[        ] [        ] Artifact Instance of 'FlutterRunnerSDKArtifacts' is not required, skipping update.
[        ] [        ] Artifact Instance of 'FlutterRunnerDebugSymbols' is not required, skipping update.
[        ] [  +61 ms] Artifact Instance of 'MaterialFonts' is not required, skipping update.
[        ] [        ] Artifact Instance of 'GradleWrapper' is not required, skipping update.
[        ] [   +1 ms] Artifact Instance of 'AndroidInternalBuildArtifacts' is not required, skipping update.
[        ] [        ] Artifact Instance of 'IOSEngineArtifacts' is not required, skipping update.
[        ] [        ] Artifact Instance of 'FlutterWebSdk' is not required, skipping update.
[        ] [        ] Artifact Instance of 'FlutterEngineStamp' is not required, skipping update.
[        ] [        ] Artifact Instance of 'LegacyCanvasKitRemover' is not required, skipping update.
[        ] [        ] Artifact Instance of 'FlutterSdk' is not required, skipping update.
[        ] [        ] Artifact Instance of 'WindowsEngineArtifacts' is not required, skipping update.
[        ] [        ] Artifact Instance of 'MacOSEngineArtifacts' is not required, skipping update.
[        ] [        ] Artifact Instance of 'LinuxEngineArtifacts' is not required, skipping update.
[        ] [        ] Artifact Instance of 'LinuxFuchsiaSDKArtifacts' is not required, skipping update.
[        ] [        ] Artifact Instance of 'MacOSFuchsiaSDKArtifacts' is not required, skipping update.
[        ] [        ] Artifact Instance of 'FlutterRunnerSDKArtifacts' is not required, skipping update.
[        ] [        ] Artifact Instance of 'FlutterRunnerDebugSymbols' is not required, skipping update.
[        ] [        ] Artifact Instance of 'IosUsbArtifacts' is not required, skipping update.
[        ] [        ] Artifact Instance of 'IosUsbArtifacts' is not required, skipping update.
[        ] [        ] Artifact Instance of 'IosUsbArtifacts' is not required, skipping update.
[        ] [        ] Artifact Instance of 'IosUsbArtifacts' is not required, skipping update.
[        ] [        ] Artifact Instance of 'IosUsbArtifacts' is not required, skipping update.
[        ] [        ] Artifact Instance of 'IosUsbArtifacts' is not required, skipping update.
[        ] [        ] Artifact Instance of 'FontSubsetArtifacts' is not required, skipping update.
[        ] [        ] Artifact Instance of 'PubDependencies' is not required, skipping update.
[        ] [  +54 ms] Initializing file store
[        ] [   +1 ms] Done initializing file store
[        ] [  +51 ms] Skipping target: gen_dart_plugin_registrant
[        ] [   +2 ms] Skipping target: dart_build
[        ] [        ] Skipping target: gen_localizations
[        ] [   +1 ms] Skipping target: install_code_assets
[  +62 ms] [ +305 ms] kernel_snapshot_program: Starting due to {InvalidatedReasonKind.outputSetAddition: The following outputs were added to the output set: /Users/faizul/payanam/.dart_tool/flutter_build/197311854ffb3d3151ac01223391c1c3/app.dill, InvalidatedReasonKind.inputChanged: The following inputs have updated contents: /usr/local/share/flutter/packages/flutter_tools/lib/src/build_system/targets/common.dart,/usr/local/share/flutter/bin/cache/engine.stamp,/usr/local/share/flutter/bin/cache/engine.stamp,/usr/local/share/flutter/bin/cache/engine.stamp,/usr/local/share/flutter/bin/cache/engine.stamp,/Users/faizul/payanam/lib/main.dart,/usr/local/share/flutter/packages/flutter/lib/src/dart_plugin_registrant.dart,/usr/local/share/flutter/packages/flutter/lib/material.dart,/usr/local/share/flutter/packages/flutter/lib/services.dart,/Users/faizul/.pub-cache/hosted/pub.dev/firebase_core-3.15.2/lib/firebase_core.dart,/Users/faizul/.pub-cache/hosted/pub.dev/provider-6.1.5+1/lib/provider.dart,/Users/faizul/payanam/lib/firebase_options.dart,/Users/faizul/payanam/lib/theme/app_theme.dart,/Users/faizul/payanam/lib/screens/loading_screen.dart,/Users/faizul/.pub-cache/hosted/pub.dev/geolocator_android-5.0.2/lib/geolocator_android.dart,/Users/faizul/.pub-cache/hosted/pub.dev/google_maps_flutter_android-2.19.1/lib/google_maps_flutter_android.dart,/Users/faizul/.pub-cache/hosted/pub.dev/geolocator_apple-2.3.13/lib/geolocator_apple.dart,/Users/faizul/.pub-cache/hosted/pub.dev/google_maps_flutter_ios-2.17.4/lib/google_maps_flutter_ios.dart,/Users/faizul/.pub-cache/hosted/pub.dev/device_info_plus-11.5.0/lib/device_info_plus.dart,/Users/faizul/.pub-cache/hosted/pub.dev/geolocator_linux-0.2.4/lib/geolocator_linux.dart,/Users/faizul/.pub-cache/hosted/pub.dev/package_info_plus-9.0.0/lib/package_info_plus.dart,/usr/local/share/flutter/packages/flutter/lib/src/material/about.dart,/usr/local/share/flutter/packages/flutter/lib/src/material/action_buttons.dart,/usr/local/share/flutter/packages/flutter/lib/src/material/action_chip.dart,/usr/local/share/flutter/packages/flutter/lib/src/material/action_icons_theme.dart,/usr/local/share/flutter/packages/flutter/lib/src/material/adaptive_text_selection_toolbar.dart,/usr/local/share/flutter/packages/flutter/lib/src/material/animated_icons.dart,/usr/local/share/flutter/packages/flutter/lib/src/material/app.dart,/usr/local/share/flutter/packages/flutter/lib/src/material/app_bar.dart,/usr/local/share/flutter/packages/flutter/lib/src/material/app_bar_theme.dart,/usr/local/share/flutter/packages/flutter/lib/src/material/arc.dart,/usr/local/share/flutter/packages/flutter/lib/src/material/autocomplete.dart,/usr/local/share/flutter/packages/flutter/lib/src/material/badge.dart,/usr/local/share/flutter/packages/flutter/lib/src/material/badge_theme.dart,/usr/local/share/flutter/packages/flutter/lib/src/material/banner.dart,/usr/local/share/flutter/packages/flutter/lib/src/material/banner_theme.dart,/usr/local/share/flutter/packages/flutter/lib/src/material/bottom_app_bar.dart,/usr/local/share/flutter/packages/flutter/lib/src/material/bottom_app_bar_theme.dart,/usr/local/share/flutter/packages/flutter/lib/src/material/bottom_navigation_bar.dart,/usr/local/share/flutter/packages/flutter/lib/src/material/bottom_navigation_bar_theme.dart,/usr/local/share/flutter/packages/flutter/lib/src/material/bottom_sheet.dart,/usr/local/share/flutter/packages/flutter/lib/src/material/bottom_sheet_theme.dart,/usr/local/share/flutter/packages/flutter/lib/src/material/button.dart,/usr/local/share/flutter/packages/flutter/lib/src/material/button_bar.dart,/usr/local/share/flutter/packages/flutter/lib/src/material/button_bar_theme.dart,/usr/local/share/flutter/packages/flutter/lib/src/material/button_style.dart,/usr/local/share/flutter/packages/flutter/lib/src/material/button_style_button.dart,/usr/local/share/flutter/packages/flutter/lib/src/material/button_theme.dart,/usr/local/share/flutter/packages/flutter/lib/src/material/calendar_date_picker.dart,/usr/local/share/flutter/packages/flutter/lib/src/material/card.dart,/usr/local/share/flutter/packages/flutter/lib/src/material/card_theme.dart,/usr/local/share/flutter/packages/flutter/lib/src/material/carousel.dart,/usr/local/share/flutter/packages/flutter/lib/src/material/carousel_theme.dart,/usr/local/share/flutter/packages/flutter/lib/src/material/checkbox.dart,/usr/local/share/flutter/packages/flutter/lib/src/material/checkbox_list_tile.dart,/usr/local/share/flutter/packages/flutter/lib/src/material/checkbox_theme.dart,/usr/local/share/flutter/packages/flutter/lib/src/material/chip.dart,/usr/local/share/flutter/packages/flutter/lib/src/material/chip_theme.dart,/usr/local/share/flutter/packages/flutter/lib/src/material/choice_chip.dart,/usr/local/share/flutter/packages/flutter/lib/src/material/circle_avatar.dart,/usr/local/share/flutter/packages/flutter/lib/src/material/color_scheme.dart,/usr/local/share/flutter/packages/flutter/lib/src/material/colors.dart,/usr/local/share/flutter/packages/flutter/lib/src/material/constants.dart,/usr/local/share/flutter/packages/flutter/lib/src/material/curves.dart,/usr/local/share/flutter/packages/flutter/lib/src/material/data_table.dart,/usr/local/share/flutter/packages/flutter/lib/src/material/data_table_source.dart,/usr/local/share/flutter/packages/flutter/lib/src/material/data_table_theme.dart,/usr/local/share/flutter/packages/flutter/lib/src/material/date.dart,/usr/local/share/flutter/packages/flutter/lib/src/material/date_picker.dart,/usr/local/share/flutter/packages/flutter/lib/src/material/date_picker_theme.dart,/usr/local/share/flutter/packages/flutter/lib/src/material/debug.dart,/usr/local/share/flutter/packages/flutter/lib/src/material/desktop_text_selection.dart,/usr/local/share/flutter/packages/flutter/lib/src/material/desktop_text_selection_toolbar.dart,/usr/local/share/flutter/packages/flutter/lib/src/material/desktop_text_selection_toolbar_button.dart,/usr/local/share/flutter/packages/flutter/lib/src/material/dialog.dart,/usr/local/share/flutter/packages/flutter/lib/src/material/dialog_theme.dart,/usr/local/share/flutter/packages/flutter/lib/src/material/divider.dart,/usr/local/share/flutter/packages/flutter/lib/src/material/divider_theme.dart,/usr/local/share/flutter/packages/flutter/lib/src/material/drawer.dart,/usr/local/share/flutter/packages/flutter/lib/src/material/drawer_header.dart,/usr/local/share/flutter/packages/flutter/lib/src/material/drawer_theme.dart,/usr/local/share/flutter/packages/flutter/lib/src/material/dropdown.dart,/usr/local/share/flutter/packages/flutter/lib/src/material/dropdown_menu.dart,/usr/local/share/flutter/packages/flutter/lib/src/material/dropdown_menu_form_field.dart,/usr/local/share/flutter/packages/flutter/lib/src/material/dropdown_menu_theme.dart,/usr/local/share/flutter/packages/flutter/lib/src/material/elevated_button.dart,/usr/local/share/flutter/packages/flutter/lib/src/material/elevated_button_theme.dart,/usr/local/share/flutter/packages/flutter/lib/src/material/elevation_overlay.dart,/usr/local/share/flutter/packages/flutter/lib/src/material/expand_icon.dart,/usr/local/share/flutter/packages/flutter/lib/src/material/expansion_panel.dart,/usr/local/share/flutter/packages/flutter/lib/src/material/expansion_tile.dart,/usr/local/share/flutter/packages/flutter/lib/src/material/expansion_tile_theme.dart,/usr/local/share/flutter/packages/flutter/lib/src/material/filled_button.dart,/usr/local/share/flutter/packages/flutter/lib/src/material/filled_button_theme.dart,/usr/local/share/flutter/packages/flutter/lib/src/material/filter_chip.dart,/usr/local/share/flutter/packages/flutter/lib/src/material/flexible_space_bar.dart,/usr/local/share/flutter/packages/flutter/lib/src/material/floating_action_button.dart,/usr/local/share/flutter/packages/flutter/lib/src/material/floating_action_button_location.dart,/usr/local/share/flutter/packages/flutter/lib/src/material/floating_action_button_theme.dart,/usr/local/share/flutter/packages/flutter/lib/src/material/grid_tile.dart,/usr/local/share/flutter/packages/flutter/lib/src/material/grid_tile_bar.dart,/usr/local/share/flutter/packages/flutter/lib/src/material/icon_button.dart,/usr/local/share/flutter/packages/flutter/lib/src/material/icon_button_theme.dart,/usr/local/share/flutter/packages/flutter/lib/src/material/icons.dart,/usr/local/share/flutter/packages/flutter/lib/src/material/ink_decoration.dart,/usr/local/share/flutter/packages/flutter/lib/src/material/ink_highlight.dart,/usr/local/share/flutter/packages/flutter/lib/src/material/ink_ripple.dart,/usr/local/share/flutter/packages/flutter/lib/src/material/ink_sparkle.dart,/usr/local/share/flutter/packages/flutter/lib/src/material/ink_splash.dart,/usr/local/share/flutter/packages/flutter/lib/src/material/ink_well.dart,/usr/local/share/flutter/packages/flutter/lib/src/material/input_border.dart,/usr/local/share/flutter/packages/flutter/lib/src/material/input_chip.dart,/usr/local/share/flutter/packages/flutter/lib/src/material/input_date_picker_form_field.dart,/usr/local/share/flutter/packages/flutter/lib/src/material/input_decorator.dart,/usr/local/share/flutter/packages/flutter/lib/src/material/list_tile.dart,/usr/local/share/flutter/packages/flutter/lib/src/material/list_tile_theme.dart,/usr/local/share/flutter/packages/flutter/lib/src/material/magnifier.dart,/usr/local/share/flutter/packages/flutter/lib/src/material/material.dart,/usr/local/share/flutter/packages/flutter/lib/src/material/material_button.dart,/usr/local/share/flutter/packages/flutter/lib/src/material/material_localizations.dart,/usr/local/share/flutter/packages/flutter/lib/src/material/material_state.dart,/usr/local/share/flutter/packages/flutter/lib/src/material/material_state_mixin.dart,/usr/local/share/flutter/packages/flutter/lib/src/material/menu_anchor.dart,/usr/local/share/flutter/packages/flutter/lib/src/material/menu_bar_theme.dart,/usr/local/share/flutter/packages/flutter/lib/src/material/menu_button_theme.dart,/usr/local/share/flutter/packages/flutter/lib/src/material/menu_style.dart,/usr/local/share/flutter/packages/flutter/lib/src/material/menu_theme.dart,/usr/local/share/flutter/packages/flutter/lib/src/material/mergeable_material.dart,/usr/local/share/flutter/packages/flutter/lib/src/material/motion.dart,/usr/local/share/flutter/packages/flutter/lib/src/material/navigation_bar.dart,/usr/local/share/flutter/packages/flutter/lib/src/material/navigation_bar_theme.dart,/usr/local/share/flutter/packages/flutter/lib/src/material/navigation_drawer.dart,/usr/local/share/flutter/packages/flutter/lib/src/material/navigation_drawer_theme.dart,/usr/local/share/flutter/packages/flutter/lib/src/material/navigation_rail.dart,/usr/local/share/flutter/packages/flutter/lib/src/material/navigation_rail_theme.dart,/usr/local/share/flutter/packages/flutter/lib/src/material/no_splash.dart,/usr/local/share/flutter/packages/flutter/lib/src/material/outlined_button.dart,/usr/local/share/flutter/packages/flutter/lib/src/material/outlined_button_theme.dart,/usr/local/share/flutter/packages/flutter/lib/src/material/page.dart,/usr/local/share/flutter/packages/flutter/lib/src/material/page_transitions_theme.dart,/usr/local/share/flutter/packages/flutter/lib/src/material/paginated_data_table.dart,/usr/local/share/flutter/packages/flutter/lib/src/material/popup_menu.dart,/usr/local/share/flutter/packages/flutter/lib/src/material/popup_menu_theme.dart,/usr/local/share/flutter/packages/flutter/lib/src/material/predictive_back_page_transitions_builder.dart,/usr/local/share/flutter/packages/flutter/lib/src/material/progress_indicator.dart,/usr/local/share/flutter/packages/flutter/lib/src/material/progress_indicator_theme.dart,/usr/local/share/flutter/packages/flutter/lib/src/material/radio.dart,/usr/local/share/flutter/packages/flutter/lib/src/material/radio_list_tile.dart,/usr/local/share/flutter/packages/flutter/lib/src/material/radio_theme.dart,/usr/local/share/flutter/packages/flutter/lib/src/material/range_slider.dart,/usr/local/share/flutter/packages/flutter/lib/src/material/range_slider_parts.dart,/usr/local/share/flutter/packages/flutter/lib/src/material/refresh_indicator.dart,/usr/local/share/flutter/packages/flutter/lib/src/material/reorderable_list.dart,/usr/local/share/flutter/packages/flutter/lib/src/material/scaffold.dart,/usr/local/share/flutter/packages/flutter/lib/src/material/scrollbar.dart,/usr/local/share/flutter/packages/flutter/lib/src/material/scrollbar_theme.dart,/usr/local/share/flutter/packages/flutter/lib/src/material/search.dart,/usr/local/share/flutter/packages/flutter/lib/src/material/search_anchor.dart,/usr/local/share/flutter/packages/flutter/lib/src/material/search_bar_theme.dart,/usr/local/share/flutter/packages/flutter/lib/src/material/search_view_theme.dart,/usr/local/share/flutter/packages/flutter/lib/src/material/segmented_button.dart,/usr/local/share/flutter/packages/flutter/lib/src/material/segmented_button_theme.dart,/usr/local/share/flutter/packages/flutter/lib/src/material/selectable_text.dart,/usr/local/share/flutter/packages/flutter/lib/src/material/selection_area.dart,/usr/local/share/flutter/packages/flutter/lib/src/material/shadows.dart,/usr/local/share/flutter/packages/flutter/lib/src/material/slider.dart,/usr/local/share/flutter/packages/flutter/lib/src/material/slider_parts.dart,/usr/local/share/flutter/packages/flutter/lib/src/material/slider_theme.dart,/usr/local/share/flutter/packages/flutter/lib/src/material/slider_value_indicator_shape.dart,/usr/local/share/flutter/packages/flutter/lib/src/material/snack_bar.dart,/usr/local/share/flutter/packages/flutter/lib/src/material/snack_bar_theme.dart,/usr/local/share/flutter/packages/flutter/lib/src/material/spell_check_suggestions_toolbar.dart,/usr/local/share/flutter/packages/flutter/lib/src/material/spell_check_suggestions_toolbar_layout_delegate.dart,/usr/local/share/flutter/packages/flutter/lib/src/material/stepper.dart,/usr/local/share/flutter/packages/flutter/lib/src/material/switch.dart,/usr/local/share/flutter/packages/flutter/lib/src/material/switch_list_tile.dart,/usr/local/share/flutter/packages/flutter/lib/src/material/switch_theme.dart,/usr/local/share/flutter/packages/flutter/lib/src/material/tab_bar_theme.dart,/usr/local/share/flutter/packages/flutter/lib/src/material/tab_controller.dart,/usr/local/share/flutter/packages/flutter/lib/src/material/tab_indicator.dart,/usr/local/share/flutter/packages/flutter/lib/src/material/tabs.dart,/usr/local/share/flutter/packages/flutter/lib/src/material/text_button.dart,/usr/local/share/flutter/packages/flutter/lib/src/material/text_button_theme.dart,/usr/local/share/flutter/packages/flutter/lib/src/material/text_field.dart,/usr/local/share/flutter/packages/flutter/lib/src/material/text_form_field.dart,/usr/local/share/flutter/packages/flutter/lib/src/material/text_selection.dart,/usr/local/share/flutter/packages/flutter/lib/src/material/text_selection_theme.dart,/usr/local/share/flutter/packages/flutter/lib/src/material/text_selection_toolbar.dart,/usr/local/share/flutter/packages/flutter/lib/src/material/text_selection_toolbar_text_button.dart,/usr/local/share/flutter/packages/flutter/lib/src/material/text_theme.dart,/usr/local/share/flutter/packages/flutter/lib/src/material/theme.dart,/usr/local/share/flutter/packages/flutter/lib/src/material/theme_data.dart,/usr/local/share/flutter/packages/flutter/lib/src/material/time.dart,/usr/local/share/flutter/packages/flutter/lib/src/material/time_picker.dart,/usr/local/share/flutter/packages/flutter/lib/src/material/time_picker_theme.dart,/usr/local/share/flutter/packages/flutter/lib/src/material/toggle_buttons.dart,/usr/local/share/flutter/packages/flutter/lib/src/material/toggle_buttons_theme.dart,/usr/local/share/flutter/packages/flutter/lib/src/material/tooltip.dart,/usr/local/share/flutter/packages/flutter/lib/src/material/tooltip_theme.dart,/usr/local/share/flutter/packages/flutter/lib/src/material/tooltip_visibility.dart,/usr/local/share/flutter/packages/flutter/lib/src/material/typography.dart,/usr/local/share/flutter/packages/flutter/lib/src/material/user_accounts_drawer_header.dart,/usr/local/share/flutter/packages/flutter/lib/widgets.dart,/usr/local/share/flutter/packages/flutter/lib/src/services/asset_bundle.dart,/usr/local/share/flutter/packages/flutter/lib/src/services/asset_manifest.dart,/usr/local/share/flutter/packages/flutter/lib/src/services/autofill.dart,/usr/local/share/flutter/packages/flutter/lib/src/services/binary_messenger.dart,/usr/local/share/flutter/packages/flutter/lib/src/services/binding.dart,/usr/local/share/flutter/packages/flutter/lib/src/services/browser_context_menu.dart,/usr/local/share/flutter/packages/flutter/lib/src/services/clipboard.dart,/usr/local/share/flutter/packages/flutter/lib/src/services/debug.dart,/usr/local/share/flutter/packages/flutter/lib/src/services/deferred_component.dart,/usr/local/share/flutter/packages/flutter/lib/src/services/flavor.dart,/usr/local/share/flutter/packages/flutter/lib/src/services/flutter_version.dart,/usr/local/share/flutter/packages/flutter/lib/src/services/font_loader.dart,/usr/local/share/flutter/packages/flutter/lib/src/services/haptic_feedback.dart,/usr/local/share/flutter/packages/flutter/lib/src/services/hardware_keyboard.dart,/usr/local/share/flutter/packages/flutter/lib/src/services/keyboard_inserted_content.dart,/usr/local/share/flutter/packages/flutter/lib/src/services/keyboard_key.g.dart,/usr/local/share/flutter/packages/flutter/lib/src/services/keyboard_maps.g.dart,/usr/local/share/flutter/packages/flutter/lib/src/services/live_text.dart,/usr/local/share/flutter/packages/flutter/lib/src/services/message_codec.dart,/usr/local/share/flutter/packages/flutter/lib/src/services/message_codecs.dart,/usr/local/share/flutter/packages/flutter/lib/src/services/mouse_cursor.dart,/usr/local/share/flutter/packages/flutter/lib/src/services/mouse_tracking.dart,/usr/local/share/flutter/packages/flutter/lib/src/services/platform_channel.dart,/usr/local/share/flutter/packages/flutter/lib/src/services/platform_views.dart,/usr/local/share/flutter/packages/flutter/lib/src/services/predictive_back_event.dart,/usr/local/share/flutter/packages/flutter/lib/src/services/process_text.dart,/usr/local/share/flutter/packages/flutter/lib/src/services/raw_keyboard.dart,/usr/local/share/flutter/packages/flutter/lib/src/services/raw_keyboard_android.dart,/usr/local/share/flutter/packages/flutter/lib/src/services/raw_keyboard_fuchsia.dart,/usr/local/share/flutter/packages/flutter/lib/src/services/raw_keyboard_ios.dart,/usr/local/share/flutter/packages/flutter/lib/src/services/raw_keyboard_linux.dart,/usr/local/share/flutter/packages/flutter/lib/src/services/raw_keyboard_macos.dart,/usr/local/share/flutter/packages/flutter/lib/src/services/raw_keyboard_web.dart,/usr/local/share/flutter/packages/flutter/lib/src/services/raw_keyboard_windows.dart,/usr/local/share/flutter/packages/flutter/lib/src/services/restoration.dart,/usr/local/share/flutter/packages/flutter/lib/src/services/scribe.dart,/usr/local/share/flutter/packages/flutter/lib/src/services/sensitive_content.dart,/usr/local/share/flutter/packages/flutter/lib/src/services/service_extensions.dart,/usr/local/share/flutter/packages/flutter/lib/src/services/spell_check.dart,/usr/local/share/flutter/packages/flutter/lib/src/services/system_channels.dart,/usr/local/share/flutter/packages/flutter/lib/src/services/system_chrome.dart,/usr/local/share/flutter/packages/flutter/lib/src/services/system_navigator.dart,/usr/local/share/flutter/packages/flutter/lib/src/services/system_sound.dart,/usr/local/share/flutter/packages/flutter/lib/src/services/text_boundary.dart,/usr/local/share/flutter/packages/flutter/lib/src/services/text_editing.dart,/usr/local/share/flutter/packages/flutter/lib/src/services/text_editing_delta.dart,/usr/local/share/flutter/packages/flutter/lib/src/services/text_formatter.dart,/usr/local/share/flutter/packages/flutter/lib/src/services/text_input.dart,/usr/local/share/flutter/packages/flutter/lib/src/services/text_layout_metrics.dart,/usr/local/share/flutter/packages/flutter/lib/src/services/undo_manager.dart,/Users/faizul/.pub-cache/hosted/pub.dev/firebase_core_platform_interface-6.0.2/lib/firebase_core_platform_interface.dart,/usr/local/share/flutter/packages/flutter/lib/foundation.dart,/Users/faizul/.pub-cache/hosted/pub.dev/firebase_core-3.15.2/lib/src/firebase.dart,/Users/faizul/.pub-cache/hosted/pub.dev/firebase_core-3.15.2/lib/src/firebase_app.dart,/Users/faizul/.pub-cache/hosted/pub.dev/firebase_core-3.15.2/lib/src/port_mapping.dart,/Users/faizul/.pub-cache/hosted/pub.dev/provider-6.1.5+1/lib/src/async_provider.dart,/Users/faizul/.pub-cache/hosted/pub.dev/provider-6.1.5+1/lib/src/change_notifier_provider.dart,/Users/faizul/.pub-cache/hosted/pub.dev/provider-6.1.5+1/lib/src/consumer.dart,/Users/faizul/.pub-cache/hosted/pub.dev/provider-6.1.5+1/lib/src/listenable_provider.dart,/Users/faizul/.pub-cache/hosted/pub.dev/provider-6.1.5+1/lib/src/provider.dart,/Users/faizul/.pub-cache/hosted/pub.dev/provider-6.1.5+1/lib/src/proxy_provider.dart,/Users/faizul/.pub-cache/hosted/pub.dev/provider-6.1.5+1/lib/src/reassemble_handler.dart,/Users/faizul/.pub-cache/hosted/pub.dev/provider-6.1.5+1/lib/src/selector.dart,/Users/faizul/.pub-cache/hosted/pub.dev/provider-6.1.5+1/lib/src/value_listenable_provider.dart,/Users/faizul/payanam/lib/screens/logo_animation_screen.dart,/Users/faizul/.pub-cache/hosted/pub.dev/geolocator_platform_interface-4.2.6/lib/geolocator_platform_interface.dart,/Users/faizul/.pub-cache/hosted/pub.dev/geolocator_android-5.0.2/lib/src/geolocator_android.dart,/Users/faizul/.pub-cache/hosted/pub.dev/geolocator_android-5.0.2/lib/src/types/android_settings.dart,/Users/faizul/.pub-cache/hosted/pub.dev/geolocator_android-5.0.2/lib/src/types/android_position.dart,/Users/faizul/.pub-cache/hosted/pub.dev/geolocator_android-5.0.2/lib/src/types/foreground_settings.dart,/Users/faizul/.pub-cache/hosted/pub.dev/google_maps_flutter_android-2.19.1/lib/src/google_maps_flutter_android.dart,/Users/faizul/.pub-cache/hosted/pub.dev/geolocator_apple-2.3.13/lib/src/geolocator_apple.dart,/Users/faizul/.pub-cache/hosted/pub.dev/geolocator_apple-2.3.13/lib/src/types/activity_type.dart,/Users/faizul/.pub-cache/hosted/pub.dev/geolocator_apple-2.3.13/lib/src/types/apple_settings.dart,/Users/faizul/.pub-cache/hosted/pub.dev/google_maps_flutter_ios-2.17.4/lib/src/google_maps_flutter_ios.dart,/Users/faizul/.pub-cache/hosted/pub.dev/device_info_plus_platform_interface-7.0.3/lib/device_info_plus_platform_interface.dart,/Users/faizul/.pub-cache/hosted/pub.dev/device_info_plus-11.5.0/lib/src/model/android_device_info.dart,/Users/faizul/.pub-cache/hosted/pub.dev/device_info_plus-11.5.0/lib/src/model/ios_device_info.dart,/Users/faizul/.pub-cache/hosted/pub.dev/device_info_plus-11.5.0/lib/src/model/linux_device_info.dart,/Users/faizul/.pub-cache/hosted/pub.dev/device_info_plus-11.5.0/lib/src/model/macos_device_info.dart,/Users/faizul/.pub-cache/hosted/pub.dev/device_info_plus-11.5.0/lib/src/model/web_browser_info.dart,/Users/faizul/.pub-cache/hosted/pub.dev/device_info_plus-11.5.0/lib/src/model/windows_device_info.dart,/Users/faizul/.pub-cache/hosted/pub.dev/device_info_plus-11.5.0/lib/src/device_info_plus_linux.dart,/Users/faizul/.pub-cache/hosted/pub.dev/device_info_plus-11.5.0/lib/src/device_info_plus_windows.dart,/Users/faizul/.pub-cache/hosted/pub.dev/geolocator_linux-0.2.4/lib/src/geolocator_linux.dart,/Users/faizul/.pub-cache/hosted/pub.dev/package_info_plus_platform_interface-3.2.1/lib/package_info_platform_interface.dart,/Users/faizul/.pub-cache/hosted/pub.dev/package_info_plus-9.0.0/lib/src/package_info_plus_linux.dart,/Users/faizul/.pub-cache/hosted/pub.dev/package_info_plus-9.0.0/lib/src/package_info_plus_windows.dart,/usr/local/share/flutter/packages/flutter/lib/cupertino.dart,/usr/local/share/flutter/packages/flutter/lib/scheduler.dart,/usr/local/share/flutter/packages/flutter/lib/src/material/back_button.dart,/usr/local/share/flutter/packages/flutter/lib/rendering.dart,/usr/local/share/flutter/packages/flutter/lib/src/material/animated_icons/animated_icons.dart,/usr/local/share/flutter/packages/flutter/lib/src/material/animated_icons/animated_icons_data.dart,/usr/local/share/flutter/packages/flutter/lib/src/material/animated_icons/data/add_event.g.dart,/usr/local/share/flutter/packages/flutter/lib/src/material/animated_icons/data/arrow_menu.g.dart,/usr/local/share/flutter/packages/flutter/lib/src/material/animated_icons/data/close_menu.g.dart,/usr/local/share/flutter/packages/flutter/lib/src/material/animated_icons/data/ellipsis_search.g.dart,/usr/local/share/flutter/packages/flutter/lib/src/material/animated_icons/data/event_add.g.dart,/usr/local/share/flutter/packages/flutter/lib/src/material/animated_icons/data/home_menu.g.dart,/usr/local/share/flutter/packages/flutter/lib/src/material/animated_icons/data/list_view.g.dart,/usr/local/share/flutter/packages/flutter/lib/src/material/animated_icons/data/menu_arrow.g.dart,/usr/local/share/flutter/packages/flutter/lib/src/material/animated_icons/data/menu_close.g.dart,/usr/local/share/flutter/packages/flutter/lib/src/material/animated_icons/data/menu_home.g.dart,/usr/local/share/flutter/packages/flutter/lib/src/material/animated_icons/data/pause_play.g.dart,/usr/local/share/flutter/packages/flutter/lib/src/material/animated_icons/data/play_pause.g.dart,/usr/local/share/flutter/packages/flutter/lib/src/material/animated_icons/data/search_ellipsis.g.dart,/usr/local/share/flutter/packages/flutter/lib/src/material/animated_icons/data/view_list.g.dart,/usr/local/share/flutter/packages/flutter/lib/animation.dart,/Users/faizul/.pub-cache/hosted/pub.dev/vector_math-2.2.0/lib/vector_math_64.dart,/usr/local/share/flutter/packages/flutter/lib/gestures.dart,/Users/faizul/.pub-cache/hosted/pub.dev/collection-1.19.1/lib/collection.dart,/Users/faizul/.pub-cache/hosted/pub.dev/material_color_utilities-0.11.1/lib/material_color_utilities.dart,/usr/local/share/flutter/packages/flutter/lib/painting.dart,/Users/faizul/.pub-cache/hosted/pub.dev/characters-1.4.0/lib/characters.dart,/usr/local/share/flutter/packages/flutter/lib/src/widgets/actions.dart,/usr/local/share/flutter/packages/flutter/lib/src/widgets/adapter.dart,/usr/local/share/flutter/packages/flutter/lib/src/widgets/animated_cross_fade.dart,/usr/local/share/flutter/packages/flutter/lib/src/widgets/animated_scroll_view.dart,/usr/local/share/flutter/packages/flutter/lib/src/widgets/animated_size.dart,/usr/local/share/flutter/packages/flutter/lib/src/widgets/animated_switcher.dart,/usr/local/share/flutter/packages/flutter/lib/src/widgets/annotated_region.dart,/usr/local/share/flutter/packages/flutter/lib/src/widgets/app.dart,/usr/local/share/flutter/packages/flutter/lib/src/widgets/app_lifecycle_listener.dart,/usr/local/share/flutter/packages/flutter/lib/src/widgets/async.dart,/usr/local/share/flutter/packages/flutter/lib/src/widgets/autocomplete.dart,/usr/local/share/flutter/packages/flutter/lib/src/widgets/autofill.dart,/usr/local/share/flutter/packages/flutter/lib/src/widgets/automatic_keep_alive.dart,/usr/local/share/flutter/packages/flutter/lib/src/widgets/banner.dart,/usr/local/share/flutter/packages/flutter/lib/src/widgets/basic.dart,/usr/local/share/flutter/packages/flutter/lib/src/widgets/binding.dart,/usr/local/share/flutter/packages/flutter/lib/src/widgets/bottom_navigation_bar_item.dart,/usr/local/share/flutter/packages/flutter/lib/src/widgets/color_filter.dart,/usr/local/share/flutter/packages/flutter/lib/src/widgets/container.dart,/usr/local/share/flutter/packages/flutter/lib/src/widgets/context_menu_button_item.dart,/usr/local/share/flutter/packages/flutter/lib/src/widgets/context_menu_controller.dart,/usr/local/share/flutter/packages/flutter/lib/src/widgets/debug.dart,/usr/local/share/flutter/packages/flutter/lib/src/widgets/decorated_sliver.dart,/usr/local/share/flutter/packages/flutter/lib/src/widgets/default_selection_style.dart,/usr/local/share/flutter/packages/flutter/lib/src/widgets/default_text_editing_shortcuts.dart,/usr/local/share/flutter/packages/flutter/lib/src/widgets/desktop_text_selection_toolbar_layout_delegate.dart,/usr/local/share/flutter/packages/flutter/lib/src/widgets/dismissible.dart,/usr/local/share/flutter/packages/flutter/lib/src/widgets/display_feature_sub_screen.dart,/usr/local/share/flutter/packages/flutter/lib/src/widgets/disposable_build_context.dart,/usr/local/share/flutter/packages/flutter/lib/src/widgets/drag_boundary.dart,/usr/local/share/flutter/packages/flutter/lib/src/widgets/drag_target.dart,/usr/local/share/flutter/packages/flutter/lib/src/widgets/draggable_scrollable_sheet.dart,/usr/local/share/flutter/packages/flutter/lib/src/widgets/dual_transition_builder.dart,/usr/local/share/flutter/packages/flutter/lib/src/widgets/editable_text.dart,/usr/local/share/flutter/packages/flutter/lib/src/widgets/expansible.dart,/usr/local/share/flutter/packages/flutter/lib/src/widgets/fade_in_image.dart,/usr/local/share/flutter/packages/flutter/lib/src/widgets/feedback.dart,/usr/local/share/flutter/packages/flutter/lib/src/widgets/flutter_logo.dart,/usr/local/share/flutter/packages/flutter/lib/src/widgets/focus_manager.dart,/usr/local/share/flutter/packages/flutter/lib/src/widgets/focus_scope.dart,/usr/local/share/flutter/packages/flutter/lib/src/widgets/focus_traversal.dart,/usr/local/share/flutter/packages/flutter/lib/src/widgets/form.dart,/usr/local/share/flutter/packages/flutter/lib/src/widgets/framework.dart,/usr/local/share/flutter/packages/flutter/lib/src/widgets/gesture_detector.dart,/usr/local/share/flutter/packages/flutter/lib/src/widgets/grid_paper.dart,/usr/local/share/flutter/packages/flutter/lib/src/widgets/heroes.dart,/usr/local/share/flutter/packages/flutter/lib/src/widgets/icon.dart,/usr/local/share/flutter/packages/flutter/lib/src/widgets/icon_data.dart,/usr/local/share/flutter/packages/flutter/lib/src/widgets/icon_theme.dart,/usr/local/share/flutter/packages/flutter/lib/src/widgets/icon_theme_data.dart,/usr/local/share/flutter/packages/flutter/lib/src/widgets/image.dart,/usr/local/share/flutter/packages/flutter/lib/src/widgets/image_filter.dart,/usr/local/share/flutter/packages/flutter/lib/src/widgets/image_icon.dart,/usr/local/share/flutter/packages/flutter/lib/src/widgets/implicit_animations.dart,/usr/local/share/flutter/packages/flutter/lib/src/widgets/inherited_model.dart,/usr/local/share/flutter/packages/flutter/lib/src/widgets/inherited_notifier.dart,/usr/local/share/flutter/packages/flutter/lib/src/widgets/inherited_theme.dart,/usr/local/share/flutter/packages/flutter/lib/src/widgets/interactive_viewer.dart,/usr/local/share/flutter/packages/flutter/lib/src/widgets/keyboard_listener.dart,/usr/local/share/flutter/packages/flutter/lib/src/widgets/layout_builder.dart,/usr/local/share/flutter/packages/flutter/lib/src/widgets/list_wheel_scroll_view.dart,/usr/local/share/flutter/packages/flutter/lib/src/widgets/localizations.dart,/usr/local/share/flutter/packages/flutter/lib/src/widgets/lookup_boundary.dart,/usr/local/share/flutter/packages/flutter/lib/src/widgets/magnifier.dart,/usr/local/share/flutter/packages/flutter/lib/src/widgets/media_query.dart,/usr/local/share/flutter/packages/flutter/lib/src/widgets/modal_barrier.dart,/usr/local/share/flutter/packages/flutter/lib/src/widgets/navigation_toolbar.dart,/usr/local/share/flutter/packages/flutter/lib/src/widgets/navigator.dart,/usr/local/share/flutter/packages/flutter/lib/src/widgets/navigator_pop_handler.dart,/usr/local/share/flutter/packages/flutter/lib/src/widgets/nested_scroll_view.dart,/usr/local/share/flutter/packages/flutter/lib/src/widgets/notification_listener.dart,/usr/local/share/flutter/packages/flutter/lib/src/widgets/orientation_builder.dart,/usr/local/share/flutter/packages/flutter/lib/src/widgets/overflow_bar.dart,/usr/local/share/flutter/packages/flutter/lib/src/widgets/overlay.dart,/usr/local/share/flutter/packages/flutter/lib/src/widgets/overscroll_indicator.dart,/usr/local/share/flutter/packages/flutter/lib/src/widgets/page_storage.dart,/usr/local/share/flutter/packages/flutter/lib/src/widgets/page_view.dart,/usr/local/share/flutter/packages/flutter/lib/src/widgets/pages.dart,/usr/local/share/flutter/packages/flutter/lib/src/widgets/performance_overlay.dart,/usr/local/share/flutter/packages/flutter/lib/src/widgets/pinned_header_sliver.dart,/usr/local/share/flutter/packages/flutter/lib/src/widgets/placeholder.dart,/usr/local/share/flutter/packages/flutter/lib/src/widgets/platform_menu_bar.dart,/usr/local/share/flutter/packages/flutter/lib/src/widgets/platform_selectable_region_context_menu.dart,/usr/local/share/flutter/packages/flutter/lib/src/widgets/platform_view.dart,/usr/local/share/flutter/packages/flutter/lib/src/widgets/pop_scope.dart,/usr/local/share/flutter/packages/flutter/lib/src/widgets/preferred_size.dart,/usr/local/share/flutter/packages/flutter/lib/src/widgets/primary_scroll_controller.dart,/usr/local/share/flutter/packages/flutter/lib/src/widgets/radio_group.dart,/usr/local/share/flutter/packages/flutter/lib/src/widgets/raw_keyboard_listener.dart,/usr/local/share/flutter/packages/flutter/lib/src/widgets/raw_menu_anchor.dart,/usr/local/share/flutter/packages/flutter/lib/src/widgets/raw_radio.dart,/usr/local/share/flutter/packages/flutter/lib/src/widgets/reorderable_list.dart,/usr/local/share/flutter/packages/flutter/lib/src/widgets/restoration.dart,/usr/local/share/flutter/packages/flutter/lib/src/widgets/restoration_properties.dart,/usr/local/share/flutter/packages/flutter/lib/src/widgets/router.dart,/usr/local/share/flutter/packages/flutter/lib/src/widgets/routes.dart,/usr/local/share/flutter/packages/flutter/lib/src/widgets/safe_area.dart,/usr/local/share/flutter/packages/flutter/lib/src/widgets/scroll_activity.dart,/usr/local/share/flutter/packages/flutter/lib/src/widgets/scroll_aware_image_provider.dart,/usr/local/share/flutter/packages/flutter/lib/src/widgets/scroll_configuration.dart,/usr/local/share/flutter/packages/flutter/lib/src/widgets/scroll_context.dart,/usr/local/share/flutter/packages/flutter/lib/src/widgets/scroll_controller.dart,/usr/local/share/flutter/packages/flutter/lib/src/widgets/scroll_delegate.dart,/usr/local/share/flutter/packages/flutter/lib/src/widgets/scroll_metrics.dart,/usr/local/share/flutter/packages/flutter/lib/src/widgets/scroll_notification.dart,/usr/local/share/flutter/packages/flutter/lib/src/widgets/scroll_notification_observer.dart,/usr/local/share/flutter/packages/flutter/lib/src/widgets/scroll_physics.dart,/usr/local/share/flutter/packages/flutter/lib/src/widgets/scroll_position.dart,/usr/local/share/flutter/packages/flutter/lib/src/widgets/scroll_position_with_single_context.dart,/usr/local/share/flutter/packages/flutter/lib/src/widgets/scroll_simulation.dart,/usr/local/share/flutter/packages/flutter/lib/src/widgets/scroll_view.dart,/usr/local/share/flutter/packages/flutter/lib/src/widgets/scrollable.dart,/usr/local/share/flutter/packages/flutter/lib/src/widgets/scrollable_helpers.dart,/usr/local/share/flutter/packages/flutter/lib/src/widgets/scrollbar.dart,/usr/local/share/flutter/packages/flutter/lib/src/widgets/selectable_region.dart,/usr/local/share/flutter/packages/flutter/lib/src/widgets/selection_container.dart,/usr/local/share/flutter/packages/flutter/lib/src/widgets/semantics_debugger.dart,/usr/local/share/flutter/packages/flutter/lib/src/widgets/sensitive_content.dart,/usr/local/share/flutter/packages/flutter/lib/src/widgets/service_extensions.dart,/usr/local/share/flutter/packages/flutter/lib/src/widgets/shared_app_data.dart,/usr/local/share/flutter/packages/flutter/lib/src/widgets/shortcuts.dart,/usr/local/share/flutter/packages/flutter/lib/src/widgets/single_child_scroll_view.dart,/usr/local/share/flutter/packages/flutter/lib/src/widgets/size_changed_layout_notifier.dart,/usr/local/share/flutter/packages/flutter/lib/src/widgets/sliver.dart,/usr/local/share/flutter/packages/flutter/lib/src/widgets/sliver_fill.dart,/usr/local/share/flutter/packages/flutter/lib/src/widgets/sliver_floating_header.dart,/usr/local/share/flutter/packages/flutter/lib/src/widgets/sliver_layout_builder.dart,/usr/local/share/flutter/packages/flutter/lib/src/widgets/sliver_persistent_header.dart,/usr/local/share/flutter/packages/flutter/lib/src/widgets/sliver_prototype_extent_list.dart,/usr/local/share/flutter/packages/flutter/lib/src/widgets/sliver_resizing_header.dart,/usr/local/share/flutter/packages/flutter/lib/src/widgets/sliver_tree.dart,/usr/local/share/flutter/packages/flutter/lib/src/widgets/slotted_render_object_widget.dart,/usr/local/share/flutter/packages/flutter/lib/src/widgets/snapshot_widget.dart,/usr/local/share/flutter/packages/flutter/lib/src/widgets/spacer.dart,/usr/local/share/flutter/packages/flutter/lib/src/widgets/spell_check.dart,/usr/local/share/flutter/packages/flutter/lib/src/widgets/standard_component_type.dart,/usr/local/share/flutter/packages/flutter/lib/src/widgets/status_transitions.dart,/usr/local/share/flutter/packages/flutter/lib/src/widgets/system_context_menu.dart,/usr/local/share/flutter/packages/flutter/lib/src/widgets/table.dart,/usr/local/share/flutter/packages/flutter/lib/src/widgets/tap_region.dart,/usr/local/share/flutter/packages/flutter/lib/src/widgets/text.dart,/usr/local/share/flutter/packages/flutter/lib/src/widgets/text_editing_intents.dart,/usr/local/share/flutter/packages/flutter/lib/src/widgets/text_selection.dart,/usr/local/share/flutter/packages/flutter/lib/src/widgets/text_selection_toolbar_anchors.dart,/usr/local/share/flutter/packages/flutter/lib/src/widgets/text_selection_toolbar_layout_delegate.dart,/usr/local/share/flutter/packages/flutter/lib/src/widgets/texture.dart,/usr/local/share/flutter/packages/flutter/lib/src/widgets/ticker_provider.dart,/usr/local/share/flutter/packages/flutter/lib/src/widgets/title.dart,/usr/local/share/flutter/packages/flutter/lib/src/widgets/toggleable.dart,/usr/local/share/flutter/packages/flutter/lib/src/widgets/transitions.dart,/usr/local/share/flutter/packages/flutter/lib/src/widgets/tween_animation_builder.dart,/usr/local/share/flutter/packages/flutter/lib/src/widgets/two_dimensional_scroll_view.dart,/usr/local/share/flutter/packages/flutter/lib/src/widgets/two_dimensional_viewport.dart,/usr/local/share/flutter/packages/flutter/lib/src/widgets/undo_history.dart,/usr/local/share/flutter/packages/flutter/lib/src/widgets/unique_widget.dart,/usr/local/share/flutter/packages/flutter/lib/src/widgets/value_listenable_builder.dart,/usr/local/share/flutter/packages/flutter/lib/src/widgets/view.dart,/usr/local/share/flutter/packages/flutter/lib/src/widgets/viewport.dart,/usr/local/share/flutter/packages/flutter/lib/src/widgets/visibility.dart,/usr/local/share/flutter/packages/flutter/lib/src/widgets/widget_inspector.dart,/usr/local/share/flutter/packages/flutter/lib/src/widgets/widget_span.dart,/usr/local/share/flutter/packages/flutter/lib/src/widgets/widget_state.dart,/usr/local/share/flutter/packages/flutter/lib/src/widgets/will_pop_scope.dart,/usr/local/share/flutter/packages/flutter/lib/src/services/_background_isolate_binary_messenger_io.dart,/Users/faizul/.pub-cache/hosted/pub.dev/firebase_core_platform_interface-6.0.2/lib/src/pigeon/messages.pigeon.dart,/Users/faizul/.pub-cache/hosted/pub.dev/plugin_platform_interface-2.1.8/lib/plugin_platform_interface.dart,/Users/faizul/.pub-cache/hosted/pub.dev/firebase_core_platform_interface-6.0.2/lib/src/firebase_core_exceptions.dart,/Users/faizul/.pub-cache/hosted/pub.dev/firebase_core_platform_interface-6.0.2/lib/src/firebase_exception.dart,/Users/faizul/.pub-cache/hosted/pub.dev/firebase_core_platform_interface-6.0.2/lib/src/firebase_options.dart,/Users/faizul/.pub-cache/hosted/pub.dev/firebase_core_platform_interface-6.0.2/lib/src/method_channel/method_channel_firebase.dart,/Users/faizul/.pub-cache/hosted/pub.dev/firebase_core_platform_interface-6.0.2/lib/src/method_channel/method_channel_firebase_app.dart,/Users/faizul/.pub-cache/hosted/pub.dev/firebase_core_platform_interface-6.0.2/lib/src/platform_interface/platform_interface_firebase.dart,/Users/faizul/.pub-cache/hosted/pub.dev/firebase_core_platform_interface-6.0.2/lib/src/platform_interface/platform_interface_firebase_app.dart,/Users/faizul/.pub-cache/hosted/pub.dev/firebase_core_platform_interface-6.0.2/lib/src/platform_interface/platform_interface_firebase_plugin.dart,/Users/faizul/.pub-cache/hosted/pub.dev/meta-1.16.0/lib/meta.dart,/usr/local/share/flutter/packages/flutter/lib/src/foundation/annotations.dart,/usr/local/share/flutter/packages/flutter/lib/src/foundation/assertions.dart,/usr/local/share/flutter/packages/flutter/lib/src/foundation/basic_types.dart,/usr/local/share/flutter/packages/flutter/lib/src/foundation/binding.dart,/usr/local/share/flutter/packages/flutter/lib/src/foundation/bitfield.dart,/usr/local/share/flutter/packages/flutter/lib/src/foundation/capabilities.dart,/usr/local/share/flutter/packages/flutter/lib/src/foundation/change_notifier.dart,/usr/local/share/flutter/packages/flutter/lib/src/foundation/collections.dart,/usr/local/share/flutter/packages/flutter/lib/src/foundation/consolidate_response.dart,/usr/local/share/flutter/packages/flutter/lib/src/foundation/constants.dart,/usr/local/share/flutter/packages/flutter/lib/src/foundation/debug.dart,/usr/local/share/flutter/packages/flutter/lib/src/foundation/diagnostics.dart,/usr/local/share/flutter/packages/flutter/lib/src/foundation/isolates.dart,/usr/local/share/flutter/packages/flutter/lib/src/foundation/key.dart,/usr/local/share/flutter/packages/flutter/lib/src/foundation/licenses.dart,/usr/local/share/flutter/packages/flutter/lib/src/foundation/memory_allocations.dart,/usr/local/share/flutter/packages/flutter/lib/src/foundation/node.dart,/usr/local/share/flutter/packages/flutter/lib/src/foundation/object.dart,/usr/local/share/flutter/packages/flutter/lib/src/foundation/observer_list.dart,/usr/local/share/flutter/packages/flutter/lib/src/foundation/persistent_hash_map.dart,/usr/local/share/flutter/packages/flutter/lib/src/foundation/platform.dart,/usr/local/share/flutter/packages/flutter/lib/src/foundation/print.dart,/usr/local/share/flutter/packages/flutter/lib/src/foundation/serialization.dart,/usr/local/share/flutter/packages/flutter/lib/src/foundation/service_extensions.dart,/usr/local/share/flutter/packages/flutter/lib/src/foundation/stack_frame.dart,/usr/local/share/flutter/packages/flutter/lib/src/foundation/synchronous_future.dart,/usr/local/share/flutter/packages/flutter/lib/src/foundation/timeline.dart,/usr/local/share/flutter/packages/flutter/lib/src/foundation/unicode.dart,/Users/faizul/.pub-cache/hosted/pub.dev/nested-1.0.0/lib/nested.dart,/Users/faizul/.pub-cache/hosted/pub.dev/provider-6.1.5+1/lib/src/deferred_inherited_provider.dart,/Users/faizul/.pub-cache/hosted/pub.dev/provider-6.1.5+1/lib/src/devtool.dart,/Users/faizul/.pub-cache/hosted/pub.dev/provider-6.1.5+1/lib/src/inherited_provider.dart,/Users/faizul/payanam/lib/screens/landing_page.dart,/Users/faizul/.pub-cache/hosted/pub.dev/geolocator_platform_interface-4.2.6/lib/src/enums/enums.dart,/Users/faizul/.pub-cache/hosted/pub.dev/geolocator_platform_interface-4.2.6/lib/src/errors/errors.dart,/Users/faizul/.pub-cache/hosted/pub.dev/geolocator_platform_interface-4.2.6/lib/src/geolocator_platform_interface.dart,/Users/faizul/.pub-cache/hosted/pub.dev/geolocator_platform_interface-4.2.6/lib/src/extensions/extensions.dart,/Users/faizul/.pub-cache/hosted/pub.dev/geolocator_platform_interface-4.2.6/lib/src/models/models.dart,/Users/faizul/.pub-cache/hosted/pub.dev/uuid-4.5.3/lib/uuid.dart,/Users/faizul/.pub-cache/hosted/pub.dev/google_maps_flutter_platform_interface-2.14.1/lib/google_maps_flutter_platform_interface.dart,/Users/faizul/.pub-cache/hosted/pub.dev/stream_transform-2.1.1/lib/stream_transform.dart,/Users/faizul/.pub-cache/hosted/pub.dev/google_maps_flutter_android-2.19.1/lib/src/google_map_inspector_android.dart,/Users/faizul/.pub-cache/hosted/pub.dev/google_maps_flutter_android-2.19.1/lib/src/messages.g.dart,/Users/faizul/.pub-cache/hosted/pub.dev/google_maps_flutter_ios-2.17.4/lib/src/google_map_inspector_ios.dart,/Users/faizul/.pub-cache/hosted/pub.dev/google_maps_flutter_ios-2.17.4/lib/src/messages.g.dart,/Users/faizul/.pub-cache/hosted/pub.dev/device_info_plus_platform_interface-7.0.3/lib/method_channel/method_channel_device_info.dart,/Users/faizul/.pub-cache/hosted/pub.dev/device_info_plus_platform_interface-7.0.3/lib/model/base_device_info.dart,/Users/faizul/.pub-cache/hosted/pub.dev/file-7.0.1/lib/file.dart,/Users/faizul/.pub-cache/hosted/pub.dev/file-7.0.1/lib/local.dart,/Users/faizul/.pub-cache/hosted/pub.dev/ffi-2.2.0/lib/ffi.dart,/Users/faizul/.pub-cache/hosted/pub.dev/win32-5.15.0/lib/win32.dart,/Users/faizul/.pub-cache/hosted/pub.dev/win32_registry-2.1.0/lib/win32_registry.dart,/Users/faizul/.pub-cache/hosted/pub.dev/geoclue-0.1.1/lib/geoclue.dart,/Users/faizul/.pub-cache/hosted/pub.dev/geolocator_linux-0.2.4/lib/src/geoclue_x.dart,/Users/faizul/.pub-cache/hosted/pub.dev/geolocator_linux-0.2.4/lib/src/geolocator_gnome.dart,/Users/faizul/.pub-cache/hosted/pub.dev/package_info_plus_platform_interface-3.2.1/lib/package_info_data.dart,/Users/faizul/.pub-cache/hosted/pub.dev/package_info_plus_platform_interface-3.2.1/lib/method_channel_package_info.dart,/Users/faizul/.pub-cache/hosted/pub.dev/path-1.9.1/lib/path.dart,/Users/faizul/.pub-cache/hosted/pub.dev/package_info_plus-9.0.0/lib/src/file_attribute.dart,/Users/faizul/.pub-cache/hosted/pub.dev/package_info_plus-9.0.0/lib/src/file_version_info.dart,/usr/local/share/flutter/packages/flutter/lib/src/cupertino/activity_indicator.dart,/usr/local/share/flutter/packages/flutter/lib/src/cupertino/adaptive_text_selection_toolbar.dart,/usr/local/share/flutter/packages/flutter/lib/src/cupertino/app.dart,/usr/local/share/flutter/packages/flutter/lib/src/cupertino/bottom_tab_bar.dart,/usr/local/share/flutter/packages/flutter/lib/src/cupertino/button.dart,/usr/local/share/flutter/packages/flutter/lib/src/cupertino/checkbox.dart,/usr/local/share/flutter/packages/flutter/lib/src/cupertino/colors.dart,/usr/local/share/flutter/packages/flutter/lib/src/cupertino/constants.dart,/usr/local/share/flutter/packages/flutter/lib/src/cupertino/context_menu.dart,/usr/local/share/flutter/packages/flutter/lib/src/cupertino/context_menu_action.dart,/usr/local/share/flutter/packages/flutter/lib/src/cupertino/date_picker.dart,/usr/local/share/flutter/packages/flutter/lib/src/cupertino/debug.dart,/usr/local/share/flutter/packages/flutter/lib/src/cupertino/desktop_text_selection.dart,/usr/local/share/flutter/packages/flutter/lib/src/cupertino/desktop_text_selection_toolbar.dart,/usr/local/share/flutter/packages/flutter/lib/src/cupertino/desktop_text_selection_toolbar_button.dart,/usr/local/share/flutter/packages/flutter/lib/src/cupertino/dialog.dart,/usr/local/share/flutter/packages/flutter/lib/src/cupertino/expansion_tile.dart,/usr/local/share/flutter/packages/flutter/lib/src/cupertino/form_row.dart,/usr/local/share/flutter/packages/flutter/lib/src/cupertino/form_section.dart,/usr/local/share/flutter/packages/flutter/lib/src/cupertino/icon_theme_data.dart,/usr/local/share/flutter/packages/flutter/lib/src/cupertino/icons.dart,/usr/local/share/flutter/packages/flutter/lib/src/cupertino/interface_level.dart,/usr/local/share/flutter/packages/flutter/lib/src/cupertino/list_section.dart,/usr/local/share/flutter/packages/flutter/lib/src/cupertino/list_tile.dart,/usr/local/share/flutter/packages/flutter/lib/src/cupertino/localizations.dart,/usr/local/share/flutter/packages/flutter/lib/src/cupertino/magnifier.dart,/usr/local/share/flutter/packages/flutter/lib/src/cupertino/nav_bar.dart,/usr/local/share/flutter/packages/flutter/lib/src/cupertino/page_scaffold.dart,/usr/local/share/flutter/packages/flutter/lib/src/cupertino/picker.dart,/usr/local/share/flutter/packages/flutter/lib/src/cupertino/radio.dart,/usr/local/share/flutter/packages/flutter/lib/src/cupertino/refresh.dart,/usr/local/share/flutter/packages/flutter/lib/src/cupertino/route.dart,/usr/local/share/flutter/packages/flutter/lib/src/cupertino/scrollbar.dart,/usr/local/share/flutter/packages/flutter/lib/src/cupertino/search_field.dart,/usr/local/share/flutter/packages/flutter/lib/src/cupertino/segmented_control.dart,/usr/local/share/flutter/packages/flutter/lib/src/cupertino/sheet.dart,/usr/local/share/flutter/packages/flutter/lib/src/cupertino/slider.dart,/usr/local/share/flutter/packages/flutter/lib/src/cupertino/sliding_segmented_control.dart,/usr/local/share/flutter/packages/flutter/lib/src/cupertino/spell_check_suggestions_toolbar.dart,/usr/local/share/flutter/packages/flutter/lib/src/cupertino/switch.dart,/usr/local/share/flutter/packages/flutter/lib/src/cupertino/tab_scaffold.dart,/usr/local/share/flutter/packages/flutter/lib/src/cupertino/tab_view.dart,/usr/local/share/flutter/packages/flutter/lib/src/cupertino/text_field.dart,/usr/local/share/flutter/packages/flutter/lib/src/cupertino/text_form_field_row.dart,/usr/local/share/flutter/packages/flutter/lib/src/cupertino/text_selection.dart,/usr/local/share/flutter/packages/flutter/lib/src/cupertino/text_selection_toolbar.dart,/usr/local/share/flutter/packages/flutter/lib/src/cupertino/text_selection_toolbar_button.dart,/usr/local/share/flutter/packages/flutter/lib/src/cupertino/text_theme.dart,/usr/local/share/flutter/packages/flutter/lib/src/cupertino/theme.dart,/usr/local/share/flutter/packages/flutter/lib/src/cupertino/thumb_painter.dart,/usr/local/share/flutter/packages/flutter/lib/src/scheduler/binding.dart,/usr/local/share/flutter/packages/flutter/lib/src/scheduler/debug.dart,/usr/local/share/flutter/packages/flutter/lib/src/scheduler/priority.dart,/usr/local/share/flutter/packages/flutter/lib/src/scheduler/service_extensions.dart,/usr/local/share/flutter/packages/flutter/lib/src/scheduler/ticker.dart,/usr/local/share/flutter/packages/flutter/lib/semantics.dart,/usr/local/share/flutter/packages/flutter/lib/src/rendering/animated_size.dart,/usr/local/share/flutter/packages/flutter/lib/src/rendering/binding.dart,/usr/local/share/flutter/packages/flutter/lib/src/rendering/box.dart,/usr/local/share/flutter/packages/flutter/lib/src/rendering/custom_layout.dart,/usr/local/share/flutter/packages/flutter/lib/src/rendering/custom_paint.dart,/usr/local/share/flutter/packages/flutter/lib/src/rendering/debug.dart,/usr/local/share/flutter/packages/flutter/lib/src/rendering/debug_overflow_indicator.dart,/usr/local/share/flutter/packages/flutter/lib/src/rendering/decorated_sliver.dart,/usr/local/share/flutter/packages/flutter/lib/src/rendering/editable.dart,/usr/local/share/flutter/packages/flutter/lib/src/rendering/error.dart,/usr/local/share/flutter/packages/flutter/lib/src/rendering/flex.dart,/usr/local/share/flutter/packages/flutter/lib/src/rendering/flow.dart,/usr/local/share/flutter/packages/flutter/lib/src/rendering/image.dart,/usr/local/share/flutter/packages/flutter/lib/src/rendering/layer.dart,/usr/local/share/flutter/packages/flutter/lib/src/rendering/layout_helper.dart,/usr/local/share/flutter/packages/flutter/lib/src/rendering/list_body.dart,/usr/local/share/flutter/packages/flutter/lib/src/rendering/list_wheel_viewport.dart,/usr/local/share/flutter/packages/flutter/lib/src/rendering/mouse_tracker.dart,/usr/local/share/flutter/packages/flutter/lib/src/rendering/object.dart,/usr/local/share/flutter/packages/flutter/lib/src/rendering/paragraph.dart,/usr/local/share/flutter/packages/flutter/lib/src/rendering/performance_overlay.dart,/usr/local/share/flutter/packages/flutter/lib/src/rendering/platform_view.dart,/usr/local/share/flutter/packages/flutter/lib/src/rendering/proxy_box.dart,/usr/local/share/flutter/packages/flutter/lib/src/rendering/proxy_sliver.dart,/usr/local/share/flutter/packages/flutter/lib/src/rendering/rotated_box.dart,/usr/local/share/flutter/packages/flutter/lib/src/rendering/selection.dart,/usr/local/share/flutter/packages/flutter/lib/src/rendering/service_extensions.dart,/usr/local/share/flutter/packages/flutter/lib/src/rendering/shifted_box.dart,/usr/local/share/flutter/packages/flutter/lib/src/rendering/sliver.dart,/usr/local/share/flutter/packages/flutter/lib/src/rendering/sliver_fill.dart,/usr/local/share/flutter/packages/flutter/lib/src/rendering/sliver_fixed_extent_list.dart,/usr/local/share/flutter/packages/flutter/lib/src/rendering/sliver_grid.dart,/usr/local/share/flutter/packages/flutter/lib/src/rendering/sliver_group.dart,/usr/local/share/flutter/packages/flutter/lib/src/rendering/sliver_list.dart,/usr/local/share/flutter/packages/flutter/lib/src/rendering/sliver_multi_box_adaptor.dart,/usr/local/share/flutter/packages/flutter/lib/src/rendering/sliver_padding.dart,/usr/local/share/flutter/packages/flutter/lib/src/rendering/sliver_persistent_header.dart,/usr/local/share/flutter/packages/flutter/lib/src/rendering/sliver_tree.dart,/usr/local/share/flutter/packages/flutter/lib/src/rendering/stack.dart,/usr/local/share/flutter/packages/flutter/lib/src/rendering/table.dart,/usr/local/share/flutter/packages/flutter/lib/src/rendering/table_border.dart,/usr/local/share/flutter/packages/flutter/lib/src/rendering/texture.dart,/usr/local/share/flutter/packages/flutter/lib/src/rendering/tweens.dart,/usr/local/share/flutter/packages/flutter/lib/src/rendering/view.dart,/usr/local/share/flutter/packages/flutter/lib/src/rendering/viewport.dart,/usr/local/share/flutter/packages/flutter/lib/src/rendering/viewport_offset.dart,/usr/local/share/flutter/packages/flutter/lib/src/rendering/wrap.dart,/usr/local/share/flutter/packages/flutter/lib/src/animation/animation.dart,/usr/local/share/flutter/packages/flutter/lib/src/animation/animation_controller.dart,/usr/local/share/flutter/packages/flutter/lib/src/animation/animation_style.dart,/usr/local/share/flutter/packages/flutter/lib/src/animation/animations.dart,/usr/local/share/flutter/packages/flutter/lib/src/animation/curves.dart,/usr/local/share/flutter/packages/flutter/lib/src/animation/listener_helpers.dart,/usr/local/share/flutter/packages/flutter/lib/src/animation/tween.dart,/usr/local/share/flutter/packages/flutter/lib/src/animation/tween_sequence.dart,/Users/faizul/.pub-cache/hosted/pub.dev/vector_math-2.2.0/lib/src/vector_math_64/aabb2.dart,/Users/faizul/.pub-cache/hosted/pub.dev/vector_math-2.2.0/lib/src/vector_math_64/aabb3.dart,/Users/faizul/.pub-cache/hosted/pub.dev/vector_math-2.2.0/lib/src/vector_math_64/colors.dart,/Users/faizul/.pub-cache/hosted/pub.dev/vector_math-2.2.0/lib/src/vector_math_64/constants.dart,/Users/faizul/.pub-cache/hosted/pub.dev/vector_math-2.2.0/lib/src/vector_math_64/error_helpers.dart,/Users/faizul/.pub-cache/hosted/pub.dev/vector_math-2.2.0/lib/src/vector_math_64/frustum.dart,/Users/faizul/.pub-cache/hosted/pub.dev/vector_math-2.2.0/lib/src/vector_math_64/intersection_result.dart,/Users/faizul/.pub-cache/hosted/pub.dev/vector_math-2.2.0/lib/src/vector_math_64/matrix2.dart,/Users/faizul/.pub-cache/hosted/pub.dev/vector_math-2.2.0/lib/src/vector_math_64/matrix3.dart,/Users/faizul/.pub-cache/hosted/pub.dev/vector_math-2.2.0/lib/src/vector_math_64/matrix4.dart,/Users/faizul/.pub-cache/hosted/pub.dev/vector_math-2.2.0/lib/src/vector_math_64/noise.dart,/Users/faizul/.pub-cache/hosted/pub.dev/vector_math-2.2.0/lib/src/vector_math_64/obb3.dart,/Users/faizul/.pub-cache/hosted/pub.dev/vector_math-2.2.0/lib/src/vector_math_64/opengl.dart,/Users/faizul/.pub-cache/hosted/pub.dev/vector_math-2.2.0/lib/src/vector_math_64/plane.dart,/Users/faizul/.pub-cache/hosted/pub.dev/vector_math-2.2.0/lib/src/vector_math_64/quad.dart,/Users/faizul/.pub-cache/hosted/pub.dev/vector_math-2.2.0/lib/src/vector_math_64/quaternion.dart,/Users/faizul/.pub-cache/hosted/pub.dev/vector_math-2.2.0/lib/src/vector_math_64/ray.dart,/Users/faizul/.pub-cache/hosted/pub.dev/vector_math-2.2.0/lib/src/vector_math_64/sphere.dart,/Users/faizul/.pub-cache/hosted/pub.dev/vector_math-2.2.0/lib/src/vector_math_64/triangle.dart,/Users/faizul/.pub-cache/hosted/pub.dev/vector_math-2.2.0/lib/src/vector_math_64/utilities.dart,/Users/faizul/.pub-cache/hosted/pub.dev/vector_math-2.2.0/lib/src/vector_math_64/vector.dart,/Users/faizul/.pub-cache/hosted/pub.dev/vector_math-2.2.0/lib/src/vector_math_64/vector2.dart,/Users/faizul/.pub-cache/hosted/pub.dev/vector_math-2.2.0/lib/src/vector_math_64/vector3.dart,/Users/faizul/.pub-cache/hosted/pub.dev/vector_math-2.2.0/lib/src/vector_math_64/vector4.dart,/usr/local/share/flutter/packages/flutter/lib/src/gestures/arena.dart,/usr/local/share/flutter/packages/flutter/lib/src/gestures/binding.dart,/usr/local/share/flutter/packages/flutter/lib/src/gestures/constants.dart,/usr/local/share/flutter/packages/flutter/lib/src/gestures/converter.dart,/usr/local/share/flutter/packages/flutter/lib/src/gestures/debug.dart,/usr/local/share/flutter/packages/flutter/lib/src/gestures/drag.dart,/usr/local/share/flutter/packages/flutter/lib/src/gestures/drag_details.dart,/usr/local/share/flutter/packages/flutter/lib/src/gestures/eager.dart,/usr/local/share/flutter/packages/flutter/lib/src/gestures/events.dart,/usr/local/share/flutter/packages/flutter/lib/src/gestures/force_press.dart,/usr/local/share/flutter/packages/flutter/lib/src/gestures/gesture_details.dart,/usr/local/share/flutter/packages/flutter/lib/src/gestures/gesture_settings.dart,/usr/local/share/flutter/packages/flutter/lib/src/gestures/hit_test.dart,/usr/local/share/flutter/packages/flutter/lib/src/gestures/long_press.dart,/usr/local/share/flutter/packages/flutter/lib/src/gestures/lsq_solver.dart,/usr/local/share/flutter/packages/flutter/lib/src/gestures/monodrag.dart,/usr/local/share/flutter/packages/flutter/lib/src/gestures/multidrag.dart,/usr/local/share/flutter/packages/flutter/lib/src/gestures/multitap.dart,/usr/local/share/flutter/packages/flutter/lib/src/gestures/pointer_router.dart,/usr/local/share/flutter/packages/flutter/lib/src/gestures/pointer_signal_resolver.dart,/usr/local/share/flutter/packages/flutter/lib/src/gestures/recognizer.dart,/usr/local/share/flutter/packages/flutter/lib/src/gestures/resampler.dart,/usr/local/share/flutter/packages/flutter/lib/src/gestures/scale.dart,/usr/local/share/flutter/packages/flutter/lib/src/gestures/tap.dart,/usr/local/share/flutter/packages/flutter/lib/src/gestures/tap_and_drag.dart,/usr/local/share/flutter/packages/flutter/lib/src/gestures/team.dart,/usr/local/share/flutter/packages/flutter/lib/src/gestures/velocity_tracker.dart,/Users/faizul/.pub-cache/hosted/pub.dev/collection-1.19.1/lib/src/algorithms.dart,/Users/faizul/.pub-cache/hosted/pub.dev/collection-1.19.1/lib/src/boollist.dart,/Users/faizul/.pub-cache/hosted/pub.dev/collection-1.19.1/lib/src/canonicalized_map.dart,/Users/faizul/.pub-cache/hosted/pub.dev/collection-1.19.1/lib/src/combined_wrappers/combined_iterable.dart,/Users/faizul/.pub-cache/hosted/pub.dev/collection-1.19.1/lib/src/combined_wrappers/combined_list.dart,/Users/faizul/.pub-cache/hosted/pub.dev/collection-1.19.1/lib/src/combined_wrappers/combined_map.dart,/Users/faizul/.pub-cache/hosted/pub.dev/collection-1.19.1/lib/src/comparators.dart,/Users/faizul/.pub-cache/hosted/pub.dev/collection-1.19.1/lib/src/equality.dart,/Users/faizul/.pub-cache/hosted/pub.dev/collection-1.19.1/lib/src/equality_map.dart,/Users/faizul/.pub-cache/hosted/pub.dev/collection-1.19.1/lib/src/equality_set.dart,/Users/faizul/.pub-cache/hosted/pub.dev/collection-1.19.1/lib/src/functions.dart,/Users/faizul/.pub-cache/hosted/pub.dev/collection-1.19.1/lib/src/iterable_extensions.dart,/Users/faizul/.pub-cache/hosted/pub.dev/collection-1.19.1/lib/src/iterable_zip.dart,/Users/faizul/.pub-cache/hosted/pub.dev/collection-1.19.1/lib/src/list_extensions.dart,/Users/faizul/.pub-cache/hosted/pub.dev/collection-1.19.1/lib/src/priority_queue.dart,/Users/faizul/.pub-cache/hosted/pub.dev/collection-1.19.1/lib/src/queue_list.dart,/Users/faizul/.pub-cache/hosted/pub.dev/collection-1.19.1/lib/src/union_set.dart,/Users/faizul/.pub-cache/hosted/pub.dev/collection-1.19.1/lib/src/union_set_controller.dart,/Users/faizul/.pub-cache/hosted/pub.dev/collection-1.19.1/lib/src/unmodifiable_wrappers.dart,/Users/faizul/.pub-cache/hosted/pub.dev/collection-1.19.1/lib/src/wrappers.dart,/Users/faizul/.pub-cache/hosted/pub.dev/material_color_utilities-0.11.1/lib/blend/blend.dart,/Users/faizul/.pub-cache/hosted/pub.dev/material_color_utilities-0.11.1/lib/contrast/contrast.dart,/Users/faizul/.pub-cache/hosted/pub.dev/material_color_utilities-0.11.1/lib/dislike/dislike_analyzer.dart,/Users/faizul/.pub-cache/hosted/pub.dev/material_color_utilities-0.11.1/lib/dynamiccolor/dynamic_color.dart,/Users/faizul/.pub-cache/hosted/pub.dev/material_color_utilities-0.11.1/lib/dynamiccolor/dynamic_scheme.dart,/Users/faizul/.pub-cache/hosted/pub.dev/material_color_utilities-0.11.1/lib/dynamiccolor/material_dynamic_colors.dart,/Users/faizul/.pub-cache/hosted/pub.dev/material_color_utilities-0.11.1/lib/dynamiccolor/variant.dart,/Users/faizul/.pub-cache/hosted/pub.dev/material_color_utilities-0.11.1/lib/hct/cam16.dart,/Users/faizul/.pub-cache/hosted/pub.dev/material_color_utilities-0.11.1/lib/hct/hct.dart,/Users/faizul/.pub-cache/hosted/pub.dev/material_color_utilities-0.11.1/lib/hct/viewing_conditions.dart,/Users/faizul/.pub-cache/hosted/pub.dev/material_color_utilities-0.11.1/lib/palettes/core_palette.dart,/Users/faizul/.pub-cache/hosted/pub.dev/material_color_utilities-0.11.1/lib/palettes/tonal_palette.dart,/Users/faizul/.pub-cache/hosted/pub.dev/material_color_utilities-0.11.1/lib/quantize/quantizer.dart,/Users/faizul/.pub-cache/hosted/pub.dev/material_color_utilities-0.11.1/lib/quantize/quantizer_celebi.dart,/Users/faizul/.pub-cache/hosted/pub.dev/material_color_utilities-0.11.1/lib/quantize/quantizer_map.dart,/Users/faizul/.pub-cache/hosted/pub.dev/material_color_utilities-0.11.1/lib/quantize/quantizer_wsmeans.dart,/Users/faizul/.pub-cache/hosted/pub.dev/material_color_utilities-0.11.1/lib/quantize/quantizer_wu.dart,/Users/faizul/.pub-cache/hosted/pub.dev/material_color_utilities-0.11.1/lib/scheme/scheme.dart,/Users/faizul/.pub-cache/hosted/pub.dev/material_color_utilities-0.11.1/lib/scheme/scheme_content.dart,/Users/faizul/.pub-cache/hosted/pub.dev/material_color_utilities-0.11.1/lib/scheme/scheme_expressive.dart,/Users/faizul/.pub-cache/hosted/pub.dev/material_color_utilities-0.11.1/lib/scheme/scheme_fidelity.dart,/Users/faizul/.pub-cache/hosted/pub.dev/material_color_utilities-0.11.1/lib/scheme/scheme_fruit_salad.dart,/Users/faizul/.pub-cache/hosted/pub.dev/material_color_utilities-0.11.1/lib/scheme/scheme_monochrome.dart,/Users/faizul/.pub-cache/hosted/pub.dev/material_color_utilities-0.11.1/lib/scheme/scheme_neutral.dart,/Users/faizul/.pub-cache/hosted/pub.dev/material_color_utilities-0.11.1/lib/scheme/scheme_rainbow.dart,/Users/faizul/.pub-cache/hosted/pub.dev/material_color_utilities-0.11.1/lib/scheme/scheme_tonal_spot.dart,/Users/faizul/.pub-cache/hosted/pub.dev/material_color_utilities-0.11.1/lib/scheme/scheme_vibrant.dart,/Users/faizul/.pub-cache/hosted/pub.dev/material_color_utilities-0.11.1/lib/score/score.dart,/Users/faizul/.pub-cache/hosted/pub.dev/material_color_utilities-0.11.1/lib/temperature/temperature_cache.dart,/Users/faizul/.pub-cache/hosted/pub.dev/material_color_utilities-0.11.1/lib/utils/color_utils.dart,/Users/faizul/.pub-cache/hosted/pub.dev/material_color_utilities-0.11.1/lib/utils/math_utils.dart,/Users/faizul/.pub-cache/hosted/pub.dev/material_color_utilities-0.11.1/lib/utils/string_utils.dart,/usr/local/share/flutter/packages/flutter/lib/src/painting/alignment.dart,/usr/local/share/flutter/packages/flutter/lib/src/painting/basic_types.dart,/usr/local/share/flutter/packages/flutter/lib/src/painting/beveled_rectangle_border.dart,/usr/local/share/flutter/packages/flutter/lib/src/painting/binding.dart,/usr/local/share/flutter/packages/flutter/lib/src/painting/border_radius.dart,/usr/local/share/flutter/packages/flutter/lib/src/painting/borders.dart,/usr/local/share/flutter/packages/flutter/lib/src/painting/box_border.dart,/usr/local/share/flutter/packages/flutter/lib/src/painting/box_decoration.dart,/usr/local/share/flutter/packages/flutter/lib/src/painting/box_fit.dart,/usr/local/share/flutter/packages/flutter/lib/src/painting/box_shadow.dart,/usr/local/share/flutter/packages/flutter/lib/src/painting/circle_border.dart,/usr/local/share/flutter/packages/flutter/lib/src/painting/clip.dart,/usr/local/share/flutter/packages/flutter/lib/src/painting/colors.dart,/usr/local/share/flutter/packages/flutter/lib/src/painting/continuous_rectangle_border.dart,/usr/local/share/flutter/packages/flutter/lib/src/painting/debug.dart,/usr/local/share/flutter/packages/flutter/lib/src/painting/decoration.dart,/usr/local/share/flutter/packages/flutter/lib/src/painting/decoration_image.dart,/usr/local/share/flutter/packages/flutter/lib/src/painting/edge_insets.dart,/usr/local/share/flutter/packages/flutter/lib/src/painting/flutter_logo.dart,/usr/local/share/flutter/packages/flutter/lib/src/painting/fractional_offset.dart,/usr/local/share/flutter/packages/flutter/lib/src/painting/geometry.dart,/usr/local/share/flutter/packages/flutter/lib/src/painting/gradient.dart,/usr/local/share/flutter/packages/flutter/lib/src/painting/image_cache.dart,/usr/local/share/flutter/packages/flutter/lib/src/painting/image_decoder.dart,/usr/local/share/flutter/packages/flutter/lib/src/painting/image_provider.dart,/usr/local/share/flutter/packages/flutter/lib/src/painting/image_resolution.dart,/usr/local/share/flutter/packages/flutter/lib/src/painting/image_stream.dart,/usr/local/share/flutter/packages/flutter/lib/src/painting/inline_span.dart,/usr/local/share/flutter/packages/flutter/lib/src/painting/linear_border.dart,/usr/local/share/flutter/packages/flutter/lib/src/painting/matrix_utils.dart,/usr/local/share/flutter/packages/flutter/lib/src/painting/notched_shapes.dart,/usr/local/share/flutter/packages/flutter/lib/src/painting/oval_border.dart,/usr/local/share/flutter/packages/flutter/lib/src/painting/paint_utilities.dart,/usr/local/share/flutter/packages/flutter/lib/src/painting/placeholder_span.dart,/usr/local/share/flutter/packages/flutter/lib/src/painting/rounded_rectangle_border.dart,/usr/local/share/flutter/packages/flutter/lib/src/painting/shader_warm_up.dart,/usr/local/share/flutter/packages/flutter/lib/src/painting/shape_decoration.dart,/usr/local/share/flutter/packages/flutter/lib/src/painting/stadium_border.dart,/usr/local/share/flutter/packages/flutter/lib/src/painting/star_border.dart,/usr/local/share/flutter/packages/flutter/lib/src/painting/strut_style.dart,/usr/local/share/flutter/packages/flutter/lib/src/painting/text_painter.dart,/usr/local/share/flutter/packages/flutter/lib/src/painting/text_scaler.dart,/usr/local/share/flutter/packages/flutter/lib/src/painting/text_span.dart,/usr/local/share/flutter/packages/flutter/lib/src/painting/text_style.dart,/Users/faizul/.pub-cache/hosted/pub.dev/characters-1.4.0/lib/src/characters.dart,/Users/faizul/.pub-cache/hosted/pub.dev/characters-1.4.0/lib/src/extensions.dart,/usr/local/share/flutter/packages/flutter/lib/src/widgets/constants.dart,/usr/local/share/flutter/packages/flutter/lib/src/widgets/_web_browser_detection_io.dart,/usr/local/share/flutter/packages/flutter/lib/src/painting/_web_image_info_io.dart,/usr/local/share/flutter/packages/flutter/lib/src/widgets/_web_image_io.dart,/usr/local/share/flutter/packages/flutter/lib/physics.dart,/usr/local/share/flutter/packages/flutter/lib/src/widgets/_platform_selectable_region_context_menu_io.dart,/usr/local/share/flutter/packages/flutter/lib/src/widgets/_html_element_view_io.dart,/Users/faizul/.pub-cache/hosted/pub.dev/meta-1.16.0/lib/meta_meta.dart,/usr/local/share/flutter/packages/flutter/lib/src/foundation/_bitfield_io.dart,/usr/local/share/flutter/packages/flutter/lib/src/foundation/_capabilities_io.dart,/usr/local/share/flutter/packages/flutter/lib/src/foundation/_isolates_io.dart,/usr/local/share/flutter/packages/flutter/lib/src/foundation/_platform_io.dart,/usr/local/share/flutter/packages/flutter/lib/src/foundation/_timeline_io.dart,/Users/faizul/payanam/lib/screens/student_login_screen.dart,/Users/faizul/payanam/lib/screens/driver_login_screen.dart,/Users/faizul/payanam/lib/screens/admin_login_screen.dart,/Users/faizul/payanam/lib/widgets/theme_toggle_button.dart,/Users/faizul/.pub-cache/hosted/pub.dev/geolocator_platform_interface-4.2.6/lib/src/enums/location_accuracy.dart,/Users/faizul/.pub-cache/hosted/pub.dev/geolocator_platform_interface-4.2.6/lib/src/enums/location_accuracy_status.dart,/Users/faizul/.pub-cache/hosted/pub.dev/geolocator_platform_interface-4.2.6/lib/src/enums/location_permission.dart,/Users/faizul/.pub-cache/hosted/pub.dev/geolocator_platform_interface-4.2.6/lib/src/enums/location_service.dart,/Users/faizul/.pub-cache/hosted/pub.dev/geolocator_platform_interface-4.2.6/lib/src/errors/activity_missing_exception.dart,/Users/faizul/.pub-cache/hosted/pub.dev/geolocator_platform_interface-4.2.6/lib/src/errors/already_subscribed_exception.dart,/Users/faizul/.pub-cache/hosted/pub.dev/geolocator_platform_interface-4.2.6/lib/src/errors/invalid_permission_exception.dart,/Users/faizul/.pub-cache/hosted/pub.dev/geolocator_platform_interface-4.2.6/lib/src/errors/location_service_disabled_exception.dart,/Users/faizul/.pub-cache/hosted/pub.dev/geolocator_platform_interface-4.2.6/lib/src/errors/permission_definitions_not_found_exception.dart,/Users/faizul/.pub-cache/hosted/pub.dev/geolocator_platform_interface-4.2.6/lib/src/errors/permission_denied_exception.dart,/Users/faizul/.pub-cache/hosted/pub.dev/geolocator_platform_interface-4.2.6/lib/src/errors/permission_request_in_progress_exception.dart,/Users/faizul/.pub-cache/hosted/pub.dev/geolocator_platform_interface-4.2.6/lib/src/errors/position_update_exception.dart,/Users/faizul/.pub-cache/hosted/pub.dev/vector_math-2.2.0/lib/vector_math.dart,/Users/faizul/.pub-cache/hosted/pub.dev/geolocator_platform_interface-4.2.6/lib/src/implementations/method_channel_geolocator.dart,/Users/faizul/.pub-cache/hosted/pub.dev/geolocator_platform_interface-4.2.6/lib/src/extensions/integer_extensions.dart,/Users/faizul/.pub-cache/hosted/pub.dev/geolocator_platform_interface-4.2.6/lib/src/models/position.dart,/Users/faizul/.pub-cache/hosted/pub.dev/geolocator_platform_interface-4.2.6/lib/src/models/location_settings.dart,/Users/faizul/.pub-cache/hosted/pub.dev/uuid-4.5.3/lib/data.dart,/Users/faizul/.pub-cache/hosted/pub.dev/uuid-4.5.3/lib/rng.dart,/Users/faizul/.pub-cache/hosted/pub.dev/uuid-4.5.3/lib/validation.dart,/Users/faizul/.pub-cache/hosted/pub.dev/uuid-4.5.3/lib/enums.dart,/Users/faizul/.pub-cache/hosted/pub.dev/uuid-4.5.3/lib/parsing.dart,/Users/faizul/.pub-cache/hosted/pub.dev/uuid-4.5.3/lib/uuid_value.dart,/Users/faizul/.pub-cache/hosted/pub.dev/uuid-4.5.3/lib/v1.dart,/Users/faizul/.pub-cache/hosted/pub.dev/uuid-4.5.3/lib/v4.dart,/Users/faizul/.pub-cache/hosted/pub.dev/uuid-4.5.3/lib/v5.dart,/Users/faizul/.pub-cache/hosted/pub.dev/uuid-4.5.3/lib/v6.dart,/Users/faizul/.pub-cache/hosted/pub.dev/uuid-4.5.3/lib/v7.dart,/Users/faizul/.pub-cache/hosted/pub.dev/uuid-4.5.3/lib/v8.dart,/Users/faizul/.pub-cache/hosted/pub.dev/uuid-4.5.3/lib/v8generic.dart,/Users/faizul/.pub-cache/hosted/pub.dev/google_maps_flutter_platform_interface-2.14.1/lib/src/events/map_event.dart,/Users/faizul/.pub-cache/hosted/pub.dev/google_maps_flutter_platform_interface-2.14.1/lib/src/method_channel/method_channel_google_maps_flutter.dart,/Users/faizul/.pub-cache/hosted/pub.dev/google_maps_flutter_platform_interface-2.14.1/lib/src/platform_interface/google_maps_flutter_platform.dart,/Users/faizul/.pub-cache/hosted/pub.dev/google_maps_flutter_platform_interface-2.14.1/lib/src/platform_interface/google_maps_inspector_platform.dart,/Users/faizul/.pub-cache/hosted/pub.dev/google_maps_flutter_platform_interface-2.14.1/lib/src/types/types.dart,/Users/faizul/.pub-cache/hosted/pub.dev/stream_transform-2.1.1/lib/src/async_expand.dart,/Users/faizul/.pub-cache/hosted/pub.dev/stream_transform-2.1.1/lib/src/async_map.dart,/Users/faizul/.pub-cache/hosted/pub.dev/stream_transform-2.1.1/lib/src/combine_latest.dart,/Users/faizul/.pub-cache/hosted/pub.dev/stream_transform-2.1.1/lib/src/concatenate.dart,/Users/faizul/.pub-cache/hosted/pub.dev/stream_transform-2.1.1/lib/src/merge.dart,/Users/faizul/.pub-cache/hosted/pub.dev/stream_transform-2.1.1/lib/src/rate_limit.dart,/Users/faizul/.pub-cache/hosted/pub.dev/stream_transform-2.1.1/lib/src/scan.dart,/Users/faizul/.pub-cache/hosted/pub.dev/stream_transform-2.1.1/lib/src/switch.dart,/Users/faizul/.pub-cache/hosted/pub.dev/stream_transform-2.1.1/lib/src/take_until.dart,/Users/faizul/.pub-cache/hosted/pub.dev/stream_transform-2.1.1/lib/src/tap.dart,/Users/faizul/.pub-cache/hosted/pub.dev/stream_transform-2.1.1/lib/src/where.dart,/Users/faizul/.pub-cache/hosted/pub.dev/file-7.0.1/lib/src/forwarding.dart,/Users/faizul/.pub-cache/hosted/pub.dev/file-7.0.1/lib/src/interface.dart,/Users/faizul/.pub-cache/hosted/pub.dev/file-7.0.1/lib/src/backends/local.dart,/Users/faizul/.pub-cache/hosted/pub.dev/ffi-2.2.0/lib/src/allocation.dart,/Users/faizul/.pub-cache/hosted/pub.dev/ffi-2.2.0/lib/src/arena.dart,/Users/faizul/.pub-cache/hosted/pub.dev/ffi-2.2.0/lib/src/utf16.dart,/Users/faizul/.pub-cache/hosted/pub.dev/ffi-2.2.0/lib/src/utf8.dart,/Users/faizul/.pub-cache/hosted/pub.dev/win32-5.15.0/lib/src/bstr.dart,/Users/faizul/.pub-cache/hosted/pub.dev/win32-5.15.0/lib/src/callbacks.dart,/Users/faizul/.pub-cache/hosted/pub.dev/win32-5.15.0/lib/src/constants.dart,/Users/faizul/.pub-cache/hosted/pub.dev/win32-5.15.0/lib/src/constants_metadata.dart,/Users/faizul/.pub-cache/hosted/pub.dev/win32-5.15.0/lib/src/constants_nodoc.dart,/Users/faizul/.pub-cache/hosted/pub.dev/win32-5.15.0/lib/src/dispatcher.dart,/Users/faizul/.pub-cache/hosted/pub.dev/win32-5.15.0/lib/src/enums.dart,/Users/faizul/.pub-cache/hosted/pub.dev/win32-5.15.0/lib/src/enums.g.dart,/Users/faizul/.pub-cache/hosted/pub.dev/win32-5.15.0/lib/src/exceptions.dart,/Users/faizul/.pub-cache/hosted/pub.dev/win32-5.15.0/lib/src/functions.dart,/Users/faizul/.pub-cache/hosted/pub.dev/win32-5.15.0/lib/src/guid.dart,/Users/faizul/.pub-cache/hosted/pub.dev/win32-5.15.0/lib/src/inline.dart,/Users/faizul/.pub-cache/hosted/pub.dev/win32-5.15.0/lib/src/macros.dart,/Users/faizul/.pub-cache/hosted/pub.dev/win32-5.15.0/lib/src/propertykey.dart,/Users/faizul/.pub-cache/hosted/pub.dev/win32-5.15.0/lib/src/structs.dart,/Users/faizul/.pub-cache/hosted/pub.dev/win32-5.15.0/lib/src/structs.g.dart,/Users/faizul/.pub-cache/hosted/pub.dev/win32-5.15.0/lib/src/types.dart,/Users/faizul/.pub-cache/hosted/pub.dev/win32-5.15.0/lib/src/utils.dart,/Users/faizul/.pub-cache/hosted/pub.dev/win32-5.15.0/lib/src/variant.dart,/Users/faizul/.pub-cache/hosted/pub.dev/win32-5.15.0/lib/src/winmd_constants.dart,/Users/faizul/.pub-cache/hosted/pub.dev/win32-5.15.0/lib/src/winrt_helpers.dart,/Users/faizul/.pub-cache/hosted/pub.dev/win32-5.15.0/lib/src/extensions/dialogs.dart,/Users/faizul/.pub-cache/hosted/pub.dev/win32-5.15.0/lib/src/extensions/filetime.dart,/Users/faizul/.pub-cache/hosted/pub.dev/win32-5.15.0/lib/src/extensions/int_to_hexstring.dart,/Users/faizul/.pub-cache/hosted/pub.dev/win32-5.15.0/lib/src/extensions/list_to_blob.dart,/Users/faizul/.pub-cache/hosted/pub.dev/win32-5.15.0/lib/src/extensions/set_ansi.dart,/Users/faizul/.pub-cache/hosted/pub.dev/win32-5.15.0/lib/src/extensions/set_string.dart,/Users/faizul/.pub-cache/hosted/pub.dev/win32-5.15.0/lib/src/extensions/set_string_array.dart,/Users/faizul/.pub-cache/hosted/pub.dev/win32-5.15.0/lib/src/extensions/unpack_utf16.dart,/Users/faizul/.pub-cache/hosted/pub.dev/win32-5.15.0/lib/src/win32/advapi32.g.dart,/Users/faizul/.pub-cache/hosted/pub.dev/win32-5.15.0/lib/src/win32/bluetoothapis.g.dart,/Users/faizul/.pub-cache/hosted/pub.dev/win32-5.15.0/lib/src/win32/bthprops.g.dart,/Users/faizul/.pub-cache/hosted/pub.dev/win32-5.15.0/lib/src/win32/comctl32.g.dart,/Users/faizul/.pub-cache/hosted/pub.dev/win32-5.15.0/lib/src/win32/comdlg32.g.dart,/Users/faizul/.pub-cache/hosted/pub.dev/win32-5.15.0/lib/src/win32/crypt32.g.dart,/Users/faizul/.pub-cache/hosted/pub.dev/win32-5.15.0/lib/src/win32/dbghelp.g.dart,/Users/faizul/.pub-cache/hosted/pub.dev/win32-5.15.0/lib/src/win32/dwmapi.g.dart,/Users/faizul/.pub-cache/hosted/pub.dev/win32-5.15.0/lib/src/win32/dxva2.g.dart,/Users/faizul/.pub-cache/hosted/pub.dev/win32-5.15.0/lib/src/win32/gdi32.g.dart,/Users/faizul/.pub-cache/hosted/pub.dev/win32-5.15.0/lib/src/win32/iphlpapi.g.dart,/Users/faizul/.pub-cache/hosted/pub.dev/win32-5.15.0/lib/src/win32/kernel32.g.dart,/Users/faizul/.pub-cache/hosted/pub.dev/win32-5.15.0/lib/src/win32/magnification.g.dart,/Users/faizul/.pub-cache/hosted/pub.dev/win32-5.15.0/lib/src/win32/netapi32.g.dart,/Users/faizul/.pub-cache/hosted/pub.dev/win32-5.15.0/lib/src/win32/ntdll.g.dart,/Users/faizul/.pub-cache/hosted/pub.dev/win32-5.15.0/lib/src/win32/ole32.g.dart,/Users/faizul/.pub-cache/hosted/pub.dev/win32-5.15.0/lib/src/win32/oleaut32.g.dart,/Users/faizul/.pub-cache/hosted/pub.dev/win32-5.15.0/lib/src/win32/powrprof.g.dart,/Users/faizul/.pub-cache/hosted/pub.dev/win32-5.15.0/lib/src/win32/propsys.g.dart,/Users/faizul/.pub-cache/hosted/pub.dev/win32-5.15.0/lib/src/win32/rometadata.g.dart,/Users/faizul/.pub-cache/hosted/pub.dev/win32-5.15.0/lib/src/win32/scarddlg.g.dart,/Users/faizul/.pub-cache/hosted/pub.dev/win32-5.15.0/lib/src/win32/setupapi.g.dart,/Users/faizul/.pub-cache/hosted/pub.dev/win32-5.15.0/lib/src/win32/shell32.g.dart,/Users/faizul/.pub-cache/hosted/pub.dev/win32-5.15.0/lib/src/win32/shlwapi.g.dart,/Users/faizul/.pub-cache/hosted/pub.dev/win32-5.15.0/lib/src/win32/user32.g.dart,/Users/faizul/.pub-cache/hosted/pub.dev/win32-5.15.0/lib/src/win32/uxtheme.g.dart,/Users/faizul/.pub-cache/hosted/pub.dev/win32-5.15.0/lib/src/win32/version.g.dart,/Users/faizul/.pub-cache/hosted/pub.dev/win32-5.15.0/lib/src/win32/wevtapi.g.dart,/Users/faizul/.pub-cache/hosted/pub.dev/win32-5.15.0/lib/src/win32/winmm.g.dart,/Users/faizul/.pub-cache/hosted/pub.dev/win32-5.15.0/lib/src/win32/winscard.g.dart,/Users/faizul/.pub-cache/hosted/pub.dev/win32-5.15.0/lib/src/win32/winspool.g.dart,/Users/faizul/.pub-cache/hosted/pub.dev/win32-5.15.0/lib/src/win32/wlanapi.g.dart,/Users/faizul/.pub-cache/hosted/pub.dev/win32-5.15.0/lib/src/win32/wtsapi32.g.dart,/Users/faizul/.pub-cache/hosted/pub.dev/win32-5.15.0/lib/src/win32/xinput1_4.g.dart,/Users/faizul/.pub-cache/hosted/pub.dev/win32-5.15.0/lib/src/win32/api_ms_win_core_apiquery_l2_1_0.g.dart,/Users/faizul/.pub-cache/hosted/pub.dev/win32-5.15.0/lib/src/win32/api_ms_win_core_comm_l1_1_1.g.dart,/Users/faizul/.pub-cache/hosted/pub.dev/win32-5.15.0/lib/src/win32/api_ms_win_core_comm_l1_1_2.g.dart,/Users/faizul/.pub-cache/hosted/pub.dev/win32-5.15.0/lib/src/win32/api_ms_win_core_handle_l1_1_0.g.dart,/Users/faizul/.pub-cache/hosted/pub.dev/win32-5.15.0/lib/src/win32/api_ms_win_core_path_l1_1_0.g.dart,/Users/faizul/.pub-cache/hosted/pub.dev/win32-5.15.0/lib/src/win32/api_ms_win_core_sysinfo_l1_2_3.g.dart,/Users/faizul/.pub-cache/hosted/pub.dev/win32-5.15.0/lib/src/win32/api_ms_win_core_winrt_l1_1_0.g.dart,/Users/faizul/.pub-cache/hosted/pub.dev/win32-5.15.0/lib/src/win32/api_ms_win_core_winrt_error_l1_1_0.g.dart,/Users/faizul/.pub-cache/hosted/pub.dev/win32-5.15.0/lib/src/win32/api_ms_win_core_winrt_string_l1_1_0.g.dart,/Users/faizul/.pub-cache/hosted/pub.dev/win32-5.15.0/lib/src/win32/api_ms_win_ro_typeresolution_l1_1_0.g.dart,/Users/faizul/.pub-cache/hosted/pub.dev/win32-5.15.0/lib/src/win32/api_ms_win_ro_typeresolution_l1_1_1.g.dart,/Users/faizul/.pub-cache/hosted/pub.dev/win32-5.15.0/lib/src/win32/api_ms_win_shcore_scaling_l1_1_1.g.dart,/Users/faizul/.pub-cache/hosted/pub.dev/win32-5.15.0/lib/src/win32/api_ms_win_wsl_api_l1_1_0.g.dart,/Users/faizul/.pub-cache/hosted/pub.dev/win32-5.15.0/lib/src/combase.dart,/Users/faizul/.pub-cache/hosted/pub.dev/win32-5.15.0/lib/src/com/iagileobject.dart,/Users/faizul/.pub-cache/hosted/pub.dev/win32-5.15.0/lib/src/com/iapplicationactivationmanager.dart,/Users/faizul/.pub-cache/hosted/pub.dev/win32-5.15.0/lib/src/com/iappxfactory.dart,/Users/faizul/.pub-cache/hosted/pub.dev/win32-5.15.0/lib/src/com/iappxfile.dart,/Users/faizul/.pub-cache/hosted/pub.dev/win32-5.15.0/lib/src/com/iappxfilesenumerator.dart,/Users/faizul/.pub-cache/hosted/pub.dev/win32-5.15.0/lib/src/com/iappxmanifestapplication.dart,/Users/faizul/.pub-cache/hosted/pub.dev/win32-5.15.0/lib/src/com/iappxmanifestapplicationsenumerator.dart,/Users/faizul/.pub-cache/hosted/pub.dev/win32-5.15.0/lib/src/com/iappxmanifestospackagedependency.dart,/Users/faizul/.pub-cache/hosted/pub.dev/win32-5.15.0/lib/src/com/iappxmanifestpackagedependenciesenumerator.dart,/Users/faizul/.pub-cache/hosted/pub.dev/win32-5.15.0/lib/src/com/iappxmanifestpackagedependency.dart,/Users/faizul/.pub-cache/hosted/pub.dev/win32-5.15.0/lib/src/com/iappxmanifestpackageid.dart,/Users/faizul/.pub-cache/hosted/pub.dev/win32-5.15.0/lib/src/com/iappxmanifestproperties.dart,/Users/faizul/.pub-cache/hosted/pub.dev/win32-5.15.0/lib/src/com/iappxmanifestreader.dart,/Users/faizul/.pub-cache/hosted/pub.dev/win32-5.15.0/lib/src/com/iappxmanifestreader2.dart,/Users/faizul/.pub-cache/hosted/pub.dev/win32-5.15.0/lib/src/com/iappxmanifestreader3.dart,/Users/faizul/.pub-cache/hosted/pub.dev/win32-5.15.0/lib/src/com/iappxmanifestreader4.dart,/Users/faizul/.pub-cache/hosted/pub.dev/win32-5.15.0/lib/src/com/iappxmanifestreader5.dart,/Users/faizul/.pub-cache/hosted/pub.dev/win32-5.15.0/lib/src/com/iappxmanifestreader6.dart,/Users/faizul/.pub-cache/hosted/pub.dev/win32-5.15.0/lib/src/com/iappxmanifestreader7.dart,/Users/faizul/.pub-cache/hosted/pub.dev/win32-5.15.0/lib/src/com/iappxpackagereader.dart,/Users/faizul/.pub-cache/hosted/pub.dev/win32-5.15.0/lib/src/com/iaudiocaptureclient.dart,/Users/faizul/.pub-cache/hosted/pub.dev/win32-5.15.0/lib/src/com/iaudioclient.dart,/Users/faizul/.pub-cache/hosted/pub.dev/win32-5.15.0/lib/src/com/iaudioclient2.dart,/Users/faizul/.pub-cache/hosted/pub.dev/win32-5.15.0/lib/src/com/iaudioclient3.dart,/Users/faizul/.pub-cache/hosted/pub.dev/win32-5.15.0/lib/src/com/iaudioclientduckingcontrol.dart,/Users/faizul/.pub-cache/hosted/pub.dev/win32-5.15.0/lib/src/com/iaudioclock.dart,/Users/faizul/.pub-cache/hosted/pub.dev/win32-5.15.0/lib/src/com/iaudioclock2.dart,/Users/faizul/.pub-cache/hosted/pub.dev/win32-5.15.0/lib/src/com/iaudioclockadjustment.dart,/Users/faizul/.pub-cache/hosted/pub.dev/win32-5.15.0/lib/src/com/iaudiorenderclient.dart,/Users/faizul/.pub-cache/hosted/pub.dev/win32-5.15.0/lib/src/com/iaudiosessioncontrol.dart,/Users/faizul/.pub-cache/hosted/pub.dev/win32-5.15.0/lib/src/com/iaudiosessioncontrol2.dart,/Users/faizul/.pub-cache/hosted/pub.dev/win32-5.15.0/lib/src/com/iaudiosessionenumerator.dart,/Users/faizul/.pub-cache/hosted/pub.dev/win32-5.15.0/lib/src/com/iaudiosessionmanager.dart,/Users/faizul/.pub-cache/hosted/pub.dev/win32-5.15.0/lib/src/com/iaudiosessionmanager2.dart,/Users/faizul/.pub-cache/hosted/pub.dev/win32-5.15.0/lib/src/com/iaudiostreamvolume.dart,/Users/faizul/.pub-cache/hosted/pub.dev/win32-5.15.0/lib/src/com/ibindctx.dart,/Users/faizul/.pub-cache/hosted/pub.dev/win32-5.15.0/lib/src/com/ichannelaudiovolume.dart,/Users/faizul/.pub-cache/hosted/pub.dev/win32-5.15.0/lib/src/com/iclassfactory.dart,/Users/faizul/.pub-cache/hosted/pub.dev/win32-5.15.0/lib/src/com/iconnectionpoint.dart,/Users/faizul/.pub-cache/hosted/pub.dev/win32-5.15.0/lib/src/com/iconnectionpointcontainer.dart,/Users/faizul/.pub-cache/hosted/pub.dev/win32-5.15.0/lib/src/com/idesktopwallpaper.dart,/Users/faizul/.pub-cache/hosted/pub.dev/win32-5.15.0/lib/src/com/idispatch.dart,/Users/faizul/.pub-cache/hosted/pub.dev/win32-5.15.0/lib/src/com/ienumidlist.dart,/Users/faizul/.pub-cache/hosted/pub.dev/win32-5.15.0/lib/src/com/ienummoniker.dart,/Users/faizul/.pub-cache/hosted/pub.dev/win32-5.15.0/lib/src/com/ienumnetworkconnections.dart,/Users/faizul/.pub-cache/hosted/pub.dev/win32-5.15.0/lib/src/com/ienumnetworks.dart,/Users/faizul/.pub-cache/hosted/pub.dev/win32-5.15.0/lib/src/com/ienumresources.dart,/Users/faizul/.pub-cache/hosted/pub.dev/win32-5.15.0/lib/src/com/ienumspellingerror.dart,/Users/faizul/.pub-cache/hosted/pub.dev/win32-5.15.0/lib/src/com/ienumstring.dart,/Users/faizul/.pub-cache/hosted/pub.dev/win32-5.15.0/lib/src/com/ienumvariant.dart,/Users/faizul/.pub-cache/hosted/pub.dev/win32-5.15.0/lib/src/com/ienumwbemclassobject.dart,/Users/faizul/.pub-cache/hosted/pub.dev/win32-5.15.0/lib/src/com/ierrorinfo.dart,/Users/faizul/.pub-cache/hosted/pub.dev/win32-5.15.0/lib/src/com/ifiledialog.dart,/Users/faizul/.pub-cache/hosted/pub.dev/win32-5.15.0/lib/src/com/ifiledialog2.dart,/Users/faizul/.pub-cache/hosted/pub.dev/win32-5.15.0/lib/src/com/ifiledialogcustomize.dart,/Users/faizul/.pub-cache/hosted/pub.dev/win32-5.15.0/lib/src/com/ifileisinuse.dart,/Users/faizul/.pub-cache/hosted/pub.dev/win32-5.15.0/lib/src/com/ifileopendialog.dart,/Users/faizul/.pub-cache/hosted/pub.dev/win32-5.15.0/lib/src/com/ifilesavedialog.dart,/Users/faizul/.pub-cache/hosted/pub.dev/win32-5.15.0/lib/src/com/iinitializewithwindow.dart,/Users/faizul/.pub-cache/hosted/pub.dev/win32-5.15.0/lib/src/com/iinspectable.dart,/Users/faizul/.pub-cache/hosted/pub.dev/win32-5.15.0/lib/src/com/iknownfolder.dart,/Users/faizul/.pub-cache/hosted/pub.dev/win32-5.15.0/lib/src/com/iknownfoldermanager.dart,/Users/faizul/.pub-cache/hosted/pub.dev/win32-5.15.0/lib/src/com/imetadataassemblyimport.dart,/Users/faizul/.pub-cache/hosted/pub.dev/win32-5.15.0/lib/src/com/imetadatadispenser.dart,/Users/faizul/.pub-cache/hosted/pub.dev/win32-5.15.0/lib/src/com/imetadatadispenserex.dart,/Users/faizul/.pub-cache/hosted/pub.dev/win32-5.15.0/lib/src/com/imetadataimport.dart,/Users/faizul/.pub-cache/hosted/pub.dev/win32-5.15.0/lib/src/com/imetadataimport2.dart,/Users/faizul/.pub-cache/hosted/pub.dev/win32-5.15.0/lib/src/com/imetadatatables.dart,/Users/faizul/.pub-cache/hosted/pub.dev/win32-5.15.0/lib/src/com/imetadatatables2.dart,/Users/faizul/.pub-cache/hosted/pub.dev/win32-5.15.0/lib/src/com/immdevice.dart,/Users/faizul/.pub-cache/hosted/pub.dev/win32-5.15.0/lib/src/com/immdevicecollection.dart,/Users/faizul/.pub-cache/hosted/pub.dev/win32-5.15.0/lib/src/com/immdeviceenumerator.dart,/Users/faizul/.pub-cache/hosted/pub.dev/win32-5.15.0/lib/src/com/immendpoint.dart,/Users/faizul/.pub-cache/hosted/pub.dev/win32-5.15.0/lib/src/com/immnotificationclient.dart,/Users/faizul/.pub-cache/hosted/pub.dev/win32-5.15.0/lib/src/com/imodalwindow.dart,/Users/faizul/.pub-cache/hosted/pub.dev/win32-5.15.0/lib/src/com/imoniker.dart,/Users/faizul/.pub-cache/hosted/pub.dev/win32-5.15.0/lib/src/com/inetwork.dart,/Users/faizul/.pub-cache/hosted/pub.dev/win32-5.15.0/lib/src/com/inetworkconnection.dart,/Users/faizul/.pub-cache/hosted/pub.dev/win32-5.15.0/lib/src/com/inetworklistmanager.dart,/Users/faizul/.pub-cache/hosted/pub.dev/win32-5.15.0/lib/src/com/inetworklistmanagerevents.dart,/Users/faizul/.pub-cache/hosted/pub.dev/win32-5.15.0/lib/src/com/ipersist.dart,/Users/faizul/.pub-cache/hosted/pub.dev/win32-5.15.0/lib/src/com/ipersistfile.dart,/Users/faizul/.pub-cache/hosted/pub.dev/win32-5.15.0/lib/src/com/ipersistmemory.dart,/Users/faizul/.pub-cache/hosted/pub.dev/win32-5.15.0/lib/src/com/ipersiststream.dart,/Users/faizul/.pub-cache/hosted/pub.dev/win32-5.15.0/lib/src/com/ipropertystore.dart,/Users/faizul/.pub-cache/hosted/pub.dev/win32-5.15.0/lib/src/com/iprovideclassinfo.dart,/Users/faizul/.pub-cache/hosted/pub.dev/win32-5.15.0/lib/src/com/irestrictederrorinfo.dart,/Users/faizul/.pub-cache/hosted/pub.dev/win32-5.15.0/lib/src/com/irunningobjecttable.dart,/Users/faizul/.pub-cache/hosted/pub.dev/win32-5.15.0/lib/src/com/isensor.dart,/Users/faizul/.pub-cache/hosted/pub.dev/win32-5.15.0/lib/src/com/isensorcollection.dart,/Users/faizul/.pub-cache/hosted/pub.dev/win32-5.15.0/lib/src/com/isensordatareport.dart,/Users/faizul/.pub-cache/hosted/pub.dev/win32-5.15.0/lib/src/com/isensormanager.dart,/Users/faizul/.pub-cache/hosted/pub.dev/win32-5.15.0/lib/src/com/isequentialstream.dart,/Users/faizul/.pub-cache/hosted/pub.dev/win32-5.15.0/lib/src/com/ishellfolder.dart,/Users/faizul/.pub-cache/hosted/pub.dev/win32-5.15.0/lib/src/com/ishellitem.dart,/Users/faizul/.pub-cache/hosted/pub.dev/win32-5.15.0/lib/src/com/ishellitem2.dart,/Users/faizul/.pub-cache/hosted/pub.dev/win32-5.15.0/lib/src/com/ishellitemarray.dart,/Users/faizul/.pub-cache/hosted/pub.dev/win32-5.15.0/lib/src/com/ishellitemfilter.dart,/Users/faizul/.pub-cache/hosted/pub.dev/win32-5.15.0/lib/src/com/ishellitemimagefactory.dart,/Users/faizul/.pub-cache/hosted/pub.dev/win32-5.15.0/lib/src/com/ishellitemresources.dart,/Users/faizul/.pub-cache/hosted/pub.dev/win32-5.15.0/lib/src/com/ishelllink.dart,/Users/faizul/.pub-cache/hosted/pub.dev/win32-5.15.0/lib/src/com/ishelllinkdatalist.dart,/Users/faizul/.pub-cache/hosted/pub.dev/win32-5.15.0/lib/src/com/ishelllinkdual.dart,/Users/faizul/.pub-cache/hosted/pub.dev/win32-5.15.0/lib/src/com/ishellservice.dart,/Users/faizul/.pub-cache/hosted/pub.dev/win32-5.15.0/lib/src/com/isimpleaudiovolume.dart,/Users/faizul/.pub-cache/hosted/pub.dev/win32-5.15.0/lib/src/com/ispeechaudioformat.dart,/Users/faizul/.pub-cache/hosted/pub.dev/win32-5.15.0/lib/src/com/ispeechbasestream.dart,/Users/faizul/.pub-cache/hosted/pub.dev/win32-5.15.0/lib/src/com/ispeechobjecttoken.dart,/Users/faizul/.pub-cache/hosted/pub.dev/win32-5.15.0/lib/src/com/ispeechobjecttokens.dart,/Users/faizul/.pub-cache/hosted/pub.dev/win32-5.15.0/lib/src/com/ispeechvoice.dart,/Users/faizul/.pub-cache/hosted/pub.dev/win32-5.15.0/lib/src/com/ispeechvoicestatus.dart,/Users/faizul/.pub-cache/hosted/pub.dev/win32-5.15.0/lib/src/com/ispeechwaveformatex.dart,/Users/faizul/.pub-cache/hosted/pub.dev/win32-5.15.0/lib/src/com/ispellchecker.dart,/Users/faizul/.pub-cache/hosted/pub.dev/win32-5.15.0/lib/src/com/ispellchecker2.dart,/Users/faizul/.pub-cache/hosted/pub.dev/win32-5.15.0/lib/src/com/ispellcheckerchangedeventhandler.dart,/Users/faizul/.pub-cache/hosted/pub.dev/win32-5.15.0/lib/src/com/ispellcheckerfactory.dart,/Users/faizul/.pub-cache/hosted/pub.dev/win32-5.15.0/lib/src/com/ispellingerror.dart,/Users/faizul/.pub-cache/hosted/pub.dev/win32-5.15.0/lib/src/com/ispeventsource.dart,/Users/faizul/.pub-cache/hosted/pub.dev/win32-5.15.0/lib/src/com/ispnotifysource.dart,/Users/faizul/.pub-cache/hosted/pub.dev/win32-5.15.0/lib/src/com/ispvoice.dart,/Users/faizul/.pub-cache/hosted/pub.dev/win32-5.15.0/lib/src/com/istream.dart,/Users/faizul/.pub-cache/hosted/pub.dev/win32-5.15.0/lib/src/com/isupporterrorinfo.dart,/Users/faizul/.pub-cache/hosted/pub.dev/win32-5.15.0/lib/src/com/itypeinfo.dart,/Users/faizul/.pub-cache/hosted/pub.dev/win32-5.15.0/lib/src/com/iuiautomation.dart,/Users/faizul/.pub-cache/hosted/pub.dev/win32-5.15.0/lib/src/com/iuiautomation2.dart,/Users/faizul/.pub-cache/hosted/pub.dev/win32-5.15.0/lib/src/com/iuiautomation3.dart,/Users/faizul/.pub-cache/hosted/pub.dev/win32-5.15.0/lib/src/com/iuiautomation4.dart,/Users/faizul/.pub-cache/hosted/pub.dev/win32-5.15.0/lib/src/com/iuiautomation5.dart,/Users/faizul/.pub-cache/hosted/pub.dev/win32-5.15.0/lib/src/com/iuiautomation6.dart,/Users/faizul/.pub-cache/hosted/pub.dev/win32-5.15.0/lib/src/com/iuiautomationandcondition.dart,/Users/faizul/.pub-cache/hosted/pub.dev/win32-5.15.0/lib/src/com/iuiautomationannotationpattern.dart,/Users/faizul/.pub-cache/hosted/pub.dev/win32-5.15.0/lib/src/com/iuiautomationboolcondition.dart,/Users/faizul/.pub-cache/hosted/pub.dev/win32-5.15.0/lib/src/com/iuiautomationcacherequest.dart,/Users/faizul/.pub-cache/hosted/pub.dev/win32-5.15.0/lib/src/com/iuiautomationcondition.dart,/Users/faizul/.pub-cache/hosted/pub.dev/win32-5.15.0/lib/src/com/iuiautomationcustomnavigationpattern.dart,/Users/faizul/.pub-cache/hosted/pub.dev/win32-5.15.0/lib/src/com/iuiautomationdockpattern.dart,/Users/faizul/.pub-cache/hosted/pub.dev/win32-5.15.0/lib/src/com/iuiautomationdragpattern.dart,/Users/faizul/.pub-cache/hosted/pub.dev/win32-5.15.0/lib/src/com/iuiautomationdroptargetpattern.dart,/Users/faizul/.pub-cache/hosted/pub.dev/win32-5.15.0/lib/src/com/iuiautomationelement.dart,/Users/faizul/.pub-cache/hosted/pub.dev/win32-5.15.0/lib/src/com/iuiautomationelement2.dart,/Users/faizul/.pub-cache/hosted/pub.dev/win32-5.15.0/lib/src/com/iuiautomationelement3.dart,/Users/faizul/.pub-cache/hosted/pub.dev/win32-5.15.0/lib/src/com/iuiautomationelement4.dart,/Users/faizul/.pub-cache/hosted/pub.dev/win32-5.15.0/lib/src/com/iuiautomationelement5.dart,/Users/faizul/.pub-cache/hosted/pub.dev/win32-5.15.0/lib/src/com/iuiautomationelement6.dart,/Users/faizul/.pub-cache/hosted/pub.dev/win32-5.15.0/lib/src/com/iuiautomationelement7.dart,/Users/faizul/.pub-cache/hosted/pub.dev/win32-5.15.0/lib/src/com/iuiautomationelement8.dart,/Users/faizul/.pub-cache/hosted/pub.dev/win32-5.15.0/lib/src/com/iuiautomationelement9.dart,/Users/faizul/.pub-cache/hosted/pub.dev/win32-5.15.0/lib/src/com/iuiautomationelementarray.dart,/Users/faizul/.pub-cache/hosted/pub.dev/win32-5.15.0/lib/src/com/iuiautomationexpandcollapsepattern.dart,/Users/faizul/.pub-cache/hosted/pub.dev/win32-5.15.0/lib/src/com/iuiautomationgriditempattern.dart,/Users/faizul/.pub-cache/hosted/pub.dev/win32-5.15.0/lib/src/com/iuiautomationgridpattern.dart,/Users/faizul/.pub-cache/hosted/pub.dev/win32-5.15.0/lib/src/com/iuiautomationinvokepattern.dart,/Users/faizul/.pub-cache/hosted/pub.dev/win32-5.15.0/lib/src/com/iuiautomationitemcontainerpattern.dart,/Users/faizul/.pub-cache/hosted/pub.dev/win32-5.15.0/lib/src/com/iuiautomationlegacyiaccessiblepattern.dart,/Users/faizul/.pub-cache/hosted/pub.dev/win32-5.15.0/lib/src/com/iuiautomationmultipleviewpattern.dart,/Users/faizul/.pub-cache/hosted/pub.dev/win32-5.15.0/lib/src/com/iuiautomationnotcondition.dart,/Users/faizul/.pub-cache/hosted/pub.dev/win32-5.15.0/lib/src/com/iuiautomationobjectmodelpattern.dart,/Users/faizul/.pub-cache/hosted/pub.dev/win32-5.15.0/lib/src/com/iuiautomationorcondition.dart,/Users/faizul/.pub-cache/hosted/pub.dev/win32-5.15.0/lib/src/com/iuiautomationpropertycondition.dart,/Users/faizul/.pub-cache/hosted/pub.dev/win32-5.15.0/lib/src/com/iuiautomationproxyfactory.dart,/Users/faizul/.pub-cache/hosted/pub.dev/win32-5.15.0/lib/src/com/iuiautomationproxyfactoryentry.dart,/Users/faizul/.pub-cache/hosted/pub.dev/win32-5.15.0/lib/src/com/iuiautomationproxyfactorymapping.dart,/Users/faizul/.pub-cache/hosted/pub.dev/win32-5.15.0/lib/src/com/iuiautomationrangevaluepattern.dart,/Users/faizul/.pub-cache/hosted/pub.dev/win32-5.15.0/lib/src/com/iuiautomationscrollitempattern.dart,/Users/faizul/.pub-cache/hosted/pub.dev/win32-5.15.0/lib/src/com/iuiautomationscrollpattern.dart,/Users/faizul/.pub-cache/hosted/pub.dev/win32-5.15.0/lib/src/com/iuiautomationselectionitempattern.dart,/Users/faizul/.pub-cache/hosted/pub.dev/win32-5.15.0/lib/src/com/iuiautomationselectionpattern.dart,/Users/faizul/.pub-cache/hosted/pub.dev/win32-5.15.0/lib/src/com/iuiautomationselectionpattern2.dart,/Users/faizul/.pub-cache/hosted/pub.dev/win32-5.15.0/lib/src/com/iuiautomationspreadsheetitempattern.dart,/Users/faizul/.pub-cache/hosted/pub.dev/win32-5.15.0/lib/src/com/iuiautomationspreadsheetpattern.dart,/Users/faizul/.pub-cache/hosted/pub.dev/win32-5.15.0/lib/src/com/iuiautomationstylespattern.dart,/Users/faizul/.pub-cache/hosted/pub.dev/win32-5.15.0/lib/src/com/iuiautomationsynchronizedinputpattern.dart,/Users/faizul/.pub-cache/hosted/pub.dev/win32-5.15.0/lib/src/com/iuiautomationtableitempattern.dart,/Users/faizul/.pub-cache/hosted/pub.dev/win32-5.15.0/lib/src/com/iuiautomationtablepattern.dart,/Users/faizul/.pub-cache/hosted/pub.dev/win32-5.15.0/lib/src/com/iuiautomationtextchildpattern.dart,/Users/faizul/.pub-cache/hosted/pub.dev/win32-5.15.0/lib/src/com/iuiautomationtexteditpattern.dart,/Users/faizul/.pub-cache/hosted/pub.dev/win32-5.15.0/lib/src/com/iuiautomationtextpattern.dart,/Users/faizul/.pub-cache/hosted/pub.dev/win32-5.15.0/lib/src/com/iuiautomationtextpattern2.dart,/Users/faizul/.pub-cache/hosted/pub.dev/win32-5.15.0/lib/src/com/iuiautomationtextrange.dart,/Users/faizul/.pub-cache/hosted/pub.dev/win32-5.15.0/lib/src/com/iuiautomationtextrange2.dart,/Users/faizul/.pub-cache/hosted/pub.dev/win32-5.15.0/lib/src/com/iuiautomationtextrange3.dart,/Users/faizul/.pub-cache/hosted/pub.dev/win32-5.15.0/lib/src/com/iuiautomationtextrangearray.dart,/Users/faizul/.pub-cache/hosted/pub.dev/win32-5.15.0/lib/src/com/iuiautomationtogglepattern.dart,/Users/faizul/.pub-cache/hosted/pub.dev/win32-5.15.0/lib/src/com/iuiautomationtransformpattern.dart,/Users/faizul/.pub-cache/hosted/pub.dev/win32-5.15.0/lib/src/com/iuiautomationtransformpattern2.dart,/Users/faizul/.pub-cache/hosted/pub.dev/win32-5.15.0/lib/src/com/iuiautomationtreewalker.dart,/Users/faizul/.pub-cache/hosted/pub.dev/win32-5.15.0/lib/src/com/iuiautomationvaluepattern.dart,/Users/faizul/.pub-cache/hosted/pub.dev/win32-5.15.0/lib/src/com/iuiautomationvirtualizeditempattern.dart,/Users/faizul/.pub-cache/hosted/pub.dev/win32-5.15.0/lib/src/com/iuiautomationwindowpattern.dart,/Users/faizul/.pub-cache/hosted/pub.dev/win32-5.15.0/lib/src/com/iunknown.dart,/Users/faizul/.pub-cache/hosted/pub.dev/win32-5.15.0/lib/src/com/iuri.dart,/Users/faizul/.pub-cache/hosted/pub.dev/win32-5.15.0/lib/src/com/ivirtualdesktopmanager.dart,/Users/faizul/.pub-cache/hosted/pub.dev/win32-5.15.0/lib/src/com/iwbemclassobject.dart,/Users/faizul/.pub-cache/hosted/pub.dev/win32-5.15.0/lib/src/com/iwbemconfigurerefresher.dart,/Users/faizul/.pub-cache/hosted/pub.dev/win32-5.15.0/lib/src/com/iwbemcontext.dart,/Users/faizul/.pub-cache/hosted/pub.dev/win32-5.15.0/lib/src/com/iwbemhiperfenum.dart,/Users/faizul/.pub-cache/hosted/pub.dev/win32-5.15.0/lib/src/com/iwbemlocator.dart,/Users/faizul/.pub-cache/hosted/pub.dev/win32-5.15.0/lib/src/com/iwbemobjectaccess.dart,/Users/faizul/.pub-cache/hosted/pub.dev/win32-5.15.0/lib/src/com/iwbemrefresher.dart,/Users/faizul/.pub-cache/hosted/pub.dev/win32-5.15.0/lib/src/com/iwbemservices.dart,/Users/faizul/.pub-cache/hosted/pub.dev/win32-5.15.0/lib/src/com/iwebauthenticationcoremanagerinterop.dart,/Users/faizul/.pub-cache/hosted/pub.dev/win32-5.15.0/lib/src/com/iwinhttprequest.dart,/Users/faizul/.pub-cache/hosted/pub.dev/win32_registry-2.1.0/lib/src/access_rights.dart,/Users/faizul/.pub-cache/hosted/pub.dev/win32_registry-2.1.0/lib/src/registry.dart,/Users/faizul/.pub-cache/hosted/pub.dev/win32_registry-2.1.0/lib/src/registry_hive.dart,/Users/faizul/.pub-cache/hosted/pub.dev/win32_registry-2.1.0/lib/src/registry_key.dart,/Users/faizul/.pub-cache/hosted/pub.dev/win32_registry-2.1.0/lib/src/registry_key_info.dart,/Users/faizul/.pub-cache/hosted/pub.dev/win32_registry-2.1.0/lib/src/registry_value.dart,/Users/faizul/.pub-cache/hosted/pub.dev/win32_registry-2.1.0/lib/src/registry_value_type.dart,/Users/faizul/.pub-cache/hosted/pub.dev/geoclue-0.1.1/lib/src/accuracy_level.dart,/Users/faizul/.pub-cache/hosted/pub.dev/geoclue-0.1.1/lib/src/geoclue.dart,/Users/faizul/.pub-cache/hosted/pub.dev/geoclue-0.1.1/lib/src/location.dart,/Users/faizul/.pub-cache/hosted/pub.dev/gsettings-0.2.8/lib/gsettings.dart,/Users/faizul/.pub-cache/hosted/pub.dev/dbus-0.7.12/lib/dbus.dart,/Users/faizul/.pub-cache/hosted/pub.dev/path-1.9.1/lib/src/context.dart,/Users/faizul/.pub-cache/hosted/pub.dev/path-1.9.1/lib/src/style.dart,/Users/faizul/.pub-cache/hosted/pub.dev/path-1.9.1/lib/src/path_exception.dart,/Users/faizul/.pub-cache/hosted/pub.dev/path-1.9.1/lib/src/path_map.dart,/Users/faizul/.pub-cache/hosted/pub.dev/path-1.9.1/lib/src/path_set.dart,/usr/local/share/flutter/packages/flutter/lib/src/semantics/binding.dart,/usr/local/share/flutter/packages/flutter/lib/src/semantics/debug.dart,/usr/local/share/flutter/packages/flutter/lib/src/semantics/semantics.dart,/usr/local/share/flutter/packages/flutter/lib/src/semantics/semantics_event.dart,/usr/local/share/flutter/packages/flutter/lib/src/semantics/semantics_service.dart,/Users/faizul/.pub-cache/hosted/pub.dev/collection-1.19.1/lib/src/utils.dart,/Users/faizul/.pub-cache/hosted/pub.dev/collection-1.19.1/lib/src/combined_wrappers/combined_iterator.dart,/Users/faizul/.pub-cache/hosted/pub.dev/collection-1.19.1/lib/src/empty_unmodifiable_set.dart,/Users/faizul/.pub-cache/hosted/pub.dev/material_color_utilities-0.11.1/lib/dynamiccolor/src/contrast_curve.dart,/Users/faizul/.pub-cache/hosted/pub.dev/material_color_utilities-0.11.1/lib/dynamiccolor/src/tone_delta_pair.dart,/Users/faizul/.pub-cache/hosted/pub.dev/material_color_utilities-0.11.1/lib/hct/src/hct_solver.dart,/Users/faizul/.pub-cache/hosted/pub.dev/material_color_utilities-0.11.1/lib/quantize/src/point_provider_lab.dart,/Users/faizul/.pub-cache/hosted/pub.dev/material_color_utilities-0.11.1/lib/quantize/src/point_provider.dart,/usr/local/share/flutter/packages/flutter/lib/src/painting/_network_image_io.dart,/Users/faizul/.pub-cache/hosted/pub.dev/characters-1.4.0/lib/src/characters_impl.dart,/usr/local/share/flutter/packages/flutter/lib/src/physics/clamped_simulation.dart,/usr/local/share/flutter/packages/flutter/lib/src/physics/friction_simulation.dart,/usr/local/share/flutter/packages/flutter/lib/src/physics/gravity_simulation.dart,/usr/local/share/flutter/packages/flutter/lib/src/physics/simulation.dart,/usr/local/share/flutter/packages/flutter/lib/src/physics/spring_simulation.dart,/usr/local/share/flutter/packages/flutter/lib/src/physics/tolerance.dart,/usr/local/share/flutter/packages/flutter/lib/src/physics/utils.dart,/Users/faizul/payanam/lib/screens/auth_template.dart,/Users/faizul/payanam/lib/screens/student_registration_screen.dart,/Users/faizul/payanam/lib/services/auth_service.dart,/Users/faizul/payanam/lib/screens/student_dashboard.dart,/Users/faizul/payanam/lib/screens/driver_registration_screen.dart,/Users/faizul/payanam/lib/screens/driver_dashboard.dart,/Users/faizul/payanam/lib/screens/admin_registration_screen.dart,/Users/faizul/payanam/lib/screens/admin_dashboard.dart,/Users/faizul/.pub-cache/hosted/pub.dev/vector_math-2.2.0/lib/src/vector_math/aabb2.dart,/Users/faizul/.pub-cache/hosted/pub.dev/vector_math-2.2.0/lib/src/vector_math/aabb3.dart,/Users/faizul/.pub-cache/hosted/pub.dev/vector_math-2.2.0/lib/src/vector_math/colors.dart,/Users/faizul/.pub-cache/hosted/pub.dev/vector_math-2.2.0/lib/src/vector_math/constants.dart,/Users/faizul/.pub-cache/hosted/pub.dev/vector_math-2.2.0/lib/src/vector_math/error_helpers.dart,/Users/faizul/.pub-cache/hosted/pub.dev/vector_math-2.2.0/lib/src/vector_math/frustum.dart,/Users/faizul/.pub-cache/hosted/pub.dev/vector_math-2.2.0/lib/src/vector_math/intersection_result.dart,/Users/faizul/.pub-cache/hosted/pub.dev/vector_math-2.2.0/lib/src/vector_math/matrix2.dart,/Users/faizul/.pub-cache/hosted/pub.dev/vector_math-2.2.0/lib/src/vector_math/matrix3.dart,/Users/faizul/.pub-cache/hosted/pub.dev/vector_math-2.2.0/lib/src/vector_math/matrix4.dart,/Users/faizul/.pub-cache/hosted/pub.dev/vector_math-2.2.0/lib/src/vector_math/noise.dart,/Users/faizul/.pub-cache/hosted/pub.dev/vector_math-2.2.0/lib/src/vector_math/obb3.dart,/Users/faizul/.pub-cache/hosted/pub.dev/vector_math-2.2.0/lib/src/vector_math/opengl.dart,/Users/faizul/.pub-cache/hosted/pub.dev/vector_math-2.2.0/lib/src/vector_math/plane.dart,/Users/faizul/.pub-cache/hosted/pub.dev/vector_math-2.2.0/lib/src/vector_math/quad.dart,/Users/faizul/.pub-cache/hosted/pub.dev/vector_math-2.2.0/lib/src/vector_math/quaternion.dart,/Users/faizul/.pub-cache/hosted/pub.dev/vector_math-2.2.0/lib/src/vector_math/ray.dart,/Users/faizul/.pub-cache/hosted/pub.dev/vector_math-2.2.0/lib/src/vector_math/sphere.dart,/Users/faizul/.pub-cache/hosted/pub.dev/vector_math-2.2.0/lib/src/vector_math/triangle.dart,/Users/faizul/.pub-cache/hosted/pub.dev/vector_math-2.2.0/lib/src/vector_math/utilities.dart,/Users/faizul/.pub-cache/hosted/pub.dev/vector_math-2.2.0/lib/src/vector_math/vector.dart,/Users/faizul/.pub-cache/hosted/pub.dev/vector_math-2.2.0/lib/src/vector_math/vector2.dart,/Users/faizul/.pub-cache/hosted/pub.dev/vector_math-2.2.0/lib/src/vector_math/vector3.dart,/Users/faizul/.pub-cache/hosted/pub.dev/vector_math-2.2.0/lib/src/vector_math/vector4.dart,/Users/faizul/.pub-cache/hosted/pub.dev/uuid-4.5.3/lib/constants.dart,/Users/faizul/.pub-cache/hosted/pub.dev/crypto-3.0.7/lib/crypto.dart,/Users/faizul/.pub-cache/hosted/pub.dev/fixnum-1.1.1/lib/fixnum.dart,/Users/faizul/.pub-cache/hosted/pub.dev/google_maps_flutter_platform_interface-2.14.1/lib/src/types/tile_overlay_updates.dart,/Users/faizul/.pub-cache/hosted/pub.dev/google_maps_flutter_platform_interface-2.14.1/lib/src/types/utils/map_configuration_serialization.dart,/Users/faizul/.pub-cache/hosted/pub.dev/google_maps_flutter_platform_interface-2.14.1/lib/src/method_channel/serialization.dart,/Users/faizul/.pub-cache/hosted/pub.dev/google_maps_flutter_platform_interface-2.14.1/lib/src/types/advanced_marker.dart,/Users/faizul/.pub-cache/hosted/pub.dev/google_maps_flutter_platform_interface-2.14.1/lib/src/types/bitmap.dart,/Users/faizul/.pub-cache/hosted/pub.dev/google_maps_flutter_platform_interface-2.14.1/lib/src/types/callbacks.dart,/Users/faizul/.pub-cache/hosted/pub.dev/google_maps_flutter_platform_interface-2.14.1/lib/src/types/camera.dart,/Users/faizul/.pub-cache/hosted/pub.dev/google_maps_flutter_platform_interface-2.14.1/lib/src/types/cap.dart,/Users/faizul/.pub-cache/hosted/pub.dev/google_maps_flutter_platform_interface-2.14.1/lib/src/types/circle.dart,/Users/faizul/.pub-cache/hosted/pub.dev/google_maps_flutter_platform_interface-2.14.1/lib/src/types/circle_updates.dart,/Users/faizul/.pub-cache/hosted/pub.dev/google_maps_flutter_platform_interface-2.14.1/lib/src/types/cluster.dart,/Users/faizul/.pub-cache/hosted/pub.dev/google_maps_flutter_platform_interface-2.14.1/lib/src/types/cluster_manager.dart,/Users/faizul/.pub-cache/hosted/pub.dev/google_maps_flutter_platform_interface-2.14.1/lib/src/types/cluster_manager_updates.dart,/Users/faizul/.pub-cache/hosted/pub.dev/google_maps_flutter_platform_interface-2.14.1/lib/src/types/ground_overlay.dart,/Users/faizul/.pub-cache/hosted/pub.dev/google_maps_flutter_platform_interface-2.14.1/lib/src/types/ground_overlay_updates.dart,/Users/faizul/.pub-cache/hosted/pub.dev/google_maps_flutter_platform_interface-2.14.1/lib/src/types/heatmap.dart,/Users/faizul/.pub-cache/hosted/pub.dev/google_maps_flutter_platform_interface-2.14.1/lib/src/types/heatmap_updates.dart,/Users/faizul/.pub-cache/hosted/pub.dev/google_maps_flutter_platform_interface-2.14.1/lib/src/types/joint_type.dart,/Users/faizul/.pub-cache/hosted/pub.dev/google_maps_flutter_platform_interface-2.14.1/lib/src/types/location.dart,/Users/faizul/.pub-cache/hosted/pub.dev/google_maps_flutter_platform_interface-2.14.1/lib/src/types/map_configuration.dart,/Users/faizul/.pub-cache/hosted/pub.dev/google_maps_flutter_platform_interface-2.14.1/lib/src/types/map_objects.dart,/Users/faizul/.pub-cache/hosted/pub.dev/google_maps_flutter_platform_interface-2.14.1/lib/src/types/map_widget_configuration.dart,/Users/faizul/.pub-cache/hosted/pub.dev/google_maps_flutter_platform_interface-2.14.1/lib/src/types/maps_object.dart,/Users/faizul/.pub-cache/hosted/pub.dev/google_maps_flutter_platform_interface-2.14.1/lib/src/types/maps_object_updates.dart,/Users/faizul/.pub-cache/hosted/pub.dev/google_maps_flutter_platform_interface-2.14.1/lib/src/types/marker.dart,/Users/faizul/.pub-cache/hosted/pub.dev/google_maps_flutter_platform_interface-2.14.1/lib/src/types/marker_updates.dart,/Users/faizul/.pub-cache/hosted/pub.dev/google_maps_flutter_platform_interface-2.14.1/lib/src/types/pattern_item.dart,/Users/faizul/.pub-cache/hosted/pub.dev/google_maps_flutter_platform_interface-2.14.1/lib/src/types/polygon.dart,/Users/faizul/.pub-cache/hosted/pub.dev/google_maps_flutter_platform_interface-2.14.1/lib/src/types/polygon_updates.dart,/Users/faizul/.pub-cache/hosted/pub.dev/google_maps_flutter_platform_interface-2.14.1/lib/src/types/polyline.dart,/Users/faizul/.pub-cache/hosted/pub.dev/google_maps_flutter_platform_interface-2.14.1/lib/src/types/polyline_updates.dart,/Users/faizul/.pub-cache/hosted/pub.dev/google_maps_flutter_platform_interface-2.14.1/lib/src/types/screen_coordinate.dart,/Users/faizul/.pub-cache/hosted/pub.dev/google_maps_flutter_platform_interface-2.14.1/lib/src/types/tile.dart,/Users/faizul/.pub-cache/hosted/pub.dev/google_maps_flutter_platform_interface-2.14.1/lib/src/types/tile_overlay.dart,/Users/faizul/.pub-cache/hosted/pub.dev/google_maps_flutter_platform_interface-2.14.1/lib/src/types/tile_provider.dart,/Users/faizul/.pub-cache/hosted/pub.dev/google_maps_flutter_platform_interface-2.14.1/lib/src/types/ui.dart,/Users/faizul/.pub-cache/hosted/pub.dev/google_maps_flutter_platform_interface-2.14.1/lib/src/types/utils/circle.dart,/Users/faizul/.pub-cache/hosted/pub.dev/google_maps_flutter_platform_interface-2.14.1/lib/src/types/utils/cluster_manager.dart,/Users/faizul/.pub-cache/hosted/pub.dev/google_maps_flutter_platform_interface-2.14.1/lib/src/types/utils/ground_overlay.dart,/Users/faizul/.pub-cache/hosted/pub.dev/google_maps_flutter_platform_interface-2.14.1/lib/src/types/utils/heatmap.dart,/Users/faizul/.pub-cache/hosted/pub.dev/google_maps_flutter_platform_interface-2.14.1/lib/src/types/utils/marker.dart,/Users/faizul/.pub-cache/hosted/pub.dev/google_maps_flutter_platform_interface-2.14.1/lib/src/types/utils/polygon.dart,/Users/faizul/.pub-cache/hosted/pub.dev/google_maps_flutter_platform_interface-2.14.1/lib/src/types/utils/polyline.dart,/Users/faizul/.pub-cache/hosted/pub.dev/google_maps_flutter_platform_interface-2.14.1/lib/src/types/utils/tile_overlay.dart,/Users/faizul/.pub-cache/hosted/pub.dev/google_maps_flutter_platform_interface-2.14.1/lib/src/types/web_camera_control_position.dart,/Users/faizul/.pub-cache/hosted/pub.dev/google_maps_flutter_platform_interface-2.14.1/lib/src/types/web_gesture_handling.dart,/Users/faizul/.pub-cache/hosted/pub.dev/stream_transform-2.1.1/lib/src/common_callbacks.dart,/Users/faizul/.pub-cache/hosted/pub.dev/stream_transform-2.1.1/lib/src/aggregate_sample.dart,/Users/faizul/.pub-cache/hosted/pub.dev/stream_transform-2.1.1/lib/src/from_handlers.dart,/Users/faizul/.pub-cache/hosted/pub.dev/file-7.0.1/lib/src/forwarding/forwarding_directory.dart,/Users/faizul/.pub-cache/hosted/pub.dev/file-7.0.1/lib/src/forwarding/forwarding_file.dart,/Users/faizul/.pub-cache/hosted/pub.dev/file-7.0.1/lib/src/forwarding/forwarding_file_system.dart,/Users/faizul/.pub-cache/hosted/pub.dev/file-7.0.1/lib/src/forwarding/forwarding_file_system_entity.dart,/Users/faizul/.pub-cache/hosted/pub.dev/file-7.0.1/lib/src/forwarding/forwarding_link.dart,/Users/faizul/.pub-cache/hosted/pub.dev/file-7.0.1/lib/src/forwarding/forwarding_random_access_file.dart,/Users/faizul/.pub-cache/hosted/pub.dev/file-7.0.1/lib/src/interface/directory.dart,/Users/faizul/.pub-cache/hosted/pub.dev/file-7.0.1/lib/src/interface/error_codes.dart,/Users/faizul/.pub-cache/hosted/pub.dev/file-7.0.1/lib/src/interface/file.dart,/Users/faizul/.pub-cache/hosted/pub.dev/file-7.0.1/lib/src/interface/file_system.dart,/Users/faizul/.pub-cache/hosted/pub.dev/file-7.0.1/lib/src/interface/file_system_entity.dart,/Users/faizul/.pub-cache/hosted/pub.dev/file-7.0.1/lib/src/interface/link.dart,/Users/faizul/.pub-cache/hosted/pub.dev/file-7.0.1/lib/src/io.dart,/Users/faizul/.pub-cache/hosted/pub.dev/file-7.0.1/lib/src/backends/local/local_file_system.dart,/Users/faizul/.pub-cache/hosted/pub.dev/win32-5.15.0/lib/src/extensions/_internal.dart,/Users/faizul/.pub-cache/hosted/pub.dev/win32_registry-2.1.0/lib/src/utils.dart,/Users/faizul/.pub-cache/hosted/pub.dev/geoclue-0.1.1/lib/src/constants.dart,/Users/faizul/.pub-cache/hosted/pub.dev/geoclue-0.1.1/lib/src/util.dart,/Users/faizul/.pub-cache/hosted/pub.dev/geoclue-0.1.1/lib/src/client.dart,/Users/faizul/.pub-cache/hosted/pub.dev/geoclue-0.1.1/lib/src/manager.dart,/Users/faizul/.pub-cache/hosted/pub.dev/geoclue-0.1.1/lib/src/simple.dart,/Users/faizul/.pub-cache/hosted/pub.dev/gsettings-0.2.8/lib/src/gsettings.dart,/Users/faizul/.pub-cache/hosted/pub.dev/gsettings-0.2.8/lib/src/gsettings_backend.dart,/Users/faizul/.pub-cache/hosted/pub.dev/gsettings-0.2.8/lib/src/gsettings_dconf_backend.dart,/Users/faizul/.pub-cache/hosted/pub.dev/gsettings-0.2.8/lib/src/gsettings_keyfile_backend.dart,/Users/faizul/.pub-cache/hosted/pub.dev/gsettings-0.2.8/lib/src/gsettings_memory_backend.dart,/Users/faizul/.pub-cache/hosted/pub.dev/dbus-0.7.12/lib/src/dbus_address.dart,/Users/faizul/.pub-cache/hosted/pub.dev/dbus-0.7.12/lib/src/dbus_auth_client.dart,/Users/faizul/.pub-cache/hosted/pub.dev/dbus-0.7.12/lib/src/dbus_client.dart,/Users/faizul/.pub-cache/hosted/pub.dev/dbus-0.7.12/lib/src/dbus_introspect.dart,/Users/faizul/.pub-cache/hosted/pub.dev/dbus-0.7.12/lib/src/dbus_method_call.dart,/Users/faizul/.pub-cache/hosted/pub.dev/dbus-0.7.12/lib/src/dbus_method_response.dart,/Users/faizul/.pub-cache/hosted/pub.dev/dbus-0.7.12/lib/src/dbus_object.dart,/Users/faizul/.pub-cache/hosted/pub.dev/dbus-0.7.12/lib/src/dbus_remote_object.dart,/Users/faizul/.pub-cache/hosted/pub.dev/dbus-0.7.12/lib/src/dbus_remote_object_manager.dart,/Users/faizul/.pub-cache/hosted/pub.dev/dbus-0.7.12/lib/src/dbus_server.dart,/Users/faizul/.pub-cache/hosted/pub.dev/dbus-0.7.12/lib/src/dbus_signal.dart,/Users/faizul/.pub-cache/hosted/pub.dev/dbus-0.7.12/lib/src/dbus_value.dart,/Users/faizul/.pub-cache/hosted/pub.dev/path-1.9.1/lib/src/characters.dart,/Users/faizul/.pub-cache/hosted/pub.dev/path-1.9.1/lib/src/internal_style.dart,/Users/faizul/.pub-cache/hosted/pub.dev/path-1.9.1/lib/src/parsed_path.dart,/Users/faizul/.pub-cache/hosted/pub.dev/path-1.9.1/lib/src/style/posix.dart,/Users/faizul/.pub-cache/hosted/pub.dev/path-1.9.1/lib/src/style/url.dart,/Users/faizul/.pub-cache/hosted/pub.dev/path-1.9.1/lib/src/style/windows.dart,/Users/faizul/.pub-cache/hosted/pub.dev/characters-1.4.0/lib/src/grapheme_clusters/breaks.dart,/Users/faizul/.pub-cache/hosted/pub.dev/characters-1.4.0/lib/src/grapheme_clusters/constants.dart,/Users/faizul/.pub-cache/hosted/pub.dev/characters-1.4.0/lib/src/grapheme_clusters/table.dart,/Users/faizul/.pub-cache/hosted/pub.dev/cloud_firestore-5.6.12/lib/cloud_firestore.dart,/Users/faizul/.pub-cache/hosted/pub.dev/firebase_auth-5.7.0/lib/firebase_auth.dart,/Users/faizul/.pub-cache/hosted/pub.dev/google_maps_flutter-2.14.2/lib/google_maps_flutter.dart,/Users/faizul/.pub-cache/hosted/pub.dev/flutter_polyline_points-3.1.0/lib/flutter_polyline_points.dart,/Users/faizul/.pub-cache/hosted/pub.dev/flutter_tts-4.2.5/lib/flutter_tts.dart,/Users/faizul/.pub-cache/hosted/pub.dev/vibration-2.1.0/lib/vibration.dart,/Users/faizul/.pub-cache/hosted/pub.dev/geolocator-14.0.2/lib/geolocator.dart,/Users/faizul/.pub-cache/hosted/pub.dev/http-1.6.0/lib/http.dart,/Users/faizul/payanam/lib/screens/driver/panes/driver_home_pane.dart,/Users/faizul/payanam/lib/screens/driver/panes/driver_history_pane.dart,/Users/faizul/payanam/lib/screens/driver/panes/driver_profile_pane.dart,/Users/faizul/payanam/lib/screens/admin/panes/overview_pane.dart,/Users/faizul/payanam/lib/screens/admin/panes/tracking_pane.dart,/Users/faizul/payanam/lib/screens/admin/panes/buses_pane.dart,/Users/faizul/payanam/lib/screens/admin/panes/routes_pane.dart,/Users/faizul/payanam/lib/screens/admin/panes/student_management_pane.dart,/Users/faizul/payanam/lib/screens/admin/panes/driver_management_pane.dart,/Users/faizul/payanam/lib/screens/admin/panes/generic_pane.dart,/Users/faizul/.pub-cache/hosted/pub.dev/crypto-3.0.7/lib/src/digest.dart,/Users/faizul/.pub-cache/hosted/pub.dev/crypto-3.0.7/lib/src/hash.dart,/Users/faizul/.pub-cache/hosted/pub.dev/crypto-3.0.7/lib/src/hmac.dart,/Users/faizul/.pub-cache/hosted/pub.dev/crypto-3.0.7/lib/src/md5.dart,/Users/faizul/.pub-cache/hosted/pub.dev/crypto-3.0.7/lib/src/sha1.dart,/Users/faizul/.pub-cache/hosted/pub.dev/crypto-3.0.7/lib/src/sha256.dart,/Users/faizul/.pub-cache/hosted/pub.dev/crypto-3.0.7/lib/src/sha512.dart,/Users/faizul/.pub-cache/hosted/pub.dev/fixnum-1.1.1/lib/src/int32.dart,/Users/faizul/.pub-cache/hosted/pub.dev/fixnum-1.1.1/lib/src/int64.dart,/Users/faizul/.pub-cache/hosted/pub.dev/fixnum-1.1.1/lib/src/intx.dart,/Users/faizul/.pub-cache/hosted/pub.dev/google_maps_flutter_platform_interface-2.14.1/lib/src/types/utils/maps_object.dart,/Users/faizul/.pub-cache/hosted/pub.dev/file-7.0.1/lib/src/interface/error_codes_dart_io.dart,/Users/faizul/.pub-cache/hosted/pub.dev/file-7.0.1/lib/src/backends/local/local_directory.dart,/Users/faizul/.pub-cache/hosted/pub.dev/file-7.0.1/lib/src/backends/local/local_file.dart,/Users/faizul/.pub-cache/hosted/pub.dev/file-7.0.1/lib/src/backends/local/local_link.dart,/Users/faizul/.pub-cache/hosted/pub.dev/xdg_directories-1.1.0/lib/xdg_directories.dart,/Users/faizul/.pub-cache/hosted/pub.dev/gsettings-0.2.8/lib/src/gvariant_database.dart,/Users/faizul/.pub-cache/hosted/pub.dev/gsettings-0.2.8/lib/src/dconf_client.dart,/Users/faizul/.pub-cache/hosted/pub.dev/gsettings-0.2.8/lib/src/gvariant_text_codec.dart,/Users/faizul/.pub-cache/hosted/pub.dev/dbus-0.7.12/lib/src/dbus_uuid.dart,/Users/faizul/.pub-cache/hosted/pub.dev/dbus-0.7.12/lib/src/getsid.dart,/Users/faizul/.pub-cache/hosted/pub.dev/dbus-0.7.12/lib/src/getuid.dart,/Users/faizul/.pub-cache/hosted/pub.dev/dbus-0.7.12/lib/src/dbus_bus_name.dart,/Users/faizul/.pub-cache/hosted/pub.dev/dbus-0.7.12/lib/src/dbus_error_name.dart,/Users/faizul/.pub-cache/hosted/pub.dev/dbus-0.7.12/lib/src/dbus_interface_name.dart,/Users/faizul/.pub-cache/hosted/pub.dev/dbus-0.7.12/lib/src/dbus_introspectable.dart,/Users/faizul/.pub-cache/hosted/pub.dev/dbus-0.7.12/lib/src/dbus_match_rule.dart,/Users/faizul/.pub-cache/hosted/pub.dev/dbus-0.7.12/lib/src/dbus_member_name.dart,/Users/faizul/.pub-cache/hosted/pub.dev/dbus-0.7.12/lib/src/dbus_message.dart,/Users/faizul/.pub-cache/hosted/pub.dev/dbus-0.7.12/lib/src/dbus_object_manager.dart,/Users/faizul/.pub-cache/hosted/pub.dev/dbus-0.7.12/lib/src/dbus_object_tree.dart,/Users/faizul/.pub-cache/hosted/pub.dev/dbus-0.7.12/lib/src/dbus_peer.dart,/Users/faizul/.pub-cache/hosted/pub.dev/dbus-0.7.12/lib/src/dbus_properties.dart,/Users/faizul/.pub-cache/hosted/pub.dev/dbus-0.7.12/lib/src/dbus_read_buffer.dart,/Users/faizul/.pub-cache/hosted/pub.dev/dbus-0.7.12/lib/src/dbus_write_buffer.dart,/Users/faizul/.pub-cache/hosted/pub.dev/xml-6.6.1/lib/xml.dart,/Users/faizul/.pub-cache/hosted/pub.dev/dbus-0.7.12/lib/src/dbus_auth_server.dart,/Users/faizul/.pub-cache/hosted/pub.dev/path-1.9.1/lib/src/utils.dart,/Users/faizul/.pub-cache/hosted/pub.dev/cloud_firestore_platform_interface-6.6.12/lib/cloud_firestore_platform_interface.dart,/Users/faizul/.pub-cache/hosted/pub.dev/cloud_firestore-5.6.12/lib/src/aggregate_query.dart,/Users/faizul/.pub-cache/hosted/pub.dev/cloud_firestore-5.6.12/lib/src/aggregate_query_snapshot.dart,/Users/faizul/.pub-cache/hosted/pub.dev/cloud_firestore-5.6.12/lib/src/collection_reference.dart,/Users/faizul/.pub-cache/hosted/pub.dev/cloud_firestore-5.6.12/lib/src/document_change.dart,/Users/faizul/.pub-cache/hosted/pub.dev/cloud_firestore-5.6.12/lib/src/document_reference.dart,/Users/faizul/.pub-cache/hosted/pub.dev/cloud_firestore-5.6.12/lib/src/document_snapshot.dart,/Users/faizul/.pub-cache/hosted/pub.dev/cloud_firestore-5.6.12/lib/src/field_value.dart,/Users/faizul/.pub-cache/hosted/pub.dev/cloud_firestore-5.6.12/lib/src/filters.dart,/Users/faizul/.pub-cache/hosted/pub.dev/cloud_firestore-5.6.12/lib/src/firestore.dart,/Users/faizul/.pub-cache/hosted/pub.dev/cloud_firestore-5.6.12/lib/src/load_bundle_task.dart,/Users/faizul/.pub-cache/hosted/pub.dev/cloud_firestore-5.6.12/lib/src/load_bundle_task_snapshot.dart,/Users/faizul/.pub-cache/hosted/pub.dev/cloud_firestore-5.6.12/lib/src/persistent_cache_index_manager.dart,/Users/faizul/.pub-cache/hosted/pub.dev/cloud_firestore-5.6.12/lib/src/query.dart,/Users/faizul/.pub-cache/hosted/pub.dev/cloud_firestore-5.6.12/lib/src/query_document_snapshot.dart,/Users/faizul/.pub-cache/hosted/pub.dev/cloud_firestore-5.6.12/lib/src/query_snapshot.dart,/Users/faizul/.pub-cache/hosted/pub.dev/cloud_firestore-5.6.12/lib/src/snapshot_metadata.dart,/Users/faizul/.pub-cache/hosted/pub.dev/cloud_firestore-5.6.12/lib/src/transaction.dart,/Users/faizul/.pub-cache/hosted/pub.dev/cloud_firestore-5.6.12/lib/src/utils/codec_utility.dart,/Users/faizul/.pub-cache/hosted/pub.dev/cloud_firestore-5.6.12/lib/src/write_batch.dart,/Users/faizul/.pub-cache/hosted/pub.dev/firebase_auth_platform_interface-7.7.3/lib/firebase_auth_platform_interface.dart,/Users/faizul/.pub-cache/hosted/pub.dev/firebase_auth-5.7.0/lib/src/confirmation_result.dart,/Users/faizul/.pub-cache/hosted/pub.dev/firebase_auth-5.7.0/lib/src/firebase_auth.dart,/Users/faizul/.pub-cache/hosted/pub.dev/firebase_auth-5.7.0/lib/src/multi_factor.dart,/Users/faizul/.pub-cache/hosted/pub.dev/firebase_auth-5.7.0/lib/src/recaptcha_verifier.dart,/Users/faizul/.pub-cache/hosted/pub.dev/firebase_auth-5.7.0/lib/src/user.dart,/Users/faizul/.pub-cache/hosted/pub.dev/firebase_auth-5.7.0/lib/src/user_credential.dart,/Users/faizul/.pub-cache/hosted/pub.dev/google_maps_flutter-2.14.2/lib/src/controller.dart,/Users/faizul/.pub-cache/hosted/pub.dev/google_maps_flutter-2.14.2/lib/src/google_map.dart,/Users/faizul/.pub-cache/hosted/pub.dev/flutter_polyline_points-3.1.0/lib/src/network/network_util.dart,/Users/faizul/.pub-cache/hosted/pub.dev/flutter_polyline_points-3.1.0/lib/src/commons/point_lat_lng.dart,/Users/faizul/.pub-cache/hosted/pub.dev/flutter_polyline_points-3.1.0/lib/src/utils/polyline_request.dart,/Users/faizul/.pub-cache/hosted/pub.dev/flutter_polyline_points-3.1.0/lib/src/utils/polyline_result.dart,/Users/faizul/.pub-cache/hosted/pub.dev/flutter_polyline_points-3.1.0/lib/src/utils/polyline_waypoint.dart,/Users/faizul/.pub-cache/hosted/pub.dev/flutter_polyline_points-3.1.0/lib/src/polyline_points.dart,/Users/faizul/.pub-cache/hosted/pub.dev/flutter_polyline_points-3.1.0/lib/src/network/network_provider.dart,/Users/faizul/.pub-cache/hosted/pub.dev/flutter_polyline_points-3.1.0/lib/src/utils/request_converter.dart,/Users/faizul/.pub-cache/hosted/pub.dev/flutter_polyline_points-3.1.0/lib/src/routes_api/routes_request.dart,/Users/faizul/.pub-cache/hosted/pub.dev/flutter_polyline_points-3.1.0/lib/src/routes_api/routes_response.dart,/Users/faizul/.pub-cache/hosted/pub.dev/flutter_polyline_points-3.1.0/lib/src/routes_api/route_modifiers.dart,/Users/faizul/.pub-cache/hosted/pub.dev/flutter_polyline_points-3.1.0/lib/src/routes_api/toll_info.dart,/Users/faizul/.pub-cache/hosted/pub.dev/flutter_polyline_points-3.1.0/lib/src/routes_api/traffic_info.dart,/Users/faizul/.pub-cache/hosted/pub.dev/flutter_polyline_points-3.1.0/lib/src/commons/travel_mode.dart,/Users/faizul/.pub-cache/hosted/pub.dev/flutter_polyline_points-3.1.0/lib/src/routes_api/enums/routing_preference.dart,/Users/faizul/.pub-cache/hosted/pub.dev/flutter_polyline_points-3.1.0/lib/src/routes_api/enums/units.dart,/Users/faizul/.pub-cache/hosted/pub.dev/flutter_polyline_points-3.1.0/lib/src/routes_api/enums/polyline_quality.dart,/Users/faizul/.pub-cache/hosted/pub.dev/vibration_platform_interface-0.0.3/lib/vibration_platform_interface.dart,/Users/faizul/.pub-cache/hosted/pub.dev/geolocator_web-4.1.3/lib/web_settings.dart,/Users/faizul/.pub-cache/hosted/pub.dev/http-1.6.0/lib/src/client.dart,/Users/faizul/.pub-cache/hosted/pub.dev/http-1.6.0/lib/src/exception.dart,/Users/faizul/.pub-cache/hosted/pub.dev/http-1.6.0/lib/src/request.dart,/Users/faizul/.pub-cache/hosted/pub.dev/http-1.6.0/lib/src/response.dart,/Users/faizul/.pub-cache/hosted/pub.dev/http-1.6.0/lib/src/streamed_request.dart,/Users/faizul/.pub-cache/hosted/pub.dev/http_parser-4.1.2/lib/http_parser.dart,/Users/faizul/.pub-cache/hosted/pub.dev/http-1.6.0/lib/src/abortable.dart,/Users/faizul/.pub-cache/hosted/pub.dev/http-1.6.0/lib/src/base_client.dart,/Users/faizul/.pub-cache/hosted/pub.dev/http-1.6.0/lib/src/base_request.dart,/Users/faizul/.pub-cache/hosted/pub.dev/http-1.6.0/lib/src/base_response.dart,/Users/faizul/.pub-cache/hosted/pub.dev/http-1.6.0/lib/src/byte_stream.dart,/Users/faizul/.pub-cache/hosted/pub.dev/http-1.6.0/lib/src/multipart_file.dart,/Users/faizul/.pub-cache/hosted/pub.dev/http-1.6.0/lib/src/multipart_request.dart,/Users/faizul/.pub-cache/hosted/pub.dev/http-1.6.0/lib/src/streamed_response.dart,/Users/faizul/payanam/lib/widgets/summary_card.dart,/Users/faizul/payanam/lib/widgets/fleet_item.dart,/Users/faizul/.pub-cache/hosted/pub.dev/crypto-3.0.7/lib/src/digest_sink.dart,/Users/faizul/.pub-cache/hosted/pub.dev/crypto-3.0.7/lib/src/hash_sink.dart,/Users/faizul/.pub-cache/hosted/pub.dev/crypto-3.0.7/lib/src/utils.dart,/Users/faizul/.pub-cache/hosted/pub.dev/crypto-3.0.7/lib/src/sha512_fastsinks.dart,/Users/faizul/.pub-cache/hosted/pub.dev/fixnum-1.1.1/lib/src/utilities.dart,/Users/faizul/.pub-cache/hosted/pub.dev/file-7.0.1/lib/src/common.dart,/Users/faizul/.pub-cache/hosted/pub.dev/file-7.0.1/lib/src/backends/local/local_file_system_entity.dart,/Users/faizul/.pub-cache/hosted/pub.dev/gsettings-0.2.8/lib/src/gvariant_binary_codec.dart,/Users/faizul/.pub-cache/hosted/pub.dev/gsettings-0.2.8/lib/src/getuid.dart,/Users/faizul/.pub-cache/hosted/pub.dev/dbus-0.7.12/lib/src/getsid_windows.dart,/Users/faizul/.pub-cache/hosted/pub.dev/dbus-0.7.12/lib/src/getuid_linux.dart,/Users/faizul/.pub-cache/hosted/pub.dev/dbus-0.7.12/lib/src/dbus_buffer.dart,/Users/faizul/.pub-cache/hosted/pub.dev/xml-6.6.1/lib/src/xml/builder.dart,/Users/faizul/.pub-cache/hosted/pub.dev/xml-6.6.1/lib/src/xml/entities/default_mapping.dart,/Users/faizul/.pub-cache/hosted/pub.dev/xml-6.6.1/lib/src/xml/entities/entity_mapping.dart,/Users/faizul/.pub-cache/hosted/pub.dev/xml-6.6.1/lib/src/xml/entities/null_mapping.dart,/Users/faizul/.pub-cache/hosted/pub.dev/xml-6.6.1/lib/src/xml/enums/attribute_type.dart,/Users/faizul/.pub-cache/hosted/pub.dev/xml-6.6.1/lib/src/xml/enums/node_type.dart,/Users/faizul/.pub-cache/hosted/pub.dev/xml-6.6.1/lib/src/xml/exceptions/exception.dart,/Users/faizul/.pub-cache/hosted/pub.dev/xml-6.6.1/lib/src/xml/exceptions/format_exception.dart,/Users/faizul/.pub-cache/hosted/pub.dev/xml-6.6.1/lib/src/xml/exceptions/parent_exception.dart,/Users/faizul/.pub-cache/hosted/pub.dev/xml-6.6.1/lib/src/xml/exceptions/parser_exception.dart,/Users/faizul/.pub-cache/hosted/pub.dev/xml-6.6.1/lib/src/xml/exceptions/tag_exception.dart,/Users/faizul/.pub-cache/hosted/pub.dev/xml-6.6.1/lib/src/xml/exceptions/type_exception.dart,/Users/faizul/.pub-cache/hosted/pub.dev/xml-6.6.1/lib/src/xml/extensions/ancestors.dart,/Users/faizul/.pub-cache/hosted/pub.dev/xml-6.6.1/lib/src/xml/extensions/comparison.dart,/Users/faizul/.pub-cache/hosted/pub.dev/xml-6.6.1/lib/src/xml/extensions/descendants.dart,/Users/faizul/.pub-cache/hosted/pub.dev/xml-6.6.1/lib/src/xml/extensions/find.dart,/Users/faizul/.pub-cache/hosted/pub.dev/xml-6.6.1/lib/src/xml/extensions/following.dart,/Users/faizul/.pub-cache/hosted/pub.dev/xml-6.6.1/lib/src/xml/extensions/mutator.dart,/Users/faizul/.pub-cache/hosted/pub.dev/xml-6.6.1/lib/src/xml/extensions/nodes.dart,/Users/faizul/.pub-cache/hosted/pub.dev/xml-6.6.1/lib/src/xml/extensions/parent.dart,/Users/faizul/.pub-cache/hosted/pub.dev/xml-6.6.1/lib/src/xml/extensions/preceding.dart,/Users/faizul/.pub-cache/hosted/pub.dev/xml-6.6.1/lib/src/xml/extensions/sibling.dart,/Users/faizul/.pub-cache/hosted/pub.dev/xml-6.6.1/lib/src/xml/extensions/string.dart,/Users/faizul/.pub-cache/hosted/pub.dev/xml-6.6.1/lib/src/xml/mixins/has_attributes.dart,/Users/faizul/.pub-cache/hosted/pub.dev/xml-6.6.1/lib/src/xml/mixins/has_children.dart,/Users/faizul/.pub-cache/hosted/pub.dev/xml-6.6.1/lib/src/xml/mixins/has_name.dart,/Users/faizul/.pub-cache/hosted/pub.dev/xml-6.6.1/lib/src/xml/mixins/has_parent.dart,/Users/faizul/.pub-cache/hosted/pub.dev/xml-6.6.1/lib/src/xml/mixins/has_visitor.dart,/Users/faizul/.pub-cache/hosted/pub.dev/xml-6.6.1/lib/src/xml/mixins/has_writer.dart,/Users/faizul/.pub-cache/hosted/pub.dev/xml-6.6.1/lib/src/xml/nodes/attribute.dart,/Users/faizul/.pub-cache/hosted/pub.dev/xml-6.6.1/lib/src/xml/nodes/cdata.dart,/Users/faizul/.pub-cache/hosted/pub.dev/xml-6.6.1/lib/src/xml/nodes/comment.dart,/Users/faizul/.pub-cache/hosted/pub.dev/xml-6.6.1/lib/src/xml/nodes/declaration.dart,/Users/faizul/.pub-cache/hosted/pub.dev/xml-6.6.1/lib/src/xml/nodes/doctype.dart,/Users/faizul/.pub-cache/hosted/pub.dev/xml-6.6.1/lib/src/xml/nodes/document.dart,/Users/faizul/.pub-cache/hosted/pub.dev/xml-6.6.1/lib/src/xml/nodes/document_fragment.dart,/Users/faizul/.pub-cache/hosted/pub.dev/xml-6.6.1/lib/src/xml/nodes/element.dart,/Users/faizul/.pub-cache/hosted/pub.dev/xml-6.6.1/lib/src/xml/nodes/node.dart,/Users/faizul/.pub-cache/hosted/pub.dev/xml-6.6.1/lib/src/xml/nodes/processing.dart,/Users/faizul/.pub-cache/hosted/pub.dev/xml-6.6.1/lib/src/xml/nodes/text.dart,/Users/faizul/.pub-cache/hosted/pub.dev/xml-6.6.1/lib/src/xml/utils/name.dart,/Users/faizul/.pub-cache/hosted/pub.dev/xml-6.6.1/lib/src/xml/utils/token.dart,/Users/faizul/.pub-cache/hosted/pub.dev/xml-6.6.1/lib/src/xml/visitors/normalizer.dart,/Users/faizul/.pub-cache/hosted/pub.dev/xml-6.6.1/lib/src/xml/visitors/pretty_writer.dart,/Users/faizul/.pub-cache/hosted/pub.dev/xml-6.6.1/lib/src/xml/visitors/visitor.dart,/Users/faizul/.pub-cache/hosted/pub.dev/xml-6.6.1/lib/src/xml/visitors/writer.dart,/Users/faizul/.pub-cache/hosted/pub.dev/cloud_firestore_platform_interface-6.6.12/lib/src/internal/pointer.dart,/Users/faizul/.pub-cache/hosted/pub.dev/cloud_firestore_platform_interface-6.6.12/lib/src/blob.dart,/Users/faizul/.pub-cache/hosted/pub.dev/cloud_firestore_platform_interface-6.6.12/lib/src/field_path.dart,/Users/faizul/.pub-cache/hosted/pub.dev/cloud_firestore_platform_interface-6.6.12/lib/src/field_path_type.dart,/Users/faizul/.pub-cache/hosted/pub.dev/cloud_firestore_platform_interface-6.6.12/lib/src/filters.dart,/Users/faizul/.pub-cache/hosted/pub.dev/cloud_firestore_platform_interface-6.6.12/lib/src/geo_point.dart,/Users/faizul/.pub-cache/hosted/pub.dev/cloud_firestore_platform_interface-6.6.12/lib/src/get_options.dart,/Users/faizul/.pub-cache/hosted/pub.dev/cloud_firestore_platform_interface-6.6.12/lib/src/load_bundle_task_state.dart,/Users/faizul/.pub-cache/hosted/pub.dev/cloud_firestore_platform_interface-6.6.12/lib/src/persistence_settings.dart,/Users/faizul/.pub-cache/hosted/pub.dev/cloud_firestore_platform_interface-6.6.12/lib/src/pigeon/messages.pigeon.dart,/Users/faizul/.pub-cache/hosted/pub.dev/cloud_firestore_platform_interface-6.6.12/lib/src/platform_interface/platform_interface_aggregate_query.dart,/Users/faizul/.pub-cache/hosted/pub.dev/cloud_firestore_platform_interface-6.6.12/lib/src/platform_interface/platform_interface_aggregate_query_snapshot.dart,/Users/faizul/.pub-cache/hosted/pub.dev/cloud_firestore_platform_interface-6.6.12/lib/src/platform_interface/platform_interface_collection_reference.dart,/Users/faizul/.pub-cache/hosted/pub.dev/cloud_firestore_platform_interface-6.6.12/lib/src/platform_interface/platform_interface_document_change.dart,/Users/faizul/.pub-cache/hosted/pub.dev/cloud_firestore_platform_interface-6.6.12/lib/src/platform_interface/platform_interface_document_reference.dart,/Users/faizul/.pub-cache/hosted/pub.dev/cloud_firestore_platform_interface-6.6.12/lib/src/platform_interface/platform_interface_document_snapshot.dart,/Users/faizul/.pub-cache/hosted/pub.dev/cloud_firestore_platform_interface-6.6.12/lib/src/platform_interface/platform_interface_field_value.dart,/Users/faizul/.pub-cache/hosted/pub.dev/cloud_firestore_platform_interface-6.6.12/lib/src/platform_interface/platform_interface_field_value_factory.dart,/Users/faizul/.pub-cache/hosted/pub.dev/cloud_firestore_platform_interface-6.6.12/lib/src/platform_interface/platform_interface_firestore.dart,/Users/faizul/.pub-cache/hosted/pub.dev/cloud_firestore_platform_interface-6.6.12/lib/src/platform_interface/platform_interface_index_definitions.dart,/Users/faizul/.pub-cache/hosted/pub.dev/cloud_firestore_platform_interface-6.6.12/lib/src/platform_interface/platform_interface_load_bundle_task.dart,/Users/faizul/.pub-cache/hosted/pub.dev/cloud_firestore_platform_interface-6.6.12/lib/src/platform_interface/platform_interface_load_bundle_task_snapshot.dart,/Users/faizul/.pub-cache/hosted/pub.dev/cloud_firestore_platform_interface-6.6.12/lib/src/platform_interface/platform_interface_persistent_cache_index_manager.dart,/Users/faizul/.pub-cache/hosted/pub.dev/cloud_firestore_platform_interface-6.6.12/lib/src/platform_interface/platform_interface_query.dart,/Users/faizul/.pub-cache/hosted/pub.dev/cloud_firestore_platform_interface-6.6.12/lib/src/platform_interface/platform_interface_query_snapshot.dart,/Users/faizul/.pub-cache/hosted/pub.dev/cloud_firestore_platform_interface-6.6.12/lib/src/platform_interface/platform_interface_transaction.dart,/Users/faizul/.pub-cache/hosted/pub.dev/cloud_firestore_platform_interface-6.6.12/lib/src/platform_interface/platform_interface_write_batch.dart,/Users/faizul/.pub-cache/hosted/pub.dev/cloud_firestore_platform_interface-6.6.12/lib/src/platform_interface/utils/load_bundle_task_state.dart,/Users/faizul/.pub-cache/hosted/pub.dev/cloud_firestore_platform_interface-6.6.12/lib/src/set_options.dart,/Users/faizul/.pub-cache/hosted/pub.dev/cloud_firestore_platform_interface-6.6.12/lib/src/settings.dart,/Users/faizul/.pub-cache/hosted/pub.dev/cloud_firestore_platform_interface-6.6.12/lib/src/snapshot_metadata.dart,/Users/faizul/.pub-cache/hosted/pub.dev/cloud_firestore_platform_interface-6.6.12/lib/src/timestamp.dart,/Users/faizul/.pub-cache/hosted/pub.dev/cloud_firestore_platform_interface-6.6.12/lib/src/vector_value.dart,/Users/faizul/.pub-cache/hosted/pub.dev/firebase_auth_platform_interface-7.7.3/lib/src/action_code_info.dart,/Users/faizul/.pub-cache/hosted/pub.dev/firebase_auth_platform_interface-7.7.3/lib/src/action_code_settings.dart,/Users/faizul/.pub-cache/hosted/pub.dev/firebase_auth_platform_interface-7.7.3/lib/src/additional_user_info.dart,/Users/faizul/.pub-cache/hosted/pub.dev/firebase_auth_platform_interface-7.7.3/lib/src/auth_credential.dart,/Users/faizul/.pub-cache/hosted/pub.dev/firebase_auth_platform_interface-7.7.3/lib/src/auth_provider.dart,/Users/faizul/.pub-cache/hosted/pub.dev/firebase_auth_platform_interface-7.7.3/lib/src/firebase_auth_exception.dart,/Users/faizul/.pub-cache/hosted/pub.dev/firebase_auth_platform_interface-7.7.3/lib/src/firebase_auth_multi_factor_exception.dart,/Users/faizul/.pub-cache/hosted/pub.dev/firebase_auth_platform_interface-7.7.3/lib/src/id_token_result.dart,/Users/faizul/.pub-cache/hosted/pub.dev/firebase_auth_platform_interface-7.7.3/lib/src/pigeon/messages.pigeon.dart,/Users/faizul/.pub-cache/hosted/pub.dev/firebase_auth_platform_interface-7.7.3/lib/src/platform_interface/platform_interface_confirmation_result.dart,/Users/faizul/.pub-cache/hosted/pub.dev/firebase_auth_platform_interface-7.7.3/lib/src/platform_interface/platform_interface_firebase_auth.dart,/Users/faizul/.pub-cache/hosted/pub.dev/firebase_auth_platform_interface-7.7.3/lib/src/platform_interface/platform_interface_multi_factor.dart,/Users/faizul/.pub-cache/hosted/pub.dev/firebase_auth_platform_interface-7.7.3/lib/src/platform_interface/platform_interface_recaptcha_verifier_factory.dart,/Users/faizul/.pub-cache/hosted/pub.dev/firebase_auth_platform_interface-7.7.3/lib/src/platform_interface/platform_interface_user.dart,/Users/faizul/.pub-cache/hosted/pub.dev/firebase_auth_platform_interface-7.7.3/lib/src/platform_interface/platform_interface_user_credential.dart,/Users/faizul/.pub-cache/hosted/pub.dev/firebase_auth_platform_interface-7.7.3/lib/src/providers/apple_auth.dart,/Users/faizul/.pub-cache/hosted/pub.dev/firebase_auth_platform_interface-7.7.3/lib/src/providers/email_auth.dart,/Users/faizul/.pub-cache/hosted/pub.dev/firebase_auth_platform_interface-7.7.3/lib/src/providers/facebook_auth.dart,/Users/faizul/.pub-cache/hosted/pub.dev/firebase_auth_platform_interface-7.7.3/lib/src/providers/game_center_auth.dart,/Users/faizul/.pub-cache/hosted/pub.dev/firebase_auth_platform_interface-7.7.3/lib/src/providers/github_auth.dart,/Users/faizul/.pub-cache/hosted/pub.dev/firebase_auth_platform_interface-7.7.3/lib/src/providers/google_auth.dart,/Users/faizul/.pub-cache/hosted/pub.dev/firebase_auth_platform_interface-7.7.3/lib/src/providers/microsoft_auth.dart,/Users/faizul/.pub-cache/hosted/pub.dev/firebase_auth_platform_interface-7.7.3/lib/src/providers/oauth.dart,/Users/faizul/.pub-cache/hosted/pub.dev/firebase_auth_platform_interface-7.7.3/lib/src/providers/phone_auth.dart,/Users/faizul/.pub-cache/hosted/pub.dev/firebase_auth_platform_interface-7.7.3/lib/src/providers/saml_auth.dart,/Users/faizul/.pub-cache/hosted/pub.dev/firebase_auth_platform_interface-7.7.3/lib/src/providers/twitter_auth.dart,/Users/faizul/.pub-cache/hosted/pub.dev/firebase_auth_platform_interface-7.7.3/lib/src/providers/yahoo_auth.dart,/Users/faizul/.pub-cache/hosted/pub.dev/firebase_auth_platform_interface-7.7.3/lib/src/providers/play_games_auth.dart,/Users/faizul/.pub-cache/hosted/pub.dev/firebase_auth_platform_interface-7.7.3/lib/src/types.dart,/Users/faizul/.pub-cache/hosted/pub.dev/firebase_auth_platform_interface-7.7.3/lib/src/user_info.dart,/Users/faizul/.pub-cache/hosted/pub.dev/firebase_auth_platform_interface-7.7.3/lib/src/user_metadata.dart,/Users/faizul/.pub-cache/hosted/pub.dev/flutter_polyline_points-3.1.0/lib/src/utils/polyline_decoder.dart,/Users/faizul/.pub-cache/hosted/pub.dev/vibration_platform_interface-0.0.3/lib/src/method_channel_vibration.dart,/Users/faizul/.pub-cache/hosted/pub.dev/http-1.6.0/lib/src/io_client.dart,/Users/faizul/.pub-cache/hosted/pub.dev/http-1.6.0/lib/src/utils.dart,/Users/faizul/.pub-cache/hosted/pub.dev/http_parser-4.1.2/lib/src/authentication_challenge.dart,/Users/faizul/.pub-cache/hosted/pub.dev/http_parser-4.1.2/lib/src/case_insensitive_map.dart,/Users/faizul/.pub-cache/hosted/pub.dev/http_parser-4.1.2/lib/src/chunked_coding.dart,/Users/faizul/.pub-cache/hosted/pub.dev/http_parser-4.1.2/lib/src/http_date.dart,/Users/faizul/.pub-cache/hosted/pub.dev/http_parser-4.1.2/lib/src/media_type.dart,/Users/faizul/.pub-cache/hosted/pub.dev/http-1.6.0/lib/src/multipart_file_io.dart,/Users/faizul/.pub-cache/hosted/pub.dev/http-1.6.0/lib/src/boundary_characters.dart,/Users/faizul/.pub-cache/hosted/pub.dev/gsettings-0.2.8/lib/src/getuid_linux.dart,/Users/faizul/.pub-cache/hosted/pub.dev/xml-6.6.1/lib/src/xml/dtd/external_id.dart,/Users/faizul/.pub-cache/hosted/pub.dev/xml-6.6.1/lib/src/xml/nodes/data.dart,/Users/faizul/.pub-cache/hosted/pub.dev/xml-6.6.1/lib/src/xml/utils/namespace.dart,/Users/faizul/.pub-cache/hosted/pub.dev/xml-6.6.1/lib/src/xml/entities/named_entities.dart,/Users/faizul/.pub-cache/hosted/pub.dev/petitparser-7.0.2/lib/core.dart,/Users/faizul/.pub-cache/hosted/pub.dev/xml-6.6.1/lib/src/xml/utils/name_matcher.dart,/Users/faizul/.pub-cache/hosted/pub.dev/xml-6.6.1/lib/src/xml/utils/node_list.dart,/Users/faizul/.pub-cache/hosted/pub.dev/xml-6.6.1/lib/src/xml/utils/predicate.dart,/Users/faizul/.pub-cache/hosted/pub.dev/xml-6.6.1/lib/xml_events.dart,/Users/faizul/.pub-cache/hosted/pub.dev/xml-6.6.1/lib/src/xml/mixins/has_value.dart,/Users/faizul/.pub-cache/hosted/pub.dev/xml-6.6.1/lib/src/xml/utils/prefix_name.dart,/Users/faizul/.pub-cache/hosted/pub.dev/xml-6.6.1/lib/src/xml/utils/simple_name.dart,/Users/faizul/.pub-cache/hosted/pub.dev/cloud_firestore_platform_interface-6.6.12/lib/src/method_channel/utils/firestore_message_codec.dart,/Users/faizul/.pub-cache/hosted/pub.dev/cloud_firestore_platform_interface-6.6.12/lib/src/method_channel/method_channel_field_value_factory.dart,/Users/faizul/.pub-cache/hosted/pub.dev/cloud_firestore_platform_interface-6.6.12/lib/src/method_channel/method_channel_firestore.dart,/Users/faizul/.pub-cache/hosted/pub.dev/firebase_auth_platform_interface-7.7.3/lib/src/method_channel/method_channel_firebase_auth.dart,/Users/faizul/.pub-cache/hosted/pub.dev/firebase_auth_platform_interface-7.7.3/lib/src/method_channel/method_channel_multi_factor.dart,/Users/faizul/.pub-cache/hosted/pub.dev/http-1.6.0/lib/src/io_streamed_response.dart,/Users/faizul/.pub-cache/hosted/pub.dev/string_scanner-1.4.1/lib/string_scanner.dart,/Users/faizul/.pub-cache/hosted/pub.dev/http_parser-4.1.2/lib/src/scan.dart,/Users/faizul/.pub-cache/hosted/pub.dev/http_parser-4.1.2/lib/src/utils.dart,/Users/faizul/.pub-cache/hosted/pub.dev/http_parser-4.1.2/lib/src/chunked_coding/decoder.dart,/Users/faizul/.pub-cache/hosted/pub.dev/http_parser-4.1.2/lib/src/chunked_coding/encoder.dart,/Users/faizul/.pub-cache/hosted/pub.dev/petitparser-7.0.2/lib/src/core/context.dart,/Users/faizul/.pub-cache/hosted/pub.dev/petitparser-7.0.2/lib/src/core/exception.dart,/Users/faizul/.pub-cache/hosted/pub.dev/petitparser-7.0.2/lib/src/core/parser.dart,/Users/faizul/.pub-cache/hosted/pub.dev/petitparser-7.0.2/lib/src/core/result.dart,/Users/faizul/.pub-cache/hosted/pub.dev/petitparser-7.0.2/lib/src/core/token.dart,/Users/faizul/.pub-cache/hosted/pub.dev/xml-6.6.1/lib/src/xml_events/event.dart,/Users/faizul/.pub-cache/hosted/pub.dev/xml-6.6.1/lib/src/xml_events/iterable.dart,/Users/faizul/.pub-cache/hosted/pub.dev/xml-6.6.1/lib/src/xml_events/codec/event_codec.dart,/Users/faizul/.pub-cache/hosted/pub.dev/xml-6.6.1/lib/src/xml_events/codec/node_codec.dart,/Users/faizul/.pub-cache/hosted/pub.dev/xml-6.6.1/lib/src/xml_events/converters/event_decoder.dart,/Users/faizul/.pub-cache/hosted/pub.dev/xml-6.6.1/lib/src/xml_events/converters/event_encoder.dart,/Users/faizul/.pub-cache/hosted/pub.dev/xml-6.6.1/lib/src/xml_events/converters/node_decoder.dart,/Users/faizul/.pub-cache/hosted/pub.dev/xml-6.6.1/lib/src/xml_events/converters/node_encoder.dart,/Users/faizul/.pub-cache/hosted/pub.dev/xml-6.6.1/lib/src/xml_events/events/cdata.dart,/Users/faizul/.pub-cache/hosted/pub.dev/xml-6.6.1/lib/src/xml_events/events/comment.dart,/Users/faizul/.pub-cache/hosted/pub.dev/xml-6.6.1/lib/src/xml_events/events/declaration.dart,/Users/faizul/.pub-cache/hosted/pub.dev/xml-6.6.1/lib/src/xml_events/events/doctype.dart,/Users/faizul/.pub-cache/hosted/pub.dev/xml-6.6.1/lib/src/xml_events/events/end_element.dart,/Users/faizul/.pub-cache/hosted/pub.dev/xml-6.6.1/lib/src/xml_events/events/processing.dart,/Users/faizul/.pub-cache/hosted/pub.dev/xml-6.6.1/lib/src/xml_events/events/start_element.dart,/Users/faizul/.pub-cache/hosted/pub.dev/xml-6.6.1/lib/src/xml_events/events/text.dart,/Users/faizul/.pub-cache/hosted/pub.dev/xml-6.6.1/lib/src/xml_events/streams/each_event.dart,/Users/faizul/.pub-cache/hosted/pub.dev/xml-6.6.1/lib/src/xml_events/streams/flatten.dart,/Users/faizul/.pub-cache/hosted/pub.dev/xml-6.6.1/lib/src/xml_events/streams/normalizer.dart,/Users/faizul/.pub-cache/hosted/pub.dev/xml-6.6.1/lib/src/xml_events/streams/subtree_selector.dart,/Users/faizul/.pub-cache/hosted/pub.dev/xml-6.6.1/lib/src/xml_events/streams/with_parent.dart,/Users/faizul/.pub-cache/hosted/pub.dev/xml-6.6.1/lib/src/xml_events/utils/event_attribute.dart,/Users/faizul/.pub-cache/hosted/pub.dev/xml-6.6.1/lib/src/xml_events/visitor.dart,/Users/faizul/.pub-cache/hosted/pub.dev/cloud_firestore_platform_interface-6.6.12/lib/src/method_channel/method_channel_field_value.dart,/Users/faizul/.pub-cache/hosted/pub.dev/cloud_firestore_platform_interface-6.6.12/lib/src/method_channel/method_channel_query.dart,/Users/faizul/.pub-cache/hosted/pub.dev/_flutterfire_internals-1.3.59/lib/_flutterfire_internals.dart,/Users/faizul/.pub-cache/hosted/pub.dev/cloud_firestore_platform_interface-6.6.12/lib/src/method_channel/method_channel_load_bundle_task.dart,/Users/faizul/.pub-cache/hosted/pub.dev/cloud_firestore_platform_interface-6.6.12/lib/src/method_channel/method_channel_persistent_cache_index_manager.dart,/Users/faizul/.pub-cache/hosted/pub.dev/cloud_firestore_platform_interface-6.6.12/lib/src/method_channel/method_channel_query_snapshot.dart,/Users/faizul/.pub-cache/hosted/pub.dev/cloud_firestore_platform_interface-6.6.12/lib/src/method_channel/method_channel_collection_reference.dart,/Users/faizul/.pub-cache/hosted/pub.dev/cloud_firestore_platform_interface-6.6.12/lib/src/method_channel/method_channel_document_reference.dart,/Users/faizul/.pub-cache/hosted/pub.dev/cloud_firestore_platform_interface-6.6.12/lib/src/method_channel/method_channel_transaction.dart,/Users/faizul/.pub-cache/hosted/pub.dev/cloud_firestore_platform_interface-6.6.12/lib/src/method_channel/method_channel_write_batch.dart,/Users/faizul/.pub-cache/hosted/pub.dev/cloud_firestore_platform_interface-6.6.12/lib/src/method_channel/utils/exception.dart,/Users/faizul/.pub-cache/hosted/pub.dev/firebase_auth_platform_interface-7.7.3/lib/src/method_channel/utils/convert_auth_provider.dart,/Users/faizul/.pub-cache/hosted/pub.dev/firebase_auth_platform_interface-7.7.3/lib/src/method_channel/method_channel_user.dart,/Users/faizul/.pub-cache/hosted/pub.dev/firebase_auth_platform_interface-7.7.3/lib/src/method_channel/method_channel_user_credential.dart,/Users/faizul/.pub-cache/hosted/pub.dev/firebase_auth_platform_interface-7.7.3/lib/src/method_channel/utils/exception.dart,/Users/faizul/.pub-cache/hosted/pub.dev/firebase_auth_platform_interface-7.7.3/lib/src/method_channel/utils/pigeon_helper.dart,/Users/faizul/.pub-cache/hosted/pub.dev/string_scanner-1.4.1/lib/src/exception.dart,/Users/faizul/.pub-cache/hosted/pub.dev/string_scanner-1.4.1/lib/src/line_scanner.dart,/Users/faizul/.pub-cache/hosted/pub.dev/string_scanner-1.4.1/lib/src/span_scanner.dart,/Users/faizul/.pub-cache/hosted/pub.dev/string_scanner-1.4.1/lib/src/string_scanner.dart,/Users/faizul/.pub-cache/hosted/pub.dev/source_span-1.10.2/lib/source_span.dart,/Users/faizul/.pub-cache/hosted/pub.dev/typed_data-1.4.0/lib/typed_data.dart,/Users/faizul/.pub-cache/hosted/pub.dev/http_parser-4.1.2/lib/src/chunked_coding/charcodes.dart,/Users/faizul/.pub-cache/hosted/pub.dev/petitparser-7.0.2/lib/src/shared/pragma.dart,/Users/faizul/.pub-cache/hosted/pub.dev/petitparser-7.0.2/lib/src/matcher/matches.dart,/Users/faizul/.pub-cache/hosted/pub.dev/petitparser-7.0.2/lib/src/parser/action/token.dart,/Users/faizul/.pub-cache/hosted/pub.dev/petitparser-7.0.2/lib/src/parser/misc/newline.dart,/Users/faizul/.pub-cache/hosted/pub.dev/xml-6.6.1/lib/src/xml_events/annotations/has_buffer.dart,/Users/faizul/.pub-cache/hosted/pub.dev/xml-6.6.1/lib/src/xml_events/annotations/has_location.dart,/Users/faizul/.pub-cache/hosted/pub.dev/xml-6.6.1/lib/src/xml_events/annotations/has_parent.dart,/Users/faizul/.pub-cache/hosted/pub.dev/xml-6.6.1/lib/src/xml_events/annotations/annotator.dart,/Users/faizul/.pub-cache/hosted/pub.dev/xml-6.6.1/lib/src/xml_events/iterator.dart,/Users/faizul/.pub-cache/hosted/pub.dev/petitparser-7.0.2/lib/petitparser.dart,/Users/faizul/.pub-cache/hosted/pub.dev/xml-6.6.1/lib/src/xml_events/parser.dart,/Users/faizul/.pub-cache/hosted/pub.dev/xml-6.6.1/lib/src/xml_events/utils/conversion_sink.dart,/Users/faizul/.pub-cache/hosted/pub.dev/xml-6.6.1/lib/src/xml_events/utils/list_converter.dart,/Users/faizul/.pub-cache/hosted/pub.dev/xml-6.6.1/lib/src/xml_events/utils/named.dart,/Users/faizul/.pub-cache/hosted/pub.dev/cloud_firestore_platform_interface-6.6.12/lib/src/method_channel/method_channel_aggregate_query.dart,/Users/faizul/.pub-cache/hosted/pub.dev/_flutterfire_internals-1.3.59/lib/src/interop_shimmer.dart,/Users/faizul/.pub-cache/hosted/pub.dev/_flutterfire_internals-1.3.59/lib/src/exception.dart,/Users/faizul/.pub-cache/hosted/pub.dev/cloud_firestore_platform_interface-6.6.12/lib/src/method_channel/method_channel_document_change.dart,/Users/faizul/.pub-cache/hosted/pub.dev/cloud_firestore_platform_interface-6.6.12/lib/src/method_channel/utils/auto_id_generator.dart,/Users/faizul/.pub-cache/hosted/pub.dev/string_scanner-1.4.1/lib/src/charcode.dart,/Users/faizul/.pub-cache/hosted/pub.dev/string_scanner-1.4.1/lib/src/utils.dart,/Users/faizul/.pub-cache/hosted/pub.dev/string_scanner-1.4.1/lib/src/eager_span_scanner.dart,/Users/faizul/.pub-cache/hosted/pub.dev/string_scanner-1.4.1/lib/src/relative_span_scanner.dart,/Users/faizul/.pub-cache/hosted/pub.dev/source_span-1.10.2/lib/src/file.dart,/Users/faizul/.pub-cache/hosted/pub.dev/source_span-1.10.2/lib/src/location.dart,/Users/faizul/.pub-cache/hosted/pub.dev/source_span-1.10.2/lib/src/location_mixin.dart,/Users/faizul/.pub-cache/hosted/pub.dev/source_span-1.10.2/lib/src/span.dart,/Users/faizul/.pub-cache/hosted/pub.dev/source_span-1.10.2/lib/src/span_exception.dart,/Users/faizul/.pub-cache/hosted/pub.dev/source_span-1.10.2/lib/src/span_mixin.dart,/Users/faizul/.pub-cache/hosted/pub.dev/source_span-1.10.2/lib/src/span_with_context.dart,/Users/faizul/.pub-cache/hosted/pub.dev/typed_data-1.4.0/lib/src/typed_queue.dart,/Users/faizul/.pub-cache/hosted/pub.dev/typed_data-1.4.0/lib/typed_buffers.dart,/Users/faizul/.pub-cache/hosted/pub.dev/petitparser-7.0.2/lib/src/matcher/matches/matches_iterable.dart,/Users/faizul/.pub-cache/hosted/pub.dev/petitparser-7.0.2/lib/src/parser/combinator/delegate.dart,/Users/faizul/.pub-cache/hosted/pub.dev/petitparser-7.0.2/lib/definition.dart,/Users/faizul/.pub-cache/hosted/pub.dev/petitparser-7.0.2/lib/expression.dart,/Users/faizul/.pub-cache/hosted/pub.dev/petitparser-7.0.2/lib/matcher.dart,/Users/faizul/.pub-cache/hosted/pub.dev/petitparser-7.0.2/lib/parser.dart,/Users/faizul/.pub-cache/hosted/pub.dev/xml-6.6.1/lib/src/xml/utils/cache.dart,/Users/faizul/.pub-cache/hosted/pub.dev/xml-6.6.1/lib/src/xml/utils/character_data_parser.dart,/Users/faizul/.pub-cache/hosted/pub.dev/term_glyph-1.2.2/lib/term_glyph.dart,/Users/faizul/.pub-cache/hosted/pub.dev/source_span-1.10.2/lib/src/highlighter.dart,/Users/faizul/.pub-cache/hosted/pub.dev/source_span-1.10.2/lib/src/utils.dart,/Users/faizul/.pub-cache/hosted/pub.dev/typed_data-1.4.0/lib/src/typed_buffer.dart,/Users/faizul/.pub-cache/hosted/pub.dev/petitparser-7.0.2/lib/src/matcher/matches/matches_iterator.dart,/Users/faizul/.pub-cache/hosted/pub.dev/petitparser-7.0.2/lib/src/definition/grammar.dart,/Users/faizul/.pub-cache/hosted/pub.dev/petitparser-7.0.2/lib/src/definition/reference.dart,/Users/faizul/.pub-cache/hosted/pub.dev/petitparser-7.0.2/lib/src/definition/resolve.dart,/Users/faizul/.pub-cache/hosted/pub.dev/petitparser-7.0.2/lib/src/expression/builder.dart,/Users/faizul/.pub-cache/hosted/pub.dev/petitparser-7.0.2/lib/src/expression/group.dart,/Users/faizul/.pub-cache/hosted/pub.dev/petitparser-7.0.2/lib/src/matcher/accept.dart,/Users/faizul/.pub-cache/hosted/pub.dev/petitparser-7.0.2/lib/src/matcher/pattern.dart,/Users/faizul/.pub-cache/hosted/pub.dev/petitparser-7.0.2/lib/src/parser/action/cast.dart,/Users/faizul/.pub-cache/hosted/pub.dev/petitparser-7.0.2/lib/src/parser/action/cast_list.dart,/Users/faizul/.pub-cache/hosted/pub.dev/petitparser-7.0.2/lib/src/parser/action/constant.dart,/Users/faizul/.pub-cache/hosted/pub.dev/petitparser-7.0.2/lib/src/parser/action/continuation.dart,/Users/faizul/.pub-cache/hosted/pub.dev/petitparser-7.0.2/lib/src/parser/action/flatten.dart,/Users/faizul/.pub-cache/hosted/pub.dev/petitparser-7.0.2/lib/src/parser/action/map.dart,/Users/faizul/.pub-cache/hosted/pub.dev/petitparser-7.0.2/lib/src/parser/action/permute.dart,/Users/faizul/.pub-cache/hosted/pub.dev/petitparser-7.0.2/lib/src/parser/action/pick.dart,/Users/faizul/.pub-cache/hosted/pub.dev/petitparser-7.0.2/lib/src/parser/action/trim.dart,/Users/faizul/.pub-cache/hosted/pub.dev/petitparser-7.0.2/lib/src/parser/action/where.dart,/Users/faizul/.pub-cache/hosted/pub.dev/petitparser-7.0.2/lib/src/parser/character/any.dart,/Users/faizul/.pub-cache/hosted/pub.dev/petitparser-7.0.2/lib/src/parser/character/any_of.dart,/Users/faizul/.pub-cache/hosted/pub.dev/petitparser-7.0.2/lib/src/parser/character/char.dart,/Users/faizul/.pub-cache/hosted/pub.dev/petitparser-7.0.2/lib/src/parser/character/digit.dart,/Users/faizul/.pub-cache/hosted/pub.dev/petitparser-7.0.2/lib/src/parser/character/letter.dart,/Users/faizul/.pub-cache/hosted/pub.dev/petitparser-7.0.2/lib/src/parser/character/lowercase.dart,/Users/faizul/.pub-cache/hosted/pub.dev/petitparser-7.0.2/lib/src/parser/character/none_of.dart,/Users/faizul/.pub-cache/hosted/pub.dev/petitparser-7.0.2/lib/src/parser/character/pattern.dart,/Users/faizul/.pub-cache/hosted/pub.dev/petitparser-7.0.2/lib/src/parser/character/predicate.dart,/Users/faizul/.pub-cache/hosted/pub.dev/petitparser-7.0.2/lib/src/parser/character/range.dart,/Users/faizul/.pub-cache/hosted/pub.dev/petitparser-7.0.2/lib/src/parser/character/uppercase.dart,/Users/faizul/.pub-cache/hosted/pub.dev/petitparser-7.0.2/lib/src/parser/character/whitespace.dart,/Users/faizul/.pub-cache/hosted/pub.dev/petitparser-7.0.2/lib/src/parser/character/word.dart,/Users/faizul/.pub-cache/hosted/pub.dev/petitparser-7.0.2/lib/src/parser/combinator/and.dart,/Users/faizul/.pub-cache/hosted/pub.dev/petitparser-7.0.2/lib/src/parser/combinator/choice.dart,/Users/faizul/.pub-cache/hosted/pub.dev/petitparser-7.0.2/lib/src/parser/combinator/list.dart,/Users/faizul/.pub-cache/hosted/pub.dev/petitparser-7.0.2/lib/src/parser/combinator/not.dart,/Users/faizul/.pub-cache/hosted/pub.dev/petitparser-7.0.2/lib/src/parser/combinator/optional.dart,/Users/faizul/.pub-cache/hosted/pub.dev/petitparser-7.0.2/lib/src/parser/combinator/sequence.dart,/Users/faizul/.pub-cache/hosted/pub.dev/petitparser-7.0.2/lib/src/parser/combinator/settable.dart,/Users/faizul/.pub-cache/hosted/pub.dev/petitparser-7.0.2/lib/src/parser/combinator/skip.dart,/Users/faizul/.pub-cache/hosted/pub.dev/petitparser-7.0.2/lib/src/parser/misc/end.dart,/Users/faizul/.pub-cache/hosted/pub.dev/petitparser-7.0.2/lib/src/parser/misc/epsilon.dart,/Users/faizul/.pub-cache/hosted/pub.dev/petitparser-7.0.2/lib/src/parser/misc/failure.dart,/Users/faizul/.pub-cache/hosted/pub.dev/petitparser-7.0.2/lib/src/parser/misc/label.dart,/Users/faizul/.pub-cache/hosted/pub.dev/petitparser-7.0.2/lib/src/parser/misc/position.dart,/Users/faizul/.pub-cache/hosted/pub.dev/petitparser-7.0.2/lib/src/parser/predicate/character.dart,/Users/faizul/.pub-cache/hosted/pub.dev/petitparser-7.0.2/lib/src/parser/predicate/converter.dart,/Users/faizul/.pub-cache/hosted/pub.dev/petitparser-7.0.2/lib/src/parser/predicate/pattern.dart,/Users/faizul/.pub-cache/hosted/pub.dev/petitparser-7.0.2/lib/src/parser/predicate/predicate.dart,/Users/faizul/.pub-cache/hosted/pub.dev/petitparser-7.0.2/lib/src/parser/predicate/single_character.dart,/Users/faizul/.pub-cache/hosted/pub.dev/petitparser-7.0.2/lib/src/parser/predicate/string.dart,/Users/faizul/.pub-cache/hosted/pub.dev/petitparser-7.0.2/lib/src/parser/predicate/unicode_character.dart,/Users/faizul/.pub-cache/hosted/pub.dev/petitparser-7.0.2/lib/src/parser/repeater/character.dart,/Users/faizul/.pub-cache/hosted/pub.dev/petitparser-7.0.2/lib/src/parser/repeater/greedy.dart,/Users/faizul/.pub-cache/hosted/pub.dev/petitparser-7.0.2/lib/src/parser/repeater/lazy.dart,/Users/faizul/.pub-cache/hosted/pub.dev/petitparser-7.0.2/lib/src/parser/repeater/limited.dart,/Users/faizul/.pub-cache/hosted/pub.dev/petitparser-7.0.2/lib/src/parser/repeater/possessive.dart,/Users/faizul/.pub-cache/hosted/pub.dev/petitparser-7.0.2/lib/src/parser/repeater/repeating.dart,/Users/faizul/.pub-cache/hosted/pub.dev/petitparser-7.0.2/lib/src/parser/repeater/separated.dart,/Users/faizul/.pub-cache/hosted/pub.dev/petitparser-7.0.2/lib/src/parser/repeater/unbounded.dart,/Users/faizul/.pub-cache/hosted/pub.dev/petitparser-7.0.2/lib/src/parser/utils/failure_joiner.dart,/Users/faizul/.pub-cache/hosted/pub.dev/petitparser-7.0.2/lib/src/parser/utils/labeled.dart,/Users/faizul/.pub-cache/hosted/pub.dev/petitparser-7.0.2/lib/src/parser/utils/resolvable.dart,/Users/faizul/.pub-cache/hosted/pub.dev/petitparser-7.0.2/lib/src/parser/utils/separated_list.dart,/Users/faizul/.pub-cache/hosted/pub.dev/term_glyph-1.2.2/lib/src/generated/ascii_glyph_set.dart,/Users/faizul/.pub-cache/hosted/pub.dev/term_glyph-1.2.2/lib/src/generated/glyph_set.dart,/Users/faizul/.pub-cache/hosted/pub.dev/term_glyph-1.2.2/lib/src/generated/unicode_glyph_set.dart,/Users/faizul/.pub-cache/hosted/pub.dev/term_glyph-1.2.2/lib/src/generated/top_level.dart,/Users/faizul/.pub-cache/hosted/pub.dev/source_span-1.10.2/lib/src/charcode.dart,/Users/faizul/.pub-cache/hosted/pub.dev/source_span-1.10.2/lib/src/colors.dart,/Users/faizul/.pub-cache/hosted/pub.dev/petitparser-7.0.2/lib/src/definition/internal/reference.dart,/Users/faizul/.pub-cache/hosted/pub.dev/petitparser-7.0.2/lib/src/definition/internal/undefined.dart,/Users/faizul/.pub-cache/hosted/pub.dev/petitparser-7.0.2/lib/src/reflection/iterable.dart,/Users/faizul/.pub-cache/hosted/pub.dev/petitparser-7.0.2/lib/src/expression/utils.dart,/Users/faizul/.pub-cache/hosted/pub.dev/petitparser-7.0.2/lib/src/expression/result.dart,/Users/faizul/.pub-cache/hosted/pub.dev/petitparser-7.0.2/lib/src/matcher/pattern/parser_pattern.dart,/Users/faizul/.pub-cache/hosted/pub.dev/petitparser-7.0.2/lib/src/shared/types.dart,/Users/faizul/.pub-cache/hosted/pub.dev/petitparser-7.0.2/lib/src/parser/utils/sequential.dart,/Users/faizul/.pub-cache/hosted/pub.dev/petitparser-7.0.2/lib/src/parser/character/predicate/constant.dart,/Users/faizul/.pub-cache/hosted/pub.dev/petitparser-7.0.2/lib/src/parser/character/utils/code.dart,/Users/faizul/.pub-cache/hosted/pub.dev/petitparser-7.0.2/lib/src/parser/character/utils/optimize.dart,/Users/faizul/.pub-cache/hosted/pub.dev/petitparser-7.0.2/lib/src/parser/character/predicate/char.dart,/Users/faizul/.pub-cache/hosted/pub.dev/petitparser-7.0.2/lib/src/parser/character/predicate/digit.dart,/Users/faizul/.pub-cache/hosted/pub.dev/petitparser-7.0.2/lib/src/parser/character/predicate/letter.dart,/Users/faizul/.pub-cache/hosted/pub.dev/petitparser-7.0.2/lib/src/parser/character/predicate/lowercase.dart,/Users/faizul/.pub-cache/hosted/pub.dev/petitparser-7.0.2/lib/src/parser/character/predicate/not.dart,/Users/faizul/.pub-cache/hosted/pub.dev/petitparser-7.0.2/lib/src/parser/character/predicate/range.dart,/Users/faizul/.pub-cache/hosted/pub.dev/petitparser-7.0.2/lib/src/parser/character/predicate/uppercase.dart,/Users/faizul/.pub-cache/hosted/pub.dev/petitparser-7.0.2/lib/src/parser/character/predicate/whitespace.dart,/Users/faizul/.pub-cache/hosted/pub.dev/petitparser-7.0.2/lib/src/parser/character/predicate/word.dart,/Users/faizul/.pub-cache/hosted/pub.dev/petitparser-7.0.2/lib/src/parser/combinator/generated/sequence_2.dart,/Users/faizul/.pub-cache/hosted/pub.dev/petitparser-7.0.2/lib/src/parser/combinator/generated/sequence_3.dart,/Users/faizul/.pub-cache/hosted/pub.dev/petitparser-7.0.2/lib/src/parser/combinator/generated/sequence_4.dart,/Users/faizul/.pub-cache/hosted/pub.dev/petitparser-7.0.2/lib/src/parser/combinator/generated/sequence_5.dart,/Users/faizul/.pub-cache/hosted/pub.dev/petitparser-7.0.2/lib/src/parser/combinator/generated/sequence_6.dart,/Users/faizul/.pub-cache/hosted/pub.dev/petitparser-7.0.2/lib/src/parser/combinator/generated/sequence_7.dart,/Users/faizul/.pub-cache/hosted/pub.dev/petitparser-7.0.2/lib/src/parser/combinator/generated/sequence_8.dart,/Users/faizul/.pub-cache/hosted/pub.dev/petitparser-7.0.2/lib/src/parser/combinator/generated/sequence_9.dart,/Users/faizul/.pub-cache/hosted/pub.dev/petitparser-7.0.2/lib/src/matcher/pattern/parser_match.dart,/Users/faizul/.pub-cache/hosted/pub.dev/petitparser-7.0.2/lib/src/matcher/pattern/pattern_iterable.dart,/Users/faizul/.pub-cache/hosted/pub.dev/petitparser-7.0.2/lib/src/parser/character/predicate/lookup.dart,/Users/faizul/.pub-cache/hosted/pub.dev/petitparser-7.0.2/lib/src/matcher/pattern/pattern_iterator.dart}
[   +9 ms] [  +31 ms] /usr/local/share/flutter/bin/cache/dart-sdk/bin/dartaotruntime /usr/local/share/flutter/bin/cache/dart-sdk/bin/snapshots/frontend_server_aot.dart.snapshot --sdk-root /usr/local/share/flutter/bin/cache/artifacts/engine/common/flutter_patched_sdk/ --target=flutter --no-print-incremental-dependencies -DFLUTTER_VERSION=3.35.7 -DFLUTTER_CHANNEL=stable -DFLUTTER_GIT_URL=https://github.com/flutter/flutter.git -DFLUTTER_FRAMEWORK_REVISION=adc9010625 -DFLUTTER_ENGINE_REVISION=035316565a -DFLUTTER_DART_VERSION=3.9.2 -DFLUTTER_APP_FLAVOR= -Ddart.vm.profile=false -Ddart.vm.product=false --enable-asserts --track-widget-creation --no-link-platform --packages /Users/faizul/payanam/.dart_tool/package_config.json --output-dill /Users/faizul/payanam/.dart_tool/flutter_build/197311854ffb3d3151ac01223391c1c3/app.dill --depfile /Users/faizul/payanam/.dart_tool/flutter_build/197311854ffb3d3151ac01223391c1c3/kernel_snapshot_program.d --incremental --initialize-from-dill /Users/faizul/payanam/.dart_tool/flutter_build/197311854ffb3d3151ac01223391c1c3/app.dill --source file:///Users/faizul/payanam/.dart_tool/flutter_build/dart_plugin_registrant.dart --source package:flutter/src/dart_plugin_registrant.dart -Dflutter.dart_plugin_registrant=file:///Users/faizul/payanam/.dart_tool/flutter_build/dart_plugin_registrant.dart --verbosity=error package:payanam/main.dart
[ +213 ms] [+1492 ms] lib/screens/student_dashboard.dart:314:7: Error: The setter '_markers' isn't defined for the type '_StudentDashboardState'.
[   +1 ms] [   +5 ms]  - '_StudentDashboardState' is from 'package:payanam/screens/student_dashboard.dart' ('lib/screens/student_dashboard.dart').
[        ] [        ] Try correcting the name to the name of an existing setter, or defining a setter or field named '_markers'.
[        ] [        ]       _markers = newMarkers;
[        ] [        ]       ^^^^^^^^
[ +494 ms] [ +553 ms] Persisting file store
[ +100 ms] [  +21 ms] Done persisting file store
[        ] [   +7 ms] Target kernel_snapshot_program failed: Exception
[        ]            #0      KernelSnapshot.build (package:flutter_tools/src/build_system/targets/common.dart:282:7)
[        ]            <asynchronous suspension>
[        ]            #1      _BuildInstance._invokeInternal (package:flutter_tools/src/build_system/build_system.dart:873:9)
[        ]            <asynchronous suspension>
[        ]            #2      Future.wait.<anonymous closure> (dart:async/future.dart:525:21)
[        ]            <asynchronous suspension>
[        ]            #3      _BuildInstance.invokeTarget (package:flutter_tools/src/build_system/build_system.dart:811:32)
[        ]            <asynchronous suspension>
[        ]            #4      FlutterBuildSystem.build (package:flutter_tools/src/build_system/build_system.dart:631:16)
[        ]            <asynchronous suspension>
[        ]            #5      AssembleCommand.runCommand (package:flutter_tools/src/commands/assemble.dart:346:32)
[        ]            <asynchronous suspension>
[        ]            #6      FlutterCommand.run.<anonymous closure> (package:flutter_tools/src/runner/flutter_command.dart:1581:27)
[        ]            <asynchronous suspension>
[        ]            #7      AppContext.run.<anonymous closure> (package:flutter_tools/src/base/context.dart:154:19)
[        ]            <asynchronous suspension>
[        ]            #8      CommandRunner.runCommand (package:args/command_runner.dart:212:13)
[        ]            <asynchronous suspension>
[        ]            #9      FlutterCommandRunner.runCommand.<anonymous closure> (package:flutter_tools/src/runner/flutter_command_runner.dart:503:9)
[        ]            <asynchronous suspension>
[        ]            #10     AppContext.run.<anonymous closure> (package:flutter_tools/src/base/context.dart:154:19)
[        ]            <asynchronous suspension>
[        ]            #11     FlutterCommandRunner.runCommand (package:flutter_tools/src/runner/flutter_command_runner.dart:438:5)
[        ]            <asynchronous suspension>
[        ]            #12     run.<anonymous closure>.<anonymous closure> (package:flutter_tools/runner.dart:98:11)
[        ]            <asynchronous suspension>
[        ]            #13     AppContext.run.<anonymous closure> (package:flutter_tools/src/base/context.dart:154:19)
[        ]            <asynchronous suspension>
[        ]            #14     main (package:flutter_tools/executable.dart:101:3)
[        ]            <asynchronous suspension>
[        ] [   +2 ms] "flutter assemble" took 2,607ms.
[        ] [  +10 ms] executing: sw_vers -productName
[  +95 ms] [ +100 ms] Exit code 0 from: sw_vers -productName
[        ] [        ] macOS
[        ] [        ] executing: sw_vers -productVersion
[        ] [  +16 ms] Exit code 0 from: sw_vers -productVersion
[        ] [        ] 15.7.4
[        ] [        ] executing: sw_vers -buildVersion
[        ] [  +16 ms] Exit code 0 from: sw_vers -buildVersion
[        ] [        ] 24G517
[        ] [        ] executing: uname -m
[        ] [   +9 ms] Exit code 0 from: uname -m
[        ] [        ] x86_64
[ +101 ms] [  +75 ms] 
[        ]            #0      throwToolExit (package:flutter_tools/src/base/common.dart:34:3)
[        ]            #1      AssembleCommand.runCommand (package:flutter_tools/src/commands/assemble.dart:364:7)
[        ]            <asynchronous suspension>
[        ]            #2      FlutterCommand.run.<anonymous closure> (package:flutter_tools/src/runner/flutter_command.dart:1581:27)
[        ]            <asynchronous suspension>
[        ] [        ] Running 1 shutdown hook
[        ] [   +1 ms] Shutdown hooks complete
[        ]            #3      AppContext.run.<anonymous closure> (package:flutter_tools/src/base/context.dart:154:19)
[        ]            <asynchronous suspension>
[        ]            #4      CommandRunner.runCommand (package:args/command_runner.dart:212:13)
[        ]            <asynchronous suspension>
[        ]            #5      FlutterCommandRunner.runCommand.<anonymous closure> (package:flutter_tools/src/runner/flutter_command_runner.dart:503:9)
[        ]            <asynchronous suspension>
[        ]            #6      AppContext.run.<anonymous closure> (package:flutter_tools/src/base/context.dart:154:19)
[        ]            <asynchronous suspension>
[        ]            #7      FlutterCommandRunner.runCommand (package:flutter_tools/src/runner/flutter_command_runner.dart:438:5)
[        ]            <asynchronous suspension>
[        ]            #8      run.<anonymous closure>.<anonymous closure> (package:flutter_tools/runner.dart:98:11)
[        ]            <asynchronous suspension>
[        ]            #9      AppContext.run.<anonymous closure> (package:flutter_tools/src/base/context.dart:154:19)
[        ]            <asynchronous suspension>
[        ]            #10     main (package:flutter_tools/executable.dart:101:3)
[        ]            <asynchronous suspension>
[ +193 ms] [ +203 ms] exiting with code 1
[        ] > Task :app:compileFlutterBuildDebug FAILED
[ +101 ms] [Incubating] Problems report is available at: file:///Users/faizul/payanam/build/reports/problems/problems-report.html
[        ] FAILURE: Build failed with an exception.
[        ] * What went wrong:
[        ] Execution failed for task ':app:compileFlutterBuildDebug'.
[        ] > Process 'command '/usr/local/share/flutter/bin/flutter'' finished with non-zero exit value 1
[        ] * Try:
[        ] > Run with --debug option to get more log output.
[        ] > Run with --scan to get full insights.
[        ] > Get more help at https://help.gradle.org.
[        ] * Exception is:
[        ] org.gradle.api.tasks.TaskExecutionException: Execution failed for task ':app:compileFlutterBuildDebug'.
[        ] 	at org.gradle.api.internal.tasks.execution.ExecuteActionsTaskExecuter.lambda$executeIfValid$1(ExecuteActionsTaskExecuter.java:130)
[        ] 	at org.gradle.internal.Try$Failure.ifSuccessfulOrElse(Try.java:293)
[        ] 	at org.gradle.api.internal.tasks.execution.ExecuteActionsTaskExecuter.executeIfValid(ExecuteActionsTaskExecuter.java:128)
[        ] 	at org.gradle.api.internal.tasks.execution.ExecuteActionsTaskExecuter.execute(ExecuteActionsTaskExecuter.java:116)
[        ] 	at org.gradle.api.internal.tasks.execution.ProblemsTaskPathTrackingTaskExecuter.execute(ProblemsTaskPathTrackingTaskExecuter.java:40)
[        ] 	at org.gradle.api.internal.tasks.execution.FinalizePropertiesTaskExecuter.execute(FinalizePropertiesTaskExecuter.java:46)
[        ] 	at org.gradle.api.internal.tasks.execution.ResolveTaskExecutionModeExecuter.execute(ResolveTaskExecutionModeExecuter.java:51)
[        ] 	at org.gradle.api.internal.tasks.execution.SkipTaskWithNoActionsExecuter.execute(SkipTaskWithNoActionsExecuter.java:57)
[        ] 	at org.gradle.api.internal.tasks.execution.SkipOnlyIfTaskExecuter.execute(SkipOnlyIfTaskExecuter.java:74)
[        ] 	at org.gradle.api.internal.tasks.execution.CatchExceptionTaskExecuter.execute(CatchExceptionTaskExecuter.java:36)
[        ] 	at org.gradle.api.internal.tasks.execution.EventFiringTaskExecuter$1.executeTask(EventFiringTaskExecuter.java:77)
[        ] 	at org.gradle.api.internal.tasks.execution.EventFiringTaskExecuter$1.call(EventFiringTaskExecuter.java:55)
[        ] 	at org.gradle.api.internal.tasks.execution.EventFiringTaskExecuter$1.call(EventFiringTaskExecuter.java:52)
[        ] 	at org.gradle.internal.operations.DefaultBuildOperationRunner$CallableBuildOperationWorker.execute(DefaultBuildOperationRunner.java:209)
[        ] 	at org.gradle.internal.operations.DefaultBuildOperationRunner$CallableBuildOperationWorker.execute(DefaultBuildOperationRunner.java:204)
[        ] 	at org.gradle.internal.operations.DefaultBuildOperationRunner$2.execute(DefaultBuildOperationRunner.java:66)
[        ] 	at org.gradle.internal.operations.DefaultBuildOperationRunner$2.execute(DefaultBuildOperationRunner.java:59)
[        ] 	at org.gradle.internal.operations.DefaultBuildOperationRunner.execute(DefaultBuildOperationRunner.java:166)
[        ] 	at org.gradle.internal.operations.DefaultBuildOperationRunner.execute(DefaultBuildOperationRunner.java:59)
[        ] 	at org.gradle.internal.operations.DefaultBuildOperationRunner.call(DefaultBuildOperationRunner.java:53)
[        ] 	at org.gradle.api.internal.tasks.execution.EventFiringTaskExecuter.execute(EventFiringTaskExecuter.java:52)
[        ] 	at org.gradle.execution.plan.LocalTaskNodeExecutor.execute(LocalTaskNodeExecutor.java:42)
[        ] 	at org.gradle.execution.taskgraph.DefaultTaskExecutionGraph$InvokeNodeExecutorsAction.execute(DefaultTaskExecutionGraph.java:331)
[        ] 	at org.gradle.execution.taskgraph.DefaultTaskExecutionGraph$InvokeNodeExecutorsAction.execute(DefaultTaskExecutionGraph.java:318)
[        ] 	at org.gradle.execution.taskgraph.DefaultTaskExecutionGraph$BuildOperationAwareExecutionAction.lambda$execute$0(DefaultTaskExecutionGraph.java:314)
[        ] 	at org.gradle.internal.operations.CurrentBuildOperationRef.with(CurrentBuildOperationRef.java:85)
[        ] 	at org.gradle.execution.taskgraph.DefaultTaskExecutionGraph$BuildOperationAwareExecutionAction.execute(DefaultTaskExecutionGraph.java:314)
[        ] 	at org.gradle.execution.taskgraph.DefaultTaskExecutionGraph$BuildOperationAwareExecutionAction.execute(DefaultTaskExecutionGraph.java:303)
[        ] 	at org.gradle.execution.plan.DefaultPlanExecutor$ExecutorWorker.execute(DefaultPlanExecutor.java:459)
[        ] 	at org.gradle.execution.plan.DefaultPlanExecutor$ExecutorWorker.run(DefaultPlanExecutor.java:376)
[        ] 	at org.gradle.internal.concurrent.ExecutorPolicy$CatchAndRecordFailures.onExecute(ExecutorPolicy.java:64)
[        ] 	at org.gradle.internal.concurrent.AbstractManagedExecutor$1.run(AbstractManagedExecutor.java:48)
[        ] 	at java.base/java.util.concurrent.ThreadPoolExecutor.runWorker(ThreadPoolExecutor.java:1136)
[        ] 	at java.base/java.util.concurrent.ThreadPoolExecutor$Worker.run(ThreadPoolExecutor.java:635)
[        ] 	at java.base/java.lang.Thread.run(Thread.java:840)
[        ] Caused by: org.gradle.process.internal.ExecException: Process 'command '/usr/local/share/flutter/bin/flutter'' finished with non-zero exit value 1
[        ] 	at org.gradle.process.internal.DefaultExecHandle$ExecResultImpl.assertNormalExitValue(DefaultExecHandle.java:442)
[        ] 	at org.gradle.process.internal.DefaultExecAction.execute(DefaultExecAction.java:49)
[        ] 	at org.gradle.process.internal.DefaultExecActionFactory.exec(DefaultExecActionFactory.java:218)
[        ] 	at org.gradle.process.internal.DefaultExecOperations.exec(DefaultExecOperations.java:37)
[        ] 	at com.flutter.gradle.tasks.BaseFlutterTaskHelper.buildBundle(BaseFlutterTaskHelper.kt:174)
[        ] 	at com.flutter.gradle.tasks.BaseFlutterTask.buildBundle(BaseFlutterTask.kt:147)
[        ] 	at com.flutter.gradle.tasks.FlutterTaskHelper.build$gradle(FlutterTaskHelper.kt:90)
[        ] 	at com.flutter.gradle.tasks.FlutterTask.build(FlutterTask.kt:49)
[        ] 	at java.base/jdk.internal.reflect.NativeMethodAccessorImpl.invoke0(Native Method)
[        ] 	at java.base/jdk.internal.reflect.NativeMethodAccessorImpl.invoke(NativeMethodAccessorImpl.java:77)
[        ] 	at java.base/jdk.internal.reflect.DelegatingMethodAccessorImpl.invoke(DelegatingMethodAccessorImpl.java:43)
[        ] 	at java.base/java.lang.reflect.Method.invoke(Method.java:569)
[        ] 	at org.gradle.internal.reflect.JavaMethod.invoke(JavaMethod.java:125)
[        ] 	at org.gradle.api.internal.project.taskfactory.StandardTaskAction.doExecute(StandardTaskAction.java:58)
[        ] 	at org.gradle.api.internal.project.taskfactory.StandardTaskAction.execute(StandardTaskAction.java:51)
[        ] 	at org.gradle.api.internal.project.taskfactory.StandardTaskAction.execute(StandardTaskAction.java:29)
[        ] 	at org.gradle.api.internal.tasks.execution.TaskExecution$3.run(TaskExecution.java:244)
[        ] 	at org.gradle.internal.operations.DefaultBuildOperationRunner$1.execute(DefaultBuildOperationRunner.java:29)
[        ] 	at org.gradle.internal.operations.DefaultBuildOperationRunner$1.execute(DefaultBuildOperationRunner.java:26)
[        ] 	at org.gradle.internal.operations.DefaultBuildOperationRunner$2.execute(DefaultBuildOperationRunner.java:66)
[        ] 	at org.gradle.internal.operations.DefaultBuildOperationRunner$2.execute(DefaultBuildOperationRunner.java:59)
[        ] 	at org.gradle.internal.operations.DefaultBuildOperationRunner.execute(DefaultBuildOperationRunner.java:166)
[        ] 	at org.gradle.internal.operations.DefaultBuildOperationRunner.execute(DefaultBuildOperationRunner.java:59)
[        ] 	at org.gradle.internal.operations.DefaultBuildOperationRunner.run(DefaultBuildOperationRunner.java:47)
[        ] 	at org.gradle.api.internal.tasks.execution.TaskExecution.executeAction(TaskExecution.java:229)
[        ] 	at org.gradle.api.internal.tasks.execution.TaskExecution.executeActions(TaskExecution.java:212)
[        ] 	at org.gradle.api.internal.tasks.execution.TaskExecution.executeWithPreviousOutputFiles(TaskExecution.java:195)
[        ] 	at org.gradle.api.internal.tasks.execution.TaskExecution.execute(TaskExecution.java:162)
[        ] 	at org.gradle.internal.execution.steps.ExecuteStep.executeInternal(ExecuteStep.java:105)
[        ] 	at org.gradle.internal.execution.steps.ExecuteStep.access$000(ExecuteStep.java:44)
[        ] 	at org.gradle.internal.execution.steps.ExecuteStep$1.call(ExecuteStep.java:59)
[        ] 	at org.gradle.internal.execution.steps.ExecuteStep$1.call(ExecuteStep.java:56)
[        ] 	at org.gradle.internal.operations.DefaultBuildOperationRunner$CallableBuildOperationWorker.execute(DefaultBuildOperationRunner.java:209)
[        ] 	at org.gradle.internal.operations.DefaultBuildOperationRunner$CallableBuildOperationWorker.execute(DefaultBuildOperationRunner.java:204)
[        ] 	at org.gradle.internal.operations.DefaultBuildOperationRunner$2.execute(DefaultBuildOperationRunner.java:66)
[        ] 	at org.gradle.internal.operations.DefaultBuildOperationRunner$2.execute(DefaultBuildOperationRunner.java:59)
[        ] 	at org.gradle.internal.operations.DefaultBuildOperationRunner.execute(DefaultBuildOperationRunner.java:166)
[        ] 	at org.gradle.internal.operations.DefaultBuildOperationRunner.execute(DefaultBuildOperationRunner.java:59)
[        ] 	at org.gradle.internal.operations.DefaultBuildOperationRunner.call(DefaultBuildOperationRunner.java:53)
[        ] 	at org.gradle.internal.execution.steps.ExecuteStep.execute(ExecuteStep.java:56)
[        ] 	at org.gradle.internal.execution.steps.ExecuteStep.execute(ExecuteStep.java:44)
[        ] 	at org.gradle.internal.execution.steps.CancelExecutionStep.execute(CancelExecutionStep.java:42)
[        ] 	at org.gradle.internal.execution.steps.TimeoutStep.executeWithoutTimeout(TimeoutStep.java:75)
[        ] 	at org.gradle.internal.execution.steps.TimeoutStep.execute(TimeoutStep.java:55)
[        ] 	at org.gradle.internal.execution.steps.PreCreateOutputParentsStep.execute(PreCreateOutputParentsStep.java:50)
[        ] 	at org.gradle.internal.execution.steps.PreCreateOutputParentsStep.execute(PreCreateOutputParentsStep.java:28)
[        ] 	at org.gradle.internal.execution.steps.RemovePreviousOutputsStep.execute(RemovePreviousOutputsStep.java:67)
[        ] 	at org.gradle.internal.execution.steps.RemovePreviousOutputsStep.execute(RemovePreviousOutputsStep.java:37)
[        ] 	at org.gradle.internal.execution.steps.BroadcastChangingOutputsStep.execute(BroadcastChangingOutputsStep.java:61)
[        ] 	at org.gradle.internal.execution.steps.BroadcastChangingOutputsStep.execute(BroadcastChangingOutputsStep.java:26)
[        ] 	at org.gradle.internal.execution.steps.CaptureOutputsAfterExecutionStep.execute(CaptureOutputsAfterExecutionStep.java:69)
[        ] 	at org.gradle.internal.execution.steps.CaptureOutputsAfterExecutionStep.execute(CaptureOutputsAfterExecutionStep.java:46)
[        ] 	at org.gradle.internal.execution.steps.ResolveInputChangesStep.execute(ResolveInputChangesStep.java:40)
[        ] 	at org.gradle.internal.execution.steps.ResolveInputChangesStep.execute(ResolveInputChangesStep.java:29)
[        ] 	at org.gradle.internal.execution.steps.BuildCacheStep.executeWithoutCache(BuildCacheStep.java:189)
[        ] 	at org.gradle.internal.execution.steps.BuildCacheStep.lambda$execute$1(BuildCacheStep.java:75)
[        ] 	at org.gradle.internal.Either$Right.fold(Either.java:175)
[        ] 	at org.gradle.internal.execution.caching.CachingState.fold(CachingState.java:62)
[        ] 	at org.gradle.internal.execution.steps.BuildCacheStep.execute(BuildCacheStep.java:73)
[        ] 	at org.gradle.internal.execution.steps.BuildCacheStep.execute(BuildCacheStep.java:48)
[        ] 	at org.gradle.internal.execution.steps.StoreExecutionStateStep.execute(StoreExecutionStateStep.java:46)
[        ] 	at org.gradle.internal.execution.steps.StoreExecutionStateStep.execute(StoreExecutionStateStep.java:35)
[        ] 	at org.gradle.internal.execution.steps.SkipUpToDateStep.executeBecause(SkipUpToDateStep.java:75)
[        ] 	at org.gradle.internal.execution.steps.SkipUpToDateStep.lambda$execute$2(SkipUpToDateStep.java:53)
[        ] 	at java.base/java.util.Optional.orElseGet(Optional.java:364)
[        ] 	at org.gradle.internal.execution.steps.SkipUpToDateStep.execute(SkipUpToDateStep.java:53)
[        ] 	at org.gradle.internal.execution.steps.SkipUpToDateStep.execute(SkipUpToDateStep.java:35)
[        ] 	at org.gradle.internal.execution.steps.legacy.MarkSnapshottingInputsFinishedStep.execute(MarkSnapshottingInputsFinishedStep.java:37)
[        ] 	at org.gradle.internal.execution.steps.legacy.MarkSnapshottingInputsFinishedStep.execute(MarkSnapshottingInputsFinishedStep.java:27)
[        ] 	at org.gradle.internal.execution.steps.ResolveIncrementalCachingStateStep.executeDelegate(ResolveIncrementalCachingStateStep.java:49)
[        ] 	at org.gradle.internal.execution.steps.ResolveIncrementalCachingStateStep.executeDelegate(ResolveIncrementalCachingStateStep.java:27)
[        ] 	at org.gradle.internal.execution.steps.AbstractResolveCachingStateStep.execute(AbstractResolveCachingStateStep.java:71)
[        ] 	at org.gradle.internal.execution.steps.AbstractResolveCachingStateStep.execute(AbstractResolveCachingStateStep.java:39)
[        ] 	at org.gradle.internal.execution.steps.ResolveChangesStep.execute(ResolveChangesStep.java:65)
[        ] 	at org.gradle.internal.execution.steps.ResolveChangesStep.execute(ResolveChangesStep.java:36)
[        ] 	at org.gradle.internal.execution.steps.ValidateStep.execute(ValidateStep.java:107)
[        ] 	at org.gradle.internal.execution.steps.ValidateStep.execute(ValidateStep.java:56)
[        ] 	at org.gradle.internal.execution.steps.AbstractCaptureStateBeforeExecutionStep.execute(AbstractCaptureStateBeforeExecutionStep.java:64)
[        ] 	at org.gradle.internal.execution.steps.AbstractCaptureStateBeforeExecutionStep.execute(AbstractCaptureStateBeforeExecutionStep.java:43)
[        ] 	at org.gradle.internal.execution.steps.AbstractSkipEmptyWorkStep.executeWithNonEmptySources(AbstractSkipEmptyWorkStep.java:125)
[        ] 	at org.gradle.internal.execution.steps.AbstractSkipEmptyWorkStep.execute(AbstractSkipEmptyWorkStep.java:56)
[        ] 	at org.gradle.internal.execution.steps.AbstractSkipEmptyWorkStep.execute(AbstractSkipEmptyWorkStep.java:36)
[        ] 	at org.gradle.internal.execution.steps.legacy.MarkSnapshottingInputsStartedStep.execute(MarkSnapshottingInputsStartedStep.java:38)
[        ] 	at org.gradle.internal.execution.steps.LoadPreviousExecutionStateStep.execute(LoadPreviousExecutionStateStep.java:36)
[        ] 	at org.gradle.internal.execution.steps.LoadPreviousExecutionStateStep.execute(LoadPreviousExecutionStateStep.java:23)
[        ] 	at org.gradle.internal.execution.steps.HandleStaleOutputsStep.execute(HandleStaleOutputsStep.java:75)
[        ] 	at org.gradle.internal.execution.steps.HandleStaleOutputsStep.execute(HandleStaleOutputsStep.java:41)
[        ] 	at org.gradle.internal.execution.steps.AssignMutableWorkspaceStep.lambda$execute$0(AssignMutableWorkspaceStep.java:35)
[        ] 	at org.gradle.api.internal.tasks.execution.TaskExecution$4.withWorkspace(TaskExecution.java:289)
[        ] 	at org.gradle.internal.execution.steps.AssignMutableWorkspaceStep.execute(AssignMutableWorkspaceStep.java:31)
[        ] 	at org.gradle.internal.execution.steps.AssignMutableWorkspaceStep.execute(AssignMutableWorkspaceStep.java:22)
[        ] 	at org.gradle.internal.execution.steps.ChoosePipelineStep.execute(ChoosePipelineStep.java:40)
[        ] 	at org.gradle.internal.execution.steps.ChoosePipelineStep.execute(ChoosePipelineStep.java:23)
[        ] 	at org.gradle.internal.execution.steps.ExecuteWorkBuildOperationFiringStep.lambda$execute$2(ExecuteWorkBuildOperationFiringStep.java:67)
[        ] 	at java.base/java.util.Optional.orElseGet(Optional.java:364)
[        ] 	at org.gradle.internal.execution.steps.ExecuteWorkBuildOperationFiringStep.execute(ExecuteWorkBuildOperationFiringStep.java:67)
[        ] 	at org.gradle.internal.execution.steps.ExecuteWorkBuildOperationFiringStep.execute(ExecuteWorkBuildOperationFiringStep.java:39)
[        ] 	at org.gradle.internal.execution.steps.IdentityCacheStep.execute(IdentityCacheStep.java:46)
[        ] 	at org.gradle.internal.execution.steps.IdentityCacheStep.execute(IdentityCacheStep.java:34)
[        ] 	at org.gradle.internal.execution.steps.IdentifyStep.execute(IdentifyStep.java:48)
[        ] 	at org.gradle.internal.execution.steps.IdentifyStep.execute(IdentifyStep.java:35)
[        ] 	at org.gradle.internal.execution.impl.DefaultExecutionEngine$1.execute(DefaultExecutionEngine.java:61)
[        ] 	at org.gradle.api.internal.tasks.execution.ExecuteActionsTaskExecuter.executeIfValid(ExecuteActionsTaskExecuter.java:127)
[        ] 	at org.gradle.api.internal.tasks.execution.ExecuteActionsTaskExecuter.execute(ExecuteActionsTaskExecuter.java:116)
[        ] 	at org.gradle.api.internal.tasks.execution.ProblemsTaskPathTrackingTaskExecuter.execute(ProblemsTaskPathTrackingTaskExecuter.java:40)
[        ] 	at org.gradle.api.internal.tasks.execution.FinalizePropertiesTaskExecuter.execute(FinalizePropertiesTaskExecuter.java:46)
[        ] 	at org.gradle.api.internal.tasks.execution.ResolveTaskExecutionModeExecuter.execute(ResolveTaskExecutionModeExecuter.java:51)
[        ] 	at org.gradle.api.internal.tasks.execution.SkipTaskWithNoActionsExecuter.execute(SkipTaskWithNoActionsExecuter.java:57)
[        ] 	at org.gradle.api.internal.tasks.execution.SkipOnlyIfTaskExecuter.execute(SkipOnlyIfTaskExecuter.java:74)
[        ] 	at org.gradle.api.internal.tasks.execution.CatchExceptionTaskExecuter.execute(CatchExceptionTaskExecuter.java:36)
[        ] 	at org.gradle.api.internal.tasks.execution.EventFiringTaskExecuter$1.executeTask(EventFiringTaskExecuter.java:77)
[        ] 	at org.gradle.api.internal.tasks.execution.EventFiringTaskExecuter$1.call(EventFiringTaskExecuter.java:55)
[        ] 	at org.gradle.api.internal.tasks.execution.EventFiringTaskExecuter$1.call(EventFiringTaskExecuter.java:52)
[        ] 	at org.gradle.internal.operations.DefaultBuildOperationRunner$CallableBuildOperationWorker.execute(DefaultBuildOperationRunner.java:209)
[        ] 	at org.gradle.internal.operations.DefaultBuildOperationRunner$CallableBuildOperationWorker.execute(DefaultBuildOperationRunner.java:204)
[        ] 	at org.gradle.internal.operations.DefaultBuildOperationRunner$2.execute(DefaultBuildOperationRunner.java:66)
[        ] 	at org.gradle.internal.operations.DefaultBuildOperationRunner$2.execute(DefaultBuildOperationRunner.java:59)
[        ] 	at org.gradle.internal.operations.DefaultBuildOperationRunner.execute(DefaultBuildOperationRunner.java:166)
[        ] 	at org.gradle.internal.operations.DefaultBuildOperationRunner.execute(DefaultBuildOperationRunner.java:59)
[        ] 	at org.gradle.internal.operations.DefaultBuildOperationRunner.call(DefaultBuildOperationRunner.java:53)
[        ] 	at org.gradle.api.internal.tasks.execution.EventFiringTaskExecuter.execute(EventFiringTaskExecuter.java:52)
[        ] 	at org.gradle.execution.plan.LocalTaskNodeExecutor.execute(LocalTaskNodeExecutor.java:42)
[        ] 	at org.gradle.execution.taskgraph.DefaultTaskExecutionGraph$InvokeNodeExecutorsAction.execute(DefaultTaskExecutionGraph.java:331)
[        ] 	at org.gradle.execution.taskgraph.DefaultTaskExecutionGraph$InvokeNodeExecutorsAction.execute(DefaultTaskExecutionGraph.java:318)
[        ] 	at org.gradle.execution.taskgraph.DefaultTaskExecutionGraph$BuildOperationAwareExecutionAction.lambda$execute$0(DefaultTaskExecutionGraph.java:314)
[        ] 	at org.gradle.internal.operations.CurrentBuildOperationRef.with(CurrentBuildOperationRef.java:85)
[        ] 	at org.gradle.execution.taskgraph.DefaultTaskExecutionGraph$BuildOperationAwareExecutionAction.execute(DefaultTaskExecutionGraph.java:314)
[        ] 	at org.gradle.execution.taskgraph.DefaultTaskExecutionGraph$BuildOperationAwareExecutionAction.execute(DefaultTaskExecutionGraph.java:303)
[        ] 	at org.gradle.execution.plan.DefaultPlanExecutor$ExecutorWorker.execute(DefaultPlanExecutor.java:459)
[        ] 	at org.gradle.execution.plan.DefaultPlanExecutor$ExecutorWorker.run(DefaultPlanExecutor.java:376)
[        ] 	at org.gradle.internal.concurrent.ExecutorPolicy$CatchAndRecordFailures.onExecute(ExecutorPolicy.java:64)
[        ] 	at org.gradle.internal.concurrent.AbstractManagedExecutor$1.run(AbstractManagedExecutor.java:48)
[        ] 	at java.base/java.util.concurrent.ThreadPoolExecutor.runWorker(ThreadPoolExecutor.java:1136)
[        ] 	at java.base/java.util.concurrent.ThreadPoolExecutor$Worker.run(ThreadPoolExecutor.java:635)
[        ] 	at java.base/java.lang.Thread.run(Thread.java:840)
[        ] BUILD FAILED in 6s
[   +1 ms] Deprecated Gradle features were used in this build, making it incompatible with Gradle 9.0.
[        ] You can use '--warning-mode all' to show the individual deprecation warnings and determine if they come from your own scripts or plugins.
[        ] For more on this, please refer to https://docs.gradle.org/8.12/userguide/command_line_interface.html#sec:command_line_warnings in the Gradle documentation.
[        ] 6 actionable tasks: 2 executed, 4 up-to-date
[        ] Watched directory hierarchies: [/usr/local/share/flutter/packages/flutter_tools/gradle, /Users/faizul/payanam/android]
[  +38 ms] Running Gradle task 'assembleDebug'... (completed in 7.2s)
[ +337 ms] lib/screens/student_dashboard.dart:314:7: Error: The setter '_markers' isn't defined for the type '_StudentDashboardState'.
[        ]  - '_StudentDashboardState' is from 'package:payanam/screens/student_dashboard.dart' ('lib/screens/student_dashboard.dart').
[        ] Try correcting the name to the name of an existing setter, or defining a setter or field named '_markers'.
[        ]       _markers = newMarkers;
[        ]       ^^^^^^^^
[+3267 ms] Error: Gradle task assembleDebug failed with exit code 1
[   +1 ms] "flutter run" took 12,939ms.
[   +7 ms] executing: sw_vers -productName
[  +18 ms] Exit code 0 from: sw_vers -productName
[        ] macOS
[        ] executing: sw_vers -productVersion
[  +16 ms] Exit code 0 from: sw_vers -productVersion
[        ] 15.7.4
[        ] executing: sw_vers -buildVersion
[  +16 ms] Exit code 0 from: sw_vers -buildVersion
[        ] 24G517
[        ] executing: uname -m
[   +6 ms] Exit code 0 from: uname -m
[        ] x86_64
[  +59 ms] 
           #0      throwToolExit (package:flutter_tools/src/base/common.dart:34:3)
           #1      RunCommand.runCommand (package:flutter_tools/src/commands/run.dart:872:9)
           <asynchronous suspension>
           #2      FlutterCommand.run.<anonymous closure> (package:flutter_tools/src/runner/flutter_command.dart:1581:27)
           <asynchronous suspension>
           #3      AppContext.run.<anonymous closure> (package:flutter_tools/src/base/context.dart:154:19)
           <asynchronous suspension>
           #4      CommandRunner.runCommand (package:args/command_runner.dart:212:13)
           <asynchronous suspension>
           #5      FlutterCommandRunner.runCommand.<anonymous closure> (package:flutter_tools/src/runner/flutter_command_runner.dart:503:9)
           <asynchronous suspension>
           #6      AppContext.run.<anonymous closure> (package:flutter_tools/src/base/context.dart:154:19)
           <asynchronous suspension>
           #7      FlutterCommandRunner.runCommand (package:flutter_tools/src/runner/flutter_command_runner.dart:438:5)
           <asynchronous suspension>
           #8      run.<anonymous closure>.<anonymous closure> (package:flutter_tools/runner.dart:98:11)
           <asynchronous suspension>
           #9      AppContext.run.<anonymous closure> (package:flutter_tools/src/base/context.dart:154:19)
           <asynchronous suspension>
           #10     main (package:flutter_tools/executable.dart:101:3)
           <asynchronous suspension>


[        ] Running 3 shutdown hooks
[   +6 ms] Shutdown hooks complete
[ +109 ms] exiting with code 1
