02-28 12:05:04.434 11702 11776 E FrameEvents: updateAcquireFence: Did not find frame.
02-28 12:05:04.452 11702 11732 I example.payana: Background concurrent copying GC freed 165485(6088KB) AllocSpace objects, 58(4052KB) LOS objects, 23% free, 25MB/33MB, paused 345us total 339.841ms
02-28 12:05:04.453 11702 11776 E FrameEvents: updateAcquireFence: Did not find frame.
02-28 12:05:04.467 11702 11776 E FrameEvents: updateAcquireFence: Did not find frame.
02-28 12:05:04.484 11702 11776 E FrameEvents: updateAcquireFence: Did not find frame.
02-28 12:05:04.500 11702 11776 E FrameEvents: updateAcquireFence: Did not find frame.
02-28 12:05:04.517 11702 11776 E FrameEvents: updateAcquireFence: Did not find frame.
02-28 12:05:04.534 11702 11776 E FrameEvents: updateAcquireFence: Did not find frame.
02-28 12:05:04.551 11702 11776 E FrameEvents: updateAcquireFence: Did not find frame.
02-28 12:05:04.567 11702 11776 E FrameEvents: updateAcquireFence: Did not find frame.
02-28 12:05:04.574 11702 11702 W ImageReader_JNI: Unable to acquire a buffer item, very likely client tried to acquire more than maxImages buffers
02-28 12:05:04.584 11702 11776 E FrameEvents: updateAcquireFence: Did not find frame.
02-28 12:05:04.600 11702 11776 E FrameEvents: updateAcquireFence: Did not find frame.
02-28 12:05:04.616 11702 11776 E FrameEvents: updateAcquireFence: Did not find frame.
02-28 12:05:04.642 24477 24477 W ThreadPoolForeg: type=1400 audit(0.0:2578499): avc: denied { write } for name="traced_producer" dev="tmpfs" ino=13943 scontext=u:r:gmscore_app:s0:c512,c768 tcontext=u:object_r:traced_producer_socket:s0 tclass=sock_file permissive=0 app=com.google.android.gms
02-28 12:05:04.752 11702 11776 E FrameEvents: updateAcquireFence: Did not find frame.
02-28 12:05:04.768 11702 11776 E FrameEvents: updateAcquireFence: Did not find frame.
02-28 12:05:04.786 11702 11776 E FrameEvents: updateAcquireFence: Did not find frame.
02-28 12:05:04.808 11702 11776 E FrameEvents: updateAcquireFence: Did not find frame.
02-28 12:05:04.822 11702 11776 E FrameEvents: updateAcquireFence: Did not find frame.
02-28 12:05:04.836 11702 11776 E FrameEvents: updateAcquireFence: Did not find frame.
02-28 12:05:04.853 11702 11776 E FrameEvents: updateAcquireFence: Did not find frame.
02-28 12:05:04.871 11702 11776 E FrameEvents: updateAcquireFence: Did not find frame.
02-28 12:05:04.888 11702 11776 E FrameEvents: updateAcquireFence: Did not find frame.
02-28 12:05:04.904 11702 11776 E FrameEvents: updateAcquireFence: Did not find frame.
02-28 12:05:04.915 11702 11702 W ImageReader_JNI: Unable to acquire a buffer item, very likely client tried to acquire more than maxImages buffers
02-28 12:05:04.921 11702 11776 E FrameEvents: updateAcquireFence: Did not find frame.
02-28 12:05:04.950 11702 11776 E FrameEvents: updateAcquireFence: Did not find frame.
02-28 12:05:04.967 11702 11776 E FrameEvents: updateAcquireFence: Did not find frame.
02-28 12:05:04.987 11702 11776 E FrameEvents: updateAcquireFence: Did not find frame.
02-28 12:05:04.991 11702 11702 W ImageReader_JNI: Unable to acquire a buffer item, very likely client tried to acquire more than maxImages buffers
02-28 12:05:05.000 11702 11776 E FrameEvents: updateAcquireFence: Did not find frame.
02-28 12:05:05.017 11702 11776 E FrameEvents: updateAcquireFence: Did not find frame.
02-28 12:05:05.025 14262  2055 I FrewleTileCacheManagerV: (REDACTED) Fetched %d AP models from cache
02-28 12:05:05.035 11702 11776 E FrameEvents: updateAcquireFence: Did not find frame.
02-28 12:05:05.040 11702 11702 W ImageReader_JNI: Unable to acquire a buffer item, very likely client tried to acquire more than maxImages buffers
02-28 12:05:05.057 14053 14718 I FusedLocation: (REDACTED) location delivery to %s blocked - too close
02-28 12:05:05.058 14053 14718 I FusedLocation: (REDACTED) location delivery to %s blocked - too fast
02-28 12:05:05.059 14053 14718 I FusedLocation: (REDACTED) location delivery to %s blocked - too fast
02-28 12:05:05.060 14053 14718 I FusedLocation: (REDACTED) location delivery to %s blocked - too close
02-28 12:05:05.063 14053 10095 I FrewleTileCacheManagerV: (REDACTED) Fetched %d AP models from cache
02-28 12:05:05.069 11702 11776 E FrameEvents: updateAcquireFence: Did not find frame.
02-28 12:05:05.084 11702 11776 E FrameEvents: updateAcquireFence: Did not find frame.
02-28 12:05:05.101 14053 11530 I SemanticLocation: [InfMgr] No location reports after filtering [CONTEXT service_id=173 ]
02-28 12:05:05.102 11702 11776 E FrameEvents: updateAcquireFence: Did not find frame.
02-28 12:05:05.118 11702 11776 E FrameEvents: updateAcquireFence: Did not find frame.
02-28 12:05:05.135 11702 11776 E FrameEvents: updateAcquireFence: Did not find frame.
02-28 12:05:05.151 11702 11776 E FrameEvents: updateAcquireFence: Did not find frame.
02-28 12:05:05.167 11702 11776 E FrameEvents: updateAcquireFence: Did not find frame.
02-28 12:05:05.184 11702 11776 E FrameEvents: updateAcquireFence: Did not find frame.
02-28 12:05:05.201 11702 11776 E FrameEvents: updateAcquireFence: Did not find frame.
02-28 12:05:05.218 11702 11776 E FrameEvents: updateAcquireFence: Did not find frame.
02-28 12:05:05.236 11702 11776 E FrameEvents: updateAcquireFence: Did not find frame.
02-28 12:05:05.251 11702 11776 E FrameEvents: updateAcquireFence: Did not find frame.
02-28 12:05:05.268 11702 11776 E FrameEvents: updateAcquireFence: Did not find frame.
02-28 12:05:05.285 11702 11776 E FrameEvents: updateAcquireFence: Did not find frame.
02-28 12:05:05.301 11702 11776 E FrameEvents: updateAcquireFence: Did not find frame.
02-28 12:05:05.319 11702 11776 E FrameEvents: updateAcquireFence: Did not find frame.
02-28 12:05:05.335 11702 11776 E FrameEvents: updateAcquireFence: Did not find frame.
02-28 12:05:05.352 11702 11776 E FrameEvents: updateAcquireFence: Did not find frame.
02-28 12:05:05.369 11702 11776 E FrameEvents: updateAcquireFence: Did not find frame.
02-28 12:05:05.385 11702 11776 E FrameEvents: updateAcquireFence: Did not find frame.
02-28 12:05:05.402 11702 11776 E FrameEvents: updateAcquireFence: Did not find frame.
02-28 12:05:05.418 11702 11776 E FrameEvents: updateAcquireFence: Did not find frame.
02-28 12:05:05.721 11702 11776 E FrameEvents: updateAcquireFence: Did not find frame.
02-28 12:05:05.739 11702 11776 E FrameEvents: updateAcquireFence: Did not find frame.
02-28 12:05:05.754 11702 11776 E FrameEvents: updateAcquireFence: Did not find frame.
02-28 12:05:05.775 11702 11998 W ProxyAndroidLoggerBackend: Too many Flogger logs received before configuration. Dropping old logs.
02-28 12:05:05.776 11702 11998 W ProxyAndroidLoggerBackend: Too many Flogger logs received before configuration. Dropping old logs.
02-28 12:05:05.777 11702 11776 E FrameEvents: updateAcquireFence: Did not find frame.
02-28 12:05:05.808 11702 11776 E FrameEvents: updateAcquireFence: Did not find frame.
02-28 12:05:05.822 11702 11776 E FrameEvents: updateAcquireFence: Did not find frame.
02-28 12:05:05.824 11702 11996 W ProxyAndroidLoggerBackend: Too many Flogger logs received before configuration. Dropping old logs.
02-28 12:05:05.825 11702 11996 W ProxyAndroidLoggerBackend: Too many Flogger logs received before configuration. Dropping old logs.
02-28 12:05:05.835 11702 11776 E FrameEvents: updateAcquireFence: Did not find frame.
02-28 12:05:05.859 11702 11776 E FrameEvents: updateAcquireFence: Did not find frame.
02-28 12:05:05.877 11702 11776 E FrameEvents: updateAcquireFence: Did not find frame.
02-28 12:05:05.887 11702 11776 E FrameEvents: updateAcquireFence: Did not find frame.
02-28 12:05:05.892 11702  3099 W BitmapFactory: mtk platform doDecode start...
02-28 12:05:05.895 11702  3099 I chatty  : uid=10482(com.example.payanam) androidmapsapi- identical 1 line
02-28 12:05:05.897 11702  3099 W BitmapFactory: mtk platform doDecode start...
02-28 12:05:05.901 11702 11776 E FrameEvents: updateAcquireFence: Did not find frame.
02-28 12:05:05.909 11702 11702 W ImageReader_JNI: Unable to acquire a buffer item, very likely client tried to acquire more than maxImages buffers
02-28 12:05:05.918 11702 11776 E FrameEvents: updateAcquireFence: Did not find frame.
02-28 12:05:05.937 11702 11776 E FrameEvents: updateAcquireFence: Did not find frame.
02-28 12:05:05.957 11702 11776 E FrameEvents: updateAcquireFence: Did not find frame.
02-28 12:05:05.969 11702 11776 E FrameEvents: updateAcquireFence: Did not find frame.
02-28 12:05:05.985 11702 11776 E FrameEvents: updateAcquireFence: Did not find frame.
02-28 12:05:06.003 11702 11776 E FrameEvents: updateAcquireFence: Did not find frame.
02-28 12:05:06.008 11702 11702 W ImageReader_JNI: Unable to acquire a buffer item, very likely client tried to acquire more than maxImages buffers
02-28 12:05:06.013 11702 11998 W ProxyAndroidLoggerBackend: Too many Flogger logs received before configuration. Dropping old logs.
02-28 12:05:06.014 11702 11998 W ProxyAndroidLoggerBackend: Too many Flogger logs received before configuration. Dropping old logs.
02-28 12:05:06.035 11702 11776 E FrameEvents: updateAcquireFence: Did not find frame.
02-28 12:05:06.045 11702 11996 W ProxyAndroidLoggerBackend: Too many Flogger logs received before configuration. Dropping old logs.
02-28 12:05:06.045 11702 11996 W ProxyAndroidLoggerBackend: Too many Flogger logs received before configuration. Dropping old logs.
02-28 12:05:06.053 14262  2055 I FrewleTileCacheManagerV: (REDACTED) Fetched %d AP models from cache
02-28 12:05:06.055 11702 11776 E FrameEvents: updateAcquireFence: Did not find frame.
02-28 12:05:06.060 17170 17187 I hbox:interacto: Background concurrent copying GC freed 44598(3382KB) AllocSpace objects, 0(0B) LOS objects, 25% free, 10MB/13MB, paused 200us total 195.300ms
02-28 12:05:06.102 11702 11776 E FrameEvents: updateAcquireFence: Did not find frame.
02-28 12:05:06.121 11702 11776 E FrameEvents: updateAcquireFence: Did not find frame.
02-28 12:05:06.123 14053 14718 I FusedLocation: (REDACTED) location delivery to %s blocked - too fast
02-28 12:05:06.125 14053 14718 I FusedLocation: (REDACTED) location delivery to %s blocked - too close
02-28 12:05:06.128 14053 14718 I FusedLocation: (REDACTED) location delivery to %s blocked - too fast
02-28 12:05:06.129 14053 14718 I FusedLocation: (REDACTED) location delivery to %s blocked - too fast
02-28 12:05:06.131 14053 14718 I FusedLocation: (REDACTED) location delivery to %s blocked - too close
02-28 12:05:06.134 14053 11530 I FrewleTileCacheManagerV: (REDACTED) Fetched %d AP models from cache
02-28 12:05:06.138 11702 11776 E FrameEvents: updateAcquireFence: Did not find frame.
02-28 12:05:06.152 11702 11776 E FrameEvents: updateAcquireFence: Did not find frame.
02-28 12:05:06.177 11702 11998 W ProxyAndroidLoggerBackend: Too many Flogger logs received before configuration. Dropping old logs.
02-28 12:05:06.177 11702 11998 W ProxyAndroidLoggerBackend: Too many Flogger logs received before configuration. Dropping old logs.
02-28 12:05:06.189 11702 11776 E FrameEvents: updateAcquireFence: Did not find frame.
02-28 12:05:06.205 11702 11776 E FrameEvents: updateAcquireFence: Did not find frame.
02-28 12:05:06.214 11702 11997 W ProxyAndroidLoggerBackend: Too many Flogger logs received before configuration. Dropping old logs.
02-28 12:05:06.214 11702 11997 W ProxyAndroidLoggerBackend: Too many Flogger logs received before configuration. Dropping old logs.
02-28 12:05:06.235 11702 11776 E FrameEvents: updateAcquireFence: Did not find frame.
02-28 12:05:06.253 11702 11776 E FrameEvents: updateAcquireFence: Did not find frame.
02-28 12:05:06.263 11702  3099 W BitmapFactory: mtk platform doDecode start...
02-28 12:05:06.274 11702 11776 E FrameEvents: updateAcquireFence: Did not find frame.
02-28 12:05:06.305 11702 11776 E FrameEvents: updateAcquireFence: Did not find frame.
02-28 12:05:06.321 11702 11776 E FrameEvents: updateAcquireFence: Did not find frame.
02-28 12:05:06.425 11702 11776 E FrameEvents: updateAcquireFence: Did not find frame.
02-28 12:05:06.431 11702 11732 I example.payana: Background concurrent copying GC freed 178140(5675KB) AllocSpace objects, 55(4508KB) LOS objects, 19% free, 32MB/40MB, paused 530us total 363.760ms
02-28 12:05:06.437 11702 11776 E FrameEvents: updateAcquireFence: Did not find frame.
02-28 12:05:06.453 11702 11776 E FrameEvents: updateAcquireFence: Did not find frame.
02-28 12:05:06.488 11702 11776 E FrameEvents: updateAcquireFence: Did not find frame.
02-28 12:05:06.508 11702 11776 E FrameEvents: updateAcquireFence: Did not find frame.
02-28 12:05:06.530 11702 11776 E FrameEvents: updateAcquireFence: Did not find frame.
02-28 12:05:06.548 11702 11776 E FrameEvents: updateAcquireFence: Did not find frame.
02-28 12:05:06.572 11702 11776 E FrameEvents: updateAcquireFence: Did not find frame.
02-28 12:05:06.600 11702 11776 E FrameEvents: updateAcquireFence: Did not find frame.
02-28 12:05:06.612 11702 11776 E FrameEvents: updateAcquireFence: Did not find frame.
02-28 12:05:06.646 11702 11776 E FrameEvents: updateAcquireFence: Did not find frame.
02-28 12:05:06.658 11702 11776 E FrameEvents: updateAcquireFence: Did not find frame.
02-28 12:05:06.681 11702 11776 E FrameEvents: updateAcquireFence: Did not find frame.
02-28 12:05:06.699 11702 11776 E FrameEvents: updateAcquireFence: Did not find frame.
02-28 12:05:06.725 11702 11776 E FrameEvents: updateAcquireFence: Did not find frame.
02-28 12:05:06.728 11702 11702 W ImageReader_JNI: Unable to acquire a buffer item, very likely client tried to acquire more than maxImages buffers
02-28 12:05:06.736 11702 11776 E FrameEvents: updateAcquireFence: Did not find frame.
02-28 12:05:06.745 12292 12292 E libc    : Access denied finding property "ro.vendor.build.tags"
02-28 12:05:06.755 11702 11776 E FrameEvents: updateAcquireFence: Did not find frame.
02-28 12:05:06.759 11702 11702 W ImageReader_JNI: Unable to acquire a buffer item, very likely client tried to acquire more than maxImages buffers
02-28 12:05:06.769 11702 11776 E FrameEvents: updateAcquireFence: Did not find frame.
02-28 12:05:06.787 11702 11776 E FrameEvents: updateAcquireFence: Did not find frame.
02-28 12:05:06.809 11702 11776 E FrameEvents: updateAcquireFence: Did not find frame.
02-28 12:05:06.811 12293 12293 E libc    : Access denied finding property "ro.vendor.build.tags"
02-28 12:05:06.836 11702 11776 E FrameEvents: updateAcquireFence: Did not find frame.
02-28 12:05:06.857 11702 11776 E FrameEvents: updateAcquireFence: Did not find frame.
02-28 12:05:06.876 11702 11776 E FrameEvents: updateAcquireFence: Did not find frame.
02-28 12:05:06.898 11702 11776 E FrameEvents: updateAcquireFence: Did not find frame.
02-28 12:05:06.916 11702 11702 W ImageReader_JNI: Unable to acquire a buffer item, very likely client tried to acquire more than maxImages buffers
02-28 12:05:06.923 11702 11776 E FrameEvents: updateAcquireFence: Did not find frame.
02-28 12:05:06.936 11702 11776 E FrameEvents: updateAcquireFence: Did not find frame.
02-28 12:05:06.956 11702 11776 E FrameEvents: updateAcquireFence: Did not find frame.
02-28 12:05:06.974 11702 11702 W ImageReader_JNI: Unable to acquire a buffer item, very likely client tried to acquire more than maxImages buffers
02-28 12:05:06.980 11702 11776 E FrameEvents: updateAcquireFence: Did not find frame.
02-28 12:05:06.998 11702 11776 E FrameEvents: updateAcquireFence: Did not find frame.
02-28 12:05:07.022 14262 19716 I FrewleTileCacheManagerV: (REDACTED) Fetched %d AP models from cache
02-28 12:05:07.025 11702 11776 E FrameEvents: updateAcquireFence: Did not find frame.
02-28 12:05:07.044 11702 11776 E FrameEvents: updateAcquireFence: Did not find frame.
02-28 12:05:07.070 11702 11776 E FrameEvents: updateAcquireFence: Did not find frame.
02-28 12:05:07.071 14053 14718 I FusedLocation: (REDACTED) location delivery to %s blocked - too fast
02-28 12:05:07.072 14053 14718 I FusedLocation: (REDACTED) location delivery to %s blocked - too close
02-28 12:05:07.073 14053 14718 I FusedLocation: (REDACTED) location delivery to %s blocked - too fast
02-28 12:05:07.075 14053 14718 I FusedLocation: (REDACTED) location delivery to %s blocked - too fast
02-28 12:05:07.075 14053 14718 I FusedLocation: (REDACTED) location delivery to %s blocked - too close
02-28 12:05:07.080 14053 10095 I FrewleTileCacheManagerV: (REDACTED) Fetched %d AP models from cache
02-28 12:05:07.088 11702 11776 E FrameEvents: updateAcquireFence: Did not find frame.
02-28 12:05:07.095 11702 11702 W ImageReader_JNI: Unable to acquire a buffer item, very likely client tried to acquire more than maxImages buffers
02-28 12:05:07.104 11702 11776 E FrameEvents: updateAcquireFence: Did not find frame.
02-28 12:05:07.098 24761 24761 W Thread-929: type=1400 audit(0.0:2578501): avc: denied { read } for name="enforce" dev="selinuxfs" ino=4 scontext=u:r:untrusted_app:s0:c236,c256,c512,c768 tcontext=u:object_r:selinuxfs:s0 tclass=file permissive=0 app=com.google.android.apps.nbu.paisa.user
02-28 12:05:07.125 11702 11776 E FrameEvents: updateAcquireFence: Did not find frame.
02-28 12:05:07.155 11702 11776 E FrameEvents: updateAcquireFence: Did not find frame.
02-28 12:05:07.186 11702 11776 E FrameEvents: updateAcquireFence: Did not find frame.
02-28 12:05:07.204 11702 11776 E FrameEvents: updateAcquireFence: Did not find frame.
02-28 12:05:07.222 11702 11776 E FrameEvents: updateAcquireFence: Did not find frame.
02-28 12:05:07.248 11702 11776 E FrameEvents: updateAcquireFence: Did not find frame.
02-28 12:05:07.265 11702 11776 E FrameEvents: updateAcquireFence: Did not find frame.
02-28 12:05:07.283 11702 11776 E FrameEvents: updateAcquireFence: Did not find frame.
02-28 12:05:07.307 11702 11776 E FrameEvents: updateAcquireFence: Did not find frame.
02-28 12:05:07.328 11702 11776 E FrameEvents: updateAcquireFence: Did not find frame.
02-28 12:05:07.350 11702 11776 E FrameEvents: updateAcquireFence: Did not find frame.
02-28 12:05:07.370 11702 11776 E FrameEvents: updateAcquireFence: Did not find frame.
02-28 12:05:07.396 11702 11776 E FrameEvents: updateAcquireFence: Did not find frame.
02-28 12:05:07.409 14053 14961 W Settings: Setting airplane_mode_on has moved from android.provider.Settings.System to android.provider.Settings.Global, returning read-only value.
02-28 12:05:07.412 14053 10091 D WifiScanner: Fullbandsize settings: 7
02-28 12:05:07.416 11702 11776 E FrameEvents: updateAcquireFence: Did not find frame.
02-28 12:05:07.441 11702 11776 E FrameEvents: updateAcquireFence: Did not find frame.
02-28 12:05:07.466 11702 11776 E FrameEvents: updateAcquireFence: Did not find frame.
02-28 12:05:07.479 11702 11776 E FrameEvents: updateAcquireFence: Did not find frame.
02-28 12:05:07.496 11702 11702 W ImageReader_JNI: Unable to acquire a buffer item, very likely client tried to acquire more than maxImages buffers
02-28 12:05:07.508 11702 11776 E FrameEvents: updateAcquireFence: Did not find frame.
02-28 12:05:07.521 11702 11776 E FrameEvents: updateAcquireFence: Did not find frame.
02-28 12:05:07.542 11702 11776 E FrameEvents: updateAcquireFence: Did not find frame.
02-28 12:05:07.556 11702 11702 W ImageReader_JNI: Unable to acquire a buffer item, very likely client tried to acquire more than maxImages buffers
02-28 12:05:07.565 11702 11776 E FrameEvents: updateAcquireFence: Did not find frame.
02-28 12:05:07.577 11702 11776 E FrameEvents: updateAcquireFence: Did not find frame.
02-28 12:05:07.595 11702 11702 W ImageReader_JNI: Unable to acquire a buffer item, very likely client tried to acquire more than maxImages buffers
02-28 12:05:07.602 11702 11776 E FrameEvents: updateAcquireFence: Did not find frame.
02-28 12:05:07.616 11702 11776 E FrameEvents: updateAcquireFence: Did not find frame.
02-28 12:05:07.638 11702 11776 E FrameEvents: updateAcquireFence: Did not find frame.
02-28 12:05:07.662 11702 11776 E FrameEvents: updateAcquireFence: Did not find frame.
02-28 12:05:07.683 11702 11776 E FrameEvents: updateAcquireFence: Did not find frame.
02-28 12:05:07.704 11702 11776 E FrameEvents: updateAcquireFence: Did not find frame.
02-28 12:05:07.728 11702 11776 E FrameEvents: updateAcquireFence: Did not find frame.
02-28 12:05:07.749 11702 11776 E FrameEvents: updateAcquireFence: Did not find frame.
02-28 12:05:07.771 11702 11776 E FrameEvents: updateAcquireFence: Did not find frame.
02-28 12:05:07.788 11702 11776 E FrameEvents: updateAcquireFence: Did not find frame.
02-28 12:05:07.811 11702 11776 E FrameEvents: updateAcquireFence: Did not find frame.
02-28 12:05:07.834 11702 11776 E FrameEvents: updateAcquireFence: Did not find frame.
02-28 12:05:07.837 11702 11702 W ImageReader_JNI: Unable to acquire a buffer item, very likely client tried to acquire more than maxImages buffers
02-28 12:05:07.843 12340 12342 I cmd     : oneway function results will be dropped but finished with status OK and parcel size 4
02-28 12:05:07.844 11702 11776 E FrameEvents: updateAcquireFence: Did not find frame.
02-28 12:05:07.869 11702 11776 E FrameEvents: updateAcquireFence: Did not find frame.
02-28 12:05:07.887 11702 11776 E FrameEvents: updateAcquireFence: Did not find frame.
02-28 12:05:07.904 11702 11776 E FrameEvents: updateAcquireFence: Did not find frame.
02-28 12:05:07.921 11702 11776 E FrameEvents: updateAcquireFence: Did not find frame.
02-28 12:05:07.925 12344 12346 I cmd     : oneway function results will be dropped but finished with status OK and parcel size 4
02-28 12:05:07.941 11702 11776 E FrameEvents: updateAcquireFence: Did not find frame.
02-28 12:05:07.970 11702 11776 E FrameEvents: updateAcquireFence: Did not find frame.
02-28 12:05:07.988 11702 11776 E FrameEvents: updateAcquireFence: Did not find frame.
02-28 12:05:08.002 14262  2055 I FrewleTileCacheManagerV: (REDACTED) Fetched %d AP models from cache
02-28 12:05:08.010 11702 11776 E FrameEvents: updateAcquireFence: Did not find frame.
02-28 12:05:08.031 11702 11776 E FrameEvents: updateAcquireFence: Did not find frame.
02-28 12:05:08.042 11702 11776 E FrameEvents: updateAcquireFence: Did not find frame.
02-28 12:05:08.049 11702 11702 W ImageReader_JNI: Unable to acquire a buffer item, very likely client tried to acquire more than maxImages buffers
02-28 12:05:08.062 11702 11998 W ProxyAndroidLoggerBackend: Too many Flogger logs received before configuration. Dropping old logs.
02-28 12:05:08.063 11702 11998 W ProxyAndroidLoggerBackend: Too many Flogger logs received before configuration. Dropping old logs.
02-28 12:05:08.073 14053 14718 I FusedLocation: (REDACTED) location delivery to %s blocked - too fast
02-28 12:05:08.073 11702 11776 E FrameEvents: updateAcquireFence: Did not find frame.
02-28 12:05:08.074 14053 14718 I FusedLocation: (REDACTED) location delivery to %s blocked - too close
02-28 12:05:08.076 14053 14718 I FusedLocation: (REDACTED) location delivery to %s blocked - too fast
02-28 12:05:08.082 14053 14718 I FusedLocation: (REDACTED) location delivery to %s blocked - too fast
02-28 12:05:08.084 14053 14718 I FusedLocation: (REDACTED) location delivery to %s blocked - too close
02-28 12:05:08.087 14053 11530 I FrewleTileCacheManagerV: (REDACTED) Fetched %d AP models from cache
02-28 12:05:08.091 11702 11776 E FrameEvents: updateAcquireFence: Did not find frame.
02-28 12:05:08.094 11702 11997 W ProxyAndroidLoggerBackend: Too many Flogger logs received before configuration. Dropping old logs.
02-28 12:05:08.095 11702 11997 W ProxyAndroidLoggerBackend: Too many Flogger logs received before configuration. Dropping old logs.
02-28 12:05:08.107 11702 11776 E FrameEvents: updateAcquireFence: Did not find frame.
02-28 12:05:08.127 11702 11996 W ProxyAndroidLoggerBackend: Too many Flogger logs received before configuration. Dropping old logs.
02-28 12:05:08.128 11702 11996 W ProxyAndroidLoggerBackend: Too many Flogger logs received before configuration. Dropping old logs.
02-28 12:05:08.137 12353 12355 I cmd     : oneway function results will be dropped but finished with status OK and parcel size 4
02-28 12:05:08.140 11702 11776 E FrameEvents: updateAcquireFence: Did not find frame.
02-28 12:05:08.144 11702 11998 W ProxyAndroidLoggerBackend: Too many Flogger logs received before configuration. Dropping old logs.
02-28 12:05:08.145 11702 11998 W ProxyAndroidLoggerBackend: Too many Flogger logs received before configuration. Dropping old logs.
02-28 12:05:08.162 11702 11776 E FrameEvents: updateAcquireFence: Did not find frame.
02-28 12:05:08.191 11702 11776 E FrameEvents: updateAcquireFence: Did not find frame.
02-28 12:05:08.216 11702 11776 E FrameEvents: updateAcquireFence: Did not find frame.
02-28 12:05:08.257 11702 11776 E FrameEvents: updateAcquireFence: Did not find frame.
02-28 12:05:08.275 11702 11776 E FrameEvents: updateAcquireFence: Did not find frame.
02-28 12:05:08.295 11702 11776 E FrameEvents: updateAcquireFence: Did not find frame.
02-28 12:05:08.327 11702 11776 E FrameEvents: updateAcquireFence: Did not find frame.
02-28 12:05:08.345 11702 11732 I example.payana: Background young concurrent copying GC freed 195264(6305KB) AllocSpace objects, 41(2164KB) LOS objects, 11% free, 35MB/40MB, paused 212us total 123.229ms
02-28 12:05:08.349 14053 10091 I FrewleTileCacheManagerV: (REDACTED) Fetched %d AP models from cache
02-28 12:05:08.373 11702 11776 E FrameEvents: updateAcquireFence: Did not find frame.
02-28 12:05:08.394 11702 11776 E FrameEvents: updateAcquireFence: Did not find frame.
02-28 12:05:08.415 14053 14718 I FusedLocation: (REDACTED) location delivery to %s blocked - too fast
02-28 12:05:08.421 11702 11776 E FrameEvents: updateAcquireFence: Did not find frame.
02-28 12:05:08.429 14053 14718 I FusedLocation: (REDACTED) location delivery to %s blocked - too fast
02-28 12:05:08.429 14053 14718 I FusedLocation: (REDACTED) location delivery to %s blocked - too close
02-28 12:05:08.430 14053 14718 I FusedLocation: (REDACTED) location delivery to %s blocked - too fast
02-28 12:05:08.431 14053 14718 I FusedLocation: (REDACTED) location delivery to %s blocked - too fast
02-28 12:05:08.434 14053 14718 I FusedLocation: (REDACTED) location delivery to %s blocked - too close
02-28 12:05:08.437 14053 12352 I FrewleTileCacheManagerV: (REDACTED) Fetched %d AP models from cache
02-28 12:05:08.441 11702 11776 E FrameEvents: updateAcquireFence: Did not find frame.
02-28 12:05:08.452 14053 14718 I ffar    : Received empty WiFi-RTT scan. [CONTEXT service_id=6 ]
02-28 12:05:08.461 11702 11776 E FrameEvents: updateAcquireFence: Did not find frame.
02-28 12:05:08.472 11702 11776 E FrameEvents: updateAcquireFence: Did not find frame.
02-28 12:05:08.491 11702 11776 E FrameEvents: updateAcquireFence: Did not find frame.
02-28 12:05:08.499 11702 11997 W ProxyAndroidLoggerBackend: Too many Flogger logs received before configuration. Dropping old logs.
02-28 12:05:08.511 11702 11702 W ImageReader_JNI: Unable to acquire a buffer item, very likely client tried to acquire more than maxImages buffers
02-28 12:05:08.515 11702 11996 W ProxyAndroidLoggerBackend: Too many Flogger logs received before configuration. Dropping old logs.
02-28 12:05:08.516 11702 11776 E FrameEvents: updateAcquireFence: Did not find frame.
02-28 12:05:08.528 11702 11776 E FrameEvents: updateAcquireFence: Did not find frame.
02-28 12:05:08.533 11702 11998 W ProxyAndroidLoggerBackend: Too many Flogger logs received before configuration. Dropping old logs.
02-28 12:05:08.545 11702 11702 W ImageReader_JNI: Unable to acquire a buffer item, very likely client tried to acquire more than maxImages buffers
02-28 12:05:08.550 11702 11776 E FrameEvents: updateAcquireFence: Did not find frame.
02-28 12:05:08.572 11702 11776 E FrameEvents: updateAcquireFence: Did not find frame.
02-28 12:05:08.592 11702 11776 E FrameEvents: updateAcquireFence: Did not find frame.
02-28 12:05:08.598 12382 12384 I cmd     : oneway function results will be dropped but finished with status OK and parcel size 4
02-28 12:05:08.607 11702 11776 E FrameEvents: updateAcquireFence: Did not find frame.
02-28 12:05:08.618 11702 11702 W ImageReader_JNI: Unable to acquire a buffer item, very likely client tried to acquire more than maxImages buffers
02-28 12:05:08.624 11702 11776 E FrameEvents: updateAcquireFence: Did not find frame.
02-28 12:05:08.640 11702 11702 W ImageReader_JNI: Unable to acquire a buffer item, very likely client tried to acquire more than maxImages buffers
02-28 12:05:08.645 11702 11776 E FrameEvents: updateAcquireFence: Did not find frame.
02-28 12:05:08.721 11702 11776 E FrameEvents: updateAcquireFence: Did not find frame.
02-28 12:05:08.740 11702 11776 E FrameEvents: updateAcquireFence: Did not find frame.
02-28 12:05:08.773 12391 12393 I cmd     : oneway function results will be dropped but finished with status OK and parcel size 4
02-28 12:05:08.885 11702 11732 I example.payana: Background concurrent copying GC freed 151405(5290KB) AllocSpace objects, 27(8464KB) LOS objects, 22% free, 27MB/35MB, paused 195us total 330.202ms
02-28 12:05:08.911 12399 12401 I cmd     : oneway function results will be dropped but finished with status OK and parcel size 4
02-28 12:05:09.005 14262 19716 I FrewleTileCacheManagerV: (REDACTED) Fetched %d AP models from cache
02-28 12:05:09.027 14053 14718 I FusedLocation: (REDACTED) location delivery to %s blocked - too fast
02-28 12:05:09.028 14053 14718 I FusedLocation: (REDACTED) location delivery to %s blocked - too close
02-28 12:05:09.029 14053 14718 I FusedLocation: (REDACTED) location delivery to %s blocked - too fast
02-28 12:05:09.030 14053 14718 I FusedLocation: (REDACTED) location delivery to %s blocked - too fast
02-28 12:05:09.030 14053 14718 I FusedLocation: (REDACTED) location delivery to %s blocked - too close
02-28 12:05:09.032 14053 10091 I FrewleTileCacheManagerV: (REDACTED) Fetched %d AP models from cache
02-28 12:05:09.055 11702 11776 E FrameEvents: updateAcquireFence: Did not find frame.
02-28 12:05:09.072 11702 11776 E FrameEvents: updateAcquireFence: Did not find frame.
02-28 12:05:09.294  7003  7003 W ThreadPoolForeg: type=1400 audit(0.0:2578503): avc: denied { write } for name="traced_producer" dev="tmpfs" ino=13943 scontext=u:r:gmscore_app:s0:c512,c768 tcontext=u:object_r:traced_producer_socket:s0 tclass=sock_file permissive=0 app=com.google.android.gms
02-28 12:05:09.578 12432 12434 I cmd     : oneway function results will be dropped but finished with status OK and parcel size 4
02-28 12:05:09.999 14262  2055 I FrewleTileCacheManagerV: (REDACTED) Fetched %d AP models from cache
02-28 12:05:10.028 14053 14718 I FusedLocation: (REDACTED) location delivery to %s blocked - too fast
02-28 12:05:10.031 14053 14718 I FusedLocation: (REDACTED) location delivery to %s blocked - too close
02-28 12:05:10.033 14053 14718 I FusedLocation: (REDACTED) location delivery to %s blocked - too fast
02-28 12:05:10.034 14053 14718 I FusedLocation: (REDACTED) location delivery to %s blocked - too fast
02-28 12:05:10.035 14053 14718 I FusedLocation: (REDACTED) location delivery to %s blocked - too close
02-28 12:05:10.037 14053 12352 I FrewleTileCacheManagerV: (REDACTED) Fetched %d AP models from cache
02-28 12:05:10.057 11702 11776 E FrameEvents: updateAcquireFence: Did not find frame.
02-28 12:05:10.082 11702 11776 E FrameEvents: updateAcquireFence: Did not find frame.
02-28 12:05:10.515 12481 12483 I cmd     : oneway function results will be dropped but finished with status OK and parcel size 4
02-28 12:05:10.589 12485 12488 I cmd     : oneway function results will be dropped but finished with status OK and parcel size 4
02-28 12:05:10.626 11702 11776 E FrameEvents: updateAcquireFence: Did not find frame.
02-28 12:05:10.657 11702 11776 E FrameEvents: updateAcquireFence: Did not find frame.
02-28 12:05:10.676 11702 11776 E FrameEvents: updateAcquireFence: Did not find frame.
02-28 12:05:10.707 11702 11776 E FrameEvents: updateAcquireFence: Did not find frame.
02-28 12:05:10.743 11702 11776 E FrameEvents: updateAcquireFence: Did not find frame.
02-28 12:05:10.757 12495 12497 I cmd     : oneway function results will be dropped but finished with status OK and parcel size 4
02-28 12:05:10.765 11702 11776 E FrameEvents: updateAcquireFence: Did not find frame.
02-28 12:05:10.789 11702 11776 E FrameEvents: updateAcquireFence: Did not find frame.
02-28 12:05:10.801 11702 11776 E FrameEvents: updateAcquireFence: Did not find frame.
02-28 12:05:10.833 11702 11776 E FrameEvents: updateAcquireFence: Did not find frame.
02-28 12:05:10.849 11702 11776 E FrameEvents: updateAcquireFence: Did not find frame.
02-28 12:05:10.876 11702 11776 E FrameEvents: updateAcquireFence: Did not find frame.
02-28 12:05:10.893 11702 11776 E FrameEvents: updateAcquireFence: Did not find frame.
02-28 12:05:10.910 11702 11776 E FrameEvents: updateAcquireFence: Did not find frame.
02-28 12:05:10.934 11702 11776 E FrameEvents: updateAcquireFence: Did not find frame.
02-28 12:05:10.955 11702 11776 E FrameEvents: updateAcquireFence: Did not find frame.
02-28 12:05:10.977 11702 11776 E FrameEvents: updateAcquireFence: Did not find frame.
02-28 12:05:10.992 11702 11776 E FrameEvents: updateAcquireFence: Did not find frame.
02-28 12:05:11.010 11702 11776 E FrameEvents: updateAcquireFence: Did not find frame.
02-28 12:05:11.015 14262 19716 I FrewleTileCacheManagerV: (REDACTED) Fetched %d AP models from cache
02-28 12:05:11.029 11702 11776 E FrameEvents: updateAcquireFence: Did not find frame.
02-28 12:05:11.051 11702 11776 E FrameEvents: updateAcquireFence: Did not find frame.
02-28 12:05:11.056 14053 14718 I FusedLocation: (REDACTED) location delivery to %s blocked - too fast
02-28 12:05:11.058 14053 14718 I FusedLocation: (REDACTED) location delivery to %s blocked - too close
02-28 12:05:11.060 14053 14718 I FusedLocation: (REDACTED) location delivery to %s blocked - too fast
02-28 12:05:11.061 14053 14718 I FusedLocation: (REDACTED) location delivery to %s blocked - too fast
02-28 12:05:11.062 14053 14718 I FusedLocation: (REDACTED) location delivery to %s blocked - too close
02-28 12:05:11.064 14053 10091 I FrewleTileCacheManagerV: (REDACTED) Fetched %d AP models from cache
02-28 12:05:11.065 11702 11776 E FrameEvents: updateAcquireFence: Did not find frame.
02-28 12:05:11.076 11702 11776 E FrameEvents: updateAcquireFence: Did not find frame.
02-28 12:05:11.098 11702 11776 E FrameEvents: updateAcquireFence: Did not find frame.
02-28 12:05:11.100 11702 11702 W ImageReader_JNI: Unable to acquire a buffer item, very likely client tried to acquire more than maxImages buffers
02-28 12:05:11.109 11702 11776 E FrameEvents: updateAcquireFence: Did not find frame.
02-28 12:05:11.125 11702 11776 E FrameEvents: updateAcquireFence: Did not find frame.
02-28 12:05:11.142 11702 11776 E FrameEvents: updateAcquireFence: Did not find frame.
02-28 12:05:11.157 11702 11702 W ImageReader_JNI: Unable to acquire a buffer item, very likely client tried to acquire more than maxImages buffers
02-28 12:05:11.275 12522 12524 I cmd     : oneway function results will be dropped but finished with status OK and parcel size 4
02-28 12:05:11.351 12526 12528 I cmd     : oneway function results will be dropped but finished with status OK and parcel size 4
02-28 12:05:11.790 14262 14262 W ThreadPoolForeg: type=1400 audit(0.0:2578504): avc: denied { write } for name="traced_producer" dev="tmpfs" ino=13943 scontext=u:r:gmscore_app:s0:c523,c768 tcontext=u:object_r:traced_producer_socket:s0 tclass=sock_file permissive=0
02-28 12:05:11.829 11702 11776 E FrameEvents: updateAcquireFence: Did not find frame.
02-28 12:05:11.851 11702 11776 E FrameEvents: updateAcquireFence: Did not find frame.
02-28 12:05:11.871 11702 11776 E FrameEvents: updateAcquireFence: Did not find frame.
02-28 12:05:11.900 11702 11776 E FrameEvents: updateAcquireFence: Did not find frame.
02-28 12:05:11.922 11702 11776 E FrameEvents: updateAcquireFence: Did not find frame.
02-28 12:05:11.943 11702 11776 E FrameEvents: updateAcquireFence: Did not find frame.
02-28 12:05:11.946 11702 11702 W ImageReader_JNI: Unable to acquire a buffer item, very likely client tried to acquire more than maxImages buffers
02-28 12:05:11.960 11702 11776 E FrameEvents: updateAcquireFence: Did not find frame.
02-28 12:05:11.977 11702 11776 E FrameEvents: updateAcquireFence: Did not find frame.
02-28 12:05:11.980 11702 11702 W ImageReader_JNI: Unable to acquire a buffer item, very likely client tried to acquire more than maxImages buffers
02-28 12:05:12.016 14262  2055 I FrewleTileCacheManagerV: (REDACTED) Fetched %d AP models from cache
02-28 12:05:12.048 14053 14718 I FusedLocation: (REDACTED) location delivery to %s blocked - too fast
02-28 12:05:12.049 14053 14718 I FusedLocation: (REDACTED) location delivery to %s blocked - too close
02-28 12:05:12.050 14053 14718 I FusedLocation: (REDACTED) location delivery to %s blocked - too fast
02-28 12:05:12.051 14053 14718 I FusedLocation: (REDACTED) location delivery to %s blocked - too fast
02-28 12:05:12.052 14053 14718 I FusedLocation: (REDACTED) location delivery to %s blocked - too close
02-28 12:05:12.053 14053 12352 I FrewleTileCacheManagerV: (REDACTED) Fetched %d AP models from cache
02-28 12:05:12.076 11702 11776 E FrameEvents: updateAcquireFence: Did not find frame.
02-28 12:05:12.092 11702 11776 E FrameEvents: updateAcquireFence: Did not find frame.
02-28 12:05:12.094 14053 14053 D BoundBrokerSvc: onUnbind: Intent { act=com.google.android.gms.auth.aang.events.services.START dat=chimera-action: cmp=com.google.android.gms/.chimera.PersistentApiService }
02-28 12:05:12.865 11702 11776 E FrameEvents: updateAcquireFence: Did not find frame.
02-28 12:05:12.893 11702 11776 E FrameEvents: updateAcquireFence: Did not find frame.
02-28 12:05:12.917 11702 11776 E FrameEvents: updateAcquireFence: Did not find frame.
02-28 12:05:12.940 11702 11776 E FrameEvents: updateAcquireFence: Did not find frame.
02-28 12:05:12.962 11702 11776 E FrameEvents: updateAcquireFence: Did not find frame.
02-28 12:05:12.984 11702 11776 E FrameEvents: updateAcquireFence: Did not find frame.
02-28 12:05:13.004 14262 19716 I FrewleTileCacheManagerV: (REDACTED) Fetched %d AP models from cache
02-28 12:05:13.009 11702 11776 E FrameEvents: updateAcquireFence: Did not find frame.
02-28 12:05:13.012 11702 11702 W ImageReader_JNI: Unable to acquire a buffer item, very likely client tried to acquire more than maxImages buffers
02-28 12:05:13.028 11702 11776 E FrameEvents: updateAcquireFence: Did not find frame.
02-28 12:05:13.045 11702 11776 E FrameEvents: updateAcquireFence: Did not find frame.
02-28 12:05:13.048 11702 11702 W ImageReader_JNI: Unable to acquire a buffer item, very likely client tried to acquire more than maxImages buffers
02-28 12:05:13.052 14053 14718 I FusedLocation: (REDACTED) location delivery to %s blocked - too fast
02-28 12:05:13.055 14053 14718 I FusedLocation: (REDACTED) location delivery to %s blocked - too close
02-28 12:05:13.060 14053 14718 I FusedLocation: (REDACTED) location delivery to %s blocked - too fast
02-28 12:05:13.065 14053 14718 I FusedLocation: (REDACTED) location delivery to %s blocked - too fast
02-28 12:05:13.068 14053 14718 I FusedLocation: (REDACTED) location delivery to %s blocked - too close
02-28 12:05:13.078 11702 11776 E FrameEvents: updateAcquireFence: Did not find frame.
02-28 12:05:13.089 14053 10095 I FrewleTileCacheManagerV: (REDACTED) Fetched %d AP models from cache
02-28 12:05:13.099 11702 11776 E FrameEvents: updateAcquireFence: Did not find frame.
02-28 12:05:13.279 14053 14961 W Settings: Setting airplane_mode_on has moved from android.provider.Settings.System to android.provider.Settings.Global, returning read-only value.
02-28 12:05:13.280 14053 10095 D WifiScanner: Fullbandsize settings: 7
02-28 12:05:13.379 14053 12352 I FrewleTileCacheManagerV: (REDACTED) Fetched %d AP models from cache
02-28 12:05:13.432 14053 14718 I FusedLocation: (REDACTED) location delivery to %s blocked - too fast
02-28 12:05:13.436 14053 14718 I FusedLocation: (REDACTED) location delivery to %s blocked - too fast
02-28 12:05:13.438 14053 14718 I FusedLocation: (REDACTED) location delivery to %s blocked - too close
02-28 12:05:13.440 14053 14718 I FusedLocation: (REDACTED) location delivery to %s blocked - too fast
02-28 12:05:13.442 14053 14718 I FusedLocation: (REDACTED) location delivery to %s blocked - too fast
02-28 12:05:13.443 14053 14718 I FusedLocation: (REDACTED) location delivery to %s blocked - too close
02-28 12:05:13.456 14053 10095 I FrewleTileCacheManagerV: (REDACTED) Fetched %d AP models from cache
02-28 12:05:13.462 14053 14718 I ffar    : Received empty WiFi-RTT scan. [CONTEXT service_id=6 ]
02-28 12:05:13.465 11702 11776 E FrameEvents: updateAcquireFence: Did not find frame.
02-28 12:05:13.488 11702 11776 E FrameEvents: updateAcquireFence: Did not find frame.
02-28 12:05:14.019 14262  2055 I FrewleTileCacheManagerV: (REDACTED) Fetched %d AP models from cache
02-28 12:05:14.054 14053 14718 I FusedLocation: (REDACTED) location delivery to %s blocked - too fast
02-28 12:05:14.054 14053 14718 I FusedLocation: (REDACTED) location delivery to %s blocked - too close
02-28 12:05:14.055 14053 14718 I FusedLocation: (REDACTED) location delivery to %s blocked - too fast
02-28 12:05:14.055 14053 14718 I FusedLocation: (REDACTED) location delivery to %s blocked - too fast
02-28 12:05:14.056 14053 14718 I FusedLocation: (REDACTED) location delivery to %s blocked - too close
02-28 12:05:14.058 14053 12352 I FrewleTileCacheManagerV: (REDACTED) Fetched %d AP models from cache
02-28 12:05:14.080 11702 11776 E FrameEvents: updateAcquireFence: Did not find frame.
02-28 12:05:14.107 11702 11776 E FrameEvents: updateAcquireFence: Did not find frame.
02-28 12:05:15.020 14262 19716 I FrewleTileCacheManagerV: (REDACTED) Fetched %d AP models from cache
02-28 12:05:15.048 14053 14718 I FusedLocation: (REDACTED) location delivery to %s blocked - too fast
02-28 12:05:15.049 14053 14718 I FusedLocation: (REDACTED) location delivery to %s blocked - too close
02-28 12:05:15.050 14053 14718 I FusedLocation: (REDACTED) location delivery to %s blocked - too fast
02-28 12:05:15.050 14053 14718 I FusedLocation: (REDACTED) location delivery to %s blocked - too fast
02-28 12:05:15.051 14053 14718 I FusedLocation: (REDACTED) location delivery to %s blocked - too close
02-28 12:05:15.056 14053 10091 I FrewleTileCacheManagerV: (REDACTED) Fetched %d AP models from cache
02-28 12:05:15.082 11702 11776 E FrameEvents: updateAcquireFence: Did not find frame.
02-28 12:05:15.108 11702 11776 E FrameEvents: updateAcquireFence: Did not find frame.
02-28 12:05:15.185 11702 11776 E FrameEvents: updateAcquireFence: Did not find frame.
02-28 12:05:15.214 11702 11776 E FrameEvents: updateAcquireFence: Did not find frame.
02-28 12:05:15.233 11702 11776 E FrameEvents: updateAcquireFence: Did not find frame.
02-28 12:05:15.254 11702 11776 E FrameEvents: updateAcquireFence: Did not find frame.
02-28 12:05:15.279 11702 11776 E FrameEvents: updateAcquireFence: Did not find frame.
02-28 12:05:15.293 11702 11776 E FrameEvents: updateAcquireFence: Did not find frame.
02-28 12:05:15.320 11702 11776 E FrameEvents: updateAcquireFence: Did not find frame.
02-28 12:05:15.342 11702 11776 E FrameEvents: updateAcquireFence: Did not find frame.
02-28 12:05:15.358 11702 11776 E FrameEvents: updateAcquireFence: Did not find frame.
02-28 12:05:15.381 11702 11776 E FrameEvents: updateAcquireFence: Did not find frame.
02-28 12:05:15.407 11702 11776 E FrameEvents: updateAcquireFence: Did not find frame.
02-28 12:05:15.423 11702 11776 E FrameEvents: updateAcquireFence: Did not find frame.
02-28 12:05:15.440 11702 11702 W ImageReader_JNI: Unable to acquire a buffer item, very likely client tried to acquire more than maxImages buffers
02-28 12:05:15.448 11702 11776 E FrameEvents: updateAcquireFence: Did not find frame.
02-28 12:05:15.465 11702 11776 E FrameEvents: updateAcquireFence: Did not find frame.
02-28 12:05:15.469 14053 15127 I NearbyDiscovery: (REDACTED) BloomFilterAdvManager: Detected bloom filter but too far away, ignoring. %sm, %s
02-28 12:05:15.490 11702 11776 E FrameEvents: updateAcquireFence: Did not find frame.
02-28 12:05:15.493 11702 11702 W ImageReader_JNI: Unable to acquire a buffer item, very likely client tried to acquire more than maxImages buffers
02-28 12:05:15.498 11702 11776 E FrameEvents: updateAcquireFence: Did not find frame.
02-28 12:05:15.520 11702 11776 E FrameEvents: updateAcquireFence: Did not find frame.
02-28 12:05:15.523 11702 11702 W ImageReader_JNI: Unable to acquire a buffer item, very likely client tried to acquire more than maxImages buffers
02-28 12:05:15.531 11702 11776 E FrameEvents: updateAcquireFence: Did not find frame.
02-28 12:05:15.554 11702 11776 E FrameEvents: updateAcquireFence: Did not find frame.
02-28 12:05:15.557 11702 11702 W ImageReader_JNI: Unable to acquire a buffer item, very likely client tried to acquire more than maxImages buffers
02-28 12:05:15.565 11702 11776 E FrameEvents: updateAcquireFence: Did not find frame.
02-28 12:05:15.586 11702 11776 E FrameEvents: updateAcquireFence: Did not find frame.
02-28 12:05:15.589 11702 11702 W ImageReader_JNI: Unable to acquire a buffer item, very likely client tried to acquire more than maxImages buffers
02-28 12:05:15.598 11702 11776 E FrameEvents: updateAcquireFence: Did not find frame.
02-28 12:05:15.619 11702 11776 E FrameEvents: updateAcquireFence: Did not find frame.
02-28 12:05:15.622 11702 11702 W ImageReader_JNI: Unable to acquire a buffer item, very likely client tried to acquire more than maxImages buffers
02-28 12:05:15.632 11702 11776 E FrameEvents: updateAcquireFence: Did not find frame.
02-28 12:05:15.653 11702 11776 E FrameEvents: updateAcquireFence: Did not find frame.
02-28 12:05:15.657 11702 11702 W ImageReader_JNI: Unable to acquire a buffer item, very likely client tried to acquire more than maxImages buffers
02-28 12:05:15.666 11702 11776 E FrameEvents: updateAcquireFence: Did not find frame.
02-28 12:05:15.683 11702 11776 E FrameEvents: updateAcquireFence: Did not find frame.
02-28 12:05:15.699 11702 11776 E FrameEvents: updateAcquireFence: Did not find frame.
02-28 12:05:15.722 11702 11776 E FrameEvents: updateAcquireFence: Did not find frame.
02-28 12:05:15.749 11702 11776 E FrameEvents: updateAcquireFence: Did not find frame.
02-28 12:05:15.765 11702 11776 E FrameEvents: updateAcquireFence: Did not find frame.
02-28 12:05:15.792 11702 11776 E FrameEvents: updateAcquireFence: Did not find frame.
02-28 12:05:15.801 11702 11776 E FrameEvents: updateAcquireFence: Did not find frame.
02-28 12:05:15.807 11702 11702 W ImageReader_JNI: Unable to acquire a buffer item, very likely client tried to acquire more than maxImages buffers
02-28 12:05:15.815 11702 11776 E FrameEvents: updateAcquireFence: Did not find frame.
02-28 12:05:15.832 11702 11776 E FrameEvents: updateAcquireFence: Did not find frame.
02-28 12:05:15.850 11702 11776 E FrameEvents: updateAcquireFence: Did not find frame.
02-28 12:05:15.870 11702 11702 W ImageReader_JNI: Unable to acquire a buffer item, very likely client tried to acquire more than maxImages buffers
02-28 12:05:15.875 11702 11776 E FrameEvents: updateAcquireFence: Did not find frame.
02-28 12:05:15.887 11702 11776 E FrameEvents: updateAcquireFence: Did not find frame.
02-28 12:05:15.890 11702 11702 W ImageReader_JNI: Unable to acquire a buffer item, very likely client tried to acquire more than maxImages buffers
02-28 12:05:16.006 14262 19716 I FrewleTileCacheManagerV: (REDACTED) Fetched %d AP models from cache
02-28 12:05:16.040 14053 14718 I FusedLocation: (REDACTED) location delivery to %s blocked - too fast
02-28 12:05:16.042 14053 14718 I FusedLocation: (REDACTED) location delivery to %s blocked - too close
02-28 12:05:16.045 14053 14718 I FusedLocation: (REDACTED) location delivery to %s blocked - too fast
02-28 12:05:16.047 14053 14718 I FusedLocation: (REDACTED) location delivery to %s blocked - too fast
02-28 12:05:16.049 14053 14718 I FusedLocation: (REDACTED) location delivery to %s blocked - too close
02-28 12:05:16.059 14053 12352 I FrewleTileCacheManagerV: (REDACTED) Fetched %d AP models from cache
02-28 12:05:16.089 11702 11776 E FrameEvents: updateAcquireFence: Did not find frame.
02-28 12:05:16.133 11702 11776 E FrameEvents: updateAcquireFence: Did not find frame.
02-28 12:05:16.164 11702 11776 E FrameEvents: updateAcquireFence: Did not find frame.
02-28 12:05:16.177 11702 11776 E FrameEvents: updateAcquireFence: Did not find frame.
02-28 12:05:16.209 11702 11776 E FrameEvents: updateAcquireFence: Did not find frame.
02-28 12:05:16.225 11702 11776 E FrameEvents: updateAcquireFence: Did not find frame.
02-28 12:05:16.245 11702 11776 E FrameEvents: updateAcquireFence: Did not find frame.
02-28 12:05:16.267 11702 11776 E FrameEvents: updateAcquireFence: Did not find frame.
02-28 12:05:16.301 11702 11776 E FrameEvents: updateAcquireFence: Did not find frame.
02-28 12:05:16.322 11702 11776 E FrameEvents: updateAcquireFence: Did not find frame.
02-28 12:05:16.371 11702 11776 E FrameEvents: updateAcquireFence: Did not find frame.
02-28 12:05:16.372 11702 11732 I example.payana: Background young concurrent copying GC freed 58582(2008KB) AllocSpace objects, 97(5792KB) LOS objects, 7% free, 33MB/35MB, paused 318us total 101.059ms
02-28 12:05:16.384 11702 11776 E FrameEvents: updateAcquireFence: Did not find frame.
02-28 12:05:16.435 11702 11776 E FrameEvents: updateAcquireFence: Did not find frame.
02-28 12:05:16.451 11702 11776 E FrameEvents: updateAcquireFence: Did not find frame.
02-28 12:05:16.470 11702 11776 E FrameEvents: updateAcquireFence: Did not find frame.
02-28 12:05:16.490 11702 11776 E FrameEvents: updateAcquireFence: Did not find frame.
02-28 12:05:16.506 11702 11776 E FrameEvents: updateAcquireFence: Did not find frame.
02-28 12:05:16.523 11702 11776 E FrameEvents: updateAcquireFence: Did not find frame.
02-28 12:05:16.541 11702 11776 E FrameEvents: updateAcquireFence: Did not find frame.
