02-28 09:48:16.030 28648 28648 F DEBUG   :       #41 pc 0000000000440e7c  /apex/com.android.art/lib64/libart.so (art::JNI<true>::CallStaticVoidMethodV(_JNIEnv*, _jclass*, _jmethodID*, std::__va_list)+652) (BuildId: fcabe022f6acd55d6beb115b85c9220d)
02-28 09:48:16.030 28648 28648 F DEBUG   :       #42 pc 000000000009b48c  /system/lib64/libandroid_runtime.so (_JNIEnv::CallStaticVoidMethod(_jclass*, _jmethodID*, ...)+124) (BuildId: f5a8de279343f40e92b8743c43b27931)
02-28 09:48:16.030 28648 28648 F DEBUG   :       #43 pc 00000000000a2b94  /system/lib64/libandroid_runtime.so (android::AndroidRuntime::start(char const*, android::Vector<android::String8> const&, bool)+980) (BuildId: f5a8de279343f40e92b8743c43b27931)
02-28 09:48:16.030 28648 28648 F DEBUG   :       #44 pc 0000000000003570  /system/bin/app_process64
02-28 09:48:16.030 28648 28648 F DEBUG   :       #45 pc 00000000000854cc  /apex/com.android.runtime/lib64/bionic/libc.so (__libc_init+108) (BuildId: 160c73ebe495705f567c4e4d72348919)
02-28 09:48:16.037 28653 28653 F DEBUG   : 
02-28 09:48:16.037 28653 28653 F DEBUG   : backtrace:
02-28 09:48:16.037 28653 28653 F DEBUG   :     NOTE: Function names and BuildId information is missing for some frames due
02-28 09:48:16.037 28653 28653 F DEBUG   :     NOTE: to unreadable libraries. For unwinds of apps, only shared libraries
02-28 09:48:16.037 28653 28653 F DEBUG   :     NOTE: found under the lib/ directory are readable.
02-28 09:48:16.037 28653 28653 F DEBUG   :       #00 pc 000000000008a04c  /apex/com.android.runtime/lib64/bionic/libc.so (abort+180) (BuildId: 160c73ebe495705f567c4e4d72348919)
02-28 09:48:16.037 28653 28653 F DEBUG   :       #01 pc 0000000000567948  /apex/com.android.art/lib64/libart.so (art::Runtime::Abort(char const*)+2320) (BuildId: fcabe022f6acd55d6beb115b85c9220d)
02-28 09:48:16.037 28653 28653 F DEBUG   :       #02 pc 0000000000013ab0  /system/lib64/libbase.so (android::base::SetAborter(std::__1::function<void (char const*)>&&)::$_3::__invoke(char const*)+80) (BuildId: a709c9f55dc65d33ec1c6f648149b2f9)
02-28 09:48:16.037 28653 28653 F DEBUG   :       #03 pc 0000000000013090  /system/lib64/libbase.so (android::base::LogMessage::~LogMessage()+320) (BuildId: a709c9f55dc65d33ec1c6f648149b2f9)
02-28 09:48:16.037 28653 28653 F DEBUG   :       #04 pc 000000000040820c  /apex/com.android.art/lib64/libart.so (art::JNI<true>::FatalError(_JNIEnv*, char const*)+196) (BuildId: fcabe022f6acd55d6beb115b85c9220d)
02-28 09:48:16.037 28653 28653 F DEBUG   :       #05 pc 000000000016cf08  /system/lib64/libandroid_runtime.so ((anonymous namespace)::ZygoteFailure(_JNIEnv*, char const*, _jstring*, std::__1::basic_string<char, std::__1::char_traits<char>, std::__1::allocator<char> > const&)+160) (BuildId: f5a8de279343f40e92b8743c43b27931)
02-28 09:48:16.037 28653 28653 F DEBUG   :       #06 pc 0000000000176d9c  /system/lib64/libandroid_runtime.so (FileDescriptorInfo::ReopenOrDetach(std::__1::function<void (std::__1::basic_string<char, std::__1::char_traits<char>, std::__1::allocator<char> >)> const&) const+252) (BuildId: f5a8de279343f40e92b8743c43b27931)
02-28 09:48:16.037 28653 28653 F DEBUG   :       #07 pc 0000000000177c2c  /system/lib64/libandroid_runtime.so (FileDescriptorTable::ReopenOrDetach(std::__1::function<void (std::__1::basic_string<char, std::__1::char_traits<char>, std::__1::allocator<char> >)> const&)+36) (BuildId: f5a8de279343f40e92b8743c43b27931)
02-28 09:48:16.037 28653 28653 F DEBUG   :       #08 pc 000000000016d8a0  /system/lib64/libandroid_runtime.so ((anonymous namespace)::ForkCommon(_JNIEnv*, bool, std::__1::vector<int, std::__1::allocator<int> > const&, std::__1::vector<int, std::__1::allocator<int> > const&, bool)+1264) (BuildId: f5a8de279343f40e92b8743c43b27931)
02-28 09:48:16.037 28653 28653 F DEBUG   :       #09 pc 000000000016b1c0  /system/lib64/libandroid_runtime.so (android::com_android_internal_os_Zygote_nativeForkAndSpecialize(_JNIEnv*, _jclass*, int, int, _jintArray*, int, _jobjectArray*, int, _jstring*, _jstring*, _jintArray*, _jintArray*, unsigned char, _jstring*, _jstring*, unsigned char, _jobjectArray*, _jobjectArray*, unsigned char, unsigned char)+848) (BuildId: f5a8de279343f40e92b8743c43b27931)
02-28 09:48:16.037 28653 28653 F DEBUG   :       #10 pc 000000000023ee70  /system/framework/arm64/boot-framework.oat (art_jni_trampoline+496) (BuildId: 0b7dc3c1ec703512908a8a18ec7afab6b65689f4)
02-28 09:48:16.037 28653 28653 F DEBUG   :       #11 pc 00000000008bc1d0  /system/framework/arm64/boot-framework.oat (com.android.internal.os.Zygote.forkAndSpecialize+208) (BuildId: 0b7dc3c1ec703512908a8a18ec7afab6b65689f4)
02-28 09:48:16.037 28653 28653 F DEBUG   :       #12 pc 00000000008c0b80  /system/framework/arm64/boot-framework.oat (com.android.internal.os.ZygoteConnection.processOneCommand+2032) (BuildId: 0b7dc3c1ec703512908a8a18ec7afab6b65689f4)
02-28 09:48:16.037 28653 28653 F DEBUG   :       #13 pc 00000000008c65f8  /system/framework/arm64/boot-framework.oat (com.android.internal.os.ZygoteServer.runSelectLoop+1848) (BuildId: 0b7dc3c1ec703512908a8a18ec7afab6b65689f4)
02-28 09:48:16.037 28653 28653 F DEBUG   :       #14 pc 0000000000133564  /apex/com.android.art/lib64/libart.so (art_quick_invoke_stub+548) (BuildId: fcabe022f6acd55d6beb115b85c9220d)
02-28 09:48:16.037 28653 28653 F DEBUG   :       #15 pc 00000000001a97e8  /apex/com.android.art/lib64/libart.so (art::ArtMethod::Invoke(art::Thread*, unsigned int*, unsigned int, art::JValue*, char const*)+200) (BuildId: fcabe022f6acd55d6beb115b85c9220d)
02-28 09:48:16.037 28653 28653 F DEBUG   :       #16 pc 000000000031d648  /apex/com.android.art/lib64/libart.so (art::interpreter::ArtInterpreterToCompiledCodeBridge(art::Thread*, art::ArtMethod*, art::ShadowFrame*, unsigned short, art::JValue*)+376) (BuildId: fcabe022f6acd55d6beb115b85c9220d)
02-28 09:48:16.037 28653 28653 F DEBUG   :       #17 pc 0000000000313830  /apex/com.android.art/lib64/libart.so (bool art::interpreter::DoCall<false, false>(art::ArtMethod*, art::Thread*, art::ShadowFrame&, art::Instruction const*, unsigned short, art::JValue*)+912) (BuildId: fcabe022f6acd55d6beb115b85c9220d)
02-28 09:48:16.037 28653 28653 F DEBUG   :       #18 pc 00000000006888e0  /apex/com.android.art/lib64/libart.so (MterpInvokeVirtual+848) (BuildId: fcabe022f6acd55d6beb115b85c9220d)
02-28 09:48:16.037 28653 28653 F DEBUG   :       #19 pc 000000000012d814  /apex/com.android.art/lib64/libart.so (mterp_op_invoke_virtual+20) (BuildId: fcabe022f6acd55d6beb115b85c9220d)
02-28 09:48:16.038 28653 28653 F DEBUG   :       #20 pc 00000000004d328c  /system/framework/framework.jar (offset 0x1250000)
02-28 09:48:16.038 28653 28653 F DEBUG   :       #21 pc 000000000030aad8  /apex/com.android.art/lib64/libart.so (art::interpreter::Execute(art::Thread*, art::CodeItemDataAccessor const&, art::ShadowFrame&, art::JValue, bool, bool) (.llvm.13101781435587329385)+264) (BuildId: fcabe022f6acd55d6beb115b85c9220d)
02-28 09:48:16.038 28653 28653 F DEBUG   :       #22 pc 0000000000312e48  /apex/com.android.art/lib64/libart.so (art::interpreter::ArtInterpreterToInterpreterBridge(art::Thread*, art::CodeItemDataAccessor const&, art::ShadowFrame*, art::JValue*)+200) (BuildId: fcabe022f6acd55d6beb115b85c9220d)
02-28 09:48:16.038 28653 28653 F DEBUG   :       #23 pc 0000000000313814  /apex/com.android.art/lib64/libart.so (bool art::interpreter::DoCall<false, false>(art::ArtMethod*, art::Thread*, art::ShadowFrame&, art::Instruction const*, unsigned short, art::JValue*)+884) (BuildId: fcabe022f6acd55d6beb115b85c9220d)
02-28 09:48:16.038 28653 28653 F DEBUG   :       #24 pc 000000000068b83c  /apex/com.android.art/lib64/libart.so (MterpInvokeStatic+548) (BuildId: fcabe022f6acd55d6beb115b85c9220d)
02-28 09:48:16.038 28653 28653 F DEBUG   :       #25 pc 000000000012d994  /apex/com.android.art/lib64/libart.so (mterp_op_invoke_static+20) (BuildId: fcabe022f6acd55d6beb115b85c9220d)
02-28 09:48:16.038 28653 28653 F DEBUG   :       #26 pc 00000000004b324c  /system/framework/framework.jar (offset 0x1250000)
02-28 09:48:16.038 28653 28653 F DEBUG   :       #27 pc 000000000030aad8  /apex/com.android.art/lib64/libart.so (art::interpreter::Execute(art::Thread*, art::CodeItemDataAccessor const&, art::ShadowFrame&, art::JValue, bool, bool) (.llvm.13101781435587329385)+264) (BuildId: fcabe022f6acd55d6beb115b85c9220d)
02-28 09:48:16.038 28653 28653 F DEBUG   :       #28 pc 00000000006772e0  /apex/com.android.art/lib64/libart.so (artQuickToInterpreterBridge+776) (BuildId: fcabe022f6acd55d6beb115b85c9220d)
02-28 09:48:16.038 28653 28653 F DEBUG   :       #29 pc 000000000013cff8  /apex/com.android.art/lib64/libart.so (art_quick_to_interpreter_bridge+88) (BuildId: fcabe022f6acd55d6beb115b85c9220d)
02-28 09:48:16.038 28653 28653 F DEBUG   :       #30 pc 00000000001337e8  /apex/com.android.art/lib64/libart.so (art_quick_invoke_static_stub+568) (BuildId: fcabe022f6acd55d6beb115b85c9220d)
02-28 09:48:16.038 28653 28653 F DEBUG   :       #31 pc 00000000001a9804  /apex/com.android.art/lib64/libart.so (art::ArtMethod::Invoke(art::Thread*, unsigned int*, unsigned int, art::JValue*, char const*)+228) (BuildId: fcabe022f6acd55d6beb115b85c9220d)
02-28 09:48:16.038 28653 28653 F DEBUG   :       #32 pc 000000000055ff74  /apex/com.android.art/lib64/libart.so (art::InvokeMethod(art::ScopedObjectAccessAlreadyRunnable const&, _jobject*, _jobject*, _jobject*, unsigned long)+1364) (BuildId: fcabe022f6acd55d6beb115b85c9220d)
02-28 09:48:16.038 28653 28653 F DEBUG   :       #33 pc 00000000004dea28  /apex/com.android.art/lib64/libart.so (art::Method_invoke(_JNIEnv*, _jobject*, _jobject*, _jobjectArray*)+48) (BuildId: fcabe022f6acd55d6beb115b85c9220d)
02-28 09:48:16.038 28653 28653 F DEBUG   :       #34 pc 000000000008a6f4  /apex/com.android.art/javalib/arm64/boot.oat (art_jni_trampoline+180) (BuildId: 83ba22ce47b9ae08ff695033efd38fe1ae6c1d10)
02-28 09:48:16.038 28653 28653 F DEBUG   :       #35 pc 00000000008ba198  /system/framework/arm64/boot-framework.oat (com.android.internal.os.RuntimeInit$MethodAndArgsCaller.run+136) (BuildId: 0b7dc3c1ec703512908a8a18ec7afab6b65689f4)
02-28 09:48:16.038 28653 28653 F DEBUG   :       #36 pc 00000000008c2bf0  /system/framework/arm64/boot-framework.oat (com.android.internal.os.ZygoteInit.main+2640) (BuildId: 0b7dc3c1ec703512908a8a18ec7afab6b65689f4)
02-28 09:48:16.038 28653 28653 F DEBUG   :       #37 pc 00000000001337e8  /apex/com.android.art/lib64/libart.so (art_quick_invoke_static_stub+568) (BuildId: fcabe022f6acd55d6beb115b85c9220d)
02-28 09:48:16.038 28653 28653 F DEBUG   :       #38 pc 00000000001a9804  /apex/com.android.art/lib64/libart.so (art::ArtMethod::Invoke(art::Thread*, unsigned int*, unsigned int, art::JValue*, char const*)+228) (BuildId: fcabe022f6acd55d6beb115b85c9220d)
02-28 09:48:16.038 28653 28653 F DEBUG   :       #39 pc 000000000055e990  /apex/com.android.art/lib64/libart.so (art::JValue art::InvokeWithVarArgs<art::ArtMethod*>(art::ScopedObjectAccessAlreadyRunnable const&, _jobject*, art::ArtMethod*, std::__va_list)+448) (BuildId: fcabe022f6acd55d6beb115b85c9220d)
02-28 09:48:16.038 28653 28653 F DEBUG   :       #40 pc 000000000055ee54  /apex/com.android.art/lib64/libart.so (art::JValue art::InvokeWithVarArgs<_jmethodID*>(art::ScopedObjectAccessAlreadyRunnable const&, _jobject*, _jmethodID*, std::__va_list)+92) (BuildId: fcabe022f6acd55d6beb115b85c9220d)
02-28 09:48:16.038 28653 28653 F DEBUG   :       #41 pc 0000000000440e7c  /apex/com.android.art/lib64/libart.so (art::JNI<true>::CallStaticVoidMethodV(_JNIEnv*, _jclass*, _jmethodID*, std::__va_list)+652) (BuildId: fcabe022f6acd55d6beb115b85c9220d)
02-28 09:48:16.038 28653 28653 F DEBUG   :       #42 pc 000000000009b48c  /system/lib64/libandroid_runtime.so (_JNIEnv::CallStaticVoidMethod(_jclass*, _jmethodID*, ...)+124) (BuildId: f5a8de279343f40e92b8743c43b27931)
02-28 09:48:16.038 28653 28653 F DEBUG   :       #43 pc 00000000000a2b94  /system/lib64/libandroid_runtime.so (android::AndroidRuntime::start(char const*, android::Vector<android::String8> const&, bool)+980) (BuildId: f5a8de279343f40e92b8743c43b27931)
02-28 09:48:16.038 28653 28653 F DEBUG   :       #44 pc 0000000000003570  /system/bin/app_process64
02-28 09:48:16.038 28653 28653 F DEBUG   :       #45 pc 00000000000854cc  /apex/com.android.runtime/lib64/bionic/libc.so (__libc_init+108) (BuildId: 160c73ebe495705f567c4e4d72348919)
--------- beginning of main
02-28 12:04:14.003 14262  4556 I FrewleTileCacheManagerV: (REDACTED) Fetched %d AP models from cache
02-28 12:04:14.033 14053 14718 I FusedLocation: (REDACTED) location delivery to %s blocked - too fast
02-28 12:04:14.035 14053 14718 I FusedLocation: (REDACTED) location delivery to %s blocked - too close
02-28 12:04:14.036 14053 14718 I FusedLocation: (REDACTED) location delivery to %s blocked - too fast
02-28 12:04:14.037 14053 14718 I FusedLocation: (REDACTED) location delivery to %s blocked - too fast
02-28 12:04:14.037 14053 14718 I FusedLocation: (REDACTED) location delivery to %s blocked - too close
02-28 12:04:14.050 14053  4262 I FrewleTileCacheManagerV: (REDACTED) Fetched %d AP models from cache
02-28 12:04:14.083 11702 11776 E FrameEvents: updateAcquireFence: Did not find frame.
02-28 12:04:14.101 11702 11776 E FrameEvents: updateAcquireFence: Did not find frame.
02-28 12:04:14.123 14053 14053 D BoundBrokerSvc: onRebind: Intent { act=com.google.android.gms.common.telemetry.service.START dat=chimera-action: cmp=com.google.android.gms/.chimera.PersistentApiService }
02-28 12:04:14.179 10763 10766 I cmd     : oneway function results will be dropped but finished with status OK and parcel size 4
02-28 12:04:14.195  7003  7445 W linker  : Warning: "/data/app/~~0n7Kf3MKJX3UAbFL5ftBxQ==/com.google.android.gms-MIAqW66Id5TgBPPHqz_F2g==/split_CronetDynamite_installtime.apk!/lib/arm64-v8a/libcronet.145.0.7582.0.so" unused DT entry: unknown processor-specific (type 0x70000001 arg 0x0) (ignoring)
02-28 12:04:14.215  7003 10765 I TetheringManager: registerTetheringEventCallback:com.google.android.gms
02-28 12:04:14.218  7003  7445 I cn_CronetLibraryLoader: Cronet version: 145.0.7582.0, arch: aarch64
02-28 12:04:14.230  7003  7003 W ThreadPoolForeg: type=1400 audit(0.0:2578392): avc: denied { write } for name="traced_producer" dev="tmpfs" ino=13943 scontext=u:r:gmscore_app:s0:c512,c768 tcontext=u:object_r:traced_producer_socket:s0 tclass=sock_file permissive=0 app=com.google.android.gms
02-28 12:04:14.567 14053 16358 I cn_CronetUrlRequestContext: destroyNativeStreamLocked org.chromium.net.impl.CronetBidirectionalStream@85a3177
02-28 12:04:14.800 10805 10809 I cmd     : oneway function results will be dropped but finished with status OK and parcel size 4
02-28 12:04:15.002 14262  2055 I FrewleTileCacheManagerV: (REDACTED) Fetched %d AP models from cache
02-28 12:04:15.046 14053 14718 I FusedLocation: (REDACTED) location delivery to %s blocked - too fast
02-28 12:04:15.051 14053 14718 I FusedLocation: (REDACTED) location delivery to %s blocked - too close
02-28 12:04:15.053 14053 14718 I FusedLocation: (REDACTED) location delivery to %s blocked - too fast
02-28 12:04:15.053 11702 11776 E FrameEvents: updateAcquireFence: Did not find frame.
02-28 12:04:15.054 14053 14718 I FusedLocation: (REDACTED) location delivery to %s blocked - too fast
02-28 12:04:15.055 14053 14718 I FusedLocation: (REDACTED) location delivery to %s blocked - too close
02-28 12:04:15.056 14053 10091 I FrewleTileCacheManagerV: (REDACTED) Fetched %d AP models from cache
02-28 12:04:15.065 10821 10823 I cmd     : oneway function results will be dropped but finished with status OK and parcel size 4
02-28 12:04:15.069 11702 11776 E FrameEvents: updateAcquireFence: Did not find frame.
02-28 12:04:15.234  7003  7003 W ThreadPoolForeg: type=1400 audit(0.0:2578393): avc: denied { write } for name="traced_producer" dev="tmpfs" ino=13943 scontext=u:r:gmscore_app:s0:c512,c768 tcontext=u:object_r:traced_producer_socket:s0 tclass=sock_file permissive=0 app=com.google.android.gms
02-28 12:04:15.786 10859 10861 I cmd     : oneway function results will be dropped but finished with status OK and parcel size 4
02-28 12:04:15.857 10863 10867 I cmd     : oneway function results will be dropped but finished with status OK and parcel size 4
02-28 12:04:15.981  7003  7445 D Linux   : [Posix_connect Debug]Process com.google.android.gms.unstable :7810 
02-28 12:04:16.004  7003  7445 D Linux   : [Posix_connect Debug]Process com.google.android.gms.unstable :6790 
02-28 12:04:16.006 14262 23002 I FrewleTileCacheManagerV: (REDACTED) Fetched %d AP models from cache
02-28 12:04:16.009  7003  7445 D Linux   : [Posix_connect Debug]Process com.google.android.gms.unstable :6791 
02-28 12:04:16.018  7003  7003 W Binder:7003_4: type=1400 audit(0.0:2578394): avc: denied { read } for name="u:object_r:system_adbd_prop:s0" dev="tmpfs" ino=231 scontext=u:r:gmscore_app:s0:c512,c768 tcontext=u:object_r:system_adbd_prop:s0 tclass=file permissive=0 app=com.google.android.gms
02-28 12:04:16.025  7003  7445 E libc    : Access denied finding property "persist.adb.tls_server.enable"
02-28 12:04:16.027  7003  7445 E libc    : Access denied finding property "service.adb.tls.port"
02-28 12:04:16.022  7003  7003 W Binder:7003_4: type=1400 audit(0.0:2578395): avc: denied { read } for name="u:object_r:adbd_prop:s0" dev="tmpfs" ino=97 scontext=u:r:gmscore_app:s0:c512,c768 tcontext=u:object_r:adbd_prop:s0 tclass=file permissive=0 app=com.google.android.gms
02-28 12:04:16.039 14053 14718 I FusedLocation: (REDACTED) location delivery to %s blocked - too fast
02-28 12:04:16.040 14053 14718 I FusedLocation: (REDACTED) location delivery to %s blocked - too close
02-28 12:04:16.041 14053 14718 I FusedLocation: (REDACTED) location delivery to %s blocked - too fast
02-28 12:04:16.042 14053 14718 I FusedLocation: (REDACTED) location delivery to %s blocked - too fast
02-28 12:04:16.043 14053 14718 I FusedLocation: (REDACTED) location delivery to %s blocked - too close
02-28 12:04:16.047 14053  4262 I FrewleTileCacheManagerV: (REDACTED) Fetched %d AP models from cache
02-28 12:04:16.070 11702 11776 E FrameEvents: updateAcquireFence: Did not find frame.
02-28 12:04:16.088 11702 11776 E FrameEvents: updateAcquireFence: Did not find frame.
02-28 12:04:16.249 10887 10889 I cmd     : oneway function results will be dropped but finished with status OK and parcel size 4
02-28 12:04:16.330 10891 10893 I cmd     : oneway function results will be dropped but finished with status OK and parcel size 4
02-28 12:04:16.798  7003  7003 W Binder:7003_4: type=1400 audit(0.0:2578396): avc: denied { search } for name="bin" dev="dm-8" ino=66 scontext=u:r:gmscore_app:s0:c512,c768 tcontext=u:object_r:atcid_vendor_exec:s0 tclass=dir permissive=0 app=com.google.android.gms
02-28 12:04:16.822 10915 10917 I cmd     : oneway function results will be dropped but finished with status OK and parcel size 4
02-28 12:04:16.982 10928 10929 I cmd     : oneway function results will be dropped but finished with status OK and parcel size 4
02-28 12:04:16.997 14262  4556 I FrewleTileCacheManagerV: (REDACTED) Fetched %d AP models from cache
02-28 12:04:17.038 14053 14718 I FusedLocation: (REDACTED) location delivery to %s blocked - too fast
02-28 12:04:17.039 14053 14718 I FusedLocation: (REDACTED) location delivery to %s blocked - too close
02-28 12:04:17.041 14053 14718 I FusedLocation: (REDACTED) location delivery to %s blocked - too fast
02-28 12:04:17.042 14053 14718 I FusedLocation: (REDACTED) location delivery to %s blocked - too fast
02-28 12:04:17.043 14053 14718 I FusedLocation: (REDACTED) location delivery to %s blocked - too close
02-28 12:04:17.048 14053 10091 I FrewleTileCacheManagerV: (REDACTED) Fetched %d AP models from cache
02-28 12:04:17.055 11702 11776 E FrameEvents: updateAcquireFence: Did not find frame.
02-28 12:04:17.071 11702 11776 E FrameEvents: updateAcquireFence: Did not find frame.
02-28 12:04:17.121  7003  7445 D libMEOW : meow reload base cfg path: na
02-28 12:04:17.121  7003  7445 D libMEOW : meow reload overlay cfg path: na
02-28 12:04:17.132  7003  7445 D libMEOW : applied 1 plugins for [com.google.android.gms.unstable]:
02-28 12:04:17.132  7003  7445 D libMEOW :   plugin 1: [libMEOW_gift.so]:
02-28 12:04:17.229 10943 10946 I cmd     : oneway function results will be dropped but finished with status OK and parcel size 4
02-28 12:04:17.234  7003  7003 W ThreadPoolForeg: type=1400 audit(0.0:2578398): avc: denied { write } for name="traced_producer" dev="tmpfs" ino=13943 scontext=u:r:gmscore_app:s0:c512,c768 tcontext=u:object_r:traced_producer_socket:s0 tclass=sock_file permissive=0 app=com.google.android.gms
02-28 12:04:17.252  7003  7445 I libMEOW_gift: ctx:0xb4000079e5ed7b80, ARC not Enabled.
02-28 12:04:17.318  7003  7445 E IMGSRV  : :539: PVRSRVBridgeCall: Bridge call failed. sBridgePackage.ui32BridgeID:0x82, Function ID:0x10 errno 22 (Invalid argument).
02-28 12:04:17.318  7003  7445 E IMGSRV  : :554: PVRSRVBridgeCall: fd 90 read as /proc/self/fd/90 pointing to /dev/dri/renderD128.
02-28 12:04:17.318  7003  7445 E IMGSRV  : :2606: BridgeRGXCreateFreeList2: BridgeCall failed
02-28 12:04:17.324  7003  7445 I GED     : ged_boost_gpu_freq, level 100, eOrigin 2, final_idx 2, oppidx_max 2, oppidx_min 0
02-28 12:04:17.327  7003  7445 I GED     : ged_boost_gpu_freq, level 100, eOrigin 2, final_idx 2, oppidx_max 2, oppidx_min 0
02-28 12:04:17.391 10953 10956 I cmd     : oneway function results will be dropped but finished with status OK and parcel size 4
02-28 12:04:17.600 24477 24477 D BoundBrokerSvc: onBind: Intent { act=com.google.android.gms.auth.service.START pkg=com.google.android.gms }
02-28 12:04:17.600 24477 24477 D BoundBrokerSvc: Loading bound service for intent: Intent { act=com.google.android.gms.auth.service.START pkg=com.google.android.gms }
02-28 12:04:18.015 14262 23002 I FrewleTileCacheManagerV: (REDACTED) Fetched %d AP models from cache
02-28 12:04:18.050 14053 14718 I FusedLocation: (REDACTED) location delivery to %s blocked - too fast
02-28 12:04:18.051 14053 14718 I FusedLocation: (REDACTED) location delivery to %s blocked - too close
02-28 12:04:18.054 14053 14718 I FusedLocation: (REDACTED) location delivery to %s blocked - too fast
02-28 12:04:18.055 14053 14718 I FusedLocation: (REDACTED) location delivery to %s blocked - too fast
02-28 12:04:18.056 14053 14718 I FusedLocation: (REDACTED) location delivery to %s blocked - too close
02-28 12:04:18.059 14053 10095 I FrewleTileCacheManagerV: (REDACTED) Fetched %d AP models from cache
02-28 12:04:18.073 11702 11776 E FrameEvents: updateAcquireFence: Did not find frame.
02-28 12:04:18.090 11702 11776 E FrameEvents: updateAcquireFence: Did not find frame.
02-28 12:04:18.517 14053 14961 W Settings: Setting airplane_mode_on has moved from android.provider.Settings.System to android.provider.Settings.Global, returning read-only value.
02-28 12:04:18.518 14053 10095 D WifiScanner: Fullbandsize settings: 7
02-28 12:04:18.561 24477 24477 D BoundBrokerSvc: onUnbind: Intent { act=com.google.android.gms.onboardingconsent.api.ConsentManagerApiService.START dat=chimera-action: cmp=com.google.android.gms/.chimera.GmsApiService }
02-28 12:04:18.609 14053  4262 I FrewleTileCacheManagerV: (REDACTED) Fetched %d AP models from cache
02-28 12:04:18.643 14053 14718 I FusedLocation: (REDACTED) location delivery to %s blocked - too fast
02-28 12:04:18.645 14053 14718 I FusedLocation: (REDACTED) location delivery to %s blocked - too fast
02-28 12:04:18.646 14053 14718 I FusedLocation: (REDACTED) location delivery to %s blocked - too close
02-28 12:04:18.646 14053 14718 I FusedLocation: (REDACTED) location delivery to %s blocked - too fast
02-28 12:04:18.648 14053 14718 I FusedLocation: (REDACTED) location delivery to %s blocked - too fast
02-28 12:04:18.649 14053 14718 I FusedLocation: (REDACTED) location delivery to %s blocked - too close
02-28 12:04:18.651 14053 10095 I FrewleTileCacheManagerV: (REDACTED) Fetched %d AP models from cache
02-28 12:04:18.652 14053 14718 I ffar    : Received empty WiFi-RTT scan. [CONTEXT service_id=6 ]
02-28 12:04:18.675 11702 11776 E FrameEvents: updateAcquireFence: Did not find frame.
02-28 12:04:18.690 11702 11776 E FrameEvents: updateAcquireFence: Did not find frame.
02-28 12:04:18.950 14053 16358 I cn_CronetUrlRequestContext: destroyNativeStreamLocked org.chromium.net.impl.CronetBidirectionalStream@95d85a3
02-28 12:04:19.021 14262  2055 I FrewleTileCacheManagerV: (REDACTED) Fetched %d AP models from cache
02-28 12:04:19.053 14053 14718 I FusedLocation: (REDACTED) location delivery to %s blocked - too fast
02-28 12:04:19.054 14053 14718 I FusedLocation: (REDACTED) location delivery to %s blocked - too close
02-28 12:04:19.055 14053 14718 I FusedLocation: (REDACTED) location delivery to %s blocked - too fast
02-28 12:04:19.056 14053 14718 I FusedLocation: (REDACTED) location delivery to %s blocked - too fast
02-28 12:04:19.057 14053 14718 I FusedLocation: (REDACTED) location delivery to %s blocked - too close
02-28 12:04:19.060 14053 10095 I FrewleTileCacheManagerV: (REDACTED) Fetched %d AP models from cache
02-28 12:04:19.076 11702 11776 E FrameEvents: updateAcquireFence: Did not find frame.
02-28 12:04:19.091 11702 11776 E FrameEvents: updateAcquireFence: Did not find frame.
02-28 12:04:19.162 14053 14053 D BoundBrokerSvc: onUnbind: Intent { act=com.google.android.gms.common.telemetry.service.START dat=chimera-action: cmp=com.google.android.gms/.chimera.PersistentApiService }
02-28 12:04:20.025 14262  2055 I FrewleTileCacheManagerV: (REDACTED) Fetched %d AP models from cache
02-28 12:04:20.058 14053 14718 I FusedLocation: (REDACTED) location delivery to %s blocked - too fast
02-28 12:04:20.060 14053 14718 I FusedLocation: (REDACTED) location delivery to %s blocked - too close
02-28 12:04:20.061 14053 14718 I FusedLocation: (REDACTED) location delivery to %s blocked - too fast
02-28 12:04:20.062 14053 14718 I FusedLocation: (REDACTED) location delivery to %s blocked - too fast
02-28 12:04:20.063 14053 14718 I FusedLocation: (REDACTED) location delivery to %s blocked - too close
02-28 12:04:20.065 14053  4262 I FrewleTileCacheManagerV: (REDACTED) Fetched %d AP models from cache
02-28 12:04:20.076 11702 11776 E FrameEvents: updateAcquireFence: Did not find frame.
02-28 12:04:20.092 11702 11776 E FrameEvents: updateAcquireFence: Did not find frame.
02-28 12:04:20.238  7003  7003 W ThreadPoolForeg: type=1400 audit(0.0:2578399): avc: denied { write } for name="traced_producer" dev="tmpfs" ino=13943 scontext=u:r:gmscore_app:s0:c512,c768 tcontext=u:object_r:traced_producer_socket:s0 tclass=sock_file permissive=0 app=com.google.android.gms
02-28 12:04:20.405 17170 17187 I hbox:interacto: Background concurrent copying GC freed 39921(3399KB) AllocSpace objects, 0(0B) LOS objects, 25% free, 10MB/13MB, paused 224us total 198.817ms
02-28 12:04:21.015 14262  2055 I FrewleTileCacheManagerV: (REDACTED) Fetched %d AP models from cache
02-28 12:04:21.049 14053 14718 I FusedLocation: (REDACTED) location delivery to %s blocked - too fast
02-28 12:04:21.050 14053 14718 I FusedLocation: (REDACTED) location delivery to %s blocked - too close
02-28 12:04:21.052 14053 14718 I FusedLocation: (REDACTED) location delivery to %s blocked - too fast
02-28 12:04:21.054 14053 14718 I FusedLocation: (REDACTED) location delivery to %s blocked - too fast
02-28 12:04:21.056 14053 14718 I FusedLocation: (REDACTED) location delivery to %s blocked - too close
02-28 12:04:21.058 14053 10095 I FrewleTileCacheManagerV: (REDACTED) Fetched %d AP models from cache
02-28 12:04:21.076 11702 11776 E FrameEvents: updateAcquireFence: Did not find frame.
02-28 12:04:21.095 11702 11776 E FrameEvents: updateAcquireFence: Did not find frame.
02-28 12:04:21.608 14053 14066 I .gms.persisten: Background young concurrent copying GC freed 153605(6717KB) AllocSpace objects, 12(472KB) LOS objects, 22% free, 26MB/33MB, paused 290us total 137.314ms
02-28 12:04:22.029 14262  2055 I FrewleTileCacheManagerV: (REDACTED) Fetched %d AP models from cache
02-28 12:04:22.055 14053 14718 I FusedLocation: (REDACTED) location delivery to %s blocked - too close
02-28 12:04:22.057 14053 14718 I FusedLocation: (REDACTED) location delivery to %s blocked - too fast
02-28 12:04:22.059 14053 14718 I FusedLocation: (REDACTED) location delivery to %s blocked - too fast
02-28 12:04:22.060 14053 14718 I FusedLocation: (REDACTED) location delivery to %s blocked - too close
02-28 12:04:22.064 14053 10095 I FrewleTileCacheManagerV: (REDACTED) Fetched %d AP models from cache
02-28 12:04:22.080 11702 11776 E FrameEvents: updateAcquireFence: Did not find frame.
02-28 12:04:22.087 14053 10095 I SemanticLocation: [InfMgr] No location reports after filtering [CONTEXT service_id=173 ]
02-28 12:04:22.095 11702 11776 E FrameEvents: updateAcquireFence: Did not find frame.
02-28 12:04:22.425 17170 20974 I native  : I0000 00:00:1772260462.425381   20974 soda_async_impl.cc:1411] Current audio timestamp: 1772260461781452
02-28 12:04:22.641 10967 10967 E .apps.messagin: Not starting debugger since process cannot load the jdwp agent.
02-28 12:04:22.755 10967 10967 I .apps.messagin: The ClassLoaderContext is a special shared library.
02-28 12:04:22.980 10967 10967 W .apps.messagin: JIT profile information will not be recorded: profile file does not exist.
02-28 12:04:22.980 10967 10967 I chatty  : uid=10188(com.google.android.apps.messaging) identical 1 line
02-28 12:04:22.980 10967 10967 W .apps.messagin: JIT profile information will not be recorded: profile file does not exist.
02-28 12:04:23.001 14262 23002 I FrewleTileCacheManagerV: (REDACTED) Fetched %d AP models from cache
02-28 12:04:23.028 14053 14718 I FusedLocation: (REDACTED) location delivery to %s blocked - too fast
02-28 12:04:23.028 14053 14718 I FusedLocation: (REDACTED) location delivery to %s blocked - too close
02-28 12:04:23.029 14053 14718 I FusedLocation: (REDACTED) location delivery to %s blocked - too fast
02-28 12:04:23.030 14053 14718 I FusedLocation: (REDACTED) location delivery to %s blocked - too fast
02-28 12:04:23.031 14053 14718 I FusedLocation: (REDACTED) location delivery to %s blocked - too close
02-28 12:04:23.033 14053 10091 I FrewleTileCacheManagerV: (REDACTED) Fetched %d AP models from cache
02-28 12:04:23.046 11702 11776 E FrameEvents: updateAcquireFence: Did not find frame.
02-28 12:04:23.065 11702 11776 E FrameEvents: updateAcquireFence: Did not find frame.
02-28 12:04:23.096 10967 10967 D NetworkSecurityConfig: No Network Security Config specified, using platform default
02-28 12:04:23.097 10967 10967 D NetworkSecurityConfig: No Network Security Config specified, using platform default
02-28 12:04:23.160 10999 10999 E libc    : Access denied finding property "ro.vendor.build.tags"
02-28 12:04:23.165 10967 10967 I MultiDex: VM with version 2.1.0 has multidex support
02-28 12:04:23.165 10967 10967 I MultiDex: Installing application
02-28 12:04:23.165 10967 10967 I MultiDex: VM has multidex support, MultiDex support library is disabled.
02-28 12:04:23.264 17170 17414 I ebij    : (REDACTED) #onAudioData: %s bytes, getAudioReadSize %s
02-28 12:04:23.394 24761 24761 W Thread-902: type=1400 audit(0.0:2578438): avc: denied { read } for name="enforce" dev="selinuxfs" ino=4 scontext=u:r:untrusted_app:s0:c236,c256,c512,c768 tcontext=u:object_r:selinuxfs:s0 tclass=file permissive=0 app=com.google.android.apps.nbu.paisa.user
02-28 12:04:23.442 11014 11014 W which   : type=1400 audit(0.0:2578439): avc: denied { search } for name="bin" dev="dm-8" ino=66 scontext=u:r:untrusted_app:s0:c236,c256,c512,c768 tcontext=u:object_r:atcid_vendor_exec:s0 tclass=dir permissive=0 app=com.google.android.apps.nbu.paisa.user
02-28 12:04:23.480 10967 10967 E libc    : Access denied finding property "ro.vendor.perf.scroll_opt.heavy_app"
02-28 12:04:23.496 10967 10967 I eoiq    : SslGuard completed installation.
02-28 12:04:23.544 10967 10967 I Bugle   : BugleApplicationBase: Bugle version: messages.android_20260206_00_rc00.phone_dynamic , Bugle version code: 299468063
02-28 12:04:23.549 10967 10967 I Bugle   : DarkModeManager: setDarkMode: -1
02-28 12:04:23.551 10967 11030 I stetho  : Listening on @stetho_com.google.android.apps.messaging_devtools_remote
02-28 12:04:23.568 14053 14961 W Settings: Setting airplane_mode_on has moved from android.provider.Settings.System to android.provider.Settings.Global, returning read-only value.
02-28 12:04:23.571 14053 10093 D WifiScanner: Fullbandsize settings: 7
02-28 12:04:23.575 10967 10967 I TetheringManager: registerTetheringEventCallback:com.google.android.apps.messaging
02-28 12:04:23.577 10967 10967 D WM-PackageManagerHelper: Skipping component enablement for androidx.work.impl.background.systemjob.SystemJobService
02-28 12:04:23.577 10967 10967 D WM-Schedulers: Created SystemJobScheduler and enabled SystemJobService
02-28 12:04:23.581 10967 11019 D WM-ForceStopRunnable: Is default app process = true
02-28 12:04:23.583 10967 11019 D WM-ForceStopRunnable: Performing cleanup operations.
02-28 12:04:23.600 10967 10967 D WM-SystemJobService: onStartJob for WorkGenerationalId(workSpecId=53eef0f8-42f1-4f11-b882-1ff9e7f78ac7, generation=12210)
02-28 12:04:23.709 10967 11016 I Bugle   : DatabaseHelperBasic.doInitializationTraced
02-28 12:04:23.711 10967 11032 I Bugle   : DatabaseHelperBasic.doInitializationTraced
02-28 12:04:23.716 10967 11042 I Bugle   : DatabaseHelperBasic.doInitializationTraced
02-28 12:04:23.725 10967 11018 I Bugle   : Initializing EmojiCompat
02-28 12:04:23.742 10967 11018 I CarrierServices: Initializing Carrier Services Library. [CONTEXT thread_id=207507 ]
02-28 12:04:23.743 14053 14520 I FontLog : (REDACTED) Received query %s, URI %s
02-28 12:04:23.743 14053 14520 I FontLog : (REDACTED) Query [%s] resolved to %s
02-28 12:04:23.745 14053  3410 I FontLog : (REDACTED) Received query %s, URI %s
02-28 12:04:23.745 14053  3410 I FontLog : (REDACTED) Query [%s] resolved to %s
02-28 12:04:23.756 14053  3410 I FontLog : (REDACTED) Fetch %s end status %s
02-28 12:04:23.756 14053 14520 I FontLog : (REDACTED) Fetch %s end status %s
02-28 12:04:23.765 10967 11042 I Bugle   : DatabaseHelperBasic: sqlite version is 3.28.0
02-28 12:04:23.770 10967 11016 I Bugle   : DatabaseHelperBasic: sqlite version is 3.28.0
02-28 12:04:23.771 14053 14520 I FontLog : (REDACTED) Pulling font file for id = %d, cache size = %d
02-28 12:04:23.778 14053 14520 I FontLog : (REDACTED) Pulling font file for id = %d, cache size = %d
02-28 12:04:23.792 10967 11042 I Bugle   : DatabaseHelperBasic.doInitializationTraced() returned SQLiteDatabase: /data/user/0/com.google.android.apps.messaging/databases/workqueue_db
02-28 12:04:23.795 10967 11042 I Bugle   : DatabaseHelperBasic.doInitializationTraced returned SQLiteDatabase: /data/user/0/com.google.android.apps.messaging/databases/workqueue_db
02-28 12:04:23.799 10967 11016 I Bugle   : DatabaseHelperBasic.doInitializationTraced() returned SQLiteDatabase: /data/user/0/com.google.android.apps.messaging/databases/bugle_backup_db
02-28 12:04:23.801 10967 11016 I Bugle   : DatabaseHelperBasic.doInitializationTraced returned SQLiteDatabase: /data/user/0/com.google.android.apps.messaging/databases/bugle_backup_db
02-28 12:04:23.811 14053 14520 I FontLog : (REDACTED) Pulling font file for id = %d, cache size = %d
02-28 12:04:23.812 14053  3410 I FontLog : (REDACTED) Pulling font file for id = %d, cache size = %d
02-28 12:04:23.826 10967 11018 I CarrierServices: Initializing Carrier Services Logging. [CONTEXT thread_id=207507 ]
02-28 12:04:23.884 24477 24477 D BoundBrokerSvc: onUnbind: Intent { act=com.google.android.gms.people.contactssync.service.START dat=chimera-action: cmp=com.google.android.gms/.chimera.GmsBoundBrokerService }
02-28 12:04:23.892 10967 11018 I LogSaver: LogSaver new instance with filename: carrier_services
02-28 12:04:24.003 14262  4556 I FrewleTileCacheManagerV: (REDACTED) Fetched %d AP models from cache
02-28 12:04:24.053 14053 14718 I FusedLocation: (REDACTED) location delivery to %s blocked - too fast
02-28 12:04:24.054 14053 14718 I FusedLocation: (REDACTED) location delivery to %s blocked - too close
02-28 12:04:24.055 14053 14718 I FusedLocation: (REDACTED) location delivery to %s blocked - too fast
02-28 12:04:24.056 14053 14718 I FusedLocation: (REDACTED) location delivery to %s blocked - too fast
02-28 12:04:24.057 14053 14718 I FusedLocation: (REDACTED) location delivery to %s blocked - too close
02-28 12:04:24.060 14053 11036 I FrewleTileCacheManagerV: (REDACTED) Fetched %d AP models from cache
02-28 12:04:24.064 10967 11032 I Bugle   : DatabaseHelperBasic: sqlite version is 3.28.0
02-28 12:04:24.081 11702 11776 E FrameEvents: updateAcquireFence: Did not find frame.
02-28 12:04:24.097 11702 11776 E FrameEvents: updateAcquireFence: Did not find frame.
02-28 12:04:24.100 10967 11032 I BugleDataModel: HeavyWorkQueueEmptyObserver: Starting observation of WorkQueueWorkManagerTable
02-28 12:04:24.116 11064 11067 I cmd     : oneway function results will be dropped but finished with status OK and parcel size 4
02-28 12:04:24.215 10967 11032 I <unknown class>: Starting sync data to wearable message observer. [CONTEXT class_name="SyncDataToWearableMessageChangeObserver" ]
02-28 12:04:24.220 11069 11071 I cmd     : oneway function results will be dropped but finished with status OK and parcel size 4
02-28 12:04:24.232 10967 11032 I Bugle   : DatabaseHelperBasic.doInitializationTraced() returned SQLiteDatabase: /data/user/0/com.google.android.apps.messaging/databases/bugle_db
02-28 12:04:24.233 10967 11032 I Bugle   : DatabaseHelperBasic.doInitializationTraced returned SQLiteDatabase: /data/user/0/com.google.android.apps.messaging/databases/bugle_db
02-28 12:04:24.246  7003  7003 W ThreadPoolForeg: type=1400 audit(0.0:2578440): avc: denied { write } for name="traced_producer" dev="tmpfs" ino=13943 scontext=u:r:gmscore_app:s0:c512,c768 tcontext=u:object_r:traced_producer_socket:s0 tclass=sock_file permissive=0 app=com.google.android.gms
02-28 12:04:24.264 10967 11018 I BugleBackup: Registering preference change listener for "bugle".
02-28 12:04:24.292 11073 11075 I cmd     : oneway function results will be dropped but finished with status OK and parcel size 4
02-28 12:04:24.373 11077 11079 I cmd     : oneway function results will be dropped but finished with status OK and parcel size 4
02-28 12:04:24.388 10967 11032 I Bugle   : TelephonyManagerFactory: Returning per-subscription TelephonyManager (>= N) subscription{id:4}
02-28 12:04:24.460 11081 11083 I cmd     : oneway function results will be dropped but finished with status OK and parcel size 4
02-28 12:04:24.462 10967 10967 D CompatibilityChangeReporter: Compat change id reported: 119147584; UID 10188; state: ENABLED
02-28 12:04:24.472 14053 11036 I FrewleTileCacheManagerV: (REDACTED) Fetched %d AP models from cache
02-28 12:04:24.542 14053 14718 I FusedLocation: (REDACTED) location delivery to %s blocked - too fast
02-28 12:04:24.544 14053 14718 I FusedLocation: (REDACTED) location delivery to %s blocked - too fast
02-28 12:04:24.551 14053 14718 I FusedLocation: (REDACTED) location delivery to %s blocked - too close
02-28 12:04:24.553 14053 14718 I FusedLocation: (REDACTED) location delivery to %s blocked - too fast
02-28 12:04:24.555 14053 14718 I FusedLocation: (REDACTED) location delivery to %s blocked - too fast
02-28 12:04:24.556 14053 14718 I FusedLocation: (REDACTED) location delivery to %s blocked - too close
02-28 12:04:24.576 14053  4262 I FrewleTileCacheManagerV: (REDACTED) Fetched %d AP models from cache
02-28 12:04:24.579 14053 14718 I ffar    : Received empty WiFi-RTT scan. [CONTEXT service_id=6 ]
02-28 12:04:24.582 11702 11776 E FrameEvents: updateAcquireFence: Did not find frame.
02-28 12:04:24.599 11702 11776 E FrameEvents: updateAcquireFence: Did not find frame.
02-28 12:04:24.660 10967 11018 I BugleSystemBindingManag: BugleSystemBindingManager: onBuglePhenotypeFlagChanged
02-28 12:04:24.667 10967 11018 I BugleTransport: Not kicking off update transport registration because RCS provisioning change has not been received.
02-28 12:04:24.671 10967 11004 I BugleRcsEngine: SystemBinding enabled: true [CONTEXT log_prefix="SystemBindingManager" thread_id=207500 ]
02-28 12:04:24.676 10967 11004 I BugleRcsEngine: System Binding updated [CONTEXT thread_id=207500 ]
02-28 12:04:24.696 10967 11016 I BugleRcsEngine: getConfigServerUrl without simId [CONTEXT log_prefix="ProvisioningServerUtil" thread_id=207506 ]
02-28 12:04:24.699 10967 11032 I BugleRcsEngine: getConfigServerUrl without simId [CONTEXT log_prefix="ProvisioningServerUtil" thread_id=207513 ]
02-28 12:04:24.719 11098 11108 I cmd     : oneway function results will be dropped but finished with status OK and parcel size 4
02-28 12:04:24.825 10967 11016 I BugleRcsEngine: Using config server URL from dpjr [CONTEXT log_prefix="ProvisioningServerUtil" thread_id=207506 ]
02-28 12:04:24.860 10967 11032 I BugleRcsEngine: Using config server URL from dpjr [CONTEXT log_prefix="ProvisioningServerUtil" thread_id=207513 ]
02-28 12:04:24.928 10967 11115 I BugleDataModel: 2 not running because already up to date, upgradeCommand: EXECUTE_UPGRADE, version: 4
02-28 12:04:24.934 10967 11114 I BugleDataModel: 4 not running because already up to date, upgradeCommand: EXECUTE_UPGRADE, version: 1
02-28 12:04:24.952 10967 11113 I BugleDataModel: 3 not running because already up to date, upgradeCommand: EXECUTE_UPGRADE, version: 2
02-28 12:04:25.013 10967 11018 I BugleSatellite: Processing Phenotype flag changes.
02-28 12:04:25.015 10967 11016 I BugleSatellite: Reporting to Telephony: SMS supported = true
02-28 12:04:25.022 10967 11019 D WM-SystemJobScheduler: Reconciling jobs
02-28 12:04:25.038 14262 23002 I FrewleTileCacheManagerV: (REDACTED) Fetched %d AP models from cache
02-28 12:04:25.103 11139 11141 I cmd     : oneway function results will be dropped but finished with status OK and parcel size 4
02-28 12:04:25.132 11702 11776 E FrameEvents: updateAcquireFence: Did not find frame.
02-28 12:04:25.132 14053 14718 I FusedLocation: (REDACTED) location delivery to %s blocked - too fast
02-28 12:04:25.136 14053 14718 I FusedLocation: (REDACTED) location delivery to %s blocked - too close
02-28 12:04:25.139 14053 14718 I FusedLocation: (REDACTED) location delivery to %s blocked - too fast
02-28 12:04:25.140 14053 14718 I FusedLocation: (REDACTED) location delivery to %s blocked - too fast
02-28 12:04:25.142 14053 14718 I FusedLocation: (REDACTED) location delivery to %s blocked - too close
02-28 12:04:25.143 14053  4262 I FrewleTileCacheManagerV: (REDACTED) Fetched %d AP models from cache
02-28 12:04:25.149 11702 11776 E FrameEvents: updateAcquireFence: Did not find frame.
02-28 12:04:25.192 11144 11146 I cmd     : oneway function results will be dropped but finished with status OK and parcel size 4
02-28 12:04:25.234 10967 11019 D WM-ForceStopRunnable: Found unfinished work, scheduling it.
02-28 12:04:25.270 11148 11149 I cmd     : oneway function results will be dropped but finished with status OK and parcel size 4
02-28 12:04:25.379 10967 11019 D WM-SystemJobScheduler: Scheduling work ID f26cefc8-ea52-4d61-89e4-04ea30dc7477Job ID 2072
02-28 12:04:25.434 10967 11019 D WM-SystemJobScheduler: Scheduling work ID 92df0f26-f1c7-45e9-b4b6-c8c3fdb50938Job ID 1551
02-28 12:04:25.487 10967 11019 D WM-SystemJobScheduler: Scheduling work ID 0587e9a2-958c-4109-80f5-b2a2addb84d2Job ID 2832
02-28 12:04:25.567 10967 11019 D WM-SystemJobScheduler: Scheduling work ID 1c19f6f1-77cf-4a1e-afa9-d84a3e2b7048Job ID 2903
02-28 12:04:25.653 11170 11172 I cmd     : oneway function results will be dropped but finished with status OK and parcel size 4
02-28 12:04:25.674 10967 11019 D WM-SystemJobScheduler: Scheduling work ID e0161f7f-a35f-497f-bbb0-4a64842ff291Job ID 1013
02-28 12:04:25.706 10967 11019 D WM-SystemJobScheduler: Scheduling work ID 28018d3e-3f51-4891-a773-44c27a477199Job ID 1421
02-28 12:04:25.738 10967 11019 D WM-SystemJobScheduler: Scheduling work ID b22dbc2c-10cf-4121-84af-2160d72358edJob ID 2714
02-28 12:04:25.767 10967 11019 D WM-SystemJobScheduler: Scheduling work ID 3b6b27d4-f855-4832-b9ae-6e5224c8dea3Job ID 2715
02-28 12:04:25.791 11178 11180 I cmd     : oneway function results will be dropped but finished with status OK and parcel size 4
02-28 12:04:25.795 10967 11019 D WM-SystemJobScheduler: Scheduling work ID 2d791315-039c-4486-9067-bd3cd50955a7Job ID 1422
02-28 12:04:25.826 10967 11019 D WM-SystemJobScheduler: Scheduling work ID a5ed994f-3992-4cdf-985f-6550a7c7954aJob ID 1981
02-28 12:04:25.856 10967 11019 D WM-SystemJobScheduler: Scheduling work ID 2544bd63-a60a-4e16-a00c-afa48f3b69d1Job ID 1570
02-28 12:04:25.863 11182 11184 I cmd     : oneway function results will be dropped but finished with status OK and parcel size 4
02-28 12:04:25.886 10967 11019 D WM-SystemJobScheduler: Scheduling work ID d6f23f24-dbe4-4d50-a4ea-d83fe5dd0421Job ID 1423
02-28 12:04:25.918 10967 11019 D WM-SystemJobScheduler: Scheduling work ID 8e0f7079-8069-4cf2-a472-ae0bf46a8120Job ID 1569
02-28 12:04:25.925 10967 11019 D WM-SystemJobScheduler: Scheduling work ID 86807284-61cd-420e-a594-6bc857f445e2Job ID 1434
02-28 12:04:25.931 10967 11019 D WM-SystemJobScheduler: Scheduling work ID a7402235-7993-4e4d-a6da-3364d0f92810Job ID 1442
02-28 12:04:25.937 10967 11019 D WM-SystemJobScheduler: Scheduling work ID 814cdc1d-9a16-4d88-be02-57050ec42232Job ID 1480
02-28 12:04:25.968 10967 11019 D WM-SystemJobScheduler: Scheduling work ID 756b2235-b71e-44f5-942c-77c496d43ab8Job ID 1515
02-28 12:04:26.007 10967 11019 D WM-SystemJobScheduler: Scheduling work ID 611f663c-6420-4d07-b5b4-a1c2bb5ebb58Job ID 1572
02-28 12:04:26.009 14262  2055 I FrewleTileCacheManagerV: (REDACTED) Fetched %d AP models from cache
02-28 12:04:26.047 14053 14718 I FusedLocation: (REDACTED) location delivery to %s blocked - too fast
02-28 12:04:26.048 14053 14718 I FusedLocation: (REDACTED) location delivery to %s blocked - too close
02-28 12:04:26.051 14053 14718 I FusedLocation: (REDACTED) location delivery to %s blocked - too fast
02-28 12:04:26.052 14053 14718 I FusedLocation: (REDACTED) location delivery to %s blocked - too fast
02-28 12:04:26.053 14053 14718 I FusedLocation: (REDACTED) location delivery to %s blocked - too close
02-28 12:04:26.059 14053 10095 I FrewleTileCacheManagerV: (REDACTED) Fetched %d AP models from cache
02-28 12:04:26.068 11702 11776 E FrameEvents: updateAcquireFence: Did not find frame.
02-28 12:04:26.078 10967 11019 D WM-SystemJobScheduler: Scheduling work ID 47910f7c-38bc-4aa2-bfbb-151eaaca0d06Job ID 1571
02-28 12:04:26.084 11702 11776 E FrameEvents: updateAcquireFence: Did not find frame.
02-28 12:04:26.099 11195 11196 I cmd     : oneway function results will be dropped but finished with status OK and parcel size 4
02-28 12:04:26.122 10967 11019 D WM-SystemJobScheduler: Scheduling work ID 53eef0f8-42f1-4f11-b882-1ff9e7f78ac7Job ID 1550
02-28 12:04:26.125 10967 10967 D WM-SystemJobService: onStopJob for WorkGenerationalId(workSpecId=53eef0f8-42f1-4f11-b882-1ff9e7f78ac7, generation=12210)
02-28 12:04:26.131 10967 11019 D WM-SystemJobScheduler: Scheduling work ID 40ddd9bb-cc48-44b4-bce5-ef4c45048f79Job ID 2246
02-28 12:04:26.144 10967 11019 D WM-SystemJobScheduler: Scheduling work ID d60079ff-5826-4af2-927a-dccf11e2cff5Job ID 1556
02-28 12:04:26.175 11199 11201 I cmd     : oneway function results will be dropped but finished with status OK and parcel size 4
02-28 12:04:26.249 11203 11205 I cmd     : oneway function results will be dropped but finished with status OK and parcel size 4
02-28 12:04:26.269 10967 11019 D WM-GreedyScheduler: Ignoring {WorkSpec: 40ddd9bb-cc48-44b4-bce5-ef4c45048f79}. Requires ContentUri triggers.
02-28 12:04:26.269 10967 11019 D WM-GreedyScheduler: Ignoring {WorkSpec: 8e0f7079-8069-4cf2-a472-ae0bf46a8120}. Requires device idle.
02-28 12:04:26.269 10967 11019 D WM-GreedyScheduler: Ignoring {WorkSpec: 86807284-61cd-420e-a594-6bc857f445e2}. Requires device idle.
02-28 12:04:26.269 10967 11019 D WM-GreedyScheduler: Ignoring {WorkSpec: a7402235-7993-4e4d-a6da-3364d0f92810}. Requires device idle.
02-28 12:04:26.269 10967 11019 D WM-GreedyScheduler: Starting work for 53eef0f8-42f1-4f11-b882-1ff9e7f78ac7
02-28 12:04:26.269 10967 11019 D WM-GreedyScheduler: Ignoring {WorkSpec: d60079ff-5826-4af2-927a-dccf11e2cff5}. Requires ContentUri triggers.
02-28 12:04:26.275 10967 10967 D WM-SystemJobService: onStartJob for WorkGenerationalId(workSpecId=53eef0f8-42f1-4f11-b882-1ff9e7f78ac7, generation=12210)
02-28 12:04:26.282 10967 11019 D WM-Processor: shb: processing WorkGenerationalId(workSpecId=53eef0f8-42f1-4f11-b882-1ff9e7f78ac7, generation=12210)
02-28 12:04:26.328 11207 11209 I cmd     : oneway function results will be dropped but finished with status OK and parcel size 4
02-28 12:04:26.498 11215 11217 I cmd     : oneway function results will be dropped but finished with status OK and parcel size 4
02-28 12:04:26.576 11219 11221 I cmd     : oneway function results will be dropped but finished with status OK and parcel size 4
02-28 12:04:26.645 10967 11016 D WM-GreedyScheduler: Ignoring {WorkSpec: 40ddd9bb-cc48-44b4-bce5-ef4c45048f79}. Requires ContentUri triggers.
02-28 12:04:26.645 10967 11016 D WM-GreedyScheduler: Ignoring {WorkSpec: 8e0f7079-8069-4cf2-a472-ae0bf46a8120}. Requires device idle.
02-28 12:04:26.646 10967 11016 D WM-GreedyScheduler: Ignoring {WorkSpec: 86807284-61cd-420e-a594-6bc857f445e2}. Requires device idle.
02-28 12:04:26.646 10967 11016 D WM-GreedyScheduler: Ignoring {WorkSpec: a7402235-7993-4e4d-a6da-3364d0f92810}. Requires device idle.
02-28 12:04:26.646 10967 11016 D WM-GreedyScheduler: Ignoring {WorkSpec: d60079ff-5826-4af2-927a-dccf11e2cff5}. Requires ContentUri triggers.
02-28 12:04:26.646 10967 11016 D WM-GreedyScheduler: Starting work for d8c2b4ee-a409-4b5d-963a-ba56725d0ca0
