02-28 12:04:38.556 10967 11018 I Bugle   : BugleStartup: Updating app config...
02-28 12:04:38.576 10967 11018 I Bugle   : BugleStartup: Done with SIM change receiver & app config.
02-28 12:04:38.577 10967 11018 I Bugle   : BugleStartup: Handling shared prefs upgrade & Load MMS Configuration...
02-28 12:04:38.596 10967 11579 D TelephonyRegistryManager: onSubscriptionsChangedListener callback received.
02-28 12:04:38.602 10967 11114 E libprocessgroup: set_timerslack_ns write failed: Operation not permitted
02-28 12:04:38.603 10967 11114 I chatty  : uid=10188(com.google.android.apps.messaging) identical 6 lines
02-28 12:04:38.603 10967 11114 E libprocessgroup: set_timerslack_ns write failed: Operation not permitted
02-28 12:04:38.604 10967 11579 D TelephonyRegistryManager: onSubscriptionsChangedListener callback received.
02-28 12:04:38.605 10967 11114 E libprocessgroup: set_timerslack_ns write failed: Operation not permitted
02-28 12:04:38.606 10967 11114 I chatty  : uid=10188(com.google.android.apps.messaging) identical 6 lines
02-28 12:04:38.606 10967 11114 E libprocessgroup: set_timerslack_ns write failed: Operation not permitted
02-28 12:04:38.607 10967 11133 I BugleRcsEngine: Unexpected action: android.intent.action.SIM_STATE_CHANGED [CONTEXT log_prefix="(Sim)" thread_id=207529 ]
02-28 12:04:38.608 10967 11114 E libprocessgroup: set_timerslack_ns write failed: Operation not permitted
02-28 12:04:38.608 10967 11598 I BugleRcsEngine: do not delay first event [CONTEXT thread_id=207536 ]
02-28 12:04:38.608 10967 11114 E libprocessgroup: set_timerslack_ns write failed: Operation not permitted
02-28 12:04:38.609 10967 11114 I chatty  : uid=10188(com.google.android.apps.messaging) identical 12 lines
02-28 12:04:38.609 10967 11114 E libprocessgroup: set_timerslack_ns write failed: Operation not permitted
02-28 12:04:38.620 10967 11335 D TelephonyRegistryManager: onSubscriptionsChangedListener callback received.
02-28 12:04:38.623 10967 11133 I BugleRcsEngine: Unexpected action: android.intent.action.ACTION_DEFAULT_DATA_SUBSCRIPTION_CHANGED [CONTEXT log_prefix="(Sim)" thread_id=207529 ]
02-28 12:04:38.625 10967 11133 I BugleRcsEngine: Unexpected action: android.intent.action.ACTION_DEFAULT_VOICE_SUBSCRIPTION_CHANGED [CONTEXT log_prefix="(Sim)" thread_id=207529 ]
02-28 12:04:38.627 10967 11114 E libprocessgroup: set_timerslack_ns write failed: Operation not permitted
02-28 12:04:38.630 10967 11114 I chatty  : uid=10188(com.google.android.apps.messaging) identical 14 lines
02-28 12:04:38.630 10967 11114 E libprocessgroup: set_timerslack_ns write failed: Operation not permitted
02-28 12:04:38.632 10967 11117 I Bugle   : BugleStartup: Initializing RCS availability...
02-28 12:04:38.636 10967 11117 I Bugle   : BugleStartup: Done with RCS availability.
02-28 12:04:38.639 10967 11598 I BugleRcsEngine: Processing an intent [CONTEXT log_prefix="(Sim)" thread_id=207536 ]
02-28 12:04:38.641 10967 11598 I BugleRcsEngine: SIM state LOADED [CONTEXT log_prefix="(Sim)" thread_id=207536 ]
02-28 12:04:38.643 10967 11016 I BugleDataModel: ActionExecutorImpl: ACTION_EXECUTE_QUEUED_CountryCodeDetectorAction
02-28 12:04:38.645 10967 11118 I BugleDataModel: ExecuteActionRunnable: running action CountryCodeDetectorAction
02-28 12:04:38.646 10967 11018 I BugleDataModel: Scheduling country code detector action, because a subscription changed its state.
02-28 12:04:38.648 10967 11119 I RcsProvisioningFlow: Received intent action: android.intent.action.SIM_STATE_CHANGED with extra SIM_STATE: ABSENT
02-28 12:04:38.649 10967 11117 I Bugle   : BugleStartup: Done initializing with enabled individual init failures.
02-28 12:04:38.649 10967 11118 I BugleDataModel: ActionExecutorImpl: ACTION_BACKGROUND_QUEUED_CountryCodeDetectorAction
02-28 12:04:38.660 10967 11119 I RcsProvisioningFlow: Sending sim removal verification work request to scheduler due to ABSENT.
02-28 12:04:38.668 10967 11018 I BugleDataModel: Scheduling self participants refresh action, because a subscription changed its state.
02-28 12:04:38.683 10967 11112 I Bugle   : CountryCodeDetector: updateSmsNetworkCountry from default subscription network country. detected country: in
02-28 12:04:38.685 10967 11112 I BugleDataModel: ActionExecutorImpl: ACTION_RESPONSE_QUEUED_CountryCodeDetectorAction
02-28 12:04:38.702 10967 11598 I BugleRcsEngine: SIM changed: false. current id: redacted-pii:sim_id[chars:20,last3:79f]; stored id: redacted-pii:sim_id[chars:20,last3:79f]; isFiDevice: false; subId: 4; slotIndex: 0 [CONTEXT log_prefix="(Sim)" thread_id=207536 ]
02-28 12:04:38.735 10967 11042 W Bugle   : BuglePhoneNumberUtils: canonicalizeMccMnc: invalid mccmnc. mcc: null, mnc: null
02-28 12:04:38.760 10967 11598 I BugleRcsEngine: Skipping writing subId because this is main bugle process. [CONTEXT log_prefix="(Sim)" thread_id=207536 ]
02-28 12:04:38.786 10967 11016 I TableContentChangeObser: Starts to observe table change.
02-28 12:04:38.797 10967 11598 I BugleRcsEngine: Updated SIM info: currentSimId: redacted-pii:sim_id[chars:20,last3:79f]; **************-pii:imsi[chars:15]; raw****************-pii:phone_number[chars:0,last2:]; formatted****************-pii:phone_number[chars:0,last2:]; mccmnc: redacted-pii:sim_operator[chars:5]; gid1: redacted-pii:sim_gid[chars:20]; isFiDevice: false; subId: 4; slotIndex: 0 [CONTEXT log_prefix="(Sim)" thread_id=207536 ]
02-28 12:04:38.810 11606 11609 I cmd     : oneway function results will be dropped but finished with status OK and parcel size 4
02-28 12:04:38.815 10967 11006 D CompatibilityChangeReporter: Compat change id reported: 147600208; UID 10188; state: ENABLED
02-28 12:04:38.825 10967 11598 I BugleRcsEngine: Handling SIM_LOADED in PhoneSimsStateUpdater. [CONTEXT log_prefix="(Sim)" thread_id=207536 ]
02-28 12:04:38.858 10967 11006 I BugleConnectivity: isOnSatellite(4): false [CONTEXT ratelimit_period="1 SECONDS" ]
02-28 12:04:38.859 10967 11006 I BugleConnectivity: 4 is not on satellite and no other subscriptions are on satellite [CONTEXT ratelimit_period="1 SECONDS" ]
02-28 12:04:38.888 14053 10758 I NearbySharing: Network state changed: NetworkState(isRestricted=false, isOnline=true, isCongested=false, isMetered=true, isWifiConnected=true)
02-28 12:04:38.902 10967 11119 I RcsProvisioningFlow: Scheduling 2 using PWQ with updateTrigger: 7, scheduledAt: 2026-02-28T06:34:38.661Z, initialDelaySeconds: 90.
02-28 12:04:38.903 24477 24477 D BoundBrokerSvc: onRebind: Intent { act=com.google.android.gms.notifications.capping.api.NotificationsCappingApiService.START dat=chimera-action: cmp=com.google.android.gms/.chimera.GmsApiService }
02-28 12:04:38.905 10967 11032 I RcsProvisioningFlow: Beginning update task for phone SIMs state scheduledAt: 2026-02-28T06:34:38.625Z
02-28 12:04:38.915 10967 11042 D WM-GreedyScheduler: Ignoring {WorkSpec: 40ddd9bb-cc48-44b4-bce5-ef4c45048f79}. Requires ContentUri triggers.
02-28 12:04:38.916 10967 11042 D WM-GreedyScheduler: Ignoring {WorkSpec: 8e0f7079-8069-4cf2-a472-ae0bf46a8120}. Requires device idle.
02-28 12:04:38.916 10967 11042 D WM-GreedyScheduler: Ignoring {WorkSpec: 86807284-61cd-420e-a594-6bc857f445e2}. Requires device idle.
02-28 12:04:38.916 10967 11042 D WM-GreedyScheduler: Ignoring {WorkSpec: a7402235-7993-4e4d-a6da-3364d0f92810}. Requires device idle.
02-28 12:04:38.916 10967 11042 D WM-GreedyScheduler: Ignoring {WorkSpec: d60079ff-5826-4af2-927a-dccf11e2cff5}. Requires ContentUri triggers.
02-28 12:04:38.924 10967 11032 I RcsProvisioningFlow: Lock acquired for updatng phone SIMs state with update trigger: 1.
02-28 12:04:38.934 10967 11119 I RcsProvisioningFlow: Received intent action: android.telephony.action.DEFAULT_SUBSCRIPTION_CHANGED with extra SIM_STATE: null
02-28 12:04:38.934 24477 24491 I gle.android.gm: CollectorTransition concurrent copying GC freed 130786(5863KB) AllocSpace objects, 2(40KB) LOS objects, 22% free, 27MB/35MB, paused 295us total 1.291s
02-28 12:04:38.936 10967 11119 I RcsProvisioningFlow: Scheduling 3 using PWQ with updateTrigger: 4, scheduledAt: 2026-02-28T06:34:38.935Z, initialDelaySeconds: 0.
02-28 12:04:38.939 10967 11114 I Forking : Starting analysis.
02-28 12:04:38.943 10967 11114 I Misthreading: Starting analysis.
02-28 12:04:38.956 10967 11032 I BugleSimStateTracker: Looking up Fi through package names.
02-28 12:04:38.969 10967 11119 I RcsProvisioningFlow: Received intent action: android.telephony.action.DEFAULT_SMS_SUBSCRIPTION_CHANGED with extra SIM_STATE: null
02-28 12:04:38.972 11702 11776 E FrameEvents: updateAcquireFence: Did not find frame.
02-28 12:04:38.976 10967 11119 I RcsProvisioningFlow: Scheduling 3 using PWQ with updateTrigger: 5, scheduledAt: 2026-02-28T06:34:38.975Z, initialDelaySeconds: 0.
02-28 12:04:38.994 11702 11776 E FrameEvents: updateAcquireFence: Did not find frame.
02-28 12:04:38.995 10967 11143 I Bugle   : BroadcastReceiverAsyncWorkTracker: Acknowledging broadcast of cwmz@a11a406
02-28 12:04:38.997 10967 11032 I BugleSimStateTracker: default call SIM: redacted-pii:sim_id[chars:20,last3:79f], default sms SIM redacted-pii:sim_id[chars:20,last3:79f]. default data SIM redacted-pii:sim_id[chars:20,last3:79f].
02-28 12:04:39.006 24477 24493 W System  : A resource failed to call close. 
02-28 12:04:39.011 10967 11133 I FirebaseApp: Device unlocked: initializing all Firebase APIs for app [DEFAULT]
02-28 12:04:39.012 24477 24493 W System  : A resource failed to call close. 
02-28 12:04:39.018 24477 24493 W System  : A resource failed to call close. 
02-28 12:04:39.025 24477 24493 W System  : A resource failed to call close. 
02-28 12:04:39.031 10967 11600 I BugleNetwork: FirebaseRegistrationStartupTask: Enabling Firebase component
02-28 12:04:39.034 24477 24493 W System  : A resource failed to call close. 
02-28 12:04:39.035 11618 11619 I cmd     : oneway function results will be dropped but finished with status OK and parcel size 4
02-28 12:04:39.037 24477 24493 W System  : A resource failed to call close. 
02-28 12:04:39.047 11702 11776 E FrameEvents: updateAcquireFence: Did not find frame.
02-28 12:04:39.053 10967 11032 I BugleSimStateTracker: Is carrier config for identified carrier: true
02-28 12:04:39.059 11702 11776 E FrameEvents: updateAcquireFence: Did not find frame.
02-28 12:04:39.090 11702 11776 E FrameEvents: updateAcquireFence: Did not find frame.
02-28 12:04:39.109 11702 11776 E FrameEvents: updateAcquireFence: Did not find frame.
02-28 12:04:39.141 11702 11776 E FrameEvents: updateAcquireFence: Did not find frame.
02-28 12:04:39.161 11702 11776 E FrameEvents: updateAcquireFence: Did not find frame.
02-28 12:04:39.173 14053 14053 D BoundBrokerSvc: onRebind: Intent { act=com.google.android.gms.common.telemetry.service.START dat=chimera-action: cmp=com.google.android.gms/.chimera.PersistentApiService }
02-28 12:04:39.177 11702 11776 E FrameEvents: updateAcquireFence: Did not find frame.
02-28 12:04:39.196 11702 11776 E FrameEvents: updateAcquireFence: Did not find frame.
02-28 12:04:39.216 11702 11776 E FrameEvents: updateAcquireFence: Did not find frame.
02-28 12:04:39.218 10967 11016 D WM-GreedyScheduler: Ignoring {WorkSpec: 40ddd9bb-cc48-44b4-bce5-ef4c45048f79}. Requires ContentUri triggers.
02-28 12:04:39.218 10967 11016 D WM-GreedyScheduler: Ignoring {WorkSpec: 8e0f7079-8069-4cf2-a472-ae0bf46a8120}. Requires device idle.
02-28 12:04:39.219 10967 11016 D WM-GreedyScheduler: Ignoring {WorkSpec: 86807284-61cd-420e-a594-6bc857f445e2}. Requires device idle.
02-28 12:04:39.219 10967 11016 D WM-GreedyScheduler: Ignoring {WorkSpec: a7402235-7993-4e4d-a6da-3364d0f92810}. Requires device idle.
02-28 12:04:39.219 10967 11016 D WM-GreedyScheduler: Ignoring {WorkSpec: d60079ff-5826-4af2-927a-dccf11e2cff5}. Requires ContentUri triggers.
02-28 12:04:39.230 10967 11032 I BugleSimStateTracker: Looking up Fi through package names.
02-28 12:04:39.234 11702 11776 E FrameEvents: updateAcquireFence: Did not find frame.
02-28 12:04:39.252 11702 11776 E FrameEvents: updateAcquireFence: Did not find frame.
02-28 12:04:39.270 11702 11776 E FrameEvents: updateAcquireFence: Did not find frame.
02-28 12:04:39.284 10967 10982 I .apps.messagin: Background concurrent copying GC freed 72107(3096KB) AllocSpace objects, 2(40KB) LOS objects, 24% free, 8213KB/10MB, paused 260us total 473.842ms
02-28 12:04:39.309 11702 11776 E FrameEvents: updateAcquireFence: Did not find frame.
02-28 12:04:39.318 10967 11032 I RcsProvisioningFlow: All newly built SimSubscriptionInfos: [(simId: redacted-pii:sim_id[chars:20,last3:79f],
02-28 12:04:39.318 10967 11032 I RcsProvisioningFlow: subId: 4,
02-28 12:04:39.318 10967 11032 I RcsProvisioningFlow: simSlot: 0,
02-28 12:04:39.318 10967 11032 I RcsProvisioningFlow: **************-pii:imsi[chars:15],
02-28 12:04:39.318 10967 11032 I RcsProvisioningFlow: phoneNumber: redacted-pii:phone_number[chars:0,last2:],
02-28 12:04:39.318 10967 11032 I RcsProvisioningFlow: countryCode: IN,
02-28 12:04:39.318 10967 11032 I RcsProvisioningFlow: networkOperatorName: airtel,
02-28 12:04:39.318 10967 11032 I RcsProvisioningFlow: subscriptionGroupUuid: ,
02-28 12:04:39.318 10967 11032 I RcsProvisioningFlow: mcc: 404,
02-28 12:04:39.318 10967 11032 I RcsProvisioningFlow: mnc: 94,
02-28 12:04:39.318 10967 11032 I RcsProvisioningFlow: simCarrierId: 1961,
02-28 12:04:39.318 10967 11032 I RcsProvisioningFlow: iccid: redacted-pii:sim_iccid[chars:19],
02-28 12:04:39.318 10967 11032 I RcsProvisioningFlow: isFi: false,
02-28 12:04:39.318 10967 11032 I RcsProvisioningFlow: loggableGuid: 147d7855-aa8a-42ac-a81a-55c24dbef88f,
02-28 12:04:39.318 10967 11032 I RcsProvisioningFlow: formatted****************-pii:phone_number[chars:0,last2:],
02-28 12:04:39.318 10967 11032 I RcsProvisioningFlow: simOperatorName: airtel,
02-28 12:04:39.318 10967 11032 I RcsProvisioningFlow: simOperator: 40494,
02-28 12:04:39.318 10967 11032 I RcsProvisioningFlow: groupIdLevel1: FFFFFFFFFFFFFFFFFFFF,
02-28 12:04:39.318 10967 11032 I RcsProvisioningFlow: preferredSubscriptionName: SIM1)]
02-28 12:04:39.325 11702 11776 E FrameEvents: updateAcquireFence: Did not find frame.
02-28 12:04:39.331 10967 11119 D WM-GreedyScheduler: Ignoring {WorkSpec: 40ddd9bb-cc48-44b4-bce5-ef4c45048f79}. Requires ContentUri triggers.
02-28 12:04:39.331 10967 11119 D WM-GreedyScheduler: Ignoring {WorkSpec: 8e0f7079-8069-4cf2-a472-ae0bf46a8120}. Requires device idle.
02-28 12:04:39.332 10967 11119 D WM-GreedyScheduler: Ignoring {WorkSpec: 86807284-61cd-420e-a594-6bc857f445e2}. Requires device idle.
02-28 12:04:39.332 10967 11119 D WM-GreedyScheduler: Ignoring {WorkSpec: a7402235-7993-4e4d-a6da-3364d0f92810}. Requires device idle.
02-28 12:04:39.332 10967 11119 D WM-GreedyScheduler: Ignoring {WorkSpec: d60079ff-5826-4af2-927a-dccf11e2cff5}. Requires ContentUri triggers.
02-28 12:04:39.350 10967 11042 I RcsProvisioningFlow: Storing updated SimSubscriptionInfo list: [(redacted-pii:sim_id[chars:20,last3:79f], 147d7855-aa8a-42ac-a81a-55c24dbef88f)]
02-28 12:04:39.362 10967 11016 I RcsProvisioningFlow: Handling SIM loaded event for all SIMs on first update: [(redacted-pii[20-chars], 147d7855-aa8a-42ac-a81a-55c24dbef88f)]
02-28 12:04:39.385 11702 11732 I example.payana: Background young concurrent copying GC freed 87827(3290KB) AllocSpace objects, 209(7084KB) LOS objects, 21% free, 28MB/36MB, paused 225us total 138.901ms
02-28 12:04:39.388 11702 11776 E FrameEvents: updateAcquireFence: Did not find frame.
02-28 12:04:39.407 10967 11639 I Bugle   : RcsAvailabilityUtilForProvisioningEngineV2: updateAvailabilityForAllSimsAsync, hint: NO_HINT
02-28 12:04:39.408 10967 11016 I Bugle   : Phone number for self is invalid! With country=IN and number=redacted-pii[0-chars] [CONTEXT sub_id=4 ]
02-28 12:04:39.408 10967 11639 I BugleRcsProvisioning: updateAvailabilityForAllSimsAsync: scheduling updateAvailabilityForRcsProvisioningId call. Hint: NO_HINT, enableWelcomePopupWithoutGoogleTos: false, reshowSuccessPopup: false
02-28 12:04:39.417 10967 11600 I BugleRcsProvisioning: updateRcsAvailabilityForMultipleSims: hint: NO_HINT, canReshowWelcomeMessage: false
02-28 12:04:39.419 11702 11776 E FrameEvents: updateAcquireFence: Did not find frame.
02-28 12:04:39.425 10967 11600 I RcsAvailabilityCache: Cached availability not found for simId: redacted-pii:sim_id[chars:20,last3:79f]
02-28 12:04:39.441 10967 11032 I MobileConfigurationApi: registerParameters successfully stored 5 parameters
02-28 12:04:39.457 10967 11016 I BugleDataModel: SubscriptionsTracker#refreshSelfParticipantList([4])
02-28 12:04:39.463 10967 11032 I SyncScheduler: scheduling sync for 0 seconds later, policy = KEEP
02-28 12:04:39.472 10967 11114 I RcsProvisioningFlow: Clearing provisioning flow state for redacted-pii:sim_id[chars:117,last3:ION]
02-28 12:04:39.476 10967 11032 I BugleSystemBindingManag: BugleSystemBindingManager: onBuglePhenotypeFlagChanged
02-28 12:04:39.481 10967 11032 I BugleTransport: Not kicking off update transport registration because RCS provisioning change has not been received.
02-28 12:04:39.483 10967 11133 I BugleRcsEngine: SystemBinding enabled: true [CONTEXT log_prefix="SystemBindingManager" thread_id=207529 ]
02-28 12:04:39.485 10967 11019 I BugleRcsEngine: getConfigServerUrl without simId [CONTEXT log_prefix="ProvisioningServerUtil" thread_id=207508 ]
02-28 12:04:39.488 10967 11042 I BugleRcsEngine: getConfigServerUrl without simId [CONTEXT log_prefix="ProvisioningServerUtil" thread_id=207514 ]
02-28 12:04:39.491 10967 11119 D WM-GreedyScheduler: Ignoring {WorkSpec: 40ddd9bb-cc48-44b4-bce5-ef4c45048f79}. Requires ContentUri triggers.
02-28 12:04:39.491 10967 11119 D WM-GreedyScheduler: Ignoring {WorkSpec: 8e0f7079-8069-4cf2-a472-ae0bf46a8120}. Requires device idle.
02-28 12:04:39.491 10967 11119 D WM-GreedyScheduler: Ignoring {WorkSpec: 86807284-61cd-420e-a594-6bc857f445e2}. Requires device idle.
02-28 12:04:39.491 10967 11119 D WM-GreedyScheduler: Ignoring {WorkSpec: a7402235-7993-4e4d-a6da-3364d0f92810}. Requires device idle.
02-28 12:04:39.491 10967 11119 D WM-GreedyScheduler: Ignoring {WorkSpec: d60079ff-5826-4af2-927a-dccf11e2cff5}. Requires ContentUri triggers.
02-28 12:04:39.492 10967 11019 I BugleRcsEngine: Using config server URL from dpjr [CONTEXT log_prefix="ProvisioningServerUtil" thread_id=207508 ]
02-28 12:04:39.496 10967 11133 I BugleRcsEngine: System Binding updated [CONTEXT thread_id=207529 ]
02-28 12:04:39.496 10967 11132 I RcsProvisioningFlow: Clearing provisioning flow state for redacted-pii:sim_id[chars:60,last3:AGS]
02-28 12:04:39.500 10967 11639 I RcsProvisioningFlow: Clearing provisioning flow state for redacted-pii:sim_id[chars:60,last3:AGS]
02-28 12:04:39.506 10967 11042 I BugleRcsEngine: Using config server URL from dpjr [CONTEXT log_prefix="ProvisioningServerUtil" thread_id=207514 ]
02-28 12:04:39.510 10967 11639 I RcsProvisioningFlow: Clearing provisioning flow state for redacted-pii:sim_id[chars:55,last3:AGS]
02-28 12:04:39.514 10967 11600 I Bugle   : Has Samsung system feature: false
02-28 12:04:39.515 10967 11115 I RcsProvisioningFlow: Clearing provisioning flow state for redacted-pii:sim_id[chars:73,last3:AGS]
02-28 12:04:39.519 11702 11776 E FrameEvents: updateAcquireFence: Did not find frame.
02-28 12:04:39.536 11702 11776 E FrameEvents: updateAcquireFence: Did not find frame.
02-28 12:04:39.544 10967 11016 I BugleSelfIdentity: empty phone number from override [CONTEXT sub_id=4 ]
02-28 12:04:39.581 10967 11600 I BugleRcsEngine: [SR]: Single Registration is disabled. Skipping Single Registration capability check for subId: 4 [CONTEXT thread_id=207537 ]
02-28 12:04:39.598 10967 11016 I BugleSelfIdentity: empty phone number from override [CONTEXT sub_id=4 ]
02-28 12:04:39.604 11702 11776 E FrameEvents: updateAcquireFence: Did not find frame.
02-28 12:04:39.611 10967 11600 I BugleRcsProvisioning: RcsAvailability configuration availability and enabled status: simId: redacted-pii:sim_id[chars:20,last3:79f], SipConnectionType: DUAL_REG, isConfigurationAvailableAndEnabled: true
02-28 12:04:39.613 10967 11600 I BugleRcsProvisioning: Checking isConfigServerUrlAvailable with simId: redacted-pii:sim_id[chars:20,last3:79f], 
02-28 12:04:39.615 10967 11600 I BugleRcsEngine: getConfigServerUrl with simId: redacted-pii:sim_id[chars:20,last3:79f] [CONTEXT log_prefix="ProvisioningServerUtil" thread_id=207537 ]
02-28 12:04:39.618 10967 11600 I BugleRcsEngine: Using config server URL from cmrc [CONTEXT log_prefix="ProvisioningServerUtil" thread_id=207537 ]
02-28 12:04:39.619 11702 11776 E FrameEvents: updateAcquireFence: Did not find frame.
02-28 12:04:39.621 11702 11351 W ProxyAndroidLoggerBackend: Too many Flogger logs received before configuration. Dropping old logs.
02-28 12:04:39.622 11702 11351 W ProxyAndroidLoggerBackend: Too many Flogger logs received before configuration. Dropping old logs.
02-28 12:04:39.635 10967 11600 I BugleRcsProvisioning: RcsAvailability: Subscription Id: 4, simId: redacted-pii:sim_id[chars:20,last3:79f], sipConnectionType: DUAL_REG, isRcsAvailable: true
02-28 12:04:39.637 10967 11600 I BugleRcsProvisioning: updateAvailabilityForRcsProvisioningId. SimId: redacted-pii:sim_id[chars:20,last3:79f], currentAvailability: 1, newAvailability: 7, hint: NO_HINT
02-28 12:04:39.640 10967 11600 I RcsProvisioningManager: Receive onRcsAvailabilityUpdate, SIM = redacted-pii:sim_id[chars:20,last3:79f], availability = RcsAvailability{mAvailability=AVAILABLE (RCS is setup)}
02-28 12:04:39.646 11702 11776 E FrameEvents: updateAcquireFence: Did not find frame.
02-28 12:04:39.648 10967 11600 I RcsProvisioningManager: Configuration is empty: false for simId: redacted-pii:sim_id[chars:35,last3:9f)]
02-28 12:04:39.651 10967 10987 D CompatibilityChangeReporter: Compat change id reported: 150939131; UID 10188; state: ENABLED
02-28 12:04:39.655 10967 11021 I Bugle   : RcsAvailabilityUtilForProvisioningEngineV2: onCsLibPhenotypeUpdated
02-28 12:04:39.659 10967 11133 I BugleRcsEngine: SystemBinding enabled: true [CONTEXT log_prefix="SystemBindingManager" thread_id=207529 ]
02-28 12:04:39.661 10967 11133 I BugleRcsEngine: System Binding updated [CONTEXT thread_id=207529 ]
02-28 12:04:39.676 11702 11776 E FrameEvents: updateAcquireFence: Did not find frame.
02-28 12:04:39.689 11702 11480 W ProxyAndroidLoggerBackend: Too many Flogger logs received before configuration. Dropping old logs.
02-28 12:04:39.690 11702 11480 W ProxyAndroidLoggerBackend: Too many Flogger logs received before configuration. Dropping old logs.
02-28 12:04:39.693 11702 11776 E FrameEvents: updateAcquireFence: Did not find frame.
02-28 12:04:39.703 10967 11119 I BugleRcsEngine: getConfigServerUrl without simId [CONTEXT log_prefix="ProvisioningServerUtil" thread_id=207525 ]
02-28 12:04:39.703 10967 11600 I Bugle   : CountryCodeDetector: updateSmsNetworkCountry from default subscription network country. detected country: in
02-28 12:04:39.711 10967 11118 I BugleRcsEngine: getConfigServerUrl without simId [CONTEXT log_prefix="ProvisioningServerUtil" thread_id=207523 ]
02-28 12:04:39.713 10967 11119 I BugleRcsEngine: Using config server URL from dpjr [CONTEXT log_prefix="ProvisioningServerUtil" thread_id=207525 ]
02-28 12:04:39.715 10967 11018 I RcsProvisioningIdMap: getAvailableProvisioningIds: accessing uninitialized provisioning identities. [CONTEXT ratelimit_period="1 MINUTES" ]
02-28 12:04:39.715 10967 11018 I RcsProvisioningIdMap: exal: FULL
02-28 12:04:39.715 10967 11018 I RcsProvisioningIdMap: 	at dqox.x(PG:60)
02-28 12:04:39.715 10967 11018 I RcsProvisioningIdMap: 	at dqwx.p(PG:15)
02-28 12:04:39.715 10967 11018 I RcsProvisioningIdMap: 	at ctkb.p(PG:3)
02-28 12:04:39.715 10967 11018 I RcsProvisioningIdMap: 	at czbn.a(PG:30)
02-28 12:04:39.715 10967 11018 I RcsProvisioningIdMap: 	at czbm.a(PG:25)
02-28 12:04:39.715 10967 11018 I RcsProvisioningIdMap: 	at czbb.e(PG:17)
02-28 12:04:39.715 10967 11018 I RcsProvisioningIdMap: 	at cdtn.g(PG:21)
02-28 12:04:39.715 10967 11018 I RcsProvisioningIdMap: 	at cdtm.run(PG:33)
02-28 12:04:39.715 10967 11018 I RcsProvisioningIdMap: 	at eutf.run(PG:25)
02-28 12:04:39.715 10967 11018 I RcsProvisioningIdMap: 	at java.util.concurrent.Executors$RunnableAdapter.call(Executors.java:462)
02-28 12:04:39.715 10967 11018 I RcsProvisioningIdMap: 	at fbla.a(PG:3)
02-28 12:04:39.715 10967 11018 I RcsProvisioningIdMap: 	at fbjx.run(PG:19)
02-28 12:04:39.715 10967 11018 I RcsProvisioningIdMap: 	at fblb.run(PG:5)
02-28 12:04:39.715 10967 11018 I RcsProvisioningIdMap: 	at ebqq.run(PG:7)
02-28 12:04:39.715 10967 11018 I RcsProvisioningIdMap: 	at java.util.concurrent.ThreadPoolExecutor.runWorker(ThreadPoolExecutor.java:1167)
02-28 12:04:39.715 10967 11018 I RcsProvisioningIdMap: 	at java.util.concurrent.ThreadPoolExecutor$Worker.run(ThreadPoolExecutor.java:641)
02-28 12:04:39.715 10967 11018 I RcsProvisioningIdMap: 	at ebpu.run(PG:13)
02-28 12:04:39.715 10967 11018 I RcsProvisioningIdMap: 	at java.lang.Thread.run(Thread.java:923)
02-28 12:04:39.715 10967 11018 I RcsProvisioningIdMap: 	at ebrn.run(PG:61)
02-28 12:04:39.718 10967 11018 I RcsProvisioningManager: Calculating availability
02-28 12:04:39.719 10967 11018 I RcsProvisioningManager: Computing availability for all sims.
02-28 12:04:39.721 10967 11018 I RcsProvisioningManager: qualifiedProvisioningEngineAdapter is present: true
02-28 12:04:39.723 11702 11776 E FrameEvents: updateAcquireFence: Did not find frame.
02-28 12:04:39.723 10967 11018 I RcsProvisioningManager: getAvailabilityForRcsProvisioningIdSync: RcsAvailability{mAvailability=AVAILABLE (RCS is setup)}
02-28 12:04:39.725 10967 11018 I RcsProvisioningManager: Receive onRcsAvailabilityUpdate, SIM = redacted-pii:sim_id[chars:20,last3:79f], availability = RcsAvailability{mAvailability=AVAILABLE (RCS is setup)}
02-28 12:04:39.736 10967 11118 I BugleRcsEngine: Using config server URL from dpjr [CONTEXT log_prefix="ProvisioningServerUtil" thread_id=207523 ]
02-28 12:04:39.739 10967 11018 I RcsProvisioningManager: Configuration is empty: false for simId: redacted-pii:sim_id[chars:35,last3:9f)]
02-28 12:04:39.745 11702 11776 E FrameEvents: updateAcquireFence: Did not find frame.
02-28 12:04:39.773 10967 11042 I RcsProvisioningManager: AvailabilityObserver.onUpdate : Notify RcsAvailabilityListener czbb@d01680d onRcsAvailabilityUpdate, SIM = redacted-pii:sim_id[chars:20,last3:79f], availability = 7
02-28 12:04:39.777 10967 11639 I RcsProvisioningFlow: EVENT_TYPE_PROVISIONING_SUCCEEDED logging skipped for redacted-pii:sim_id[chars:20,last3:79f] because of NOT_ELIGIBLE_PREVIOUS_EVENT_NOT_LOGGED
02-28 12:04:39.787 11702 11776 E FrameEvents: updateAcquireFence: Did not find frame.
02-28 12:04:39.794 10967 11117 I BugleTransport: Retrieved RCS available simIds: [redacted-pii[20-chars]]
02-28 12:04:39.795 10967 11018 I BugleTransport: Retrieved RCS available simIds: [redacted-pii[20-chars]]
02-28 12:04:39.798 10967 11118 I RcsProvisioningManager: CommonRcsProvisioningChangeListenerHandler.notifyListener : Notify RcsProvisioningChangeListener dkqe@b48d5aa onRcsProvisioningChange, SIM = redacted-pii:sim_id[chars:35,last3:9f)], available rcs provisioning ids  = redacted-pii:sim_id[chars:20,last3:79f]
02-28 12:04:39.801 10967 11119 I RcsProvisioningManager: AvailabilityObserver.onUpdate : Notify RcsAvailabilityListener ctlf@5edd07f onRcsAvailabilityUpdate, SIM = redacted-pii:sim_id[chars:20,last3:79f], availability = 7
02-28 12:04:39.801 10967 11112 I RcsProvisioningManager: AvailabilityObserver.onUpdate : Notify RcsAvailabilityListener ctlf@5edd07f onRcsAvailabilityUpdate, SIM = redacted-pii:sim_id[chars:20,last3:79f], availability = 7
02-28 12:04:39.804 10967 11641 I RcsProvisioningManager: CommonRcsProvisioningChangeListenerHandler.notifyListener : Notify RcsProvisioningChangeListener dkqe@b48d5aa onRcsProvisioningChange, SIM = redacted-pii:sim_id[chars:35,last3:9f)], available rcs provisioning ids  = redacted-pii:sim_id[chars:20,last3:79f]
02-28 12:04:39.807 10967 11113 I RcsProvisioningFlow: EVENT_TYPE_PROVISIONING_SUCCEEDED logging skipped for redacted-pii:sim_id[chars:20,last3:79f] because of NOT_ELIGIBLE_PREVIOUS_EVENT_NOT_LOGGED
02-28 12:04:39.810 11702 11776 E FrameEvents: updateAcquireFence: Did not find frame.
02-28 12:04:39.813 10967 11117 I BugleTransport: Enabled chat transport for SIM = redacted-pii[20-chars] is TACHYGRAM
02-28 12:04:39.813 10967 11645 I RcsClientLib: Service is deprecated skipping connection attempt: EventService
02-28 12:04:39.814 10967 11642 I RcsProvisioningManager: AvailabilityObserver.onUpdate : Notify RcsAvailabilityListener czbb@d01680d onRcsAvailabilityUpdate, SIM = redacted-pii:sim_id[chars:20,last3:79f], availability = 7
02-28 12:04:39.818 10967 11645 I RcsClientLib: Service is deprecated skipping connection attempt: ContactsService
02-28 12:04:39.825 11702 11776 E FrameEvents: updateAcquireFence: Did not find frame.
02-28 12:04:39.830 10967 11645 I RcsClientLib: Service is deprecated skipping connection attempt: FileTransferService
02-28 12:04:39.835 10967 11645 I RcsClientLib: Service is deprecated skipping connection attempt: LocationSharingService
02-28 12:04:39.842 10967 11645 I RcsClientLib: Service is deprecated skipping connection attempt: ImsConnectionTrackerService
02-28 12:04:39.844 10967 11645 I RcsClientLib: Service is deprecated skipping connection attempt: RcsProfileService
02-28 12:04:39.851 10967 11645 I RcsClientLib: Service is deprecated skipping connection attempt: RcsMessagingService
02-28 12:04:39.854 10967 11645 I BugleRcs: connecting to 7 Rcs Services
02-28 12:04:39.858 10967 11016 I BugleSelfIdentity: empty phone number from override [CONTEXT sub_id=4 ]
02-28 12:04:39.858 10967 11018 I BugleTransport: Enabled chat transport for SIM = redacted-pii[20-chars] is TACHYGRAM
02-28 12:04:39.861 10967 11018 I BugleE2eeEtouffee: EtouffeeStateMachine: Ensuring state machine consistency
02-28 12:04:39.864 10967 11645 I BugleTransport: Deregister all SIMs except for SIMs with subIds: [] from chat transport: SINGLE_REGISTRATION.
02-28 12:04:39.866 10967 11642 I BugleTransport: Deregister all SIMs except for SIMs with subIds: [] from chat transport: DUAL_REGISTRATION.
02-28 12:04:39.869 10967 11645 I RcsClientLib: Service is deprecated skipping connection attempt: RcsEngineLifecycleServiceV2
02-28 12:04:39.870 10967 11600 I BugleTransport: Deregister all SIMs except for SIMs with subIds: [4] from chat transport: TACHYGRAM.
02-28 12:04:39.872 10967 11115 I BugleRcsJibe: RcsServiceConnectionException was raised while waiting to connect to RcsEngineLifecycleServiceV2
02-28 12:04:39.886 11702 11776 E FrameEvents: updateAcquireFence: Did not find frame.
02-28 12:04:39.906 11702 11776 E FrameEvents: updateAcquireFence: Did not find frame.
02-28 12:04:39.907 10967 11645 I BugleTransport: Register SIM with subId: 4 on chat transport: TACHYGRAM.
02-28 12:04:39.910 10967 11016 I BugleSelfIdentity: empty phone number from override [CONTEXT sub_id=4 ]
02-28 12:04:39.922 11702 11776 E FrameEvents: updateAcquireFence: Did not find frame.
02-28 12:04:39.925 10967 11114 I BugleE2eeEtouffee: EtouffeeStateMachine: onRegistrationUpdate from Tachyon, previousState: REGISTERED_WITH_PREKEYS, newState: REGISTERED_WITH_PREKEYS, reason: STARTUP_ENSURE_CONSISTENCY
02-28 12:04:39.926 10967 11645 I BugleTransport: Retrieved RCS available simIds: [redacted-pii[20-chars]]
02-28 12:04:39.928 11702 11509 W ProxyAndroidLoggerBackend: Too many Flogger logs received before configuration. Dropping old logs.
02-28 12:04:39.928 11702 11509 W ProxyAndroidLoggerBackend: Too many Flogger logs received before configuration. Dropping old logs.
02-28 12:04:39.930 10967 11645 I BugleTransport: Enabled chat transport for SIM = redacted-pii[20-chars] is TACHYGRAM
02-28 12:04:39.932 10967 11600 I BugleTransport: Deregister all SIMs except for SIMs with subIds: [4] from chat transport: TACHYGRAM.
02-28 12:04:39.934 11702 11776 E FrameEvents: updateAcquireFence: Did not find frame.
02-28 12:04:39.935 10967 11117 I BugleTransport: Deregister all SIMs except for SIMs with subIds: [] from chat transport: SINGLE_REGISTRATION.
02-28 12:04:39.935 10967 11600 I BugleTransport: Deregister all SIMs except for SIMs with subIds: [] from chat transport: DUAL_REGISTRATION.
02-28 12:04:39.937 10967 11117 I RcsClientLib: Service is deprecated skipping connection attempt: RcsEngineLifecycleServiceV2
02-28 12:04:39.939 10967 11143 I BugleRcsJibe: RcsServiceConnectionException was raised while waiting to connect to RcsEngineLifecycleServiceV2
02-28 12:04:39.942 10967 11600 I BugleTransport: Register SIM with subId: 4 on chat transport: TACHYGRAM.
02-28 12:04:39.942 10967 11642 I BugleE2eeEtouffee: EtouffeeStateMachine: E2EE provisioning state update, Previous Etouffee status: PROVISIONED, New Etouffee status: PROVISIONED
02-28 12:04:39.947 11702 11351 W ProxyAndroidLoggerBackend: Too many Flogger logs received before configuration. Dropping old logs.
02-28 12:04:39.948 11702 11351 W ProxyAndroidLoggerBackend: Too many Flogger logs received before configuration. Dropping old logs.
02-28 12:04:39.952 11702 11776 E FrameEvents: updateAcquireFence: Did not find frame.
02-28 12:04:39.971 11702 11776 E FrameEvents: updateAcquireFence: Did not find frame.
02-28 12:04:39.973 11702 11480 W ProxyAndroidLoggerBackend: Too many Flogger logs received before configuration. Dropping old logs.
02-28 12:04:39.974 11702 11480 W ProxyAndroidLoggerBackend: Too many Flogger logs received before configuration. Dropping old logs.
02-28 12:04:40.006 10967 11016 I BugleDataModel: SubscriptionsTracker bindToTrackingMap bound participants: [ParticipantId=1 subId=-1, ParticipantId=2 subId=1, ParticipantId=4 subId=2, ParticipantId=29 subId=3, ParticipantId=326 subId=4, ParticipantId=347 subId=2147483643]
02-28 12:04:40.009 10967 11016 I BugleDataModel: set orderedRowIdAndTokenPairs: [rowId=326 subId= 4 token=9a155185-57e3-41c0-80da-904738ad34bc, rowId=1 subId= -1 token=26890020-851f-4caf-aabb-f6ece08ba7ba, rowId=347 subId= 2147483643 token=ef5044ed-5fab-4698-9a34-2a5f2055f3e8, rowId=29 subId= 3 token=2f6c9c59-d224-4218-8154-445df9997360, rowId=4 subId= 2 token=9a155185-57e3-41c0-80da-904738ad34bc, rowId=2 subId= 1 token=e33f4660-d8c7-468a-8142-0431abac713e]
02-28 12:04:40.040 11702 11776 E FrameEvents: updateAcquireFence: Did not find frame.
02-28 12:04:40.053 11702 11776 E FrameEvents: updateAcquireFence: Did not find frame.
02-28 12:04:40.086 24477 24477 D BoundBrokerSvc: onBind: Intent { act=com.google.android.mobstore.service.START pkg=com.google.android.gms }
02-28 12:04:40.086 24477 24477 D BoundBrokerSvc: Loading bound service for intent: Intent { act=com.google.android.mobstore.service.START pkg=com.google.android.gms }
02-28 12:04:40.086 10967 11645 I native  : I0000 00:00:1772260480.086572   11645 db_store.cc:105] Loading an existing database with version 16
02-28 12:04:40.086 10967 11645 I native  : I0000 00:00:1772260480.086941   11645 db_store.cc:517] Checking presence of tables, run_sqlite_master_schema_validation=true, run_per_table_schema_validation=true
02-28 12:04:40.093 11702 11509 W ProxyAndroidLoggerBackend: Too many Flogger logs received before configuration. Dropping old logs.
02-28 12:04:40.104 11702 11776 E FrameEvents: updateAcquireFence: Did not find frame.
02-28 12:04:40.128 11702 11776 E FrameEvents: updateAcquireFence: Did not find frame.
02-28 12:04:40.141 11702 11776 E FrameEvents: updateAcquireFence: Did not find frame.
02-28 12:04:40.171 11702 11776 E FrameEvents: updateAcquireFence: Did not find frame.
02-28 12:04:40.185 10967 11113 I BugleDataModel: 4 not running because already up to date, upgradeCommand: EXECUTE_UPGRADE, version: 1
02-28 12:04:40.188 11702 11776 E FrameEvents: updateAcquireFence: Did not find frame.
02-28 12:04:40.193 11702 11351 W ProxyAndroidLoggerBackend: Too many Flogger logs received before configuration. Dropping old logs.
02-28 12:04:40.196 10967 11132 I BugleDataModel: 3 not running because already up to date, upgradeCommand: EXECUTE_UPGRADE, version: 2
02-28 12:04:40.203 10967 11113 I BugleDataModel: 2 not running because already up to date, upgradeCommand: EXECUTE_UPGRADE, version: 4
02-28 12:04:40.224 11702 11776 E FrameEvents: updateAcquireFence: Did not find frame.
02-28 12:04:40.270 11702 11480 W ProxyAndroidLoggerBackend: Too many Flogger logs received before configuration. Dropping old logs.
02-28 12:04:40.272 11702 11776 E FrameEvents: updateAcquireFence: Did not find frame.
02-28 12:04:40.320 11702 11776 E FrameEvents: updateAcquireFence: Did not find frame.
02-28 12:04:40.326 10967 11018 I BugleMDD: MddBackgroundStartupTask: Scheduled MDD periodic tasks.
02-28 12:04:40.340 11702 11776 E FrameEvents: updateAcquireFence: Did not find frame.
02-28 12:04:40.398 14053 14053 D WearableService: Creating wearable service asynchronously.
02-28 12:04:40.406 11702 11776 E FrameEvents: updateAcquireFence: Did not find frame.
02-28 12:04:40.420 11702 11776 E FrameEvents: updateAcquireFence: Did not find frame.
02-28 12:04:40.460 14053 14961 W Settings: Setting airplane_mode_on has moved from android.provider.Settings.System to android.provider.Settings.Global, returning read-only value.
02-28 12:04:40.489 14053 10093 D WifiScanner: Fullbandsize settings: 7
02-28 12:04:40.496 14053 14070 D WearableService: onGetService: waiting for onCreate to be completed.
02-28 12:04:40.508 14053 14567 I Wear_Controller: Wearable module requires a companion app to be installed.
02-28 12:04:40.508 14053 14567 I WearableService: onCreate: Wearable Services not starting. Wear is not available on this device.
02-28 12:04:40.511 14053 14070 W WearableService: onGetService: Wear is not available on this device.
02-28 12:04:40.518 10967 11642 I BugleE2eeEtouffee: PendingFtdMessageProcessor: Removed old pending messages. count: 0
02-28 12:04:40.522 10967 11113 I BugleE2eeEtouffee: EtouffeeStateMachine: Deleting old data if any.
02-28 12:04:40.534 10967 11645 I native  : I0000 00:00:1772260480.534174   11645 db_store.cc:428] Database schema, prefix=scytale_05b4b0f33196bb03059d160b62fe3f4593c873168bc5548bd4780f4a1466405f38_
02-28 12:04:40.557 10967 11645 I native  : I0000 00:00:1772260480.557328   11645 db_store.cc:449] Database schema=CREATE TABLE scytale_05b4b0f33196bb03059d160b62fe3f4593c873168bc5548bd4780f4a1466405f38_db_configuration(single_row INTEGER NOT NULL DEFAULT 1,schema_version INTEGER NOT NULL,PRIMARY KEY(single_row) CHECK(single_row = 1))
02-28 12:04:40.561 10967 11645 I native  : I0000 00:00:1772260480.561194   11645 db_store.cc:449] Database schema=CREATE TABLE scytale_05b4b0f33196bb03059d160b62fe3f4593c873168bc5548bd4780f4a1466405f38_identity_keys(device_id TEXT NOT NULL,identity_key BLOB NOT NULL,revision_timestamp_millis LONG NOT NULL DEFAULT(0),PRIMARY KEY(device_id) )
02-28 12:04:40.561 10967 11645 I native  : I0000 00:00:1772260480.561553   11645 db_store.cc:449] Database schema=CREATE TABLE scytale_05b4b0f33196bb03059d160b62fe3f4593c873168bc5548bd4780f4a1466405f38_message_otks(message_id TEXT NOT NULL,device_id TEXT NOT NULL,otk BLOB NOT NULL,insert_timestamp_millis LONG NOT NULL DEFAULT(0),PRIMARY KEY(message_id, device_id) )
02-28 12:04:40.561 10967 11645 I native  : I0000 00:00:1772260480.561782   11645 db_store.cc:449] Database schema=CREATE TABLE scytale_05b4b0f33196bb03059d160b62fe3f4593c873168bc5548bd4780f4a1466405f38_prekeys(key_id INTEGER NOT NULL,key_type INTEGER NOT NULL DEFAULT(0),prekey BLOB ,timestamp_millis LONG ,PRIMARY KEY(key_id) )
02-28 12:04:40.561 10967 11645 I native  : I0000 00:00:1772260480.561958   11645 db_store.cc:449] Database schema=CREATE TABLE scytale_05b4b0f33196bb03059d160b62fe3f4593c873168bc5548bd4780f4a1466405f38_received_message_state(message_id TEXT NOT NULL,message_state INTEGER NOT NULL DEFAULT(0),insert_timestamp_millis LONG NOT NULL DEFAULT(0),PRIMARY KEY(message_id) )
02-28 12:04:40.562 10967 11645 I native  : I0000 00:00:1772260480.562341   11645 db_store.cc:449] Database schema=CREATE TABLE scytale_05b4b0f33196bb03059d160b62fe3f4593c873168bc5548bd4780f4a1466405f38_sent_message_digests(message_id TEXT NOT NULL,device_id TEXT NOT NULL,message_digest BLOB NOT NULL,insert_timestamp_millis LONG NOT NULL DEFAULT(0),PRIMARY KEY(message_id, device_id) )
02-28 12:04:40.562 10967 11645 I native  : I0000 00:00:1772260480.562740   11645 db_store.cc:449] Database schema=CREATE TABLE scytale_05b4b0f33196bb03059d160b62fe3f4593c873168bc5548bd4780f4a1466405f38_sessions(device_id TEXT NOT NULL DEFAULT(0),session BLOB ,PRIMARY KEY(device_id) )
02-28 12:04:40.565 10967 11645 I BugleE2eeEtouffee: CryptoV2Provider: Base crypto created
02-28 12:04:40.569 10967 11032 I BugleSatellite: Processing Phenotype flag changes.
02-28 12:04:40.576 10967 11645 I BugleSatellite: Reporting to Telephony: SMS supported = true
02-28 12:04:40.596 10967 11642 D ProfileInstaller: Skipping profile installation for com.google.android.apps.messaging
02-28 12:04:40.597 10967 11113 I BugleE2eeEtouffee: Removed OTK count: 0
02-28 12:04:40.602 10967 11642 I RcsProvisioningTriggerI: RcsProvisioningTrigger: Schedule provisioning on app startup
02-28 12:04:40.603 10967 11642 I RcsProvisioningTriggerI: RcsProvisioningTrigger: updateAvailabilityForAllSimsAsync : hint = NO_HINT logTriggerEvent = false
02-28 12:04:40.604 10967 11642 I Bugle   : RcsAvailabilityUtilForProvisioningEngineV2: updateAvailabilityForAllSimsAsync, hint: NO_HINT
02-28 12:04:40.606 10967 11642 I BugleRcsProvisioning: updateAvailabilityForAllSimsAsync: scheduling updateAvailabilityForRcsProvisioningId call. Hint: NO_HINT, enableWelcomePopupWithoutGoogleTos: false, reshowSuccessPopup: false
02-28 12:04:40.608 10967 11645 I BugleRcsProvisioning: updateRcsAvailabilityForMultipleSims: hint: NO_HINT, canReshowWelcomeMessage: false
02-28 12:04:40.616 10967 11117 D WM-GreedyScheduler: Ignoring {WorkSpec: 40ddd9bb-cc48-44b4-bce5-ef4c45048f79}. Requires ContentUri triggers.
02-28 12:04:40.618 10967 11032 I BugleNetwork: Startup: registering tachyon.
02-28 12:04:40.619 10967 11117 D WM-GreedyScheduler: Ignoring {WorkSpec: 8e0f7079-8069-4cf2-a472-ae0bf46a8120}. Requires device idle.
02-28 12:04:40.619 10967 11117 D WM-GreedyScheduler: Ignoring {WorkSpec: 86807284-61cd-420e-a594-6bc857f445e2}. Requires device idle.
02-28 12:04:40.619 10967 11117 D WM-GreedyScheduler: Ignoring {WorkSpec: a7402235-7993-4e4d-a6da-3364d0f92810}. Requires device idle.
02-28 12:04:40.619 10967 11117 D WM-GreedyScheduler: Ignoring {WorkSpec: d60079ff-5826-4af2-927a-dccf11e2cff5}. Requires ContentUri triggers.
02-28 12:04:40.619 10967 11117 D WM-GreedyScheduler: Starting work for 9ad9eb1b-8c51-4c10-ab8a-6ca4dd0e08a7
02-28 12:04:40.622 14053 10093 I FrewleTileCacheManagerV: (REDACTED) Fetched %d AP models from cache
02-28 12:04:40.637 11702 11776 E FrameEvents: updateAcquireFence: Did not find frame.
02-28 12:04:40.643 10967 11645 I BugleRcsEngine: [SR]: Single Registration is disabled. Skipping Single Registration capability check for subId: 4 [CONTEXT thread_id=207557 ]
02-28 12:04:40.646 10967 11032 I BugleNetwork: Startup: registering tachyon for phone.
02-28 12:04:40.654 10967 11134 I BugleNetwork: TachyonPhoneRegistration: Ensuring Tachyon phone registration
02-28 12:04:40.655 10967 11645 I BugleRcsProvisioning: RcsAvailability configuration availability and enabled status: simId: redacted-pii:sim_id[chars:20,last3:79f], SipConnectionType: DUAL_REG, isConfigurationAvailableAndEnabled: true
02-28 12:04:40.656 10967 11645 I BugleRcsProvisioning: Checking isConfigServerUrlAvailable with simId: redacted-pii:sim_id[chars:20,last3:79f], 
02-28 12:04:40.657 11702 11776 E FrameEvents: updateAcquireFence: Did not find frame.
02-28 12:04:40.660 10967 11645 I BugleRcsEngine: getConfigServerUrl with simId: redacted-pii:sim_id[chars:20,last3:79f] [CONTEXT log_prefix="ProvisioningServerUtil" thread_id=207557 ]
02-28 12:04:40.663 10967 11645 I BugleRcsEngine: Using config server URL from cmrc [CONTEXT log_prefix="ProvisioningServerUtil" thread_id=207557 ]
02-28 12:04:40.675 10967 11645 I BugleRcsProvisioning: RcsAvailability: Subscription Id: 4, simId: redacted-pii:sim_id[chars:20,last3:79f], sipConnectionType: DUAL_REG, isRcsAvailable: true
02-28 12:04:40.676 10967 11645 I BugleRcsProvisioning: updateAvailabilityForRcsProvisioningId. SimId: redacted-pii:sim_id[chars:20,last3:79f], currentAvailability: 7, newAvailability: 7, hint: NO_HINT
02-28 12:04:40.678 10967 11032 I RcsClientLib: Service is deprecated skipping connection attempt: EventService
02-28 12:04:40.679 10967 11642 I RcsProvisioningTriggerI: scheduleProvisioningForEligibleSims
02-28 12:04:40.681 10967 11019 I cuhp    : scheduleProvisioningForEligibleSims: operationTrigger: 5 bugle trigger event: 4
02-28 12:04:40.681 10967 11117 I RcsProvisioningTriggerI: RcsProvisioningTrigger: onRcsAvailabilityUpdate : availability is updated to RCS is setup, lastAvailabilityLocal is null, simId hash = 3776199885792301630, simId = redacted-pii:sim_id[chars:20,last3:79f], isPev3Enabled = true
02-28 12:04:40.684 10967 11019 I cuhp    : scheduleProvisioningForAllEligibleSims: operationTrigger: 5 bugle trigger event: 4
02-28 12:04:40.685 10967 11032 I RcsClientLib: Service is deprecated skipping connection attempt: ContactsService
02-28 12:04:40.686 10967 11032 I RcsClientLib: Service is deprecated skipping connection attempt: FileTransferService
02-28 12:04:40.687 10967 11032 I RcsClientLib: Service is deprecated skipping connection attempt: LocationSharingService
02-28 12:04:40.688 10967 11042 I cuhp    : scheduleProvisioningForRcsProvisioningId: rcsProvisioningId: redacted-pii:sim_id[chars:20,last3:79f] operationTrigger: 5 bugle trigger event: 4
02-28 12:04:40.692 10967 11032 I RcsClientLib: Service is deprecated skipping connection attempt: ImsConnectionTrackerService
02-28 12:04:40.692 10967 11042 I BugleRcsEngine: [SR]: Single Registration is disabled. Skipping Single Registration capability check for subId: 4 [CONTEXT thread_id=207514 ]
02-28 12:04:40.693 10967 11032 I RcsClientLib: Service is deprecated skipping connection attempt: RcsProfileService
02-28 12:04:40.693 10967 11042 I cuhp    : RcsProvisioningTrigger: DR is active, initializing DR provisioning. DUAL_REG
02-28 12:04:40.694 10967 11032 I RcsClientLib: Service is deprecated skipping connection attempt: RcsMessagingService
02-28 12:04:40.695 10967 11032 I BugleRcs: connecting to 7 Rcs Services
02-28 12:04:40.695 10967 11642 I BugleRcsEngine: [SR]: Single Registration is disabled. Skipping Single Registration capability check for subId: 4 [CONTEXT thread_id=207554 ]
02-28 12:04:40.695 10967 11117 I RcsProvisioningManager: Receive onRcsAvailabilityUpdate, SIM = redacted-pii:sim_id[chars:20,last3:79f], availability = RcsAvailability{mAvailability=AVAILABLE (RCS is setup)}
02-28 12:04:40.707 10967 11117 I RcsProvisioningManager: Configuration is empty: false for simId: redacted-pii:sim_id[chars:35,last3:9f)]
02-28 12:04:40.715 10967 11019 I RcsProvisioningManager: CommonRcsProvisioningChangeListenerHandler.notifyListener : Notify RcsProvisioningChangeListener dkqe@b48d5aa onRcsProvisioningChange, SIM = redacted-pii:sim_id[chars:35,last3:9f)], available rcs provisioning ids  = redacted-pii:sim_id[chars:20,last3:79f]
02-28 12:04:40.719 10967 11042 I RcsProvisioningManager: AvailabilityObserver.onUpdate : Notify RcsAvailabilityListener czbb@d01680d onRcsAvailabilityUpdate, SIM = redacted-pii:sim_id[chars:20,last3:79f], availability = 7
02-28 12:04:40.727 10967 11112 I BugleTransport: Retrieved RCS available simIds: [redacted-pii[20-chars]]
02-28 12:04:40.729 10967 11112 I BugleTransport: Enabled chat transport for SIM = redacted-pii[20-chars] is TACHYGRAM
02-28 12:04:40.730 10967 11113 I RcsProvisioningFlow: EVENT_TYPE_PROVISIONING_SUCCEEDED logging skipped for redacted-pii:sim_id[chars:20,last3:79f] because of NOT_ELIGIBLE_PREVIOUS_EVENT_NOT_LOGGED
02-28 12:04:40.732 10967 11016 I BugleTransport: Deregister all SIMs except for SIMs with subIds: [] from chat transport: SINGLE_REGISTRATION.
02-28 12:04:40.732 10967 11645 I RcsProvisioningManager: AvailabilityObserver.onUpdate : Notify RcsAvailabilityListener ctlf@5edd07f onRcsAvailabilityUpdate, SIM = redacted-pii:sim_id[chars:20,last3:79f], availability = 7
02-28 12:04:40.733 10967 11642 I RcsProvisioningWorkMana: Skipping full provisioning scheduling since we already have valid and updated RCS configuration
02-28 12:04:40.733 10967 11641 I BugleTransport: Deregister all SIMs except for SIMs with subIds: [4] from chat transport: TACHYGRAM.
02-28 12:04:40.733 10967 11117 I RcsProvisioningTriggerI: RcsProvisioningTrigger: onRcsAvailabilityUpdate : isPreviousDisabled = true, isCurrentDisabled = false, config[simId:redacted-pii:sim_id[chars:20,last3:79f]] = [Type: 1, Version: 7, Validity: 416873, Last updated: 1772133238, Remaining validity: 289631, Reconfiguration requested: false, Messaging technology: CPM, rcsVolteSingleRegistration: false, Invalid configreason: INVALID_CONFIG_REASON_UNSPECIFIED], hasToken: true, isValidAndUpdated: true
02-28 12:04:40.735 10967 11119 I BugleTransport: Deregister all SIMs except for SIMs with subIds: [] from chat transport: DUAL_REGISTRATION.
02-28 12:04:40.742 10967 11641 I RcsClientLib: Service is deprecated skipping connection attempt: RcsEngineLifecycleServiceV2
02-28 12:04:40.743 10967 11143 I RcsProvisioningFlow: Clearing provisioning flow state for redacted-pii:sim_id[chars:20,last3:79f]
02-28 12:04:40.744 10967 11143 I BugleRcsJibe: RcsServiceConnectionException was raised while waiting to connect to RcsEngineLifecycleServiceV2
02-28 12:04:40.744 10967 11117 I RcsProvisioningManager: Receive onRcsConfigurationUpdate, SIM = redacted-pii:sim_id[chars:20,last3:79f], configuration = Type: 1, Version: 7, Validity: 416873, Last updated: 1772133238, Remaining validity: 289631, Reconfiguration requested: false, Messaging technology: CPM, rcsVolteSingleRegistration: false, Invalid configreason: INVALID_CONFIG_REASON_UNSPECIFIED
