02-28 12:05:16.558 11702 11776 E FrameEvents: updateAcquireFence: Did not find frame.
02-28 12:05:16.579 11702 11776 E FrameEvents: updateAcquireFence: Did not find frame.
02-28 12:05:16.596 11702 11776 E FrameEvents: updateAcquireFence: Did not find frame.
02-28 12:05:16.612 11702 11776 E FrameEvents: updateAcquireFence: Did not find frame.
02-28 12:05:16.629 11702 11776 E FrameEvents: updateAcquireFence: Did not find frame.
02-28 12:05:16.646 11702 11776 E FrameEvents: updateAcquireFence: Did not find frame.
02-28 12:05:16.668 11702 11776 E FrameEvents: updateAcquireFence: Did not find frame.
02-28 12:05:16.688 11702 11776 E FrameEvents: updateAcquireFence: Did not find frame.
02-28 12:05:16.717 11702 11776 E FrameEvents: updateAcquireFence: Did not find frame.
02-28 12:05:16.735 11702 11776 E FrameEvents: updateAcquireFence: Did not find frame.
02-28 12:05:16.755 11702 11776 E FrameEvents: updateAcquireFence: Did not find frame.
02-28 12:05:16.779 11702 11776 E FrameEvents: updateAcquireFence: Did not find frame.
02-28 12:05:16.787 11702  3099 W BitmapFactory: mtk platform doDecode start...
02-28 12:05:16.791 11702  3099 W BitmapFactory: mtk platform doDecode start...
02-28 12:05:16.792 11702 11776 E FrameEvents: updateAcquireFence: Did not find frame.
02-28 12:05:16.793 11702  3099 W BitmapFactory: mtk platform doDecode start...
02-28 12:05:16.795 11702  3099 W BitmapFactory: mtk platform doDecode start...
02-28 12:05:16.815 11702 11776 E FrameEvents: updateAcquireFence: Did not find frame.
02-28 12:05:16.831 11702 11776 E FrameEvents: updateAcquireFence: Did not find frame.
02-28 12:05:16.858 11702 11776 E FrameEvents: updateAcquireFence: Did not find frame.
02-28 12:05:16.877 11702 11776 E FrameEvents: updateAcquireFence: Did not find frame.
02-28 12:05:16.886 11702 12555 W ProxyAndroidLoggerBackend: Too many Flogger logs received before configuration. Dropping old logs.
02-28 12:05:16.887 11702 12555 W ProxyAndroidLoggerBackend: Too many Flogger logs received before configuration. Dropping old logs.
02-28 12:05:16.921 11702 12557 W ProxyAndroidLoggerBackend: Too many Flogger logs received before configuration. Dropping old logs.
02-28 12:05:16.923 11702 11776 E FrameEvents: updateAcquireFence: Did not find frame.
02-28 12:05:16.923 11702 12557 W ProxyAndroidLoggerBackend: Too many Flogger logs received before configuration. Dropping old logs.
02-28 12:05:16.945 11702 11776 E FrameEvents: updateAcquireFence: Did not find frame.
02-28 12:05:16.967 11702 11776 E FrameEvents: updateAcquireFence: Did not find frame.
02-28 12:05:16.984 11702 11776 E FrameEvents: updateAcquireFence: Did not find frame.
02-28 12:05:17.007 11702 11776 E FrameEvents: updateAcquireFence: Did not find frame.
02-28 12:05:17.017 11702 11776 E FrameEvents: updateAcquireFence: Did not find frame.
02-28 12:05:17.033 11702 11776 E FrameEvents: updateAcquireFence: Did not find frame.
02-28 12:05:17.044 11702 11702 W ImageReader_JNI: Unable to acquire a buffer item, very likely client tried to acquire more than maxImages buffers
02-28 12:05:17.044 14262 19716 I FrewleTileCacheManagerV: (REDACTED) Fetched %d AP models from cache
02-28 12:05:17.058 11702 11776 E FrameEvents: updateAcquireFence: Did not find frame.
02-28 12:05:17.085 11702 11776 E FrameEvents: updateAcquireFence: Did not find frame.
02-28 12:05:17.090 14053 14718 I FusedLocation: (REDACTED) location delivery to %s blocked - too fast
02-28 12:05:17.091 14053 14718 I FusedLocation: (REDACTED) location delivery to %s blocked - too close
02-28 12:05:17.094 14053 14718 I FusedLocation: (REDACTED) location delivery to %s blocked - too fast
02-28 12:05:17.096 14053 14718 I FusedLocation: (REDACTED) location delivery to %s blocked - too fast
02-28 12:05:17.097 14053 14718 I FusedLocation: (REDACTED) location delivery to %s blocked - too close
02-28 12:05:17.099 14053 10091 I FrewleTileCacheManagerV: (REDACTED) Fetched %d AP models from cache
02-28 12:05:17.101 11702 11776 E FrameEvents: updateAcquireFence: Did not find frame.
02-28 12:05:17.118 11702 11776 E FrameEvents: updateAcquireFence: Did not find frame.
02-28 12:05:17.129 11702 11702 W ImageReader_JNI: Unable to acquire a buffer item, very likely client tried to acquire more than maxImages buffers
02-28 12:05:17.136 11702 11776 E FrameEvents: updateAcquireFence: Did not find frame.
02-28 12:05:17.140 11702 11702 W ImageReader_JNI: Unable to acquire a buffer item, very likely client tried to acquire more than maxImages buffers
02-28 12:05:17.150 11702 11776 E FrameEvents: updateAcquireFence: Did not find frame.
02-28 12:05:17.167 11702 11776 E FrameEvents: updateAcquireFence: Did not find frame.
02-28 12:05:17.190 11702 11776 E FrameEvents: updateAcquireFence: Did not find frame.
02-28 12:05:17.201 11702 11776 E FrameEvents: updateAcquireFence: Did not find frame.
02-28 12:05:17.323 11702 11776 E FrameEvents: updateAcquireFence: Did not find frame.
02-28 12:05:17.328 11702 11732 I example.payana: Background concurrent copying GC freed 197678(6181KB) AllocSpace objects, 64(5884KB) LOS objects, 21% free, 28MB/36MB, paused 341us total 435.029ms
02-28 12:05:17.329 11702 11702 W ImageReader_JNI: Unable to acquire a buffer item, very likely client tried to acquire more than maxImages buffers
02-28 12:05:17.333 11702 11776 E FrameEvents: updateAcquireFence: Did not find frame.
02-28 12:05:17.351 11702 11776 E FrameEvents: updateAcquireFence: Did not find frame.
02-28 12:05:17.354 11702 11702 W ImageReader_JNI: Unable to acquire a buffer item, very likely client tried to acquire more than maxImages buffers
02-28 12:05:17.368 11702 11776 E FrameEvents: updateAcquireFence: Did not find frame.
02-28 12:05:17.387 12572 12572 E libc    : Access denied finding property "ro.vendor.build.tags"
02-28 12:05:17.401 11702 11776 E FrameEvents: updateAcquireFence: Did not find frame.
02-28 12:05:17.429 11702 11776 E FrameEvents: updateAcquireFence: Did not find frame.
02-28 12:05:17.436 12574 12574 E libc    : Access denied finding property "ro.vendor.build.tags"
02-28 12:05:17.443 11702 11776 E FrameEvents: updateAcquireFence: Did not find frame.
02-28 12:05:17.470 11702 11776 E FrameEvents: updateAcquireFence: Did not find frame.
02-28 12:05:17.485 11702 11776 E FrameEvents: updateAcquireFence: Did not find frame.
02-28 12:05:17.506 11702 11776 E FrameEvents: updateAcquireFence: Did not find frame.
02-28 12:05:17.528 11702 11776 E FrameEvents: updateAcquireFence: Did not find frame.
02-28 12:05:17.549 11702 11776 E FrameEvents: updateAcquireFence: Did not find frame.
02-28 12:05:17.566 11702 11776 E FrameEvents: updateAcquireFence: Did not find frame.
02-28 12:05:17.596 11702 11776 E FrameEvents: updateAcquireFence: Did not find frame.
02-28 12:05:17.619 11702 11776 E FrameEvents: updateAcquireFence: Did not find frame.
02-28 12:05:17.652 11702 11776 E FrameEvents: updateAcquireFence: Did not find frame.
02-28 12:05:17.662 12582 12582 W getenforce: type=1400 audit(0.0:2578505): avc: denied { read } for name="enforce" dev="selinuxfs" ino=4 scontext=u:r:untrusted_app:s0:c236,c256,c512,c768 tcontext=u:object_r:selinuxfs:s0 tclass=file permissive=0 app=com.google.android.apps.nbu.paisa.user
02-28 12:05:17.666 24761 24761 W Thread-936: type=1400 audit(0.0:2578506): avc: denied { read } for name="enforce" dev="selinuxfs" ino=4 scontext=u:r:untrusted_app:s0:c236,c256,c512,c768 tcontext=u:object_r:selinuxfs:s0 tclass=file permissive=0 app=com.google.android.apps.nbu.paisa.user
02-28 12:05:17.683 11702 11776 E FrameEvents: updateAcquireFence: Did not find frame.
02-28 12:05:17.716 11702 11776 E FrameEvents: updateAcquireFence: Did not find frame.
02-28 12:05:17.718 12583 12583 W which   : type=1400 audit(0.0:2578507): avc: denied { search } for name="bin" dev="dm-8" ino=66 scontext=u:r:untrusted_app:s0:c236,c256,c512,c768 tcontext=u:object_r:atcid_vendor_exec:s0 tclass=dir permissive=0
02-28 12:05:17.728 11702 11776 E FrameEvents: updateAcquireFence: Did not find frame.
02-28 12:05:17.754 11702 11776 E FrameEvents: updateAcquireFence: Did not find frame.
02-28 12:05:17.769 11702 11776 E FrameEvents: updateAcquireFence: Did not find frame.
02-28 12:05:17.793 11702 11776 E FrameEvents: updateAcquireFence: Did not find frame.
02-28 12:05:17.819 11702 11776 E FrameEvents: updateAcquireFence: Did not find frame.
02-28 12:05:17.836 11702 11776 E FrameEvents: updateAcquireFence: Did not find frame.
02-28 12:05:17.859 11702 11776 E FrameEvents: updateAcquireFence: Did not find frame.
02-28 12:05:17.883 11702 11776 E FrameEvents: updateAcquireFence: Did not find frame.
02-28 12:05:17.909 11702 11776 E FrameEvents: updateAcquireFence: Did not find frame.
02-28 12:05:17.934 11702 11776 E FrameEvents: updateAcquireFence: Did not find frame.
02-28 12:05:17.962 11702 11776 E FrameEvents: updateAcquireFence: Did not find frame.
02-28 12:05:17.986 11702 11776 E FrameEvents: updateAcquireFence: Did not find frame.
02-28 12:05:18.003 11702 11776 E FrameEvents: updateAcquireFence: Did not find frame.
02-28 12:05:18.027 11702 11776 E FrameEvents: updateAcquireFence: Did not find frame.
02-28 12:05:18.039 14262  4556 I FrewleTileCacheManagerV: (REDACTED) Fetched %d AP models from cache
02-28 12:05:18.054 11702 11776 E FrameEvents: updateAcquireFence: Did not find frame.
02-28 12:05:18.080 11702 11776 E FrameEvents: updateAcquireFence: Did not find frame.
02-28 12:05:18.105 11702 11776 E FrameEvents: updateAcquireFence: Did not find frame.
02-28 12:05:18.124 11702 11776 E FrameEvents: updateAcquireFence: Did not find frame.
02-28 12:05:18.148 14053 14718 I FusedLocation: (REDACTED) location delivery to %s blocked - too fast
02-28 12:05:18.149 14053 14718 I FusedLocation: (REDACTED) location delivery to %s blocked - too close
02-28 12:05:18.150 14053 14718 I FusedLocation: (REDACTED) location delivery to %s blocked - too fast
02-28 12:05:18.151 14053 14718 I FusedLocation: (REDACTED) location delivery to %s blocked - too fast
02-28 12:05:18.151 14053 14718 I FusedLocation: (REDACTED) location delivery to %s blocked - too close
02-28 12:05:18.155 14053 10091 I FrewleTileCacheManagerV: (REDACTED) Fetched %d AP models from cache
02-28 12:05:18.159 11702 11776 E FrameEvents: updateAcquireFence: Did not find frame.
02-28 12:05:18.182 11702 11776 E FrameEvents: updateAcquireFence: Did not find frame.
02-28 12:05:18.224 11702 11776 E FrameEvents: updateAcquireFence: Did not find frame.
02-28 12:05:18.234 11702 11776 E FrameEvents: updateAcquireFence: Did not find frame.
02-28 12:05:18.251 11702 11776 E FrameEvents: updateAcquireFence: Did not find frame.
02-28 12:05:18.268 11702 11776 E FrameEvents: updateAcquireFence: Did not find frame.
02-28 12:05:18.296 11702 11776 E FrameEvents: updateAcquireFence: Did not find frame.
02-28 12:05:18.310 14053 14961 W Settings: Setting airplane_mode_on has moved from android.provider.Settings.System to android.provider.Settings.Global, returning read-only value.
02-28 12:05:18.312 14053 10091 D WifiScanner: Fullbandsize settings: 7
02-28 12:05:18.321 11702 11776 E FrameEvents: updateAcquireFence: Did not find frame.
02-28 12:05:18.343 11702 11776 E FrameEvents: updateAcquireFence: Did not find frame.
02-28 12:05:18.367 11702 11776 E FrameEvents: updateAcquireFence: Did not find frame.
02-28 12:05:18.387 11702 11776 E FrameEvents: updateAcquireFence: Did not find frame.
02-28 12:05:18.401 11702 11776 E FrameEvents: updateAcquireFence: Did not find frame.
02-28 12:05:18.420 11702 11776 E FrameEvents: updateAcquireFence: Did not find frame.
02-28 12:05:18.442 11702 11702 W ImageReader_JNI: Unable to acquire a buffer item, very likely client tried to acquire more than maxImages buffers
02-28 12:05:18.447 11702 11776 E FrameEvents: updateAcquireFence: Did not find frame.
02-28 12:05:18.458 11702 11776 E FrameEvents: updateAcquireFence: Did not find frame.
02-28 12:05:18.480 11702 11702 W ImageReader_JNI: Unable to acquire a buffer item, very likely client tried to acquire more than maxImages buffers
02-28 12:05:18.485 11702 11776 E FrameEvents: updateAcquireFence: Did not find frame.
02-28 12:05:18.502 11702 11776 E FrameEvents: updateAcquireFence: Did not find frame.
02-28 12:05:18.524 11702 11776 E FrameEvents: updateAcquireFence: Did not find frame.
02-28 12:05:18.556 11702 11776 E FrameEvents: updateAcquireFence: Did not find frame.
02-28 12:05:18.572 11702 11776 E FrameEvents: updateAcquireFence: Did not find frame.
02-28 12:05:18.576 11702 11702 W ImageReader_JNI: Unable to acquire a buffer item, very likely client tried to acquire more than maxImages buffers
02-28 12:05:18.609 12634 12636 I cmd     : oneway function results will be dropped but finished with status OK and parcel size 4
02-28 12:05:18.691 12638 12642 I cmd     : oneway function results will be dropped but finished with status OK and parcel size 4
02-28 12:05:18.737 11702 11776 E FrameEvents: updateAcquireFence: Did not find frame.
02-28 12:05:18.764 11702 11776 E FrameEvents: updateAcquireFence: Did not find frame.
02-28 12:05:18.785 11702 11776 E FrameEvents: updateAcquireFence: Did not find frame.
02-28 12:05:18.819 11702 11776 E FrameEvents: updateAcquireFence: Did not find frame.
02-28 12:05:18.844 11702 11776 E FrameEvents: updateAcquireFence: Did not find frame.
02-28 12:05:18.873 11702 11776 E FrameEvents: updateAcquireFence: Did not find frame.
02-28 12:05:18.899 11702 11776 E FrameEvents: updateAcquireFence: Did not find frame.
02-28 12:05:18.913 11702 11776 E FrameEvents: updateAcquireFence: Did not find frame.
02-28 12:05:18.931 11702 11776 E FrameEvents: updateAcquireFence: Did not find frame.
02-28 12:05:18.951 11702 11776 E FrameEvents: updateAcquireFence: Did not find frame.
02-28 12:05:18.970 11702 11776 E FrameEvents: updateAcquireFence: Did not find frame.
02-28 12:05:18.996 11702 11776 E FrameEvents: updateAcquireFence: Did not find frame.
02-28 12:05:19.015 11702 11776 E FrameEvents: updateAcquireFence: Did not find frame.
02-28 12:05:19.036 14262  4556 I FrewleTileCacheManagerV: (REDACTED) Fetched %d AP models from cache
02-28 12:05:19.037 11702 11776 E FrameEvents: updateAcquireFence: Did not find frame.
02-28 12:05:19.064 11702 11776 E FrameEvents: updateAcquireFence: Did not find frame.
02-28 12:05:19.073 14053 14718 I FusedLocation: (REDACTED) location delivery to %s blocked - too close
02-28 12:05:19.074 14053 14718 I FusedLocation: (REDACTED) location delivery to %s blocked - too fast
02-28 12:05:19.076 14053 14718 I FusedLocation: (REDACTED) location delivery to %s blocked - too fast
02-28 12:05:19.076 14053 14718 I FusedLocation: (REDACTED) location delivery to %s blocked - too close
02-28 12:05:19.082 14053 10095 I FrewleTileCacheManagerV: (REDACTED) Fetched %d AP models from cache
02-28 12:05:19.091 11702 11776 E FrameEvents: updateAcquireFence: Did not find frame.
02-28 12:05:19.102 11702 11776 E FrameEvents: updateAcquireFence: Did not find frame.
02-28 12:05:19.126 14053 12623 I SemanticLocation: [InfMgr] No location reports after filtering [CONTEXT service_id=173 ]
02-28 12:05:19.129 11702 11776 E FrameEvents: updateAcquireFence: Did not find frame.
02-28 12:05:19.132 11702 11702 W ImageReader_JNI: Unable to acquire a buffer item, very likely client tried to acquire more than maxImages buffers
02-28 12:05:19.134 14053 14053 D BoundBrokerSvc: onRebind: Intent { act=com.google.android.gms.auth.aang.events.services.START dat=chimera-action: cmp=com.google.android.gms/.chimera.PersistentApiService }
02-28 12:05:19.138 11702 11776 E FrameEvents: updateAcquireFence: Did not find frame.
02-28 12:05:19.150 12659 12661 I cmd     : oneway function results will be dropped but finished with status OK and parcel size 4
02-28 12:05:19.187 11702 11776 E FrameEvents: updateAcquireFence: Did not find frame.
02-28 12:05:19.203 11702 11776 E FrameEvents: updateAcquireFence: Did not find frame.
02-28 12:05:19.227 11702 11776 E FrameEvents: updateAcquireFence: Did not find frame.
02-28 12:05:19.236 14053 10091 I FrewleTileCacheManagerV: (REDACTED) Fetched %d AP models from cache
02-28 12:05:19.253 11702 11776 E FrameEvents: updateAcquireFence: Did not find frame.
02-28 12:05:19.273 14053 15127 I NearbyDiscovery: (REDACTED) BloomFilterAdvManager: Detected bloom filter but too far away, ignoring. %sm, %s
02-28 12:05:19.279 11702 11776 E FrameEvents: updateAcquireFence: Did not find frame.
02-28 12:05:19.287 12663 12665 I cmd     : oneway function results will be dropped but finished with status OK and parcel size 4
02-28 12:05:19.301 11702 11702 W ImageReader_JNI: Unable to acquire a buffer item, very likely client tried to acquire more than maxImages buffers
02-28 12:05:19.305 11702 11776 E FrameEvents: updateAcquireFence: Did not find frame.
02-28 12:05:19.320 11702 11776 E FrameEvents: updateAcquireFence: Did not find frame.
02-28 12:05:19.337 11702 11776 E FrameEvents: updateAcquireFence: Did not find frame.
02-28 12:05:19.348 11702 11702 W ImageReader_JNI: Unable to acquire a buffer item, very likely client tried to acquire more than maxImages buffers
02-28 12:05:19.356 11702 11776 E FrameEvents: updateAcquireFence: Did not find frame.
02-28 12:05:19.367 14053 14718 I FusedLocation: (REDACTED) location delivery to %s blocked - too fast
02-28 12:05:19.371 14053 14718 I FusedLocation: (REDACTED) location delivery to %s blocked - too fast
02-28 12:05:19.372 14053 14718 I FusedLocation: (REDACTED) location delivery to %s blocked - too close
02-28 12:05:19.375 11702 11702 W ImageReader_JNI: Unable to acquire a buffer item, very likely client tried to acquire more than maxImages buffers
02-28 12:05:19.381 14053 14718 I FusedLocation: (REDACTED) location delivery to %s blocked - too fast
02-28 12:05:19.384 14053 14718 I FusedLocation: (REDACTED) location delivery to %s blocked - too fast
02-28 12:05:19.383 11702 11776 E FrameEvents: updateAcquireFence: Did not find frame.
02-28 12:05:19.395 11702 11776 E FrameEvents: updateAcquireFence: Did not find frame.
02-28 12:05:19.405 14053 14718 I FusedLocation: (REDACTED) location delivery to %s blocked - too close
02-28 12:05:19.437 11702 11776 E FrameEvents: updateAcquireFence: Did not find frame.
02-28 12:05:19.443 14053 12623 I FrewleTileCacheManagerV: (REDACTED) Fetched %d AP models from cache
02-28 12:05:19.453 11702 11776 E FrameEvents: updateAcquireFence: Did not find frame.
02-28 12:05:19.454 14053 14718 I ffar    : Received empty WiFi-RTT scan. [CONTEXT service_id=6 ]
02-28 12:05:19.487 11702 11776 E FrameEvents: updateAcquireFence: Did not find frame.
02-28 12:05:19.495 12668 12670 I cmd     : oneway function results will be dropped but finished with status OK and parcel size 4
02-28 12:05:19.503 11702 11776 E FrameEvents: updateAcquireFence: Did not find frame.
02-28 12:05:19.536 11702 11776 E FrameEvents: updateAcquireFence: Did not find frame.
02-28 12:05:19.554 11702 11776 E FrameEvents: updateAcquireFence: Did not find frame.
02-28 12:05:19.569 11702 11776 E FrameEvents: updateAcquireFence: Did not find frame.
02-28 12:05:19.592 11702 11776 E FrameEvents: updateAcquireFence: Did not find frame.
02-28 12:05:19.600 12672 12674 I cmd     : oneway function results will be dropped but finished with status OK and parcel size 4
02-28 12:05:19.624 11702 11776 E FrameEvents: updateAcquireFence: Did not find frame.
02-28 12:05:19.649 11702 11776 E FrameEvents: updateAcquireFence: Did not find frame.
02-28 12:05:19.676 11702 11776 E FrameEvents: updateAcquireFence: Did not find frame.
02-28 12:05:19.688 11702 11776 E FrameEvents: updateAcquireFence: Did not find frame.
02-28 12:05:19.703 12677 12679 I cmd     : oneway function results will be dropped but finished with status OK and parcel size 4
02-28 12:05:19.787 11702 11776 E FrameEvents: updateAcquireFence: Did not find frame.
02-28 12:05:19.793 11702 11732 I example.payana: Background concurrent copying GC freed 180396(5501KB) AllocSpace objects, 44(6908KB) LOS objects, 21% free, 29MB/37MB, paused 219us total 417.794ms
02-28 12:05:19.807 11702 11776 E FrameEvents: updateAcquireFence: Did not find frame.
02-28 12:05:19.992 14262  2055 I FrewleTileCacheManagerV: (REDACTED) Fetched %d AP models from cache
02-28 12:05:20.018 12693 12694 I cmd     : oneway function results will be dropped but finished with status OK and parcel size 4
02-28 12:05:20.020 14053 14718 I FusedLocation: (REDACTED) location delivery to %s blocked - too fast
02-28 12:05:20.021 14053 14718 I FusedLocation: (REDACTED) location delivery to %s blocked - too close
02-28 12:05:20.022 14053 14718 I FusedLocation: (REDACTED) location delivery to %s blocked - too fast
02-28 12:05:20.024 14053 14718 I FusedLocation: (REDACTED) location delivery to %s blocked - too fast
02-28 12:05:20.025 14053 14718 I FusedLocation: (REDACTED) location delivery to %s blocked - too close
02-28 12:05:20.030 14053 10095 I FrewleTileCacheManagerV: (REDACTED) Fetched %d AP models from cache
02-28 12:05:20.053 11702 11776 E FrameEvents: updateAcquireFence: Did not find frame.
02-28 12:05:20.078 11702 11776 E FrameEvents: updateAcquireFence: Did not find frame.
02-28 12:05:20.096 12698 12700 I cmd     : oneway function results will be dropped but finished with status OK and parcel size 4
02-28 12:05:20.239 12706 12708 I cmd     : oneway function results will be dropped but finished with status OK and parcel size 4
02-28 12:05:20.382 12714 12716 I cmd     : oneway function results will be dropped but finished with status OK and parcel size 4
02-28 12:05:20.785 12735 12737 I cmd     : oneway function results will be dropped but finished with status OK and parcel size 4
02-28 12:05:20.866 12739 12741 I cmd     : oneway function results will be dropped but finished with status OK and parcel size 4
02-28 12:05:21.016 14262  4556 I FrewleTileCacheManagerV: (REDACTED) Fetched %d AP models from cache
02-28 12:05:21.055 14053 14718 I FusedLocation: (REDACTED) location delivery to %s blocked - too fast
02-28 12:05:21.056 14053 14718 I FusedLocation: (REDACTED) location delivery to %s blocked - too close
02-28 12:05:21.057 14053 14718 I FusedLocation: (REDACTED) location delivery to %s blocked - too fast
02-28 12:05:21.058 14053 14718 I FusedLocation: (REDACTED) location delivery to %s blocked - too fast
02-28 12:05:21.060 14053 14718 I FusedLocation: (REDACTED) location delivery to %s blocked - too close
02-28 12:05:21.065 14053 12352 I FrewleTileCacheManagerV: (REDACTED) Fetched %d AP models from cache
02-28 12:05:21.071 11702 11776 E FrameEvents: updateAcquireFence: Did not find frame.
02-28 12:05:21.110 11702 11776 E FrameEvents: updateAcquireFence: Did not find frame.
02-28 12:05:21.609 11702 11776 E FrameEvents: updateAcquireFence: Did not find frame.
02-28 12:05:21.659 11702 11776 E FrameEvents: updateAcquireFence: Did not find frame.
02-28 12:05:21.690 11702 11776 E FrameEvents: updateAcquireFence: Did not find frame.
02-28 12:05:21.719 11702 11776 E FrameEvents: updateAcquireFence: Did not find frame.
02-28 12:05:21.737 11702 11776 E FrameEvents: updateAcquireFence: Did not find frame.
02-28 12:05:21.780 11702 11776 E FrameEvents: updateAcquireFence: Did not find frame.
02-28 12:05:21.811 12786 12789 I cmd     : oneway function results will be dropped but finished with status OK and parcel size 4
02-28 12:05:21.823 11702 11776 E FrameEvents: updateAcquireFence: Did not find frame.
02-28 12:05:21.839 11702 11776 E FrameEvents: updateAcquireFence: Did not find frame.
02-28 12:05:21.864 11702 11776 E FrameEvents: updateAcquireFence: Did not find frame.
02-28 12:05:21.896 11702 11776 E FrameEvents: updateAcquireFence: Did not find frame.
02-28 12:05:21.919 11702 11776 E FrameEvents: updateAcquireFence: Did not find frame.
02-28 12:05:21.931 11702 12557 W ProxyAndroidLoggerBackend: Too many Flogger logs received before configuration. Dropping old logs.
02-28 12:05:21.932 11702 12557 W ProxyAndroidLoggerBackend: Too many Flogger logs received before configuration. Dropping old logs.
02-28 12:05:21.950 11702 11776 E FrameEvents: updateAcquireFence: Did not find frame.
02-28 12:05:21.979 11702 11776 E FrameEvents: updateAcquireFence: Did not find frame.
02-28 12:05:21.981 11702 11702 W ImageReader_JNI: Unable to acquire a buffer item, very likely client tried to acquire more than maxImages buffers
02-28 12:05:21.990 11702 11776 E FrameEvents: updateAcquireFence: Did not find frame.
02-28 12:05:22.009 11702 11702 W ImageReader_JNI: Unable to acquire a buffer item, very likely client tried to acquire more than maxImages buffers
02-28 12:05:22.019 11702 11776 E FrameEvents: updateAcquireFence: Did not find frame.
02-28 12:05:22.027 14262  4556 I FrewleTileCacheManagerV: (REDACTED) Fetched %d AP models from cache
02-28 12:05:22.044 11702 11776 E FrameEvents: updateAcquireFence: Did not find frame.
02-28 12:05:22.059 11702 11776 E FrameEvents: updateAcquireFence: Did not find frame.
02-28 12:05:22.072 14053 14718 I FusedLocation: (REDACTED) location delivery to %s blocked - too fast
02-28 12:05:22.076 14053 14718 I FusedLocation: (REDACTED) location delivery to %s blocked - too close
02-28 12:05:22.077 14053 14718 I FusedLocation: (REDACTED) location delivery to %s blocked - too fast
02-28 12:05:22.078 14053 14718 I FusedLocation: (REDACTED) location delivery to %s blocked - too fast
02-28 12:05:22.079 14053 14718 I FusedLocation: (REDACTED) location delivery to %s blocked - too close
02-28 12:05:22.083 14053 10095 I FrewleTileCacheManagerV: (REDACTED) Fetched %d AP models from cache
02-28 12:05:22.087 11702 11776 E FrameEvents: updateAcquireFence: Did not find frame.
02-28 12:05:22.102 11702 11776 E FrameEvents: updateAcquireFence: Did not find frame.
02-28 12:05:22.137 11702 11776 E FrameEvents: updateAcquireFence: Did not find frame.
02-28 12:05:22.145 11702 11776 E FrameEvents: updateAcquireFence: Did not find frame.
02-28 12:05:22.156 11702 11776 E FrameEvents: updateAcquireFence: Did not find frame.
02-28 12:05:22.177 11702 11776 E FrameEvents: updateAcquireFence: Did not find frame.
02-28 12:05:22.203 11702 11776 E FrameEvents: updateAcquireFence: Did not find frame.
02-28 12:05:22.227 11702 11776 E FrameEvents: updateAcquireFence: Did not find frame.
02-28 12:05:22.272 11702 11776 E FrameEvents: updateAcquireFence: Did not find frame.
02-28 12:05:22.297 11702 11776 E FrameEvents: updateAcquireFence: Did not find frame.
02-28 12:05:22.426 17170 20974 I native  : I0000 00:00:1772260522.426102   20974 soda_async_impl.cc:1411] Current audio timestamp: 1772260521781452
02-28 12:05:23.025 14262  2055 I FrewleTileCacheManagerV: (REDACTED) Fetched %d AP models from cache
02-28 12:05:23.059 14053 14718 I FusedLocation: (REDACTED) location delivery to %s blocked - too fast
02-28 12:05:23.061 14053 14718 I FusedLocation: (REDACTED) location delivery to %s blocked - too close
02-28 12:05:23.062 14053 14718 I FusedLocation: (REDACTED) location delivery to %s blocked - too fast
02-28 12:05:23.064 14053 14718 I FusedLocation: (REDACTED) location delivery to %s blocked - too fast
02-28 12:05:23.065 14053 14718 I FusedLocation: (REDACTED) location delivery to %s blocked - too close
02-28 12:05:23.067 14053 10095 I FrewleTileCacheManagerV: (REDACTED) Fetched %d AP models from cache
02-28 12:05:23.092 11702 11776 E FrameEvents: updateAcquireFence: Did not find frame.
02-28 12:05:23.118 11702 11776 E FrameEvents: updateAcquireFence: Did not find frame.
02-28 12:05:23.268 17170 17414 I ebij    : (REDACTED) #onAudioData: %s bytes, getAudioReadSize %s
02-28 12:05:23.528 11702 11776 E FrameEvents: updateAcquireFence: Did not find frame.
02-28 12:05:23.572 11702 11776 E FrameEvents: updateAcquireFence: Did not find frame.
02-28 12:05:23.596 11702 11776 E FrameEvents: updateAcquireFence: Did not find frame.
02-28 12:05:23.623 11702 11776 E FrameEvents: updateAcquireFence: Did not find frame.
02-28 12:05:23.648 11702 11776 E FrameEvents: updateAcquireFence: Did not find frame.
02-28 12:05:23.659 11702 11776 E FrameEvents: updateAcquireFence: Did not find frame.
02-28 12:05:23.685 11702 11702 W ImageReader_JNI: Unable to acquire a buffer item, very likely client tried to acquire more than maxImages buffers
02-28 12:05:23.709 11702 11776 E FrameEvents: updateAcquireFence: Did not find frame.
02-28 12:05:23.725 11702 11776 E FrameEvents: updateAcquireFence: Did not find frame.
02-28 12:05:23.741 11702 11776 E FrameEvents: updateAcquireFence: Did not find frame.
02-28 12:05:23.762 11702 11776 E FrameEvents: updateAcquireFence: Did not find frame.
02-28 12:05:23.794 11702 11776 E FrameEvents: updateAcquireFence: Did not find frame.
02-28 12:05:23.824 11702 11776 E FrameEvents: updateAcquireFence: Did not find frame.
02-28 12:05:23.842 11702 11776 E FrameEvents: updateAcquireFence: Did not find frame.
02-28 12:05:23.861 11702 11702 W ImageReader_JNI: Unable to acquire a buffer item, very likely client tried to acquire more than maxImages buffers
02-28 12:05:23.867 11702 11776 E FrameEvents: updateAcquireFence: Did not find frame.
02-28 12:05:23.899 11702 11776 E FrameEvents: updateAcquireFence: Did not find frame.
02-28 12:05:23.925 11702 11776 E FrameEvents: updateAcquireFence: Did not find frame.
02-28 12:05:23.955 11702 11776 E FrameEvents: updateAcquireFence: Did not find frame.
02-28 12:05:23.976 11702 11702 W ImageReader_JNI: Unable to acquire a buffer item, very likely client tried to acquire more than maxImages buffers
02-28 12:05:23.983 11702 11776 E FrameEvents: updateAcquireFence: Did not find frame.
02-28 12:05:24.022 14262  2055 I FrewleTileCacheManagerV: (REDACTED) Fetched %d AP models from cache
02-28 12:05:24.042 11702 11776 E FrameEvents: updateAcquireFence: Did not find frame.
02-28 12:05:24.062 11702 11776 E FrameEvents: updateAcquireFence: Did not find frame.
02-28 12:05:24.069 11702 11732 I example.payana: Background young concurrent copying GC freed 110922(3516KB) AllocSpace objects, 48(2848KB) LOS objects, 7% free, 34MB/37MB, paused 386us total 132.939ms
02-28 12:05:24.077 14053 14718 I FusedLocation: (REDACTED) location delivery to %s blocked - too fast
02-28 12:05:24.079 14053 14718 I FusedLocation: (REDACTED) location delivery to %s blocked - too close
02-28 12:05:24.081 14053 14718 I FusedLocation: (REDACTED) location delivery to %s blocked - too fast
02-28 12:05:24.083 14053 14718 I FusedLocation: (REDACTED) location delivery to %s blocked - too fast
02-28 12:05:24.084 14053 14718 I FusedLocation: (REDACTED) location delivery to %s blocked - too close
02-28 12:05:24.093 14053 12352 I FrewleTileCacheManagerV: (REDACTED) Fetched %d AP models from cache
02-28 12:05:24.110 11702 11776 E FrameEvents: updateAcquireFence: Did not find frame.
02-28 12:05:24.127 11702 11776 E FrameEvents: updateAcquireFence: Did not find frame.
02-28 12:05:24.142 11702 11776 E FrameEvents: updateAcquireFence: Did not find frame.
02-28 12:05:24.160 11702 11776 E FrameEvents: updateAcquireFence: Did not find frame.
02-28 12:05:24.170 14053 14961 W Settings: Setting airplane_mode_on has moved from android.provider.Settings.System to android.provider.Settings.Global, returning read-only value.
02-28 12:05:24.173 14053 12352 D WifiScanner: Fullbandsize settings: 7
02-28 12:05:24.194 11702 11776 E FrameEvents: updateAcquireFence: Did not find frame.
02-28 12:05:24.214 11702 11776 E FrameEvents: updateAcquireFence: Did not find frame.
02-28 12:05:24.226 10967 10967 D WM-DelayedWorkTracker: Scheduling work 0d207560-df53-4259-b2cb-dadf6aa284f5
02-28 12:05:24.227 10967 10967 D WM-GreedyScheduler: Starting work for 0d207560-df53-4259-b2cb-dadf6aa284f5
02-28 12:05:24.235 10967 11641 D WM-Processor: shb: processing WorkGenerationalId(workSpecId=0d207560-df53-4259-b2cb-dadf6aa284f5, generation=0)
02-28 12:05:24.242 11702 11776 E FrameEvents: updateAcquireFence: Did not find frame.
02-28 12:05:24.243 10967 11641 D MddListenableWorkerFactory: createWorker for class: com.google.android.apps.messaging.shared.datamodel.workqueue.WorkQueueWorkerShim
02-28 12:05:24.260 10967 10967 D WM-WorkerWrapper: Starting work for com.google.android.apps.messaging.shared.datamodel.workqueue.WorkQueueWorkerShim
02-28 12:05:24.271 11702 11776 E FrameEvents: updateAcquireFence: Did not find frame.
02-28 12:05:24.279 10967 11016 I RcsProvisioningFlow: Handling SIM state update work request for 2 with updateTrigger 7, scheduledAt 2026-02-28T06:33:54.101Z.
02-28 12:05:24.293 11702 11776 E FrameEvents: updateAcquireFence: Did not find frame.
02-28 12:05:24.308 10967 11016 I WM-WorkerWrapper: Worker result SUCCESS for Work [ id=0d207560-df53-4259-b2cb-dadf6aa284f5, tags={ com.google.android.apps.messaging.shared.datamodel.workqueue.WorkQueueWorkerShim,sim_state_update_queue-WORK_TYPE_VERIFY_SIM_REMOVAL } ]
02-28 12:05:24.314 14053 10095 I FrewleTileCacheManagerV: (REDACTED) Fetched %d AP models from cache
02-28 12:05:24.317 11702 11776 E FrameEvents: updateAcquireFence: Did not find frame.
02-28 12:05:24.317 10967 10967 D WM-Processor: shb 0d207560-df53-4259-b2cb-dadf6aa284f5 executed; reschedule = false
02-28 12:05:24.321 10967 11016 D WM-GreedyScheduler: Cancelling work ID 0d207560-df53-4259-b2cb-dadf6aa284f5
02-28 12:05:24.324 10967 11133 I BugleClearcutLogger: qosTierResolver for LOG_SPEC_SIM_SUBSCRIPTION_INFOS_UPDATE_EVENT is null. Using DEFAULT QoS tier as there's no specific QoS configuration for this log spec.
02-28 12:05:24.329 10967 11133 I BugleConnectivity: Connection state change: SIM removed, data connection: UNKNOWN, manual connection eligibility: false, ntn roaming: false
02-28 12:05:24.331 10967 11133 I BugleSimStateTracker: Broadcasting SimRemoval for: []
02-28 12:05:24.334 10967 11133 I BugleSimStateTracker: default call SIM: redacted-pii:sim_id[chars:20,last3:79f], default sms SIM redacted-pii:sim_id[chars:20,last3:79f]. default data SIM redacted-pii:sim_id[chars:20,last3:79f].
02-28 12:05:24.341 11702 11776 E FrameEvents: updateAcquireFence: Did not find frame.
02-28 12:05:24.357 11702 11776 E FrameEvents: updateAcquireFence: Did not find frame.
02-28 12:05:24.393 11702 11776 E FrameEvents: updateAcquireFence: Did not find frame.
02-28 12:05:24.397 10967 11016 D WM-GreedyScheduler: Ignoring {WorkSpec: 40ddd9bb-cc48-44b4-bce5-ef4c45048f79}. Requires ContentUri triggers.
02-28 12:05:24.397 10967 11016 D WM-GreedyScheduler: Ignoring {WorkSpec: 8e0f7079-8069-4cf2-a472-ae0bf46a8120}. Requires device idle.
02-28 12:05:24.398 10967 11016 D WM-GreedyScheduler: Ignoring {WorkSpec: 86807284-61cd-420e-a594-6bc857f445e2}. Requires device idle.
02-28 12:05:24.398 10967 11016 D WM-GreedyScheduler: Ignoring {WorkSpec: a7402235-7993-4e4d-a6da-3364d0f92810}. Requires device idle.
02-28 12:05:24.398 10967 11016 D WM-GreedyScheduler: Ignoring {WorkSpec: d60079ff-5826-4af2-927a-dccf11e2cff5}. Requires ContentUri triggers.
02-28 12:05:24.402 14053 14718 I FusedLocation: (REDACTED) location delivery to %s blocked - too fast
02-28 12:05:24.410 11702 11776 E FrameEvents: updateAcquireFence: Did not find frame.
02-28 12:05:24.412 14053 14718 I FusedLocation: (REDACTED) location delivery to %s blocked - too fast
02-28 12:05:24.414 14053 14718 I FusedLocation: (REDACTED) location delivery to %s blocked - too close
02-28 12:05:24.416 14053 14718 I FusedLocation: (REDACTED) location delivery to %s blocked - too fast
02-28 12:05:24.421 14053 14718 I FusedLocation: (REDACTED) location delivery to %s blocked - too fast
02-28 12:05:24.422 14053 14718 I FusedLocation: (REDACTED) location delivery to %s blocked - too close
02-28 12:05:24.426 14053 10091 I FrewleTileCacheManagerV: (REDACTED) Fetched %d AP models from cache
02-28 12:05:24.431 11702 11776 E FrameEvents: updateAcquireFence: Did not find frame.
02-28 12:05:24.436 14053 14718 I ffar    : Received empty WiFi-RTT scan. [CONTEXT service_id=6 ]
02-28 12:05:24.457 11702 11776 E FrameEvents: updateAcquireFence: Did not find frame.
02-28 12:05:24.460 11702 11702 W ImageReader_JNI: Unable to acquire a buffer item, very likely client tried to acquire more than maxImages buffers
02-28 12:05:24.476 11702 11776 E FrameEvents: updateAcquireFence: Did not find frame.
02-28 12:05:24.496 11702 11776 E FrameEvents: updateAcquireFence: Did not find frame.
02-28 12:05:24.525 11702 11776 E FrameEvents: updateAcquireFence: Did not find frame.
02-28 12:05:24.546 11702 11776 E FrameEvents: updateAcquireFence: Did not find frame.
02-28 12:05:24.579 11702 11776 E FrameEvents: updateAcquireFence: Did not find frame.
02-28 12:05:24.593 11702 11776 E FrameEvents: updateAcquireFence: Did not find frame.
02-28 12:05:24.620 11702 11776 E FrameEvents: updateAcquireFence: Did not find frame.
02-28 12:05:24.624 11702 11702 W ImageReader_JNI: Unable to acquire a buffer item, very likely client tried to acquire more than maxImages buffers
02-28 12:05:24.633 11702 11776 E FrameEvents: updateAcquireFence: Did not find frame.
02-28 12:05:24.663 11702 11776 E FrameEvents: updateAcquireFence: Did not find frame.
02-28 12:05:24.676 11702 11776 E FrameEvents: updateAcquireFence: Did not find frame.
02-28 12:05:24.704 11702 11776 E FrameEvents: updateAcquireFence: Did not find frame.
02-28 12:05:24.707 11702 11702 W ImageReader_JNI: Unable to acquire a buffer item, very likely client tried to acquire more than maxImages buffers
02-28 12:05:24.716 11702 11776 E FrameEvents: updateAcquireFence: Did not find frame.
02-28 12:05:24.731 11702 11776 E FrameEvents: updateAcquireFence: Did not find frame.
02-28 12:05:24.752 11702 11776 E FrameEvents: updateAcquireFence: Did not find frame.
02-28 12:05:24.778 11702 11776 E FrameEvents: updateAcquireFence: Did not find frame.
02-28 12:05:24.801 11702 11702 W ImageReader_JNI: Unable to acquire a buffer item, very likely client tried to acquire more than maxImages buffers
02-28 12:05:24.812 11702 11776 E FrameEvents: updateAcquireFence: Did not find frame.
02-28 12:05:24.944 11702 11776 E FrameEvents: updateAcquireFence: Did not find frame.
02-28 12:05:24.981 11702 11776 E FrameEvents: updateAcquireFence: Did not find frame.
02-28 12:05:25.001 14262  4556 I FrewleTileCacheManagerV: (REDACTED) Fetched %d AP models from cache
02-28 12:05:25.019 11702 11776 E FrameEvents: updateAcquireFence: Did not find frame.
02-28 12:05:25.038 11702 11776 E FrameEvents: updateAcquireFence: Did not find frame.
02-28 12:05:25.048 14053 14718 I FusedLocation: (REDACTED) location delivery to %s blocked - too fast
02-28 12:05:25.049 14053 14718 I FusedLocation: (REDACTED) location delivery to %s blocked - too close
02-28 12:05:25.050 14053 14718 I FusedLocation: (REDACTED) location delivery to %s blocked - too fast
02-28 12:05:25.052 14053 14718 I FusedLocation: (REDACTED) location delivery to %s blocked - too fast
02-28 12:05:25.053 14053 14718 I FusedLocation: (REDACTED) location delivery to %s blocked - too close
02-28 12:05:25.058 14053 12352 I FrewleTileCacheManagerV: (REDACTED) Fetched %d AP models from cache
02-28 12:05:25.070 11702 11776 E FrameEvents: updateAcquireFence: Did not find frame.
02-28 12:05:25.093 11702 11776 E FrameEvents: updateAcquireFence: Did not find frame.
02-28 12:05:25.117 11702 11776 E FrameEvents: updateAcquireFence: Did not find frame.
02-28 12:05:25.148 11702 11776 E FrameEvents: updateAcquireFence: Did not find frame.
02-28 12:05:25.160 11702 11776 E FrameEvents: updateAcquireFence: Did not find frame.
02-28 12:05:25.187 11702 11776 E FrameEvents: updateAcquireFence: Did not find frame.
02-28 12:05:25.189 11702 11702 W ImageReader_JNI: Unable to acquire a buffer item, very likely client tried to acquire more than maxImages buffers
02-28 12:05:25.194 11702 11776 E FrameEvents: updateAcquireFence: Did not find frame.
02-28 12:05:25.210 11702 11776 E FrameEvents: updateAcquireFence: Did not find frame.
02-28 12:05:25.229 11702 11776 E FrameEvents: updateAcquireFence: Did not find frame.
02-28 12:05:25.254 11702 11702 W ImageReader_JNI: Unable to acquire a buffer item, very likely client tried to acquire more than maxImages buffers
02-28 12:05:25.260 11702 11776 E FrameEvents: updateAcquireFence: Did not find frame.
02-28 12:05:25.284 11702 11776 E FrameEvents: updateAcquireFence: Did not find frame.
02-28 12:05:25.311 11702 11776 E FrameEvents: updateAcquireFence: Did not find frame.
02-28 12:05:25.334 11702 11702 W ImageReader_JNI: Unable to acquire a buffer item, very likely client tried to acquire more than maxImages buffers
02-28 12:05:25.341 11702 11776 E FrameEvents: updateAcquireFence: Did not find frame.
02-28 12:05:25.358 11702 11776 E FrameEvents: updateAcquireFence: Did not find frame.
02-28 12:05:25.390 11702 11776 E FrameEvents: updateAcquireFence: Did not find frame.
02-28 12:05:25.401 11702 11776 E FrameEvents: updateAcquireFence: Did not find frame.
02-28 12:05:25.432 11702 11776 E FrameEvents: updateAcquireFence: Did not find frame.
02-28 12:05:25.445 11702 11776 E FrameEvents: updateAcquireFence: Did not find frame.
02-28 12:05:25.461 11702 11776 E FrameEvents: updateAcquireFence: Did not find frame.
02-28 12:05:25.482 11702 11776 E FrameEvents: updateAcquireFence: Did not find frame.
02-28 12:05:25.488 11702 11702 W ImageReader_JNI: Unable to acquire a buffer item, very likely client tried to acquire more than maxImages buffers
02-28 12:05:25.494 11702 11776 E FrameEvents: updateAcquireFence: Did not find frame.
02-28 12:05:25.517 11702 11776 E FrameEvents: updateAcquireFence: Did not find frame.
02-28 12:05:25.540 11702 11702 W ImageReader_JNI: Unable to acquire a buffer item, very likely client tried to acquire more than maxImages buffers
02-28 12:05:25.545 11702 11776 E FrameEvents: updateAcquireFence: Did not find frame.
02-28 12:05:25.570 11702 11776 E FrameEvents: updateAcquireFence: Did not find frame.
02-28 12:05:25.570 12862 12862 W getprop : type=1400 audit(0.0:2578541): avc: denied { read } for name="u:object_r:system_adbd_prop:s0" dev="tmpfs" ino=231 scontext=u:r:untrusted_app:s0:c236,c256,c512,c768 tcontext=u:object_r:system_adbd_prop:s0 tclass=file permissive=0 app=com.google.android.apps.nbu.paisa.user
02-28 12:05:25.578 12862 12862 E libc    : Access denied finding property "persist.adb.tls_server.enable"
02-28 12:05:25.593 11702 11702 W ImageReader_JNI: Unable to acquire a buffer item, very likely client tried to acquire more than maxImages buffers
02-28 12:05:25.598 11702 11776 E FrameEvents: updateAcquireFence: Did not find frame.
02-28 12:05:25.622 11702 11776 E FrameEvents: updateAcquireFence: Did not find frame.
02-28 12:05:25.650 11702 11776 E FrameEvents: updateAcquireFence: Did not find frame.
02-28 12:05:25.652 11702 11702 W ImageReader_JNI: Unable to acquire a buffer item, very likely client tried to acquire more than maxImages buffers
02-28 12:05:25.662 11702 11776 E FrameEvents: updateAcquireFence: Did not find frame.
02-28 12:05:25.982 14262  4556 I FrewleTileCacheManagerV: (REDACTED) Fetched %d AP models from cache
02-28 12:05:26.016 14053 14718 I FusedLocation: (REDACTED) location delivery to %s blocked - too fast
02-28 12:05:26.018 14053 14718 I FusedLocation: (REDACTED) location delivery to %s blocked - too close
02-28 12:05:26.019 14053 14718 I FusedLocation: (REDACTED) location delivery to %s blocked - too fast
02-28 12:05:26.020 14053 14718 I FusedLocation: (REDACTED) location delivery to %s blocked - too fast
02-28 12:05:26.021 14053 14718 I FusedLocation: (REDACTED) location delivery to %s blocked - too close
02-28 12:05:26.023 14053 10091 I FrewleTileCacheManagerV: (REDACTED) Fetched %d AP models from cache
02-28 12:05:26.045 11702 11776 E FrameEvents: updateAcquireFence: Did not find frame.
02-28 12:05:26.077 11702 11776 E FrameEvents: updateAcquireFence: Did not find frame.
02-28 12:05:26.113 11702 11776 E FrameEvents: updateAcquireFence: Did not find frame.
02-28 12:05:26.153 11702 11776 E FrameEvents: updateAcquireFence: Did not find frame.
02-28 12:05:26.172 11702 11776 E FrameEvents: updateAcquireFence: Did not find frame.
02-28 12:05:26.202 11702 11776 E FrameEvents: updateAcquireFence: Did not find frame.
02-28 12:05:26.231 11702 11776 E FrameEvents: updateAcquireFence: Did not find frame.
02-28 12:05:26.254 11702 11776 E FrameEvents: updateAcquireFence: Did not find frame.
02-28 12:05:26.279 11702 11776 E FrameEvents: updateAcquireFence: Did not find frame.
02-28 12:05:26.304 11702 11776 E FrameEvents: updateAcquireFence: Did not find frame.
02-28 12:05:26.328 11702 11776 E FrameEvents: updateAcquireFence: Did not find frame.
02-28 12:05:26.349 11702 11702 W ImageReader_JNI: Unable to acquire a buffer item, very likely client tried to acquire more than maxImages buffers
02-28 12:05:26.352 11702 11776 E FrameEvents: updateAcquireFence: Did not find frame.
02-28 12:05:26.379 11702 11776 E FrameEvents: updateAcquireFence: Did not find frame.
02-28 12:05:26.406 11702 11776 E FrameEvents: updateAcquireFence: Did not find frame.
02-28 12:05:26.429 11702 11776 E FrameEvents: updateAcquireFence: Did not find frame.
02-28 12:05:26.446 11702 11776 E FrameEvents: updateAcquireFence: Did not find frame.
02-28 12:05:26.473 11702 11776 E FrameEvents: updateAcquireFence: Did not find frame.
02-28 12:05:26.500 11702 11776 E FrameEvents: updateAcquireFence: Did not find frame.
02-28 12:05:26.524 11702 11776 E FrameEvents: updateAcquireFence: Did not find frame.
02-28 12:05:26.552 11702 11776 E FrameEvents: updateAcquireFence: Did not find frame.
02-28 12:05:26.571 11702 11702 W ImageReader_JNI: Unable to acquire a buffer item, very likely client tried to acquire more than maxImages buffers
02-28 12:05:26.576 11702 11776 E FrameEvents: updateAcquireFence: Did not find frame.
02-28 12:05:27.006 14262 19716 I FrewleTileCacheManagerV: (REDACTED) Fetched %d AP models from cache
02-28 12:05:27.035 14053 14718 I FusedLocation: (REDACTED) location delivery to %s blocked - too fast
02-28 12:05:27.036 14053 14718 I FusedLocation: (REDACTED) location delivery to %s blocked - too close
02-28 12:05:27.036 14053 14718 I FusedLocation: (REDACTED) location delivery to %s blocked - too fast
02-28 12:05:27.036 14053 14718 I FusedLocation: (REDACTED) location delivery to %s blocked - too fast
02-28 12:05:27.037 14053 14718 I FusedLocation: (REDACTED) location delivery to %s blocked - too close
02-28 12:05:27.038 14053 10091 I FrewleTileCacheManagerV: (REDACTED) Fetched %d AP models from cache
02-28 12:05:27.063 11702 11776 E FrameEvents: updateAcquireFence: Did not find frame.
02-28 12:05:27.081 11702 11776 E FrameEvents: updateAcquireFence: Did not find frame.
02-28 12:05:27.955 17170 20974 I native  : I0000 00:00:1772260527.955348   20974 soda_impl.cc:1928] Adding hotword timeout event
02-28 12:05:28.006 14262  4556 I FrewleTileCacheManagerV: (REDACTED) Fetched %d AP models from cache
02-28 12:05:28.015 17170 20975 I ebjj    : Hotword timeout event!
02-28 12:05:28.016 17170 20975 I ebjj    : Not DEFAULT_DSP timeout event. Call the onHotwordTimeout callback.
02-28 12:05:28.022 17170 20975 I eblp    : (REDACTED) Hotword score : %f, Hotword model id : %s.
02-28 12:05:28.022 17170 20975 I eblp    : (REDACTED) Timeout reason %s, Coarse channel index %d.
02-28 12:05:28.025 14053 14718 I FusedLocation: (REDACTED) location delivery to %s blocked - too fast
02-28 12:05:28.026 14053 14718 I FusedLocation: (REDACTED) location delivery to %s blocked - too close
02-28 12:05:28.028 14053 14718 I FusedLocation: (REDACTED) location delivery to %s blocked - too fast
02-28 12:05:28.029 14053 14718 I FusedLocation: (REDACTED) location delivery to %s blocked - too fast
02-28 12:05:28.030 14053 14718 I FusedLocation: (REDACTED) location delivery to %s blocked - too close
02-28 12:05:28.033 14053 10095 I FrewleTileCacheManagerV: (REDACTED) Fetched %d AP models from cache
02-28 12:05:28.037 17170 20975 I ebcn    : Not handling the timeoutevent with the timeout reason that is not DEFAULT_DSP for now.
02-28 12:05:28.046 11702 11776 E FrameEvents: updateAcquireFence: Did not find frame.
02-28 12:05:28.079 11702 11776 E FrameEvents: updateAcquireFence: Did not find frame.
02-28 12:05:28.227 12880 12880 E libc    : Access denied finding property "ro.vendor.build.tags"
02-28 12:05:28.442 12903 12906 I cmd     : oneway function results will be dropped but finished with status OK and parcel size 4
02-28 12:05:28.520 11269 11319 W TracingHelper: No RequestContext found in the trace or trace not available. [CONTEXT service_id=259 ratelimit_count=1410065408 ]
02-28 12:05:28.514 24761 24761 W Thread-942: type=1400 audit(0.0:2578543): avc: denied { read } for name="enforce" dev="selinuxfs" ino=4 scontext=u:r:untrusted_app:s0:c236,c256,c512,c768 tcontext=u:object_r:selinuxfs:s0 tclass=file permissive=0 app=com.google.android.apps.nbu.paisa.user
02-28 12:05:28.594 12927 12927 W which   : type=1400 audit(0.0:2578544): avc: denied { search } for name="bin" dev="dm-8" ino=66 scontext=u:r:untrusted_app:s0:c236,c256,c512,c768 tcontext=u:object_r:atcid_vendor_exec:s0 tclass=dir permissive=0 app=com.google.android.apps.nbu.paisa.user
02-28 12:05:29.011 14262 19716 I FrewleTileCacheManagerV: (REDACTED) Fetched %d AP models from cache
02-28 12:05:29.057 14053 14718 I FusedLocation: (REDACTED) location delivery to %s blocked - too fast
02-28 12:05:29.058 14053 14718 I FusedLocation: (REDACTED) location delivery to %s blocked - too close
02-28 12:05:29.059 14053 14718 I FusedLocation: (REDACTED) location delivery to %s blocked - too fast
02-28 12:05:29.060 14053 14718 I FusedLocation: (REDACTED) location delivery to %s blocked - too fast
02-28 12:05:29.060 14053 14718 I FusedLocation: (REDACTED) location delivery to %s blocked - too close
02-28 12:05:29.090 14053 12623 I FrewleTileCacheManagerV: (REDACTED) Fetched %d AP models from cache
02-28 12:05:29.100 11702 11776 E FrameEvents: updateAcquireFence: Did not find frame.
02-28 12:05:29.121 11702 11776 E FrameEvents: updateAcquireFence: Did not find frame.
02-28 12:05:29.200 14053 14961 W Settings: Setting airplane_mode_on has moved from android.provider.Settings.System to android.provider.Settings.Global, returning read-only value.
02-28 12:05:29.202 14053 10095 D WifiScanner: Fullbandsize settings: 7
